******************************************************************************
                  TI ARM Linker PC v20.2.5                     
******************************************************************************
>> Linked Mon Feb 19 16:57:57 2024

OUTPUT FILE NAME:   <009_Ltc6812.out>
ENTRY POINT SYMBOL: "_c_int00"  address: 0001204c


MEMORY CONFIGURATION

         name            origin    length      used     unused   attr    fill
----------------------  --------  ---------  --------  --------  ----  --------
  VECTORS               00000000   00000020  00000020  00000000     X
  KERNEL                00000020   00008000  000038cc  00004734  R  X
  FLASH0                00008020   00137fe0  0000bd60  0012c280  R  X
  STACKS                08000000   00000800  00000000  00000800  RW  
  KRAM                  08000800   00000800  00000104  000006fc  RW  
  RAM                   08001000   0002f000  000028b9  0002c747  RW  


SEGMENT ALLOCATION MAP

run origin  load origin   length   init length attrs members
----------  ----------- ---------- ----------- ----- -------
00000000    00000000    000038f0   000038f0    r-x
  00000000    00000000    00000020   00000020    r-x .intvecs
  00000020    00000020    000037c4   000037c4    r-x .kernelTEXT
  000037e8    000037e8    00000108   00000108    r-- .cinit
00008020    00008020    0000bd60   0000bd60    r-x
  00008020    00008020    0000b7a0   0000b7a0    r-x .text
  000137c0    000137c0    000005c0   000005c0    r-- .const
08000800    08000800    00000104   00000000    rw-
  08000800    08000800    00000104   00000000    rw- .kernelBSS
08001000    08001000    000028bb   00000000    rw-
  08001000    08001000    00002000   00000000    rw- .kernelHEAP
  08003000    08003000    0000068e   00000000    rw- .bss
  08003690    08003690    0000022b   00000000    rw- .data


SECTION ALLOCATION MAP

 output                                  attributes/
section   page    origin      length       input sections
--------  ----  ----------  ----------   ----------------
.intvecs   0    00000000    00000020     
                  00000000    00000020     sys_intvecs.obj (.intvecs)

.kernelTEXT 
*          0    00000020    000037c4     
                  00000020    00002bb8     os_tasks.obj (.kernelTEXT)
                  00002bd8    000004b0     os_portasm.obj (.kernelTEXT)
                  00003088    000003e0     os_port.obj (.kernelTEXT)
                  00003468    0000037c     os_heap.obj (.kernelTEXT)

.cinit     0    000037e8    00000108     
                  000037e8    000000bf     (.cinit..data.load) [load image, compression = lzss]
                  000038a7    00000001     --HOLE-- [fill = 0]
                  000038a8    0000000c     (__TI_handler_table)
                  000038b4    00000009     (.cinit..kernelBSS.load) [load image, compression = lzss]
                  000038bd    00000003     --HOLE-- [fill = 0]
                  000038c0    00000008     (.cinit..bss.load) [load image, compression = zero_init]
                  000038c8    00000008     (.cinit..kernelHEAP.load) [load image, compression = zero_init]
                  000038d0    00000020     (__TI_cinit_table)

.text      0    00008020    0000b7a0     
                  00008020    00002cdc     sys_selftest.obj (.text)
                  0000acfc    00002650     ltc6812.obj (.text)
                  0000d34c    00000eec     spi.obj (.text)
                  0000e238    00000b64     system.obj (.text)
                  0000ed9c    00000a58     sys_vim.obj (.text)
                  0000f7f4    000008f0     het.obj (.text)
                  000100e4    000008ac     pinmux.obj (.text)
                  00010990    00000664     errata_SSWF021_45.obj (.text)
                  00010ff4    000005bc     esm.obj (.text)
                  000115b0    00000484     gio.obj (.text)
                  00011a34    0000034c     sys_core.obj (.text)
                  00011d80    000002cc     sys_vim.obj (.text:retain)
                  0001204c    00000288     sys_startup.obj (.text:retain)
                  000122d4    00000278     os_heap.obj (.text)
                  0001254c    00000238     os_list.obj (.text)
                  00012784    000001e4     rtsv7R4_T_be_v3D16_eabi.lib : e_logf.c.obj (.text:logf)
                  00012968    000001b0     os_port.obj (.text)
                  00012b18    00000164     sys_main.obj (.text)
                  00012c7c    00000160     crc15.obj (.text)
                  00012ddc    0000015c     het.obj (.text:retain)
                  00012f38    00000158     os_tasks.obj (.text)
                  00013090    00000114     esm.obj (.text:retain)
                  000131a4    00000114     temperature.obj (.text)
                  000132b8    000000e8     dabort.obj (.text)
                  000133a0    000000e4     notification.obj (.text)
                  00013484    000000e0     sys_pmu.obj (.text)
                  00013564    0000009c     rtsv7R4_T_be_v3D16_eabi.lib : memcpy_t2.asm.obj (.text)
                  00013600    0000007a                                 : memset_t2.asm.obj (.text)
                  0001367a    0000006c                                 : copy_decompress_lzss.c.obj (.text:decompress:lzss:__TI_decompress_lzss)
                  000136e6    00000002                                 : div0.asm.obj (.text)
                  000136e8    00000050                                 : u_div32.asm.obj (.text)
                  00013738    00000044                                 : autoinit.c.obj (.text:__TI_auto_init_nobinit_nopinit:__TI_auto_init_nobinit_nopinit)
                  0001377c    00000016                                 : strlen.c.obj (.text:strlen)
                  00013792    0000000e                                 : copy_decompress_none.c.obj (.text:decompress:none:__TI_decompress_none)
                  000137a0    0000000c                                 : copy_zero_init.c.obj (.text:decompress:ZI:__TI_zero_init)
                  000137ac    00000008                                 : errno.c.obj (.text:__aeabi_errno_addr)
                  000137b4    00000004                                 : exit.c.obj (.text:abort:abort)
                  000137b8    00000004     sys_phantom.obj (.text:retain)
                  000137bc    00000004     sys_startup.obj (.text)

.const     0    000137c0    000005c0     
                  000137c0    000003a0     het.obj (.const:het1PROGRAM)
                  00013b60    00000200     sys_vim.obj (.const:s_vim_init)
                  00013d60    00000020     het.obj (.const:s_het1pwmPolarity)

.kernelBSS 
*          0    08000800    00000104     UNINITIALIZED
                  08000800    000000d0     os_tasks.obj (.kernelBSS:uninit)
                  080008d0    00000034     os_tasks.obj (.kernelBSS:init)

.kernelHEAP 
*          0    08001000    00002000     UNINITIALIZED
                  08001000    00002000     os_heap.obj (.kernelHEAP)

.bss       0    08003000    0000068e     UNINITIALIZED
                  08003000    00000200     ltc6812.obj (.bss:rxBuffer)
                  08003200    00000200     ltc6812.obj (.bss:txBuffer)
                  08003400    00000200     (.common:pec15Table)
                  08003600    00000078     spi.obj (.bss:g_spiPacket_t)
                  08003678    00000008     os_heap.obj (.bss:xStart)
                  08003680    00000004     ltc6812.obj (.bss)
                  08003684    00000004     (.common:ltcSpi_ps)
                  08003688    00000004     (.common:uwTick)
                  0800368c    00000001     (.common:returnVarningClose)
                  0800368d    00000001     (.common:status)

.data      0    08003690    0000022b     UNINITIALIZED
                  08003690    00000150     sys_main.obj (.data:ltcBat)
                  080037e0    00000010     os_heap.obj (.data)
                  080037f0    00000008     ltc6812.obj (.data:cmdCLRAUX_pu16)
                  080037f8    00000008     ltc6812.obj (.data:cmdCLRCELL_pu16)
                  08003800    00000008     ltc6812.obj (.data:cmdCLRSTAT_pu16)
                  08003808    00000008     ltc6812.obj (.data:cmdMute_pu16)
                  08003810    00000008     ltc6812.obj (.data:cmdPladc_pu16)
                  08003818    00000008     ltc6812.obj (.data:cmdRDAUXA_pu16)
                  08003820    00000008     ltc6812.obj (.data:cmdRDAUXB_pu16)
                  08003828    00000008     ltc6812.obj (.data:cmdRDAUXC_pu16)
                  08003830    00000008     ltc6812.obj (.data:cmdRDAUXD_pu16)
                  08003838    00000008     ltc6812.obj (.data:cmdRDCFGA_pu16)
                  08003840    00000008     ltc6812.obj (.data:cmdRDCFGB_pu16)
                  08003848    00000008     ltc6812.obj (.data:cmdRDCVA_pu16)
                  08003850    00000008     ltc6812.obj (.data:cmdRDCVB_pu16)
                  08003858    00000008     ltc6812.obj (.data:cmdRDCVC_pu16)
                  08003860    00000008     ltc6812.obj (.data:cmdRDCVD_pu16)
                  08003868    00000008     ltc6812.obj (.data:cmdRDCVE_pu16)
                  08003870    00000008     ltc6812.obj (.data:cmdRDSTATA_pu16)
                  08003878    00000008     ltc6812.obj (.data:cmdRDSTATB_pu16)
                  08003880    00000008     ltc6812.obj (.data:cmdUnMute_pu16)
                  08003888    00000008     ltc6812.obj (.data:cmdWRCFGA_pu16)
                  08003890    00000008     ltc6812.obj (.data:cmdWRCFGB_pu16)
                  08003898    00000008     ltc6812.obj (.data:cmdWRPSB_pu16)
                  080038a0    00000008     ltc6812.obj (.data:cmdWRPWM_pu16)
                  080038a8    00000008     os_port.obj (.data)
                  080038b0    00000004     rtsv7R4_T_be_v3D16_eabi.lib : errno.c.obj (.data)
                  080038b4    00000004     ltc6812.obj (.data:spiDat_s)
                  080038b8    00000003     ltc6812.obj (.data)

__llvm_prf_cnts 
*          0    08001000    00000000     UNINITIALIZED

MODULE SUMMARY

       Module                       code    ro data   rw data
       ------                       ----    -------   -------
    .\009_Ltc6812\source\
       os_tasks.obj                 11536   0         260    
       sys_selftest.obj             11484   0         0      
       os_heap.obj                  1524    0         8216   
       spi.obj                      3820    0         120    
       sys_vim.obj                  3364    512       0      
       het.obj                      2636    960       0      
       system.obj                   2916    0         0      
       pinmux.obj                   2220    0         0      
       esm.obj                      1744    0         0      
       errata_SSWF021_45.obj        1636    0         0      
       os_port.obj                  1424    0         8      
       os_portasm.obj               1200    0         0      
       gio.obj                      1156    0         0      
       sys_core.obj                 844     0         0      
       sys_main.obj                 356     0         338    
       sys_startup.obj              652     0         0      
       os_list.obj                  568     0         0      
       dabort.obj                   232     0         0      
       notification.obj             228     0         0      
       sys_pmu.obj                  224     0         0      
       sys_intvecs.obj              32      0         0      
       sys_phantom.obj              4       0         0      
    +--+----------------------------+-------+---------+---------+
       Total:                       49800   1472      8942   
                                                             
    .\ltc681x\crc\
       crc15.obj                    352     0         512    
    +--+----------------------------+-------+---------+---------+
       Total:                       352     0         512    
                                                             
    .\ltc681x\ltc\
       ltc6812.obj                  9808    0         1227   
    +--+----------------------------+-------+---------+---------+
       Total:                       9808    0         1227   
                                                             
    .\ltc681x\temperature\
       temperature.obj              276     0         0      
    +--+----------------------------+-------+---------+---------+
       Total:                       276     0         0      
                                                             
    C:/ti/ccs1120/ccs/tools/compiler/ti-cgt-arm_20.2.5.LTS/lib/rtsv7R4_T_be_v3D16_eabi.lib
       e_logf.c.obj                 484     0         0      
       memcpy_t2.asm.obj            156     0         0      
       memset_t2.asm.obj            122     0         0      
       copy_decompress_lzss.c.obj   108     0         0      
       u_div32.asm.obj              80      0         0      
       autoinit.c.obj               68      0         0      
       strlen.c.obj                 22      0         0      
       copy_decompress_none.c.obj   14      0         0      
       copy_zero_init.c.obj         12      0         0      
       errno.c.obj                  8       0         4      
       exit.c.obj                   4       0         0      
       div0.asm.obj                 2       0         0      
    +--+----------------------------+-------+---------+---------+
       Total:                       1080    0         4      
                                                             
       Linker Generated:            0       260       0      
    +--+----------------------------+-------+---------+---------+
       Grand Total:                 61316   1732      10685  


LINKER GENERATED COPY TABLES

__TI_cinit_table @ 000038d0 records: 4, size/record: 8, table size: 32
	.data: load addr=000037e8, load size=000000bf bytes, run addr=08003690, run size=0000022b bytes, compression=lzss
	.kernelBSS: load addr=000038b4, load size=00000009 bytes, run addr=08000800, run size=00000104 bytes, compression=lzss
	.bss: load addr=000038c0, load size=00000008 bytes, run addr=08003000, run size=0000068e bytes, compression=zero_init
	.kernelHEAP: load addr=000038c8, load size=00000008 bytes, run addr=08001000, run size=00002000 bytes, compression=zero_init


LINKER GENERATED HANDLER TABLE

__TI_handler_table @ 000038a8 records: 3, size/record: 4, table size: 12
	index: 0, handler: __TI_decompress_lzss
	index: 1, handler: __TI_decompress_none
	index: 2, handler: __TI_zero_init


GLOBAL SYMBOLS: SORTED ALPHABETICALLY BY Name 

address   name                                
-------   ----                                
000131a4  AE_calculateTemp                    
0000d2a8  AE_delayMs                          
0000d2e4  AE_delayTenUs                       
0000bd54  AE_ltcAdcMeasureState               
0000c984  AE_ltcBalance                       
0000c56c  AE_ltcClearCellAdc                  
0000c5dc  AE_ltcClearGpioAdc                  
0000c64c  AE_ltcClearStatusAdc                
0000b300  AE_ltcCmdRead                       
0000b0dc  AE_ltcCmdWrite                      
0000c7ec  AE_ltcContinuePwm                   
0000acfc  AE_ltcInit                          
0000cac4  AE_ltcIsBalanceComplete             
0000cc4c  AE_ltcIsCellOpenWire                
0000cf08  AE_ltcIsGpioOpenWire                
0000cba0  AE_ltcMinCellVolt                   
0000c7d8  AE_ltcPausePwm                      
0000c804  AE_ltcPreBalance                    
0000b16c  AE_ltcRead                          
0000b4e0  AE_ltcReadCellVoltage               
0000b4ac  AE_ltcReadConfRegA                  
0000b4c4  AE_ltcReadConfRegB                  
0000be4c  AE_ltcReadGPIOVoltage               
0000c244  AE_ltcReadStatusRegA                
0000c38c  AE_ltcReadStatusRegB                
0000b920  AE_ltcSetUnderOverVoltage           
0000bc0c  AE_ltcStartCellAdc                  
0000bd6c  AE_ltcStartGpioAdc                  
0000c6e0  AE_ltcStartPwm                      
0000c168  AE_ltcStartStatusAdc                
0000d218  AE_ltcTemperature                   
0000ba30  AE_ltcUnderOverFlag                 
0000b3f0  AE_ltcWakeUpIdle                    
0000b368  AE_ltcWakeUpSleep                   
0000af04  AE_ltcWrite                         
0000b478  AE_ltcWriteConfRegA                 
0000b490  AE_ltcWriteConfRegB                 
00012d3c  AE_pec15                            
000137b5  C$$EXIT                             
UNDEFED   SHT$$INIT_ARRAY$$Base               
UNDEFED   SHT$$INIT_ARRAY$$Limit              
0000dd10  SpiRxStatus                         
0000dc84  SpiTxStatus                         
000038d0  __TI_CINIT_Base                     
000038f0  __TI_CINIT_Limit                    
000038a8  __TI_Handler_Table_Base             
000038b4  __TI_Handler_Table_Limit            
00011d78  __TI_PINIT_Base                     
00011d7c  __TI_PINIT_Limit                    
00013739  __TI_auto_init_nobinit_nopinit      
0001367b  __TI_decompress_lzss                
00013793  __TI_decompress_none                
ffffffff  __TI_pprof_out_hndl                 
ffffffff  __TI_prof_data_size                 
ffffffff  __TI_prof_data_start                
00000000  __TI_static_base__                  
000137a1  __TI_zero_init                      
000137ad  __aeabi_errno_addr                  
000136e7  __aeabi_idiv0                       
000136e7  __aeabi_ldiv0                       
00013601  __aeabi_memclr                      
00013601  __aeabi_memclr4                     
00013601  __aeabi_memclr8                     
00013565  __aeabi_memcpy                      
00013565  __aeabi_memcpy4                     
00013565  __aeabi_memcpy8                     
00013603  __aeabi_memset                      
00013603  __aeabi_memset4                     
00013603  __aeabi_memset8                     
000136e8  __aeabi_uidiv                       
000136e8  __aeabi_uidivmod                    
ffffffff  __binit__                           
ffffffff  __c_args__                          
08001000  __start___llvm_prf_cnts             
08001000  __stop___llvm_prf_cnts              
0001204c  _c_int00                            
00011c90  _coreClearAuxiliaryDataFault_       
00011ca4  _coreClearAuxiliaryInstructionFault_
00011c68  _coreClearDataFaultAddress_         
00011c40  _coreClearDataFault_                
00011c7c  _coreClearInstructionFaultAddress_  
00011c54  _coreClearInstructionFault_         
00011bd4  _coreDisableEventBusExport_         
00011c18  _coreDisableFlashEcc_               
00011bf4  _coreDisableRamEcc_                 
00011bc4  _coreEnableEventBusExport_          
00011c04  _coreEnableFlashEcc_                
00011c28  _coreEnableIrqVicOffset_            
00011be4  _coreEnableRamEcc_                  
00011bac  _coreEnableVfp_                     
00011c88  _coreGetAuxiliaryDataFault_         
00011c9c  _coreGetAuxiliaryInstructionFault_  
00011c60  _coreGetDataFaultAddress_           
00011c38  _coreGetDataFault_                  
00011c74  _coreGetInstructionFaultAddress_    
00011c4c  _coreGetInstructionFault_           
00011a34  _coreInitRegisters_                 
00011b40  _coreInitStackPointer_              
000132b8  _dabort                             
00011cb8  _disable_FIQ_interrupt_             
00011cc0  _disable_IRQ_interrupt_             
00011cb0  _disable_interrupt_                 
00011cc8  _enable_interrupt_                  
00011d58  _errata_CORTEXR4_57_                
00011d68  _errata_CORTEXR4_66_                
00010990  _errata_SSWF021_45_both_plls        
00010b84  _errata_SSWF021_45_pll1             
00010cfc  _errata_SSWF021_45_pll2             
00011cd0  _esmCcmErrorsClear_                 
00011b8c  _getCPSRValue_                      
00011b94  _gotoCPUIdle_                       
000134e0  _pmuDisableCountersGlobal_          
000134d0  _pmuEnableCountersGlobal_           
0001353c  _pmuGetCycleCount_                  
00013544  _pmuGetEventCount_                  
00013550  _pmuGetOverflow_                    
00013484  _pmuInit_                           
00013510  _pmuResetCounters_                  
000134f0  _pmuResetCycleCounter_              
00013500  _pmuResetEventCounters_             
00013530  _pmuSetCountEvent_                  
00013520  _pmuStartCounters_                  
00013528  _pmuStopCounters_                   
UNDEFED   _system_post_cinit                  
000137b5  abort                               
0000926c  adc1ParityCheck                     
00009358  adc2ParityCheck                     
ffffffff  binit                               
00009410  can1ParityCheck                     
000094e8  can2ParityCheck                     
000095b0  can3ParityCheck                     
0000fe00  capGetSignal                        
00008030  ccmSelfCheck                        
0000a6fc  ccmr4GetConfigValue                 
00008938  checkB0RAMECC                       
00008b28  checkB1RAMECC                       
00009c18  checkClockMonitor                   
00008d18  checkFlashECC                       
00009cf4  checkFlashEEPROMECC                 
00009e8c  checkPLL1Slip                       
00009f8c  checkPLL2Slip                       
0000a050  checkRAMAddrParity                  
000099d0  checkRAMECC                         
0000a15c  checkRAMUERRTest                    
000087bc  checkefcSelfTest                    
00008234  cpuSelfTest                         
00008dfc  cpuSelfTestFail                     
0000ecc0  customTrimLPO                       
00008df4  custom_dabort                       
0000ab58  disableParity                       
00013470  dmaGroupANotification               
00008eac  dmaParityCheck                      
00001f00  eTaskConfirmSleepModeStatus         
00000888  eTaskGetState                       
0000fdc0  edgeDisableNotification             
0000fd84  edgeEnableNotification              
0000fd58  edgeGetCounter                      
00013448  edgeNotification                    
0000fd2c  edgeResetCounter                    
00008660  efcCheck                            
0000a660  efcGetConfigValue                   
00008794  efcSelfTest                         
000086e8  efcStuckZeroTest                    
0000aad0  enableParity                        
0000a76c  errata_PBIST_4                      
080038b0  errno                               
00011178  esmActivateNormalOperation          
0001124c  esmClearStatus                      
0001128c  esmClearStatusBuffer                
00011140  esmDisableError                     
000111b0  esmDisableInterrupt                 
00011118  esmEnableError                      
00011188  esmEnableInterrupt                  
00011384  esmEnterSelfTest                    
000110fc  esmError                            
0001145c  esmGetConfigValue                   
000112c8  esmGetStatus                        
0001134c  esmGetStatusBuffer                  
000133a0  esmGroup1Notification               
000133b0  esmGroup2Notification               
00013090  esmHighInterrupt                    
00010ff4  esmInit                             
0001140c  esmSelfTestStatus                   
000112a8  esmSetCounterPreloadValue           
000111d8  esmSetInterruptLevel                
00011168  esmTriggerErrorPinReset             
0000a2c4  fmcBus1ParityCheck                  
0000885c  fmcBus2Check                        
00008898  fmcECCcheck                         
0000d28c  getUsTick                           
00011810  gioDisableNotification              
000117a8  gioEnableNotification               
00011710  gioGetBit                           
00011878  gioGetConfigValue                   
00011738  gioGetPort                          
000115b0  gioInit                             
000133f8  gioNotification                     
000116a0  gioSetBit                           
00011680  gioSetDirection                     
000116f0  gioSetPort                          
00011750  gioToggleBit                        
000137bc  handlePLLLockFail                   
0000ff0c  het1GetConfigValue                  
00012ddc  het1HighLevelInterrupt              
00012e84  het1LowLevelInterrupt               
00008f58  het1ParityCheck                     
000090c0  het2ParityCheck                     
0000fef4  hetGetTimestamp                     
0000f7f4  hetInit                             
0001345c  hetNotification                     
0000fed8  hetResetTimestamp                   
00009004  htu1ParityCheck                     
000091bc  htu2ParityCheck                     
00012c7c  init_PEC15_Table                    
00012785  logf                                
08003690  ltcBat                              
00012b78  ltcInit                             
08003684  ltcSpi_ps                           
00012b18  main                                
0000e3a0  mapClocks                           
00013565  memcpy                              
00008174  memoryInit                          
000133c0  memoryPort0TestFailNotification     
000133dc  memoryPort1TestFailNotification     
00013609  memset                              
00009684  mibspi1ParityCheck                  
0000978c  mibspi3ParityCheck                  
000098b0  mibspi5ParityCheck                  
000100e4  muxInit                             
0000a3ec  pbistFail                           
0000a470  pbistGetConfigValue                 
000085a8  pbistIsTestCompleted                
000085d4  pbistIsTestPassed                   
00008608  pbistPortTestStatus                 
000084ac  pbistRun                            
000082cc  pbistSelfCheck                      
00008578  pbistStop                           
00001344  pcTaskGetName                       
08003400  pec15Table                          
0000e34c  periphInit                          
000137b8  phantomInterrupt                    
00010580  pinmuxGetConfigValue                
00003060  prvMpuDisable                       
00003048  prvMpuEnable                        
00003030  prvMpuSetRegion                     
00003468  pvPortMalloc                        
00001fe0  pvTaskGetThreadLocalStoragePointer  
0000fcfc  pwmDisableNotification              
0000fcb4  pwmEnableNotification               
0000fbd4  pwmGetSignal                        
0000d264  pwmNotification                     
0000f91c  pwmSetDuty                          
0000fa58  pwmSetSignal                        
0000f8b4  pwmStart                            
0000f8e8  pwmStop                             
080008d0  pxCurrentTCB                        
00003088  pxPortInitialiseStack               
00000000  resetEntry                          
0800368c  returnVarningClose                  
00008020  selftestFailNotification            
0000e30c  setupFlash                          
0000e238  setupPLL                            
0000de48  spi1GetConfigValue                  
0000dfd8  spi3GetConfigValue                  
0000ddd0  spiDisableLoopback                  
0000de1c  spiDisableNotification              
0000dd9c  spiEnableLoopback                   
0000ddec  spiEnableNotification               
00013420  spiEndNotification                  
0000d6ec  spiGetData                          
0000d34c  spiInit                             
0001340c  spiNotification                     
0000d5d0  spiReceiveData                      
0000db44  spiSendAndGetData                   
0000d910  spiSendData                         
0000d5b0  spiSetFunctional                    
0000da08  spiTransmitAndReceiveData           
0000d7e4  spiTransmitData                     
0000eb84  sramGetConfigValue                  
0800368d  status                              
0000a5bc  stcGetConfigValue                   
000081b8  stcSelfCheck                        
00008df8  stcSelfCheckFail                    
0001377d  strlen                              
0000e5c4  systemGetConfigValue                
0000e4c8  systemInit                          
0000e594  systemPowerDown                     
0000e9d8  tcmflashGetConfigValue              
0000e298  trimLPO                             
080038a8  ulCriticalNesting                   
00002f58  ulPortCountLeadingZeros             
080038ac  ulTaskHasFPUContext                 
00002378  ulTaskNotifyTake                    
08003688  uwTick                              
000126f8  uxListRemove                        
00001338  uxTaskGetNumberOfTasks              
00002224  uxTaskGetStackHighWaterMark         
0000098c  uxTaskPriorityGet                   
000009d0  uxTaskPriorityGetFromISR            
0000233c  uxTaskResetEventItemValue           
0001254c  vListInitialise                     
000125a4  vListInitialiseItem                 
00012634  vListInsert                         
000125c0  vListInsertEnd                      
00003434  vPortEndScheduler                   
000036bc  vPortFree                           
000037cc  vPortInitialiseBlocks               
00002f4c  vPortInitialiseFPSCR                
00002e4c  vPortPreemptiveTick                 
00002f60  vPortSWI                            
00002bdc  vPortStartFirstTask                 
0000319c  vPortStoreTaskMPUSettings           
00002d58  vPortYeildWithinAPI                 
00002c6c  vPortYieldProcessor                 
0000204c  vTaskAllocateMPURegions             
00000804  vTaskDelay                          
00000698  vTaskDelayUntil                     
00000530  vTaskDelete                         
00001074  vTaskEndScheduler                   
00001ef0  vTaskMissedYield                    
00002930  vTaskNotifyGiveFromISR              
00001ab8  vTaskPlaceOnEventList               
00001afc  vTaskPlaceOnUnorderedEventList      
00000a18  vTaskPrioritySet                    
00000e14  vTaskResume                         
00001f7c  vTaskSetThreadLocalStoragePointer   
00001d74  vTaskSetTimeOutState                
00000fdc  vTaskStartScheduler                 
00001658  vTaskStepTick                       
00000c10  vTaskSuspend                        
00001090  vTaskSuspendAll                     
000019d8  vTaskSwitchContext                  
0000ee70  vimChannelMap                       
0000f0dc  vimDisableInterrupt                 
0000ef14  vimEnableInterrupt                  
0000f188  vimGetConfigValue                   
0000ed9c  vimInit                             
00008e00  vimParityCheck                      
00011d80  vimParityErrorHandler               
000037b4  xPortGetFreeHeapSize                
000037c0  xPortGetMinimumEverFreeHeapSize     
00003410  xPortStartScheduler                 
000016b4  xTaskAbortDelay                     
00001db8  xTaskCheckForTimeOut                
000000fc  xTaskCreate                         
00000020  xTaskCreateRestricted               
00002560  xTaskGenericNotify                  
00002730  xTaskGenericNotifyFromISR           
00001518  xTaskGetHandle                      
00001620  xTaskGetIdleTaskHandle              
000022ec  xTaskGetSchedulerState              
000012f8  xTaskGetTickCount                   
00001314  xTaskGetTickCountFromISR            
000017b0  xTaskIncrementTick                  
00013014  xTaskNotifyStateClear               
0000244c  xTaskNotifyWait                     
00001b80  xTaskRemoveFromEventList            
00001c70  xTaskRemoveFromUnorderedEventList   
00001148  xTaskResumeAll                      
00000ef4  xTaskResumeFromISR                  


GLOBAL SYMBOLS: SORTED BY Symbol Address 

address   name                                
-------   ----                                
00000000  __TI_static_base__                  
00000000  resetEntry                          
00000020  xTaskCreateRestricted               
000000fc  xTaskCreate                         
00000530  vTaskDelete                         
00000698  vTaskDelayUntil                     
00000804  vTaskDelay                          
00000888  eTaskGetState                       
0000098c  uxTaskPriorityGet                   
000009d0  uxTaskPriorityGetFromISR            
00000a18  vTaskPrioritySet                    
00000c10  vTaskSuspend                        
00000e14  vTaskResume                         
00000ef4  xTaskResumeFromISR                  
00000fdc  vTaskStartScheduler                 
00001074  vTaskEndScheduler                   
00001090  vTaskSuspendAll                     
00001148  xTaskResumeAll                      
000012f8  xTaskGetTickCount                   
00001314  xTaskGetTickCountFromISR            
00001338  uxTaskGetNumberOfTasks              
00001344  pcTaskGetName                       
00001518  xTaskGetHandle                      
00001620  xTaskGetIdleTaskHandle              
00001658  vTaskStepTick                       
000016b4  xTaskAbortDelay                     
000017b0  xTaskIncrementTick                  
000019d8  vTaskSwitchContext                  
00001ab8  vTaskPlaceOnEventList               
00001afc  vTaskPlaceOnUnorderedEventList      
00001b80  xTaskRemoveFromEventList            
00001c70  xTaskRemoveFromUnorderedEventList   
00001d74  vTaskSetTimeOutState                
00001db8  xTaskCheckForTimeOut                
00001ef0  vTaskMissedYield                    
00001f00  eTaskConfirmSleepModeStatus         
00001f7c  vTaskSetThreadLocalStoragePointer   
00001fe0  pvTaskGetThreadLocalStoragePointer  
0000204c  vTaskAllocateMPURegions             
00002224  uxTaskGetStackHighWaterMark         
000022ec  xTaskGetSchedulerState              
0000233c  uxTaskResetEventItemValue           
00002378  ulTaskNotifyTake                    
0000244c  xTaskNotifyWait                     
00002560  xTaskGenericNotify                  
00002730  xTaskGenericNotifyFromISR           
00002930  vTaskNotifyGiveFromISR              
00002bdc  vPortStartFirstTask                 
00002c6c  vPortYieldProcessor                 
00002d58  vPortYeildWithinAPI                 
00002e4c  vPortPreemptiveTick                 
00002f4c  vPortInitialiseFPSCR                
00002f58  ulPortCountLeadingZeros             
00002f60  vPortSWI                            
00003030  prvMpuSetRegion                     
00003048  prvMpuEnable                        
00003060  prvMpuDisable                       
00003088  pxPortInitialiseStack               
0000319c  vPortStoreTaskMPUSettings           
00003410  xPortStartScheduler                 
00003434  vPortEndScheduler                   
00003468  pvPortMalloc                        
000036bc  vPortFree                           
000037b4  xPortGetFreeHeapSize                
000037c0  xPortGetMinimumEverFreeHeapSize     
000037cc  vPortInitialiseBlocks               
000038a8  __TI_Handler_Table_Base             
000038b4  __TI_Handler_Table_Limit            
000038d0  __TI_CINIT_Base                     
000038f0  __TI_CINIT_Limit                    
00008020  selftestFailNotification            
00008030  ccmSelfCheck                        
00008174  memoryInit                          
000081b8  stcSelfCheck                        
00008234  cpuSelfTest                         
000082cc  pbistSelfCheck                      
000084ac  pbistRun                            
00008578  pbistStop                           
000085a8  pbistIsTestCompleted                
000085d4  pbistIsTestPassed                   
00008608  pbistPortTestStatus                 
00008660  efcCheck                            
000086e8  efcStuckZeroTest                    
00008794  efcSelfTest                         
000087bc  checkefcSelfTest                    
0000885c  fmcBus2Check                        
00008898  fmcECCcheck                         
00008938  checkB0RAMECC                       
00008b28  checkB1RAMECC                       
00008d18  checkFlashECC                       
00008df4  custom_dabort                       
00008df8  stcSelfCheckFail                    
00008dfc  cpuSelfTestFail                     
00008e00  vimParityCheck                      
00008eac  dmaParityCheck                      
00008f58  het1ParityCheck                     
00009004  htu1ParityCheck                     
000090c0  het2ParityCheck                     
000091bc  htu2ParityCheck                     
0000926c  adc1ParityCheck                     
00009358  adc2ParityCheck                     
00009410  can1ParityCheck                     
000094e8  can2ParityCheck                     
000095b0  can3ParityCheck                     
00009684  mibspi1ParityCheck                  
0000978c  mibspi3ParityCheck                  
000098b0  mibspi5ParityCheck                  
000099d0  checkRAMECC                         
00009c18  checkClockMonitor                   
00009cf4  checkFlashEEPROMECC                 
00009e8c  checkPLL1Slip                       
00009f8c  checkPLL2Slip                       
0000a050  checkRAMAddrParity                  
0000a15c  checkRAMUERRTest                    
0000a2c4  fmcBus1ParityCheck                  
0000a3ec  pbistFail                           
0000a470  pbistGetConfigValue                 
0000a5bc  stcGetConfigValue                   
0000a660  efcGetConfigValue                   
0000a6fc  ccmr4GetConfigValue                 
0000a76c  errata_PBIST_4                      
0000aad0  enableParity                        
0000ab58  disableParity                       
0000acfc  AE_ltcInit                          
0000af04  AE_ltcWrite                         
0000b0dc  AE_ltcCmdWrite                      
0000b16c  AE_ltcRead                          
0000b300  AE_ltcCmdRead                       
0000b368  AE_ltcWakeUpSleep                   
0000b3f0  AE_ltcWakeUpIdle                    
0000b478  AE_ltcWriteConfRegA                 
0000b490  AE_ltcWriteConfRegB                 
0000b4ac  AE_ltcReadConfRegA                  
0000b4c4  AE_ltcReadConfRegB                  
0000b4e0  AE_ltcReadCellVoltage               
0000b920  AE_ltcSetUnderOverVoltage           
0000ba30  AE_ltcUnderOverFlag                 
0000bc0c  AE_ltcStartCellAdc                  
0000bd54  AE_ltcAdcMeasureState               
0000bd6c  AE_ltcStartGpioAdc                  
0000be4c  AE_ltcReadGPIOVoltage               
0000c168  AE_ltcStartStatusAdc                
0000c244  AE_ltcReadStatusRegA                
0000c38c  AE_ltcReadStatusRegB                
0000c56c  AE_ltcClearCellAdc                  
0000c5dc  AE_ltcClearGpioAdc                  
0000c64c  AE_ltcClearStatusAdc                
0000c6e0  AE_ltcStartPwm                      
0000c7d8  AE_ltcPausePwm                      
0000c7ec  AE_ltcContinuePwm                   
0000c804  AE_ltcPreBalance                    
0000c984  AE_ltcBalance                       
0000cac4  AE_ltcIsBalanceComplete             
0000cba0  AE_ltcMinCellVolt                   
0000cc4c  AE_ltcIsCellOpenWire                
0000cf08  AE_ltcIsGpioOpenWire                
0000d218  AE_ltcTemperature                   
0000d264  pwmNotification                     
0000d28c  getUsTick                           
0000d2a8  AE_delayMs                          
0000d2e4  AE_delayTenUs                       
0000d34c  spiInit                             
0000d5b0  spiSetFunctional                    
0000d5d0  spiReceiveData                      
0000d6ec  spiGetData                          
0000d7e4  spiTransmitData                     
0000d910  spiSendData                         
0000da08  spiTransmitAndReceiveData           
0000db44  spiSendAndGetData                   
0000dc84  SpiTxStatus                         
0000dd10  SpiRxStatus                         
0000dd9c  spiEnableLoopback                   
0000ddd0  spiDisableLoopback                  
0000ddec  spiEnableNotification               
0000de1c  spiDisableNotification              
0000de48  spi1GetConfigValue                  
0000dfd8  spi3GetConfigValue                  
0000e238  setupPLL                            
0000e298  trimLPO                             
0000e30c  setupFlash                          
0000e34c  periphInit                          
0000e3a0  mapClocks                           
0000e4c8  systemInit                          
0000e594  systemPowerDown                     
0000e5c4  systemGetConfigValue                
0000e9d8  tcmflashGetConfigValue              
0000eb84  sramGetConfigValue                  
0000ecc0  customTrimLPO                       
0000ed9c  vimInit                             
0000ee70  vimChannelMap                       
0000ef14  vimEnableInterrupt                  
0000f0dc  vimDisableInterrupt                 
0000f188  vimGetConfigValue                   
0000f7f4  hetInit                             
0000f8b4  pwmStart                            
0000f8e8  pwmStop                             
0000f91c  pwmSetDuty                          
0000fa58  pwmSetSignal                        
0000fbd4  pwmGetSignal                        
0000fcb4  pwmEnableNotification               
0000fcfc  pwmDisableNotification              
0000fd2c  edgeResetCounter                    
0000fd58  edgeGetCounter                      
0000fd84  edgeEnableNotification              
0000fdc0  edgeDisableNotification             
0000fe00  capGetSignal                        
0000fed8  hetResetTimestamp                   
0000fef4  hetGetTimestamp                     
0000ff0c  het1GetConfigValue                  
000100e4  muxInit                             
00010580  pinmuxGetConfigValue                
00010990  _errata_SSWF021_45_both_plls        
00010b84  _errata_SSWF021_45_pll1             
00010cfc  _errata_SSWF021_45_pll2             
00010ff4  esmInit                             
000110fc  esmError                            
00011118  esmEnableError                      
00011140  esmDisableError                     
00011168  esmTriggerErrorPinReset             
00011178  esmActivateNormalOperation          
00011188  esmEnableInterrupt                  
000111b0  esmDisableInterrupt                 
000111d8  esmSetInterruptLevel                
0001124c  esmClearStatus                      
0001128c  esmClearStatusBuffer                
000112a8  esmSetCounterPreloadValue           
000112c8  esmGetStatus                        
0001134c  esmGetStatusBuffer                  
00011384  esmEnterSelfTest                    
0001140c  esmSelfTestStatus                   
0001145c  esmGetConfigValue                   
000115b0  gioInit                             
00011680  gioSetDirection                     
000116a0  gioSetBit                           
000116f0  gioSetPort                          
00011710  gioGetBit                           
00011738  gioGetPort                          
00011750  gioToggleBit                        
000117a8  gioEnableNotification               
00011810  gioDisableNotification              
00011878  gioGetConfigValue                   
00011a34  _coreInitRegisters_                 
00011b40  _coreInitStackPointer_              
00011b8c  _getCPSRValue_                      
00011b94  _gotoCPUIdle_                       
00011bac  _coreEnableVfp_                     
00011bc4  _coreEnableEventBusExport_          
00011bd4  _coreDisableEventBusExport_         
00011be4  _coreEnableRamEcc_                  
00011bf4  _coreDisableRamEcc_                 
00011c04  _coreEnableFlashEcc_                
00011c18  _coreDisableFlashEcc_               
00011c28  _coreEnableIrqVicOffset_            
00011c38  _coreGetDataFault_                  
00011c40  _coreClearDataFault_                
00011c4c  _coreGetInstructionFault_           
00011c54  _coreClearInstructionFault_         
00011c60  _coreGetDataFaultAddress_           
00011c68  _coreClearDataFaultAddress_         
00011c74  _coreGetInstructionFaultAddress_    
00011c7c  _coreClearInstructionFaultAddress_  
00011c88  _coreGetAuxiliaryDataFault_         
00011c90  _coreClearAuxiliaryDataFault_       
00011c9c  _coreGetAuxiliaryInstructionFault_  
00011ca4  _coreClearAuxiliaryInstructionFault_
00011cb0  _disable_interrupt_                 
00011cb8  _disable_FIQ_interrupt_             
00011cc0  _disable_IRQ_interrupt_             
00011cc8  _enable_interrupt_                  
00011cd0  _esmCcmErrorsClear_                 
00011d58  _errata_CORTEXR4_57_                
00011d68  _errata_CORTEXR4_66_                
00011d78  __TI_PINIT_Base                     
00011d7c  __TI_PINIT_Limit                    
00011d80  vimParityErrorHandler               
0001204c  _c_int00                            
0001254c  vListInitialise                     
000125a4  vListInitialiseItem                 
000125c0  vListInsertEnd                      
00012634  vListInsert                         
000126f8  uxListRemove                        
00012785  logf                                
00012b18  main                                
00012b78  ltcInit                             
00012c7c  init_PEC15_Table                    
00012d3c  AE_pec15                            
00012ddc  het1HighLevelInterrupt              
00012e84  het1LowLevelInterrupt               
00013014  xTaskNotifyStateClear               
00013090  esmHighInterrupt                    
000131a4  AE_calculateTemp                    
000132b8  _dabort                             
000133a0  esmGroup1Notification               
000133b0  esmGroup2Notification               
000133c0  memoryPort0TestFailNotification     
000133dc  memoryPort1TestFailNotification     
000133f8  gioNotification                     
0001340c  spiNotification                     
00013420  spiEndNotification                  
00013448  edgeNotification                    
0001345c  hetNotification                     
00013470  dmaGroupANotification               
00013484  _pmuInit_                           
000134d0  _pmuEnableCountersGlobal_           
000134e0  _pmuDisableCountersGlobal_          
000134f0  _pmuResetCycleCounter_              
00013500  _pmuResetEventCounters_             
00013510  _pmuResetCounters_                  
00013520  _pmuStartCounters_                  
00013528  _pmuStopCounters_                   
00013530  _pmuSetCountEvent_                  
0001353c  _pmuGetCycleCount_                  
00013544  _pmuGetEventCount_                  
00013550  _pmuGetOverflow_                    
00013565  __aeabi_memcpy                      
00013565  __aeabi_memcpy4                     
00013565  __aeabi_memcpy8                     
00013565  memcpy                              
00013601  __aeabi_memclr                      
00013601  __aeabi_memclr4                     
00013601  __aeabi_memclr8                     
00013603  __aeabi_memset                      
00013603  __aeabi_memset4                     
00013603  __aeabi_memset8                     
00013609  memset                              
0001367b  __TI_decompress_lzss                
000136e7  __aeabi_idiv0                       
000136e7  __aeabi_ldiv0                       
000136e8  __aeabi_uidiv                       
000136e8  __aeabi_uidivmod                    
00013739  __TI_auto_init_nobinit_nopinit      
0001377d  strlen                              
00013793  __TI_decompress_none                
000137a1  __TI_zero_init                      
000137ad  __aeabi_errno_addr                  
000137b5  C$$EXIT                             
000137b5  abort                               
000137b8  phantomInterrupt                    
000137bc  handlePLLLockFail                   
080008d0  pxCurrentTCB                        
08001000  __start___llvm_prf_cnts             
08001000  __stop___llvm_prf_cnts              
08003400  pec15Table                          
08003684  ltcSpi_ps                           
08003688  uwTick                              
0800368c  returnVarningClose                  
0800368d  status                              
08003690  ltcBat                              
080038a8  ulCriticalNesting                   
080038ac  ulTaskHasFPUContext                 
080038b0  errno                               
ffffffff  __TI_pprof_out_hndl                 
ffffffff  __TI_prof_data_size                 
ffffffff  __TI_prof_data_start                
ffffffff  __binit__                           
ffffffff  __c_args__                          
ffffffff  binit                               
UNDEFED   SHT$$INIT_ARRAY$$Base               
UNDEFED   SHT$$INIT_ARRAY$$Limit              
UNDEFED   _system_post_cinit                  

[360 symbols]
