******************************************************************************
                  TI ARM Linker PC v20.2.5                     
******************************************************************************
>> Linked Wed Feb 21 15:31:24 2024

OUTPUT FILE NAME:   <009_Ltc6812.out>
ENTRY POINT SYMBOL: "_c_int00"  address: 00013060


MEMORY CONFIGURATION

         name            origin    length      used     unused   attr    fill
----------------------  --------  ---------  --------  --------  ----  --------
  VECTORS               00000000   00000020  00000020  00000000     X
  KERNEL                00000020   00008000  000038cc  00004734  R  X
  FLASH0                00008020   00137fe0  0000ce04  0012b1dc  R  X
  STACKS                08000000   00000800  00000000  00000800  RW  
  KRAM                  08000800   00000800  00000104  000006fc  RW  
  RAM                   08001000   0002f000  00002909  0002c6f7  RW  


SEGMENT ALLOCATION MAP

run origin  load origin   length   init length attrs members
----------  ----------- ---------- ----------- ----- -------
00000000    00000000    000038f0   000038f0    r-x
  00000000    00000000    00000020   00000020    r-x .intvecs
  00000020    00000020    000037c4   000037c4    r-x .kernelTEXT
  000037e8    000037e8    00000108   00000108    r-- .cinit
00008020    00008020    0000ce04   0000ce04    r-x
  00008020    00008020    0000c844   0000c844    r-x .text
  00014864    00014864    000005c0   000005c0    r-- .const
08000800    08000800    00000104   00000000    rw-
  08000800    08000800    00000104   00000000    rw- .kernelBSS
08001000    08001000    0000290b   00000000    rw-
  08001000    08001000    00002000   00000000    rw- .kernelHEAP
  08003000    08003000    00000696   00000000    rw- .bss
  08003698    08003698    00000273   00000000    rw- .data


SECTION ALLOCATION MAP

 output                                  attributes/
section   page    origin      length       input sections
--------  ----  ----------  ----------   ----------------
.intvecs   0    00000000    00000020     
                  00000000    00000020     sys_intvecs.obj (.intvecs)

.kernelTEXT 
*          0    00000020    000037c4     
                  00000020    00002bb8     os_tasks.obj (.kernelTEXT)
                  00002bd8    000004b0     os_portasm.obj (.kernelTEXT)
                  00003088    000003e0     os_port.obj (.kernelTEXT)
                  00003468    0000037c     os_heap.obj (.kernelTEXT)

.cinit     0    000037e8    00000108     
                  000037e8    000000bf     (.cinit..data.load) [load image, compression = lzss]
                  000038a7    00000001     --HOLE-- [fill = 0]
                  000038a8    0000000c     (__TI_handler_table)
                  000038b4    00000009     (.cinit..kernelBSS.load) [load image, compression = lzss]
                  000038bd    00000003     --HOLE-- [fill = 0]
                  000038c0    00000008     (.cinit..bss.load) [load image, compression = zero_init]
                  000038c8    00000008     (.cinit..kernelHEAP.load) [load image, compression = zero_init]
                  000038d0    00000020     (__TI_cinit_table)

.text      0    00008020    0000c844     
                  00008020    00003664     ltc6812.obj (.text)
                  0000b684    00002cdc     sys_selftest.obj (.text)
                  0000e360    00000eec     spi.obj (.text)
                  0000f24c    00000b64     system.obj (.text)
                  0000fdb0    00000a58     sys_vim.obj (.text)
                  00010808    000008f0     het.obj (.text)
                  000110f8    000008ac     pinmux.obj (.text)
                  000119a4    00000664     errata_SSWF021_45.obj (.text)
                  00012008    000005bc     esm.obj (.text)
                  000125c4    00000484     gio.obj (.text)
                  00012a48    0000034c     sys_core.obj (.text)
                  00012d94    000002cc     sys_vim.obj (.text:retain)
                  00013060    00000288     sys_startup.obj (.text:retain)
                  000132e8    00000278     os_heap.obj (.text)
                  00013560    00000238     os_list.obj (.text)
                  00013798    000001f4     sys_main.obj (.text)
                  0001398c    000001e4     rtsv7R4_T_be_v3D16_eabi.lib : e_logf.c.obj (.text:logf)
                  00013b70    000001b0     os_port.obj (.text)
                  00013d20    00000160     crc15.obj (.text)
                  00013e80    0000015c     het.obj (.text:retain)
                  00013fdc    00000158     os_tasks.obj (.text)
                  00014134    00000114     esm.obj (.text:retain)
                  00014248    00000114     temperature.obj (.text)
                  0001435c    000000e8     dabort.obj (.text)
                  00014444    000000e4     notification.obj (.text)
                  00014528    000000e0     sys_pmu.obj (.text)
                  00014608    0000009c     rtsv7R4_T_be_v3D16_eabi.lib : memcpy_t2.asm.obj (.text)
                  000146a4    0000007a                                 : memset_t2.asm.obj (.text)
                  0001471e    0000006c                                 : copy_decompress_lzss.c.obj (.text:decompress:lzss:__TI_decompress_lzss)
                  0001478a    00000002                                 : div0.asm.obj (.text)
                  0001478c    00000050                                 : u_div32.asm.obj (.text)
                  000147dc    00000044                                 : autoinit.c.obj (.text:__TI_auto_init_nobinit_nopinit:__TI_auto_init_nobinit_nopinit)
                  00014820    00000016                                 : strlen.c.obj (.text:strlen)
                  00014836    0000000e                                 : copy_decompress_none.c.obj (.text:decompress:none:__TI_decompress_none)
                  00014844    0000000c                                 : copy_zero_init.c.obj (.text:decompress:ZI:__TI_zero_init)
                  00014850    00000008                                 : errno.c.obj (.text:__aeabi_errno_addr)
                  00014858    00000004                                 : exit.c.obj (.text:abort:abort)
                  0001485c    00000004     sys_phantom.obj (.text:retain)
                  00014860    00000004     sys_startup.obj (.text)

.const     0    00014864    000005c0     
                  00014864    000003a0     het.obj (.const:het1PROGRAM)
                  00014c04    00000200     sys_vim.obj (.const:s_vim_init)
                  00014e04    00000020     het.obj (.const:s_het1pwmPolarity)

.kernelBSS 
*          0    08000800    00000104     UNINITIALIZED
                  08000800    000000d0     os_tasks.obj (.kernelBSS:uninit)
                  080008d0    00000034     os_tasks.obj (.kernelBSS:init)

.kernelHEAP 
*          0    08001000    00002000     UNINITIALIZED
                  08001000    00002000     os_heap.obj (.kernelHEAP)

.bss       0    08003000    00000696     UNINITIALIZED
                  08003000    00000200     ltc6812.obj (.bss:rxBuffer)
                  08003200    00000200     ltc6812.obj (.bss:txBuffer)
                  08003400    00000200     (.common:pec15Table)
                  08003600    00000078     spi.obj (.bss:g_spiPacket_t)
                  08003678    00000008     os_heap.obj (.bss:xStart)
                  08003680    00000008     (.common:minCellVoltages)
                  08003688    00000004     ltc6812.obj (.bss)
                  0800368c    00000004     (.common:ltcSpi_ps)
                  08003690    00000004     (.common:uwTick)
                  08003694    00000001     (.common:returnVarningClose)
                  08003695    00000001     (.common:status)

.data      0    08003698    00000273     UNINITIALIZED
                  08003698    00000198     sys_main.obj (.data:ltcBat)
                  08003830    00000010     os_heap.obj (.data)
                  08003840    00000008     ltc6812.obj (.data:cmdCLRAUX_pu16)
                  08003848    00000008     ltc6812.obj (.data:cmdCLRCELL_pu16)
                  08003850    00000008     ltc6812.obj (.data:cmdCLRSTAT_pu16)
                  08003858    00000008     ltc6812.obj (.data:cmdMute_pu16)
                  08003860    00000008     ltc6812.obj (.data:cmdPladc_pu16)
                  08003868    00000008     ltc6812.obj (.data:cmdRDAUXA_pu16)
                  08003870    00000008     ltc6812.obj (.data:cmdRDAUXB_pu16)
                  08003878    00000008     ltc6812.obj (.data:cmdRDAUXC_pu16)
                  08003880    00000008     ltc6812.obj (.data:cmdRDAUXD_pu16)
                  08003888    00000008     ltc6812.obj (.data:cmdRDCFGA_pu16)
                  08003890    00000008     ltc6812.obj (.data:cmdRDCFGB_pu16)
                  08003898    00000008     ltc6812.obj (.data:cmdRDCVA_pu16)
                  080038a0    00000008     ltc6812.obj (.data:cmdRDCVB_pu16)
                  080038a8    00000008     ltc6812.obj (.data:cmdRDCVC_pu16)
                  080038b0    00000008     ltc6812.obj (.data:cmdRDCVD_pu16)
                  080038b8    00000008     ltc6812.obj (.data:cmdRDCVE_pu16)
                  080038c0    00000008     ltc6812.obj (.data:cmdRDSTATA_pu16)
                  080038c8    00000008     ltc6812.obj (.data:cmdRDSTATB_pu16)
                  080038d0    00000008     ltc6812.obj (.data:cmdUnMute_pu16)
                  080038d8    00000008     ltc6812.obj (.data:cmdWRCFGA_pu16)
                  080038e0    00000008     ltc6812.obj (.data:cmdWRCFGB_pu16)
                  080038e8    00000008     ltc6812.obj (.data:cmdWRPSB_pu16)
                  080038f0    00000008     ltc6812.obj (.data:cmdWRPWM_pu16)
                  080038f8    00000008     os_port.obj (.data)
                  08003900    00000004     rtsv7R4_T_be_v3D16_eabi.lib : errno.c.obj (.data)
                  08003904    00000004     ltc6812.obj (.data:spiDat_s)
                  08003908    00000003     ltc6812.obj (.data)

__llvm_prf_cnts 
*          0    08001000    00000000     UNINITIALIZED

MODULE SUMMARY

       Module                       code    ro data   rw data
       ------                       ----    -------   -------
    .\009_Ltc6812\source\
       os_tasks.obj                 11536   0         260    
       sys_selftest.obj             11484   0         0      
       os_heap.obj                  1524    0         8216   
       spi.obj                      3820    0         120    
       sys_vim.obj                  3364    512       0      
       het.obj                      2636    960       0      
       system.obj                   2916    0         0      
       pinmux.obj                   2220    0         0      
       esm.obj                      1744    0         0      
       errata_SSWF021_45.obj        1636    0         0      
       os_port.obj                  1424    0         8      
       os_portasm.obj               1200    0         0      
       gio.obj                      1156    0         0      
       sys_main.obj                 500     0         418    
       sys_core.obj                 844     0         0      
       sys_startup.obj              652     0         0      
       os_list.obj                  568     0         0      
       dabort.obj                   232     0         0      
       notification.obj             228     0         0      
       sys_pmu.obj                  224     0         0      
       sys_intvecs.obj              32      0         0      
       sys_phantom.obj              4       0         0      
    +--+----------------------------+-------+---------+---------+
       Total:                       49944   1472      9022   
                                                             
    .\ltc681x\crc\
       crc15.obj                    352     0         512    
    +--+----------------------------+-------+---------+---------+
       Total:                       352     0         512    
                                                             
    .\ltc681x\ltc\
       ltc6812.obj                  13924   0         1227   
    +--+----------------------------+-------+---------+---------+
       Total:                       13924   0         1227   
                                                             
    .\ltc681x\temperature\
       temperature.obj              276     0         0      
    +--+----------------------------+-------+---------+---------+
       Total:                       276     0         0      
                                                             
    C:/ti/ccs1120/ccs/tools/compiler/ti-cgt-arm_20.2.5.LTS/lib/rtsv7R4_T_be_v3D16_eabi.lib
       e_logf.c.obj                 484     0         0      
       memcpy_t2.asm.obj            156     0         0      
       memset_t2.asm.obj            122     0         0      
       copy_decompress_lzss.c.obj   108     0         0      
       u_div32.asm.obj              80      0         0      
       autoinit.c.obj               68      0         0      
       strlen.c.obj                 22      0         0      
       copy_decompress_none.c.obj   14      0         0      
       copy_zero_init.c.obj         12      0         0      
       errno.c.obj                  8       0         4      
       exit.c.obj                   4       0         0      
       div0.asm.obj                 2       0         0      
    +--+----------------------------+-------+---------+---------+
       Total:                       1080    0         4      
                                                             
       Linker Generated:            0       260       0      
    +--+----------------------------+-------+---------+---------+
       Grand Total:                 65576   1732      10765  


LINKER GENERATED COPY TABLES

__TI_cinit_table @ 000038d0 records: 4, size/record: 8, table size: 32
	.data: load addr=000037e8, load size=000000bf bytes, run addr=08003698, run size=00000273 bytes, compression=lzss
	.kernelBSS: load addr=000038b4, load size=00000009 bytes, run addr=08000800, run size=00000104 bytes, compression=lzss
	.bss: load addr=000038c0, load size=00000008 bytes, run addr=08003000, run size=00000696 bytes, compression=zero_init
	.kernelHEAP: load addr=000038c8, load size=00000008 bytes, run addr=08001000, run size=00002000 bytes, compression=zero_init


LINKER GENERATED HANDLER TABLE

__TI_handler_table @ 000038a8 records: 3, size/record: 4, table size: 12
	index: 0, handler: __TI_decompress_lzss
	index: 1, handler: __TI_decompress_none
	index: 2, handler: __TI_zero_init


GLOBAL SYMBOLS: SORTED ALPHABETICALLY BY Name 

address   name                                
-------   ----                                
00014248  AE_calculateTemp                    
0000b604  AE_delayMs                          
0000b640  AE_delayTenUs                       
000092dc  AE_ltcAdcMeasureState               
0000a8d0  AE_ltcBalance                       
0000a218  AE_ltcClearCellAdc                  
0000a2e4  AE_ltcClearGpioAdc                  
0000a3b0  AE_ltcClearStatusAdc                
00008610  AE_ltcCmdRead                       
00008424  AE_ltcCmdWrite                      
0000a624  AE_ltcContinuePwm                   
00008020  AE_ltcInit                          
0000ab40  AE_ltcIsBalanceComplete             
0000ae28  AE_ltcIsCellOpenWire                
0000b1cc  AE_ltcIsGpioOpenWire                
0000ad24  AE_ltcMinCellVolt                   
0000a610  AE_ltcPausePwm                      
0000a638  AE_ltcPreBalance                    
0000847c  AE_ltcRead                          
000087f0  AE_ltcReadCellVoltage               
000087bc  AE_ltcReadConfRegA                  
000087d4  AE_ltcReadConfRegB                  
00009428  AE_ltcReadGpioVoltage               
000098e8  AE_ltcReadStatusRegA                
00009ac4  AE_ltcReadStatusRegB                
00008c30  AE_ltcSetUnderOverVoltage           
0000919c  AE_ltcStartCellAdc                  
000092f8  AE_ltcStartGpioAdc                  
0000a4b8  AE_ltcStartPwm                      
000097ac  AE_ltcStartStatusAdc                
0000b504  AE_ltcTemperature                   
00008eb0  AE_ltcUnderOverFlag                 
00008700  AE_ltcWakeUpIdle                    
00008678  AE_ltcWakeUpSleep                   
00008228  AE_ltcWrite                         
00008788  AE_ltcWriteConfRegA                 
000087a0  AE_ltcWriteConfRegB                 
00013de0  AE_pec15                            
00014859  C$$EXIT                             
UNDEFED   SHT$$INIT_ARRAY$$Base               
UNDEFED   SHT$$INIT_ARRAY$$Limit              
0000ed24  SpiRxStatus                         
0000ec98  SpiTxStatus                         
000038d0  __TI_CINIT_Base                     
000038f0  __TI_CINIT_Limit                    
000038a8  __TI_Handler_Table_Base             
000038b4  __TI_Handler_Table_Limit            
00012d8c  __TI_PINIT_Base                     
00012d90  __TI_PINIT_Limit                    
000147dd  __TI_auto_init_nobinit_nopinit      
0001471f  __TI_decompress_lzss                
00014837  __TI_decompress_none                
ffffffff  __TI_pprof_out_hndl                 
ffffffff  __TI_prof_data_size                 
ffffffff  __TI_prof_data_start                
00000000  __TI_static_base__                  
00014845  __TI_zero_init                      
00014851  __aeabi_errno_addr                  
0001478b  __aeabi_idiv0                       
0001478b  __aeabi_ldiv0                       
000146a5  __aeabi_memclr                      
000146a5  __aeabi_memclr4                     
000146a5  __aeabi_memclr8                     
00014609  __aeabi_memcpy                      
00014609  __aeabi_memcpy4                     
00014609  __aeabi_memcpy8                     
000146a7  __aeabi_memset                      
000146a7  __aeabi_memset4                     
000146a7  __aeabi_memset8                     
0001478c  __aeabi_uidiv                       
0001478c  __aeabi_uidivmod                    
ffffffff  __binit__                           
ffffffff  __c_args__                          
08001000  __start___llvm_prf_cnts             
08001000  __stop___llvm_prf_cnts              
00013060  _c_int00                            
00012ca4  _coreClearAuxiliaryDataFault_       
00012cb8  _coreClearAuxiliaryInstructionFault_
00012c7c  _coreClearDataFaultAddress_         
00012c54  _coreClearDataFault_                
00012c90  _coreClearInstructionFaultAddress_  
00012c68  _coreClearInstructionFault_         
00012be8  _coreDisableEventBusExport_         
00012c2c  _coreDisableFlashEcc_               
00012c08  _coreDisableRamEcc_                 
00012bd8  _coreEnableEventBusExport_          
00012c18  _coreEnableFlashEcc_                
00012c3c  _coreEnableIrqVicOffset_            
00012bf8  _coreEnableRamEcc_                  
00012bc0  _coreEnableVfp_                     
00012c9c  _coreGetAuxiliaryDataFault_         
00012cb0  _coreGetAuxiliaryInstructionFault_  
00012c74  _coreGetDataFaultAddress_           
00012c4c  _coreGetDataFault_                  
00012c88  _coreGetInstructionFaultAddress_    
00012c60  _coreGetInstructionFault_           
00012a48  _coreInitRegisters_                 
00012b54  _coreInitStackPointer_              
0001435c  _dabort                             
00012ccc  _disable_FIQ_interrupt_             
00012cd4  _disable_IRQ_interrupt_             
00012cc4  _disable_interrupt_                 
00012cdc  _enable_interrupt_                  
00012d6c  _errata_CORTEXR4_57_                
00012d7c  _errata_CORTEXR4_66_                
000119a4  _errata_SSWF021_45_both_plls        
00011b98  _errata_SSWF021_45_pll1             
00011d10  _errata_SSWF021_45_pll2             
00012ce4  _esmCcmErrorsClear_                 
00012ba0  _getCPSRValue_                      
00012ba8  _gotoCPUIdle_                       
00014584  _pmuDisableCountersGlobal_          
00014574  _pmuEnableCountersGlobal_           
000145e0  _pmuGetCycleCount_                  
000145e8  _pmuGetEventCount_                  
000145f4  _pmuGetOverflow_                    
00014528  _pmuInit_                           
000145b4  _pmuResetCounters_                  
00014594  _pmuResetCycleCounter_              
000145a4  _pmuResetEventCounters_             
000145d4  _pmuSetCountEvent_                  
000145c4  _pmuStartCounters_                  
000145cc  _pmuStopCounters_                   
UNDEFED   _system_post_cinit                  
00014859  abort                               
0000c8d0  adc1ParityCheck                     
0000c9bc  adc2ParityCheck                     
0800390a  balanceStatus                       
ffffffff  binit                               
0000ca74  can1ParityCheck                     
0000cb4c  can2ParityCheck                     
0000cc14  can3ParityCheck                     
00010e14  capGetSignal                        
0000b694  ccmSelfCheck                        
0000dd60  ccmr4GetConfigValue                 
0000bf9c  checkB0RAMECC                       
0000c18c  checkB1RAMECC                       
0000d27c  checkClockMonitor                   
0000c37c  checkFlashECC                       
0000d358  checkFlashEEPROMECC                 
0000d4f0  checkPLL1Slip                       
0000d5f0  checkPLL2Slip                       
0000d6b4  checkRAMAddrParity                  
0000d034  checkRAMECC                         
0000d7c0  checkRAMUERRTest                    
0000be20  checkefcSelfTest                    
0000b898  cpuSelfTest                         
0000c460  cpuSelfTestFail                     
0000fcd4  customTrimLPO                       
0000c458  custom_dabort                       
0000e1bc  disableParity                       
00014514  dmaGroupANotification               
0000c510  dmaParityCheck                      
00001f00  eTaskConfirmSleepModeStatus         
00000888  eTaskGetState                       
00010dd4  edgeDisableNotification             
00010d98  edgeEnableNotification              
00010d6c  edgeGetCounter                      
000144ec  edgeNotification                    
00010d40  edgeResetCounter                    
0000bcc4  efcCheck                            
0000dcc4  efcGetConfigValue                   
0000bdf8  efcSelfTest                         
0000bd4c  efcStuckZeroTest                    
0000e134  enableParity                        
0000ddd0  errata_PBIST_4                      
08003900  errno                               
0001218c  esmActivateNormalOperation          
00012260  esmClearStatus                      
000122a0  esmClearStatusBuffer                
00012154  esmDisableError                     
000121c4  esmDisableInterrupt                 
0001212c  esmEnableError                      
0001219c  esmEnableInterrupt                  
00012398  esmEnterSelfTest                    
00012110  esmError                            
00012470  esmGetConfigValue                   
000122dc  esmGetStatus                        
00012360  esmGetStatusBuffer                  
00014444  esmGroup1Notification               
00014454  esmGroup2Notification               
00014134  esmHighInterrupt                    
00012008  esmInit                             
00012420  esmSelfTestStatus                   
000122bc  esmSetCounterPreloadValue           
000121ec  esmSetInterruptLevel                
0001217c  esmTriggerErrorPinReset             
0000d928  fmcBus1ParityCheck                  
0000bec0  fmcBus2Check                        
0000befc  fmcECCcheck                         
0000b5e8  getUsTick                           
00012824  gioDisableNotification              
000127bc  gioEnableNotification               
00012724  gioGetBit                           
0001288c  gioGetConfigValue                   
0001274c  gioGetPort                          
000125c4  gioInit                             
0001449c  gioNotification                     
000126b4  gioSetBit                           
00012694  gioSetDirection                     
00012704  gioSetPort                          
00012764  gioToggleBit                        
00014860  handlePLLLockFail                   
00010f20  het1GetConfigValue                  
00013e80  het1HighLevelInterrupt              
00013f28  het1LowLevelInterrupt               
0000c5bc  het1ParityCheck                     
0000c724  het2ParityCheck                     
00010f08  hetGetTimestamp                     
00010808  hetInit                             
00014500  hetNotification                     
00010eec  hetResetTimestamp                   
0000c668  htu1ParityCheck                     
0000c820  htu2ParityCheck                     
00013d20  init_PEC15_Table                    
0001398d  logf                                
08003698  ltcBat                              
00013870  ltcInit                             
0800368c  ltcSpi_ps                           
00013798  main                                
0000f3b4  mapClocks                           
00014609  memcpy                              
0000b7d8  memoryInit                          
00014464  memoryPort0TestFailNotification     
00014480  memoryPort1TestFailNotification     
000146ad  memset                              
0000cce8  mibspi1ParityCheck                  
0000cdf0  mibspi3ParityCheck                  
0000cf14  mibspi5ParityCheck                  
08003680  minCellVoltages                     
000110f8  muxInit                             
0000da50  pbistFail                           
0000dad4  pbistGetConfigValue                 
0000bc0c  pbistIsTestCompleted                
0000bc38  pbistIsTestPassed                   
0000bc6c  pbistPortTestStatus                 
0000bb10  pbistRun                            
0000b930  pbistSelfCheck                      
0000bbdc  pbistStop                           
00001344  pcTaskGetName                       
08003400  pec15Table                          
0000f360  periphInit                          
0001485c  phantomInterrupt                    
00011594  pinmuxGetConfigValue                
00003060  prvMpuDisable                       
00003048  prvMpuEnable                        
00003030  prvMpuSetRegion                     
00003468  pvPortMalloc                        
00001fe0  pvTaskGetThreadLocalStoragePointer  
00010d10  pwmDisableNotification              
00010cc8  pwmEnableNotification               
00010be8  pwmGetSignal                        
0000b5c0  pwmNotification                     
00010930  pwmSetDuty                          
00010a6c  pwmSetSignal                        
000108c8  pwmStart                            
000108fc  pwmStop                             
080008d0  pxCurrentTCB                        
00003088  pxPortInitialiseStack               
00000000  resetEntry                          
08003694  returnVarningClose                  
0000b684  selftestFailNotification            
0000f320  setupFlash                          
0000f24c  setupPLL                            
0000ee5c  spi1GetConfigValue                  
0000efec  spi3GetConfigValue                  
0000ede4  spiDisableLoopback                  
0000ee30  spiDisableNotification              
0000edb0  spiEnableLoopback                   
0000ee00  spiEnableNotification               
000144c4  spiEndNotification                  
0000e700  spiGetData                          
0000e360  spiInit                             
000144b0  spiNotification                     
0000e5e4  spiReceiveData                      
0000eb58  spiSendAndGetData                   
0000e924  spiSendData                         
0000e5c4  spiSetFunctional                    
0000ea1c  spiTransmitAndReceiveData           
0000e7f8  spiTransmitData                     
0000fb98  sramGetConfigValue                  
08003695  status                              
0000dc20  stcGetConfigValue                   
0000b81c  stcSelfCheck                        
0000c45c  stcSelfCheckFail                    
00014821  strlen                              
0000f5d8  systemGetConfigValue                
0000f4dc  systemInit                          
0000f5a8  systemPowerDown                     
0000f9ec  tcmflashGetConfigValue              
0000f2ac  trimLPO                             
080038f8  ulCriticalNesting                   
00002f58  ulPortCountLeadingZeros             
080038fc  ulTaskHasFPUContext                 
00002378  ulTaskNotifyTake                    
08003690  uwTick                              
0001370c  uxListRemove                        
00001338  uxTaskGetNumberOfTasks              
00002224  uxTaskGetStackHighWaterMark         
0000098c  uxTaskPriorityGet                   
000009d0  uxTaskPriorityGetFromISR            
0000233c  uxTaskResetEventItemValue           
00013560  vListInitialise                     
000135b8  vListInitialiseItem                 
00013648  vListInsert                         
000135d4  vListInsertEnd                      
00003434  vPortEndScheduler                   
000036bc  vPortFree                           
000037cc  vPortInitialiseBlocks               
00002f4c  vPortInitialiseFPSCR                
00002e4c  vPortPreemptiveTick                 
00002f60  vPortSWI                            
00002bdc  vPortStartFirstTask                 
0000319c  vPortStoreTaskMPUSettings           
00002d58  vPortYeildWithinAPI                 
00002c6c  vPortYieldProcessor                 
0000204c  vTaskAllocateMPURegions             
00000804  vTaskDelay                          
00000698  vTaskDelayUntil                     
00000530  vTaskDelete                         
00001074  vTaskEndScheduler                   
00001ef0  vTaskMissedYield                    
00002930  vTaskNotifyGiveFromISR              
00001ab8  vTaskPlaceOnEventList               
00001afc  vTaskPlaceOnUnorderedEventList      
00000a18  vTaskPrioritySet                    
00000e14  vTaskResume                         
00001f7c  vTaskSetThreadLocalStoragePointer   
00001d74  vTaskSetTimeOutState                
00000fdc  vTaskStartScheduler                 
00001658  vTaskStepTick                       
00000c10  vTaskSuspend                        
00001090  vTaskSuspendAll                     
000019d8  vTaskSwitchContext                  
0000fe84  vimChannelMap                       
000100f0  vimDisableInterrupt                 
0000ff28  vimEnableInterrupt                  
0001019c  vimGetConfigValue                   
0000fdb0  vimInit                             
0000c464  vimParityCheck                      
00012d94  vimParityErrorHandler               
000037b4  xPortGetFreeHeapSize                
000037c0  xPortGetMinimumEverFreeHeapSize     
00003410  xPortStartScheduler                 
000016b4  xTaskAbortDelay                     
00001db8  xTaskCheckForTimeOut                
000000fc  xTaskCreate                         
00000020  xTaskCreateRestricted               
00002560  xTaskGenericNotify                  
00002730  xTaskGenericNotifyFromISR           
00001518  xTaskGetHandle                      
00001620  xTaskGetIdleTaskHandle              
000022ec  xTaskGetSchedulerState              
000012f8  xTaskGetTickCount                   
00001314  xTaskGetTickCountFromISR            
000017b0  xTaskIncrementTick                  
000140b8  xTaskNotifyStateClear               
0000244c  xTaskNotifyWait                     
00001b80  xTaskRemoveFromEventList            
00001c70  xTaskRemoveFromUnorderedEventList   
00001148  xTaskResumeAll                      
00000ef4  xTaskResumeFromISR                  


GLOBAL SYMBOLS: SORTED BY Symbol Address 

address   name                                
-------   ----                                
00000000  __TI_static_base__                  
00000000  resetEntry                          
00000020  xTaskCreateRestricted               
000000fc  xTaskCreate                         
00000530  vTaskDelete                         
00000698  vTaskDelayUntil                     
00000804  vTaskDelay                          
00000888  eTaskGetState                       
0000098c  uxTaskPriorityGet                   
000009d0  uxTaskPriorityGetFromISR            
00000a18  vTaskPrioritySet                    
00000c10  vTaskSuspend                        
00000e14  vTaskResume                         
00000ef4  xTaskResumeFromISR                  
00000fdc  vTaskStartScheduler                 
00001074  vTaskEndScheduler                   
00001090  vTaskSuspendAll                     
00001148  xTaskResumeAll                      
000012f8  xTaskGetTickCount                   
00001314  xTaskGetTickCountFromISR            
00001338  uxTaskGetNumberOfTasks              
00001344  pcTaskGetName                       
00001518  xTaskGetHandle                      
00001620  xTaskGetIdleTaskHandle              
00001658  vTaskStepTick                       
000016b4  xTaskAbortDelay                     
000017b0  xTaskIncrementTick                  
000019d8  vTaskSwitchContext                  
00001ab8  vTaskPlaceOnEventList               
00001afc  vTaskPlaceOnUnorderedEventList      
00001b80  xTaskRemoveFromEventList            
00001c70  xTaskRemoveFromUnorderedEventList   
00001d74  vTaskSetTimeOutState                
00001db8  xTaskCheckForTimeOut                
00001ef0  vTaskMissedYield                    
00001f00  eTaskConfirmSleepModeStatus         
00001f7c  vTaskSetThreadLocalStoragePointer   
00001fe0  pvTaskGetThreadLocalStoragePointer  
0000204c  vTaskAllocateMPURegions             
00002224  uxTaskGetStackHighWaterMark         
000022ec  xTaskGetSchedulerState              
0000233c  uxTaskResetEventItemValue           
00002378  ulTaskNotifyTake                    
0000244c  xTaskNotifyWait                     
00002560  xTaskGenericNotify                  
00002730  xTaskGenericNotifyFromISR           
00002930  vTaskNotifyGiveFromISR              
00002bdc  vPortStartFirstTask                 
00002c6c  vPortYieldProcessor                 
00002d58  vPortYeildWithinAPI                 
00002e4c  vPortPreemptiveTick                 
00002f4c  vPortInitialiseFPSCR                
00002f58  ulPortCountLeadingZeros             
00002f60  vPortSWI                            
00003030  prvMpuSetRegion                     
00003048  prvMpuEnable                        
00003060  prvMpuDisable                       
00003088  pxPortInitialiseStack               
0000319c  vPortStoreTaskMPUSettings           
00003410  xPortStartScheduler                 
00003434  vPortEndScheduler                   
00003468  pvPortMalloc                        
000036bc  vPortFree                           
000037b4  xPortGetFreeHeapSize                
000037c0  xPortGetMinimumEverFreeHeapSize     
000037cc  vPortInitialiseBlocks               
000038a8  __TI_Handler_Table_Base             
000038b4  __TI_Handler_Table_Limit            
000038d0  __TI_CINIT_Base                     
000038f0  __TI_CINIT_Limit                    
00008020  AE_ltcInit                          
00008228  AE_ltcWrite                         
00008424  AE_ltcCmdWrite                      
0000847c  AE_ltcRead                          
00008610  AE_ltcCmdRead                       
00008678  AE_ltcWakeUpSleep                   
00008700  AE_ltcWakeUpIdle                    
00008788  AE_ltcWriteConfRegA                 
000087a0  AE_ltcWriteConfRegB                 
000087bc  AE_ltcReadConfRegA                  
000087d4  AE_ltcReadConfRegB                  
000087f0  AE_ltcReadCellVoltage               
00008c30  AE_ltcSetUnderOverVoltage           
00008eb0  AE_ltcUnderOverFlag                 
0000919c  AE_ltcStartCellAdc                  
000092dc  AE_ltcAdcMeasureState               
000092f8  AE_ltcStartGpioAdc                  
00009428  AE_ltcReadGpioVoltage               
000097ac  AE_ltcStartStatusAdc                
000098e8  AE_ltcReadStatusRegA                
00009ac4  AE_ltcReadStatusRegB                
0000a218  AE_ltcClearCellAdc                  
0000a2e4  AE_ltcClearGpioAdc                  
0000a3b0  AE_ltcClearStatusAdc                
0000a4b8  AE_ltcStartPwm                      
0000a610  AE_ltcPausePwm                      
0000a624  AE_ltcContinuePwm                   
0000a638  AE_ltcPreBalance                    
0000a8d0  AE_ltcBalance                       
0000ab40  AE_ltcIsBalanceComplete             
0000ad24  AE_ltcMinCellVolt                   
0000ae28  AE_ltcIsCellOpenWire                
0000b1cc  AE_ltcIsGpioOpenWire                
0000b504  AE_ltcTemperature                   
0000b5c0  pwmNotification                     
0000b5e8  getUsTick                           
0000b604  AE_delayMs                          
0000b640  AE_delayTenUs                       
0000b684  selftestFailNotification            
0000b694  ccmSelfCheck                        
0000b7d8  memoryInit                          
0000b81c  stcSelfCheck                        
0000b898  cpuSelfTest                         
0000b930  pbistSelfCheck                      
0000bb10  pbistRun                            
0000bbdc  pbistStop                           
0000bc0c  pbistIsTestCompleted                
0000bc38  pbistIsTestPassed                   
0000bc6c  pbistPortTestStatus                 
0000bcc4  efcCheck                            
0000bd4c  efcStuckZeroTest                    
0000bdf8  efcSelfTest                         
0000be20  checkefcSelfTest                    
0000bec0  fmcBus2Check                        
0000befc  fmcECCcheck                         
0000bf9c  checkB0RAMECC                       
0000c18c  checkB1RAMECC                       
0000c37c  checkFlashECC                       
0000c458  custom_dabort                       
0000c45c  stcSelfCheckFail                    
0000c460  cpuSelfTestFail                     
0000c464  vimParityCheck                      
0000c510  dmaParityCheck                      
0000c5bc  het1ParityCheck                     
0000c668  htu1ParityCheck                     
0000c724  het2ParityCheck                     
0000c820  htu2ParityCheck                     
0000c8d0  adc1ParityCheck                     
0000c9bc  adc2ParityCheck                     
0000ca74  can1ParityCheck                     
0000cb4c  can2ParityCheck                     
0000cc14  can3ParityCheck                     
0000cce8  mibspi1ParityCheck                  
0000cdf0  mibspi3ParityCheck                  
0000cf14  mibspi5ParityCheck                  
0000d034  checkRAMECC                         
0000d27c  checkClockMonitor                   
0000d358  checkFlashEEPROMECC                 
0000d4f0  checkPLL1Slip                       
0000d5f0  checkPLL2Slip                       
0000d6b4  checkRAMAddrParity                  
0000d7c0  checkRAMUERRTest                    
0000d928  fmcBus1ParityCheck                  
0000da50  pbistFail                           
0000dad4  pbistGetConfigValue                 
0000dc20  stcGetConfigValue                   
0000dcc4  efcGetConfigValue                   
0000dd60  ccmr4GetConfigValue                 
0000ddd0  errata_PBIST_4                      
0000e134  enableParity                        
0000e1bc  disableParity                       
0000e360  spiInit                             
0000e5c4  spiSetFunctional                    
0000e5e4  spiReceiveData                      
0000e700  spiGetData                          
0000e7f8  spiTransmitData                     
0000e924  spiSendData                         
0000ea1c  spiTransmitAndReceiveData           
0000eb58  spiSendAndGetData                   
0000ec98  SpiTxStatus                         
0000ed24  SpiRxStatus                         
0000edb0  spiEnableLoopback                   
0000ede4  spiDisableLoopback                  
0000ee00  spiEnableNotification               
0000ee30  spiDisableNotification              
0000ee5c  spi1GetConfigValue                  
0000efec  spi3GetConfigValue                  
0000f24c  setupPLL                            
0000f2ac  trimLPO                             
0000f320  setupFlash                          
0000f360  periphInit                          
0000f3b4  mapClocks                           
0000f4dc  systemInit                          
0000f5a8  systemPowerDown                     
0000f5d8  systemGetConfigValue                
0000f9ec  tcmflashGetConfigValue              
0000fb98  sramGetConfigValue                  
0000fcd4  customTrimLPO                       
0000fdb0  vimInit                             
0000fe84  vimChannelMap                       
0000ff28  vimEnableInterrupt                  
000100f0  vimDisableInterrupt                 
0001019c  vimGetConfigValue                   
00010808  hetInit                             
000108c8  pwmStart                            
000108fc  pwmStop                             
00010930  pwmSetDuty                          
00010a6c  pwmSetSignal                        
00010be8  pwmGetSignal                        
00010cc8  pwmEnableNotification               
00010d10  pwmDisableNotification              
00010d40  edgeResetCounter                    
00010d6c  edgeGetCounter                      
00010d98  edgeEnableNotification              
00010dd4  edgeDisableNotification             
00010e14  capGetSignal                        
00010eec  hetResetTimestamp                   
00010f08  hetGetTimestamp                     
00010f20  het1GetConfigValue                  
000110f8  muxInit                             
00011594  pinmuxGetConfigValue                
000119a4  _errata_SSWF021_45_both_plls        
00011b98  _errata_SSWF021_45_pll1             
00011d10  _errata_SSWF021_45_pll2             
00012008  esmInit                             
00012110  esmError                            
0001212c  esmEnableError                      
00012154  esmDisableError                     
0001217c  esmTriggerErrorPinReset             
0001218c  esmActivateNormalOperation          
0001219c  esmEnableInterrupt                  
000121c4  esmDisableInterrupt                 
000121ec  esmSetInterruptLevel                
00012260  esmClearStatus                      
000122a0  esmClearStatusBuffer                
000122bc  esmSetCounterPreloadValue           
000122dc  esmGetStatus                        
00012360  esmGetStatusBuffer                  
00012398  esmEnterSelfTest                    
00012420  esmSelfTestStatus                   
00012470  esmGetConfigValue                   
000125c4  gioInit                             
00012694  gioSetDirection                     
000126b4  gioSetBit                           
00012704  gioSetPort                          
00012724  gioGetBit                           
0001274c  gioGetPort                          
00012764  gioToggleBit                        
000127bc  gioEnableNotification               
00012824  gioDisableNotification              
0001288c  gioGetConfigValue                   
00012a48  _coreInitRegisters_                 
00012b54  _coreInitStackPointer_              
00012ba0  _getCPSRValue_                      
00012ba8  _gotoCPUIdle_                       
00012bc0  _coreEnableVfp_                     
00012bd8  _coreEnableEventBusExport_          
00012be8  _coreDisableEventBusExport_         
00012bf8  _coreEnableRamEcc_                  
00012c08  _coreDisableRamEcc_                 
00012c18  _coreEnableFlashEcc_                
00012c2c  _coreDisableFlashEcc_               
00012c3c  _coreEnableIrqVicOffset_            
00012c4c  _coreGetDataFault_                  
00012c54  _coreClearDataFault_                
00012c60  _coreGetInstructionFault_           
00012c68  _coreClearInstructionFault_         
00012c74  _coreGetDataFaultAddress_           
00012c7c  _coreClearDataFaultAddress_         
00012c88  _coreGetInstructionFaultAddress_    
00012c90  _coreClearInstructionFaultAddress_  
00012c9c  _coreGetAuxiliaryDataFault_         
00012ca4  _coreClearAuxiliaryDataFault_       
00012cb0  _coreGetAuxiliaryInstructionFault_  
00012cb8  _coreClearAuxiliaryInstructionFault_
00012cc4  _disable_interrupt_                 
00012ccc  _disable_FIQ_interrupt_             
00012cd4  _disable_IRQ_interrupt_             
00012cdc  _enable_interrupt_                  
00012ce4  _esmCcmErrorsClear_                 
00012d6c  _errata_CORTEXR4_57_                
00012d7c  _errata_CORTEXR4_66_                
00012d8c  __TI_PINIT_Base                     
00012d90  __TI_PINIT_Limit                    
00012d94  vimParityErrorHandler               
00013060  _c_int00                            
00013560  vListInitialise                     
000135b8  vListInitialiseItem                 
000135d4  vListInsertEnd                      
00013648  vListInsert                         
0001370c  uxListRemove                        
00013798  main                                
00013870  ltcInit                             
0001398d  logf                                
00013d20  init_PEC15_Table                    
00013de0  AE_pec15                            
00013e80  het1HighLevelInterrupt              
00013f28  het1LowLevelInterrupt               
000140b8  xTaskNotifyStateClear               
00014134  esmHighInterrupt                    
00014248  AE_calculateTemp                    
0001435c  _dabort                             
00014444  esmGroup1Notification               
00014454  esmGroup2Notification               
00014464  memoryPort0TestFailNotification     
00014480  memoryPort1TestFailNotification     
0001449c  gioNotification                     
000144b0  spiNotification                     
000144c4  spiEndNotification                  
000144ec  edgeNotification                    
00014500  hetNotification                     
00014514  dmaGroupANotification               
00014528  _pmuInit_                           
00014574  _pmuEnableCountersGlobal_           
00014584  _pmuDisableCountersGlobal_          
00014594  _pmuResetCycleCounter_              
000145a4  _pmuResetEventCounters_             
000145b4  _pmuResetCounters_                  
000145c4  _pmuStartCounters_                  
000145cc  _pmuStopCounters_                   
000145d4  _pmuSetCountEvent_                  
000145e0  _pmuGetCycleCount_                  
000145e8  _pmuGetEventCount_                  
000145f4  _pmuGetOverflow_                    
00014609  __aeabi_memcpy                      
00014609  __aeabi_memcpy4                     
00014609  __aeabi_memcpy8                     
00014609  memcpy                              
000146a5  __aeabi_memclr                      
000146a5  __aeabi_memclr4                     
000146a5  __aeabi_memclr8                     
000146a7  __aeabi_memset                      
000146a7  __aeabi_memset4                     
000146a7  __aeabi_memset8                     
000146ad  memset                              
0001471f  __TI_decompress_lzss                
0001478b  __aeabi_idiv0                       
0001478b  __aeabi_ldiv0                       
0001478c  __aeabi_uidiv                       
0001478c  __aeabi_uidivmod                    
000147dd  __TI_auto_init_nobinit_nopinit      
00014821  strlen                              
00014837  __TI_decompress_none                
00014845  __TI_zero_init                      
00014851  __aeabi_errno_addr                  
00014859  C$$EXIT                             
00014859  abort                               
0001485c  phantomInterrupt                    
00014860  handlePLLLockFail                   
080008d0  pxCurrentTCB                        
08001000  __start___llvm_prf_cnts             
08001000  __stop___llvm_prf_cnts              
08003400  pec15Table                          
08003680  minCellVoltages                     
0800368c  ltcSpi_ps                           
08003690  uwTick                              
08003694  returnVarningClose                  
08003695  status                              
08003698  ltcBat                              
080038f8  ulCriticalNesting                   
080038fc  ulTaskHasFPUContext                 
08003900  errno                               
0800390a  balanceStatus                       
ffffffff  __TI_pprof_out_hndl                 
ffffffff  __TI_prof_data_size                 
ffffffff  __TI_prof_data_start                
ffffffff  __binit__                           
ffffffff  __c_args__                          
ffffffff  binit                               
UNDEFED   SHT$$INIT_ARRAY$$Base               
UNDEFED   SHT$$INIT_ARRAY$$Limit              
UNDEFED   _system_post_cinit                  

[362 symbols]
