******************************************************************************
                  TI ARM Linker PC v20.2.5                     
******************************************************************************
>> Linked Wed Jan 24 15:07:50 2024

OUTPUT FILE NAME:   <009_Ltc6812.out>
ENTRY POINT SYMBOL: "_c_int00"  address: 000107b8


MEMORY CONFIGURATION

         name            origin    length      used     unused   attr    fill
----------------------  --------  ---------  --------  --------  ----  --------
  VECTORS               00000000   00000020  00000020  00000000     X
  KERNEL                00000020   00008000  00003844  000047bc  R  X
  FLASH0                00008020   00137fe0  0000a2f4  0012dcec  R  X
  STACKS                08000000   00000800  00000000  00000800  RW  
  KRAM                  08000800   00000800  00000104  000006fc  RW  
  RAM                   08001000   0002f000  000022f5  0002cd0b  RW  


SEGMENT ALLOCATION MAP

run origin  load origin   length   init length attrs members
----------  ----------- ---------- ----------- ----- -------
00000000    00000000    00003868   00003868    r-x
  00000000    00000000    00000020   00000020    r-x .intvecs
  00000020    00000020    000037c4   000037c4    r-x .kernelTEXT
  000037e8    000037e8    00000080   00000080    r-- .cinit
00008020    00008020    0000a2f4   0000a2f4    r-x
  00008020    00008020    00009d28   00009d28    r-x .text
  00011d48    00011d48    000005cc   000005cc    r-- .const
08000800    08000800    00000104   00000000    rw-
  08000800    08000800    00000104   00000000    rw- .kernelBSS
08001000    08001000    000022f8   00000000    rw-
  08001000    08001000    00002000   00000000    rw- .kernelHEAP
  08003000    08003000    0000028d   00000000    rw- .bss
  08003290    08003290    00000068   00000000    rw- .data


SECTION ALLOCATION MAP

 output                                  attributes/
section   page    origin      length       input sections
--------  ----  ----------  ----------   ----------------
.intvecs   0    00000000    00000020     
                  00000000    00000020     sys_intvecs.obj (.intvecs)

.kernelTEXT 
*          0    00000020    000037c4     
                  00000020    00002bb8     os_tasks.obj (.kernelTEXT)
                  00002bd8    000004b0     os_portasm.obj (.kernelTEXT)
                  00003088    000003e0     os_port.obj (.kernelTEXT)
                  00003468    0000037c     os_heap.obj (.kernelTEXT)

.cinit     0    000037e8    00000080     
                  000037e8    00000032     (.cinit..data.load) [load image, compression = lzss]
                  0000381a    00000002     --HOLE-- [fill = 0]
                  0000381c    0000000c     (__TI_handler_table)
                  00003828    00000009     (.cinit..kernelBSS.load) [load image, compression = lzss]
                  00003831    00000007     --HOLE-- [fill = 0]
                  00003838    00000008     (.cinit..bss.load) [load image, compression = zero_init]
                  00003840    00000008     (.cinit..kernelHEAP.load) [load image, compression = zero_init]
                  00003848    00000020     (__TI_cinit_table)

.text      0    00008020    00009d28     
                  00008020    00002cdc     sys_selftest.obj (.text)
                  0000acfc    00000ee8     spi.obj (.text)
                  0000bbe4    00000dc0     ltc6812.obj (.text)
                  0000c9a4    00000b64     system.obj (.text)
                  0000d508    00000a58     sys_vim.obj (.text)
                  0000df60    000008f0     het.obj (.text)
                  0000e850    000008ac     pinmux.obj (.text)
                  0000f0fc    00000664     errata_SSWF021_45.obj (.text)
                  0000f760    000005bc     esm.obj (.text)
                  0000fd1c    00000484     gio.obj (.text)
                  000101a0    0000034c     sys_core.obj (.text)
                  000104ec    000002cc     sys_vim.obj (.text:retain)
                  000107b8    00000288     sys_startup.obj (.text:retain)
                  00010a40    00000280     sys_main.obj (.text)
                  00010cc0    00000278     os_heap.obj (.text)
                  00010f38    00000238     os_list.obj (.text)
                  00011170    000001b0     os_port.obj (.text)
                  00011320    00000160     crc15.obj (.text)
                  00011480    0000015c     het.obj (.text:retain)
                  000115dc    00000158     os_tasks.obj (.text)
                  00011734    00000114     esm.obj (.text:retain)
                  00011848    000000e8     dabort.obj (.text)
                  00011930    000000e4     notification.obj (.text)
                  00011a14    000000e0     sys_pmu.obj (.text)
                  00011af4    0000009c     rtsv7R4_T_be_v3D16_eabi.lib : memcpy_t2.asm.obj (.text)
                  00011b90    0000007a                                 : memset_t2.asm.obj (.text)
                  00011c0a    0000006c                                 : copy_decompress_lzss.c.obj (.text:decompress:lzss:__TI_decompress_lzss)
                  00011c76    00000002                                 : div0.asm.obj (.text)
                  00011c78    00000050                                 : u_div32.asm.obj (.text)
                  00011cc8    00000044                                 : autoinit.c.obj (.text:__TI_auto_init_nobinit_nopinit:__TI_auto_init_nobinit_nopinit)
                  00011d0c    00000016                                 : strlen.c.obj (.text:strlen)
                  00011d22    0000000e                                 : copy_decompress_none.c.obj (.text:decompress:none:__TI_decompress_none)
                  00011d30    0000000c                                 : copy_zero_init.c.obj (.text:decompress:ZI:__TI_zero_init)
                  00011d3c    00000004                                 : exit.c.obj (.text:abort:abort)
                  00011d40    00000004     sys_phantom.obj (.text:retain)
                  00011d44    00000004     sys_startup.obj (.text)

.const     0    00011d48    000005cc     
                  00011d48    000003a0     het.obj (.const:het1PROGRAM)
                  000120e8    00000200     sys_vim.obj (.const:s_vim_init)
                  000122e8    00000020     het.obj (.const:s_het1pwmPolarity)
                  00012308    0000000c     sys_main.obj (.const:$P$T0$1)

.kernelBSS 
*          0    08000800    00000104     UNINITIALIZED
                  08000800    000000d0     os_tasks.obj (.kernelBSS:uninit)
                  080008d0    00000034     os_tasks.obj (.kernelBSS:init)

.kernelHEAP 
*          0    08001000    00002000     UNINITIALIZED
                  08001000    00002000     os_heap.obj (.kernelHEAP)

.bss       0    08003000    0000028d     UNINITIALIZED
                  08003000    00000200     (.common:pec15Table)
                  08003200    00000078     spi.obj (.bss:g_spiPacket_t)
                  08003278    00000008     ltc6812.obj (.bss)
                  08003280    00000008     os_heap.obj (.bss:xStart)
                  08003288    00000004     (.common:uwTick)
                  0800328c    00000001     (.common:returnVarningClose)

.data      0    08003290    00000068     UNINITIALIZED
                  08003290    00000010     os_heap.obj (.data)
                  080032a0    0000000c     sys_main.obj (.data:dccAStatus)
                  080032ac    00000008     ltc6812.obj (.data:cmdRDCFGA_pu16)
                  080032b4    00000008     sys_main.obj (.data:cmdRDCFGA_pu16)
                  080032bc    00000008     ltc6812.obj (.data:cmdRDCFGB_pu16)
                  080032c4    00000008     ltc6812.obj (.data:cmdWRCFGA_pu16)
                  080032cc    00000008     sys_main.obj (.data:cmdWRCFGA_pu16)
                  080032d4    00000008     ltc6812.obj (.data:cmdWRCFGB_pu16)
                  080032dc    00000008     os_port.obj (.data)
                  080032e4    00000005     sys_main.obj (.data:gpioAStatus)
                  080032e9    00000004     ltc6812.obj (.data:__spiDat_s)
                  080032ed    00000004     sys_main.obj (.data:dccBStatus)
                  080032f1    00000004     sys_main.obj (.data:gpioBStatus)
                  080032f5    00000001     --HOLE--
                  080032f6    00000002     ltc6812.obj (.data)

__llvm_prf_cnts 
*          0    08001000    00000000     UNINITIALIZED

MODULE SUMMARY

       Module                       code    ro data   rw data
       ------                       ----    -------   -------
    .\009_Ltc6812\source\
       os_tasks.obj                 11536   0         260    
       sys_selftest.obj             11484   0         0      
       os_heap.obj                  1524    0         8216   
       spi.obj                      3816    0         120    
       sys_vim.obj                  3364    512       0      
       het.obj                      2636    960       0      
       system.obj                   2916    0         0      
       pinmux.obj                   2220    0         0      
       esm.obj                      1744    0         0      
       errata_SSWF021_45.obj        1636    0         0      
       os_port.obj                  1424    0         8      
       os_portasm.obj               1200    0         0      
       gio.obj                      1156    0         0      
       sys_core.obj                 844     0         0      
       sys_main.obj                 640     12        42     
       sys_startup.obj              652     0         0      
       os_list.obj                  568     0         0      
       dabort.obj                   232     0         0      
       notification.obj             228     0         0      
       sys_pmu.obj                  224     0         0      
       sys_intvecs.obj              32      0         0      
       sys_phantom.obj              4       0         0      
    +--+----------------------------+-------+---------+---------+
       Total:                       50080   1484      8646   
                                                             
    .\ltc681x\crc\
       crc15.obj                    352     0         512    
    +--+----------------------------+-------+---------+---------+
       Total:                       352     0         512    
                                                             
    .\ltc681x\ltc\
       ltc6812.obj                  3520    0         50     
    +--+----------------------------+-------+---------+---------+
       Total:                       3520    0         50     
                                                             
    C:/ti/ccs1120/ccs/tools/compiler/ti-cgt-arm_20.2.5.LTS/lib/rtsv7R4_T_be_v3D16_eabi.lib
       memcpy_t2.asm.obj            156     0         0      
       memset_t2.asm.obj            122     0         0      
       copy_decompress_lzss.c.obj   108     0         0      
       u_div32.asm.obj              80      0         0      
       autoinit.c.obj               68      0         0      
       strlen.c.obj                 22      0         0      
       copy_decompress_none.c.obj   14      0         0      
       copy_zero_init.c.obj         12      0         0      
       exit.c.obj                   4       0         0      
       div0.asm.obj                 2       0         0      
    +--+----------------------------+-------+---------+---------+
       Total:                       588     0         0      
                                                             
       Linker Generated:            0       119       0      
    +--+----------------------------+-------+---------+---------+
       Grand Total:                 54540   1603      9208   


LINKER GENERATED COPY TABLES

__TI_cinit_table @ 00003848 records: 4, size/record: 8, table size: 32
	.data: load addr=000037e8, load size=00000032 bytes, run addr=08003290, run size=00000068 bytes, compression=lzss
	.kernelBSS: load addr=00003828, load size=00000009 bytes, run addr=08000800, run size=00000104 bytes, compression=lzss
	.bss: load addr=00003838, load size=00000008 bytes, run addr=08003000, run size=0000028d bytes, compression=zero_init
	.kernelHEAP: load addr=00003840, load size=00000008 bytes, run addr=08001000, run size=00002000 bytes, compression=zero_init


LINKER GENERATED HANDLER TABLE

__TI_handler_table @ 0000381c records: 3, size/record: 4, table size: 12
	index: 0, handler: __TI_decompress_lzss
	index: 1, handler: __TI_decompress_none
	index: 2, handler: __TI_zero_init


GLOBAL SYMBOLS: SORTED ALPHABETICALLY BY Name 

address   name                                
-------   ----                                
0000c910  AE_delayMs                          
0000c94c  AE_delayTenUs                       
0000bbe4  AE_ltcInit                          
0000bf7c  AE_ltcRDCFG                         
0000c088  AE_ltcRead681x                      
0000c210  AE_ltcSetcfgraAdcOpt                
0000c300  AE_ltcSetcfgraDcc                   
0000c438  AE_ltcSetcfgraDct0                  
0000c254  AE_ltcSetcfgraGpio                  
0000c4f4  AE_ltcSetcfgraOverVoltage           
0000c1cc  AE_ltcSetcfgraRefOn                 
0000c470  AE_ltcSetcfgraUnderVoltage          
0000c6f8  AE_ltcSetcfgrbDcc                   
0000c64c  AE_ltcSetcfgrbGpio                  
0000bd10  AE_ltcWRCFG                         
0000c864  AE_ltcWakeUpIdle                    
0000c7e0  AE_ltcWakeUpSleep                   
0000be18  AE_ltcWrite681x                     
0000c784  AE_ltcWriteConfiguration            
0000c5c0  Ae_ltcSetcfgrbDTMEN                 
0000c574  Ae_ltcSetcfgrbFdrf                  
0000c60c  Ae_ltcSetcfgrbPs                    
00011d3d  C$$EXIT                             
UNDEFED   SHT$$INIT_ARRAY$$Base               
UNDEFED   SHT$$INIT_ARRAY$$Limit              
0000b6bc  SpiRxStatus                         
0000b630  SpiTxStatus                         
00003848  __TI_CINIT_Base                     
00003868  __TI_CINIT_Limit                    
0000381c  __TI_Handler_Table_Base             
00003828  __TI_Handler_Table_Limit            
000104e4  __TI_PINIT_Base                     
000104e8  __TI_PINIT_Limit                    
00011cc9  __TI_auto_init_nobinit_nopinit      
00011c0b  __TI_decompress_lzss                
00011d23  __TI_decompress_none                
ffffffff  __TI_pprof_out_hndl                 
ffffffff  __TI_prof_data_size                 
ffffffff  __TI_prof_data_start                
00000000  __TI_static_base__                  
00011d31  __TI_zero_init                      
00011c77  __aeabi_idiv0                       
00011c77  __aeabi_ldiv0                       
00011b91  __aeabi_memclr                      
00011b91  __aeabi_memclr4                     
00011b91  __aeabi_memclr8                     
00011af5  __aeabi_memcpy                      
00011af5  __aeabi_memcpy4                     
00011af5  __aeabi_memcpy8                     
00011b93  __aeabi_memset                      
00011b93  __aeabi_memset4                     
00011b93  __aeabi_memset8                     
00011c78  __aeabi_uidiv                       
00011c78  __aeabi_uidivmod                    
ffffffff  __binit__                           
ffffffff  __c_args__                          
080032e9  __spiDat_s                          
08001000  __start___llvm_prf_cnts             
08001000  __stop___llvm_prf_cnts              
000107b8  _c_int00                            
000103fc  _coreClearAuxiliaryDataFault_       
00010410  _coreClearAuxiliaryInstructionFault_
000103d4  _coreClearDataFaultAddress_         
000103ac  _coreClearDataFault_                
000103e8  _coreClearInstructionFaultAddress_  
000103c0  _coreClearInstructionFault_         
00010340  _coreDisableEventBusExport_         
00010384  _coreDisableFlashEcc_               
00010360  _coreDisableRamEcc_                 
00010330  _coreEnableEventBusExport_          
00010370  _coreEnableFlashEcc_                
00010394  _coreEnableIrqVicOffset_            
00010350  _coreEnableRamEcc_                  
00010318  _coreEnableVfp_                     
000103f4  _coreGetAuxiliaryDataFault_         
00010408  _coreGetAuxiliaryInstructionFault_  
000103cc  _coreGetDataFaultAddress_           
000103a4  _coreGetDataFault_                  
000103e0  _coreGetInstructionFaultAddress_    
000103b8  _coreGetInstructionFault_           
000101a0  _coreInitRegisters_                 
000102ac  _coreInitStackPointer_              
00011848  _dabort                             
00010424  _disable_FIQ_interrupt_             
0001042c  _disable_IRQ_interrupt_             
0001041c  _disable_interrupt_                 
00010434  _enable_interrupt_                  
000104c4  _errata_CORTEXR4_57_                
000104d4  _errata_CORTEXR4_66_                
0000f0fc  _errata_SSWF021_45_both_plls        
0000f2f0  _errata_SSWF021_45_pll1             
0000f468  _errata_SSWF021_45_pll2             
0001043c  _esmCcmErrorsClear_                 
000102f8  _getCPSRValue_                      
00010300  _gotoCPUIdle_                       
00011a70  _pmuDisableCountersGlobal_          
00011a60  _pmuEnableCountersGlobal_           
00011acc  _pmuGetCycleCount_                  
00011ad4  _pmuGetEventCount_                  
00011ae0  _pmuGetOverflow_                    
00011a14  _pmuInit_                           
00011aa0  _pmuResetCounters_                  
00011a80  _pmuResetCycleCounter_              
00011a90  _pmuResetEventCounters_             
00011ac0  _pmuSetCountEvent_                  
00011ab0  _pmuStartCounters_                  
00011ab8  _pmuStopCounters_                   
UNDEFED   _system_post_cinit                  
00011d3d  abort                               
0000926c  adc1ParityCheck                     
00009358  adc2ParityCheck                     
ffffffff  binit                               
00009410  can1ParityCheck                     
000094e8  can2ParityCheck                     
000095b0  can3ParityCheck                     
0000e56c  capGetSignal                        
00008030  ccmSelfCheck                        
0000a6fc  ccmr4GetConfigValue                 
00008938  checkB0RAMECC                       
00008b28  checkB1RAMECC                       
00009c18  checkClockMonitor                   
00008d18  checkFlashECC                       
00009cf4  checkFlashEEPROMECC                 
00009e8c  checkPLL1Slip                       
00009f8c  checkPLL2Slip                       
0000a050  checkRAMAddrParity                  
000099d0  checkRAMECC                         
0000a15c  checkRAMUERRTest                    
000087bc  checkefcSelfTest                    
00008234  cpuSelfTest                         
00008dfc  cpuSelfTestFail                     
0000d42c  customTrimLPO                       
00008df4  custom_dabort                       
080032a0  dccAStatus                          
080032ed  dccBStatus                          
0000ab58  disableParity                       
00011a00  dmaGroupANotification               
00008eac  dmaParityCheck                      
080032f6  dummy_u16                           
00001f00  eTaskConfirmSleepModeStatus         
00000888  eTaskGetState                       
0000e52c  edgeDisableNotification             
0000e4f0  edgeEnableNotification              
0000e4c4  edgeGetCounter                      
000119d8  edgeNotification                    
0000e498  edgeResetCounter                    
00008660  efcCheck                            
0000a660  efcGetConfigValue                   
00008794  efcSelfTest                         
000086e8  efcStuckZeroTest                    
0000aad0  enableParity                        
0000a76c  errata_PBIST_4                      
0000f8e4  esmActivateNormalOperation          
0000f9b8  esmClearStatus                      
0000f9f8  esmClearStatusBuffer                
0000f8ac  esmDisableError                     
0000f91c  esmDisableInterrupt                 
0000f884  esmEnableError                      
0000f8f4  esmEnableInterrupt                  
0000faf0  esmEnterSelfTest                    
0000f868  esmError                            
0000fbc8  esmGetConfigValue                   
0000fa34  esmGetStatus                        
0000fab8  esmGetStatusBuffer                  
00011930  esmGroup1Notification               
00011940  esmGroup2Notification               
00011734  esmHighInterrupt                    
0000f760  esmInit                             
0000fb78  esmSelfTestStatus                   
0000fa14  esmSetCounterPreloadValue           
0000f944  esmSetInterruptLevel                
0000f8d4  esmTriggerErrorPinReset             
0000a2c4  fmcBus1ParityCheck                  
0000885c  fmcBus2Check                        
00008898  fmcECCcheck                         
0000c904  getUsTick                           
0000ff7c  gioDisableNotification              
0000ff14  gioEnableNotification               
0000fe7c  gioGetBit                           
0000ffe4  gioGetConfigValue                   
0000fea4  gioGetPort                          
0000fd1c  gioInit                             
00011988  gioNotification                     
0000fe0c  gioSetBit                           
0000fdec  gioSetDirection                     
0000fe5c  gioSetPort                          
0000febc  gioToggleBit                        
080032e4  gpioAStatus                         
080032f1  gpioBStatus                         
00011d44  handlePLLLockFail                   
0000e678  het1GetConfigValue                  
00011480  het1HighLevelInterrupt              
00011528  het1LowLevelInterrupt               
00008f58  het1ParityCheck                     
000090c0  het2ParityCheck                     
0000e660  hetGetTimestamp                     
0000df60  hetInit                             
000119ec  hetNotification                     
0000e644  hetResetTimestamp                   
00009004  htu1ParityCheck                     
000091bc  htu2ParityCheck                     
00011320  init_PEC15_Table                    
00010a40  main                                
0000cb0c  mapClocks                           
00011af5  memcpy                              
00008174  memoryInit                          
00011950  memoryPort0TestFailNotification     
0001196c  memoryPort1TestFailNotification     
00011b99  memset                              
00009684  mibspi1ParityCheck                  
0000978c  mibspi3ParityCheck                  
000098b0  mibspi5ParityCheck                  
0000e850  muxInit                             
0000a3ec  pbistFail                           
0000a470  pbistGetConfigValue                 
000085a8  pbistIsTestCompleted                
000085d4  pbistIsTestPassed                   
00008608  pbistPortTestStatus                 
000084ac  pbistRun                            
000082cc  pbistSelfCheck                      
00008578  pbistStop                           
00001344  pcTaskGetName                       
000113e0  pec15                               
08003000  pec15Table                          
0000cab8  periphInit                          
00011d40  phantomInterrupt                    
0000ecec  pinmuxGetConfigValue                
00003060  prvMpuDisable                       
00003048  prvMpuEnable                        
00003030  prvMpuSetRegion                     
00003468  pvPortMalloc                        
00001fe0  pvTaskGetThreadLocalStoragePointer  
0000e468  pwmDisableNotification              
0000e420  pwmEnableNotification               
0000e340  pwmGetSignal                        
0000c8dc  pwmNotification                     
0000e088  pwmSetDuty                          
0000e1c4  pwmSetSignal                        
0000e020  pwmStart                            
0000e054  pwmStop                             
080008d0  pxCurrentTCB                        
00003088  pxPortInitialiseStack               
00000000  resetEntry                          
0800328c  returnVarningClose                  
00008020  selftestFailNotification            
0000ca78  setupFlash                          
0000c9a4  setupPLL                            
0000b7f4  spi1GetConfigValue                  
0000b984  spi3GetConfigValue                  
0000b77c  spiDisableLoopback                  
0000b7c8  spiDisableNotification              
0000b748  spiEnableLoopback                   
0000b798  spiEnableNotification               
000119b0  spiEndNotification                  
0000b098  spiGetData                          
0000acfc  spiInit                             
0001199c  spiNotification                     
0000af7c  spiReceiveData                      
0000b4f0  spiSendAndGetData                   
0000b2bc  spiSendData                         
0000af5c  spiSetFunctional                    
0000b3b4  spiTransmitAndReceiveData           
0000b190  spiTransmitData                     
0000d2f0  sramGetConfigValue                  
0000a5bc  stcGetConfigValue                   
000081b8  stcSelfCheck                        
00008df8  stcSelfCheckFail                    
00011d0d  strlen                              
0000cd30  systemGetConfigValue                
0000cc34  systemInit                          
0000cd00  systemPowerDown                     
0000d144  tcmflashGetConfigValue              
0000ca04  trimLPO                             
080032dc  ulCriticalNesting                   
00002f58  ulPortCountLeadingZeros             
080032e0  ulTaskHasFPUContext                 
00002378  ulTaskNotifyTake                    
08003288  uwTick                              
000110e4  uxListRemove                        
00001338  uxTaskGetNumberOfTasks              
00002224  uxTaskGetStackHighWaterMark         
0000098c  uxTaskPriorityGet                   
000009d0  uxTaskPriorityGetFromISR            
0000233c  uxTaskResetEventItemValue           
00010f38  vListInitialise                     
00010f90  vListInitialiseItem                 
00011020  vListInsert                         
00010fac  vListInsertEnd                      
00003434  vPortEndScheduler                   
000036bc  vPortFree                           
000037cc  vPortInitialiseBlocks               
00002f4c  vPortInitialiseFPSCR                
00002e4c  vPortPreemptiveTick                 
00002f60  vPortSWI                            
00002bdc  vPortStartFirstTask                 
0000319c  vPortStoreTaskMPUSettings           
00002d58  vPortYeildWithinAPI                 
00002c6c  vPortYieldProcessor                 
0000204c  vTaskAllocateMPURegions             
00000804  vTaskDelay                          
00000698  vTaskDelayUntil                     
00000530  vTaskDelete                         
00001074  vTaskEndScheduler                   
00001ef0  vTaskMissedYield                    
00002930  vTaskNotifyGiveFromISR              
00001ab8  vTaskPlaceOnEventList               
00001afc  vTaskPlaceOnUnorderedEventList      
00000a18  vTaskPrioritySet                    
00000e14  vTaskResume                         
00001f7c  vTaskSetThreadLocalStoragePointer   
00001d74  vTaskSetTimeOutState                
00000fdc  vTaskStartScheduler                 
00001658  vTaskStepTick                       
00000c10  vTaskSuspend                        
00001090  vTaskSuspendAll                     
000019d8  vTaskSwitchContext                  
0000d5dc  vimChannelMap                       
0000d848  vimDisableInterrupt                 
0000d680  vimEnableInterrupt                  
0000d8f4  vimGetConfigValue                   
0000d508  vimInit                             
00008e00  vimParityCheck                      
000104ec  vimParityErrorHandler               
000037b4  xPortGetFreeHeapSize                
000037c0  xPortGetMinimumEverFreeHeapSize     
00003410  xPortStartScheduler                 
000016b4  xTaskAbortDelay                     
00001db8  xTaskCheckForTimeOut                
000000fc  xTaskCreate                         
00000020  xTaskCreateRestricted               
00002560  xTaskGenericNotify                  
00002730  xTaskGenericNotifyFromISR           
00001518  xTaskGetHandle                      
00001620  xTaskGetIdleTaskHandle              
000022ec  xTaskGetSchedulerState              
000012f8  xTaskGetTickCount                   
00001314  xTaskGetTickCountFromISR            
000017b0  xTaskIncrementTick                  
000116b8  xTaskNotifyStateClear               
0000244c  xTaskNotifyWait                     
00001b80  xTaskRemoveFromEventList            
00001c70  xTaskRemoveFromUnorderedEventList   
00001148  xTaskResumeAll                      
00000ef4  xTaskResumeFromISR                  


GLOBAL SYMBOLS: SORTED BY Symbol Address 

address   name                                
-------   ----                                
00000000  __TI_static_base__                  
00000000  resetEntry                          
00000020  xTaskCreateRestricted               
000000fc  xTaskCreate                         
00000530  vTaskDelete                         
00000698  vTaskDelayUntil                     
00000804  vTaskDelay                          
00000888  eTaskGetState                       
0000098c  uxTaskPriorityGet                   
000009d0  uxTaskPriorityGetFromISR            
00000a18  vTaskPrioritySet                    
00000c10  vTaskSuspend                        
00000e14  vTaskResume                         
00000ef4  xTaskResumeFromISR                  
00000fdc  vTaskStartScheduler                 
00001074  vTaskEndScheduler                   
00001090  vTaskSuspendAll                     
00001148  xTaskResumeAll                      
000012f8  xTaskGetTickCount                   
00001314  xTaskGetTickCountFromISR            
00001338  uxTaskGetNumberOfTasks              
00001344  pcTaskGetName                       
00001518  xTaskGetHandle                      
00001620  xTaskGetIdleTaskHandle              
00001658  vTaskStepTick                       
000016b4  xTaskAbortDelay                     
000017b0  xTaskIncrementTick                  
000019d8  vTaskSwitchContext                  
00001ab8  vTaskPlaceOnEventList               
00001afc  vTaskPlaceOnUnorderedEventList      
00001b80  xTaskRemoveFromEventList            
00001c70  xTaskRemoveFromUnorderedEventList   
00001d74  vTaskSetTimeOutState                
00001db8  xTaskCheckForTimeOut                
00001ef0  vTaskMissedYield                    
00001f00  eTaskConfirmSleepModeStatus         
00001f7c  vTaskSetThreadLocalStoragePointer   
00001fe0  pvTaskGetThreadLocalStoragePointer  
0000204c  vTaskAllocateMPURegions             
00002224  uxTaskGetStackHighWaterMark         
000022ec  xTaskGetSchedulerState              
0000233c  uxTaskResetEventItemValue           
00002378  ulTaskNotifyTake                    
0000244c  xTaskNotifyWait                     
00002560  xTaskGenericNotify                  
00002730  xTaskGenericNotifyFromISR           
00002930  vTaskNotifyGiveFromISR              
00002bdc  vPortStartFirstTask                 
00002c6c  vPortYieldProcessor                 
00002d58  vPortYeildWithinAPI                 
00002e4c  vPortPreemptiveTick                 
00002f4c  vPortInitialiseFPSCR                
00002f58  ulPortCountLeadingZeros             
00002f60  vPortSWI                            
00003030  prvMpuSetRegion                     
00003048  prvMpuEnable                        
00003060  prvMpuDisable                       
00003088  pxPortInitialiseStack               
0000319c  vPortStoreTaskMPUSettings           
00003410  xPortStartScheduler                 
00003434  vPortEndScheduler                   
00003468  pvPortMalloc                        
000036bc  vPortFree                           
000037b4  xPortGetFreeHeapSize                
000037c0  xPortGetMinimumEverFreeHeapSize     
000037cc  vPortInitialiseBlocks               
0000381c  __TI_Handler_Table_Base             
00003828  __TI_Handler_Table_Limit            
00003848  __TI_CINIT_Base                     
00003868  __TI_CINIT_Limit                    
00008020  selftestFailNotification            
00008030  ccmSelfCheck                        
00008174  memoryInit                          
000081b8  stcSelfCheck                        
00008234  cpuSelfTest                         
000082cc  pbistSelfCheck                      
000084ac  pbistRun                            
00008578  pbistStop                           
000085a8  pbistIsTestCompleted                
000085d4  pbistIsTestPassed                   
00008608  pbistPortTestStatus                 
00008660  efcCheck                            
000086e8  efcStuckZeroTest                    
00008794  efcSelfTest                         
000087bc  checkefcSelfTest                    
0000885c  fmcBus2Check                        
00008898  fmcECCcheck                         
00008938  checkB0RAMECC                       
00008b28  checkB1RAMECC                       
00008d18  checkFlashECC                       
00008df4  custom_dabort                       
00008df8  stcSelfCheckFail                    
00008dfc  cpuSelfTestFail                     
00008e00  vimParityCheck                      
00008eac  dmaParityCheck                      
00008f58  het1ParityCheck                     
00009004  htu1ParityCheck                     
000090c0  het2ParityCheck                     
000091bc  htu2ParityCheck                     
0000926c  adc1ParityCheck                     
00009358  adc2ParityCheck                     
00009410  can1ParityCheck                     
000094e8  can2ParityCheck                     
000095b0  can3ParityCheck                     
00009684  mibspi1ParityCheck                  
0000978c  mibspi3ParityCheck                  
000098b0  mibspi5ParityCheck                  
000099d0  checkRAMECC                         
00009c18  checkClockMonitor                   
00009cf4  checkFlashEEPROMECC                 
00009e8c  checkPLL1Slip                       
00009f8c  checkPLL2Slip                       
0000a050  checkRAMAddrParity                  
0000a15c  checkRAMUERRTest                    
0000a2c4  fmcBus1ParityCheck                  
0000a3ec  pbistFail                           
0000a470  pbistGetConfigValue                 
0000a5bc  stcGetConfigValue                   
0000a660  efcGetConfigValue                   
0000a6fc  ccmr4GetConfigValue                 
0000a76c  errata_PBIST_4                      
0000aad0  enableParity                        
0000ab58  disableParity                       
0000acfc  spiInit                             
0000af5c  spiSetFunctional                    
0000af7c  spiReceiveData                      
0000b098  spiGetData                          
0000b190  spiTransmitData                     
0000b2bc  spiSendData                         
0000b3b4  spiTransmitAndReceiveData           
0000b4f0  spiSendAndGetData                   
0000b630  SpiTxStatus                         
0000b6bc  SpiRxStatus                         
0000b748  spiEnableLoopback                   
0000b77c  spiDisableLoopback                  
0000b798  spiEnableNotification               
0000b7c8  spiDisableNotification              
0000b7f4  spi1GetConfigValue                  
0000b984  spi3GetConfigValue                  
0000bbe4  AE_ltcInit                          
0000bd10  AE_ltcWRCFG                         
0000be18  AE_ltcWrite681x                     
0000bf7c  AE_ltcRDCFG                         
0000c088  AE_ltcRead681x                      
0000c1cc  AE_ltcSetcfgraRefOn                 
0000c210  AE_ltcSetcfgraAdcOpt                
0000c254  AE_ltcSetcfgraGpio                  
0000c300  AE_ltcSetcfgraDcc                   
0000c438  AE_ltcSetcfgraDct0                  
0000c470  AE_ltcSetcfgraUnderVoltage          
0000c4f4  AE_ltcSetcfgraOverVoltage           
0000c574  Ae_ltcSetcfgrbFdrf                  
0000c5c0  Ae_ltcSetcfgrbDTMEN                 
0000c60c  Ae_ltcSetcfgrbPs                    
0000c64c  AE_ltcSetcfgrbGpio                  
0000c6f8  AE_ltcSetcfgrbDcc                   
0000c784  AE_ltcWriteConfiguration            
0000c7e0  AE_ltcWakeUpSleep                   
0000c864  AE_ltcWakeUpIdle                    
0000c8dc  pwmNotification                     
0000c904  getUsTick                           
0000c910  AE_delayMs                          
0000c94c  AE_delayTenUs                       
0000c9a4  setupPLL                            
0000ca04  trimLPO                             
0000ca78  setupFlash                          
0000cab8  periphInit                          
0000cb0c  mapClocks                           
0000cc34  systemInit                          
0000cd00  systemPowerDown                     
0000cd30  systemGetConfigValue                
0000d144  tcmflashGetConfigValue              
0000d2f0  sramGetConfigValue                  
0000d42c  customTrimLPO                       
0000d508  vimInit                             
0000d5dc  vimChannelMap                       
0000d680  vimEnableInterrupt                  
0000d848  vimDisableInterrupt                 
0000d8f4  vimGetConfigValue                   
0000df60  hetInit                             
0000e020  pwmStart                            
0000e054  pwmStop                             
0000e088  pwmSetDuty                          
0000e1c4  pwmSetSignal                        
0000e340  pwmGetSignal                        
0000e420  pwmEnableNotification               
0000e468  pwmDisableNotification              
0000e498  edgeResetCounter                    
0000e4c4  edgeGetCounter                      
0000e4f0  edgeEnableNotification              
0000e52c  edgeDisableNotification             
0000e56c  capGetSignal                        
0000e644  hetResetTimestamp                   
0000e660  hetGetTimestamp                     
0000e678  het1GetConfigValue                  
0000e850  muxInit                             
0000ecec  pinmuxGetConfigValue                
0000f0fc  _errata_SSWF021_45_both_plls        
0000f2f0  _errata_SSWF021_45_pll1             
0000f468  _errata_SSWF021_45_pll2             
0000f760  esmInit                             
0000f868  esmError                            
0000f884  esmEnableError                      
0000f8ac  esmDisableError                     
0000f8d4  esmTriggerErrorPinReset             
0000f8e4  esmActivateNormalOperation          
0000f8f4  esmEnableInterrupt                  
0000f91c  esmDisableInterrupt                 
0000f944  esmSetInterruptLevel                
0000f9b8  esmClearStatus                      
0000f9f8  esmClearStatusBuffer                
0000fa14  esmSetCounterPreloadValue           
0000fa34  esmGetStatus                        
0000fab8  esmGetStatusBuffer                  
0000faf0  esmEnterSelfTest                    
0000fb78  esmSelfTestStatus                   
0000fbc8  esmGetConfigValue                   
0000fd1c  gioInit                             
0000fdec  gioSetDirection                     
0000fe0c  gioSetBit                           
0000fe5c  gioSetPort                          
0000fe7c  gioGetBit                           
0000fea4  gioGetPort                          
0000febc  gioToggleBit                        
0000ff14  gioEnableNotification               
0000ff7c  gioDisableNotification              
0000ffe4  gioGetConfigValue                   
000101a0  _coreInitRegisters_                 
000102ac  _coreInitStackPointer_              
000102f8  _getCPSRValue_                      
00010300  _gotoCPUIdle_                       
00010318  _coreEnableVfp_                     
00010330  _coreEnableEventBusExport_          
00010340  _coreDisableEventBusExport_         
00010350  _coreEnableRamEcc_                  
00010360  _coreDisableRamEcc_                 
00010370  _coreEnableFlashEcc_                
00010384  _coreDisableFlashEcc_               
00010394  _coreEnableIrqVicOffset_            
000103a4  _coreGetDataFault_                  
000103ac  _coreClearDataFault_                
000103b8  _coreGetInstructionFault_           
000103c0  _coreClearInstructionFault_         
000103cc  _coreGetDataFaultAddress_           
000103d4  _coreClearDataFaultAddress_         
000103e0  _coreGetInstructionFaultAddress_    
000103e8  _coreClearInstructionFaultAddress_  
000103f4  _coreGetAuxiliaryDataFault_         
000103fc  _coreClearAuxiliaryDataFault_       
00010408  _coreGetAuxiliaryInstructionFault_  
00010410  _coreClearAuxiliaryInstructionFault_
0001041c  _disable_interrupt_                 
00010424  _disable_FIQ_interrupt_             
0001042c  _disable_IRQ_interrupt_             
00010434  _enable_interrupt_                  
0001043c  _esmCcmErrorsClear_                 
000104c4  _errata_CORTEXR4_57_                
000104d4  _errata_CORTEXR4_66_                
000104e4  __TI_PINIT_Base                     
000104e8  __TI_PINIT_Limit                    
000104ec  vimParityErrorHandler               
000107b8  _c_int00                            
00010a40  main                                
00010f38  vListInitialise                     
00010f90  vListInitialiseItem                 
00010fac  vListInsertEnd                      
00011020  vListInsert                         
000110e4  uxListRemove                        
00011320  init_PEC15_Table                    
000113e0  pec15                               
00011480  het1HighLevelInterrupt              
00011528  het1LowLevelInterrupt               
000116b8  xTaskNotifyStateClear               
00011734  esmHighInterrupt                    
00011848  _dabort                             
00011930  esmGroup1Notification               
00011940  esmGroup2Notification               
00011950  memoryPort0TestFailNotification     
0001196c  memoryPort1TestFailNotification     
00011988  gioNotification                     
0001199c  spiNotification                     
000119b0  spiEndNotification                  
000119d8  edgeNotification                    
000119ec  hetNotification                     
00011a00  dmaGroupANotification               
00011a14  _pmuInit_                           
00011a60  _pmuEnableCountersGlobal_           
00011a70  _pmuDisableCountersGlobal_          
00011a80  _pmuResetCycleCounter_              
00011a90  _pmuResetEventCounters_             
00011aa0  _pmuResetCounters_                  
00011ab0  _pmuStartCounters_                  
00011ab8  _pmuStopCounters_                   
00011ac0  _pmuSetCountEvent_                  
00011acc  _pmuGetCycleCount_                  
00011ad4  _pmuGetEventCount_                  
00011ae0  _pmuGetOverflow_                    
00011af5  __aeabi_memcpy                      
00011af5  __aeabi_memcpy4                     
00011af5  __aeabi_memcpy8                     
00011af5  memcpy                              
00011b91  __aeabi_memclr                      
00011b91  __aeabi_memclr4                     
00011b91  __aeabi_memclr8                     
00011b93  __aeabi_memset                      
00011b93  __aeabi_memset4                     
00011b93  __aeabi_memset8                     
00011b99  memset                              
00011c0b  __TI_decompress_lzss                
00011c77  __aeabi_idiv0                       
00011c77  __aeabi_ldiv0                       
00011c78  __aeabi_uidiv                       
00011c78  __aeabi_uidivmod                    
00011cc9  __TI_auto_init_nobinit_nopinit      
00011d0d  strlen                              
00011d23  __TI_decompress_none                
00011d31  __TI_zero_init                      
00011d3d  C$$EXIT                             
00011d3d  abort                               
00011d40  phantomInterrupt                    
00011d44  handlePLLLockFail                   
080008d0  pxCurrentTCB                        
08001000  __start___llvm_prf_cnts             
08001000  __stop___llvm_prf_cnts              
08003000  pec15Table                          
08003288  uwTick                              
0800328c  returnVarningClose                  
080032a0  dccAStatus                          
080032dc  ulCriticalNesting                   
080032e0  ulTaskHasFPUContext                 
080032e4  gpioAStatus                         
080032e9  __spiDat_s                          
080032ed  dccBStatus                          
080032f1  gpioBStatus                         
080032f6  dummy_u16                           
ffffffff  __TI_pprof_out_hndl                 
ffffffff  __TI_prof_data_size                 
ffffffff  __TI_prof_data_start                
ffffffff  __binit__                           
ffffffff  __c_args__                          
ffffffff  binit                               
UNDEFED   SHT$$INIT_ARRAY$$Base               
UNDEFED   SHT$$INIT_ARRAY$$Limit              
UNDEFED   _system_post_cinit                  

[344 symbols]
