******************************************************************************
                  TI ARM Linker PC v20.2.5                     
******************************************************************************
>> Linked Wed Feb 21 09:23:46 2024

OUTPUT FILE NAME:   <009_Ltc6812.out>
ENTRY POINT SYMBOL: "_c_int00"  address: 00012bb8


MEMORY CONFIGURATION

         name            origin    length      used     unused   attr    fill
----------------------  --------  ---------  --------  --------  ----  --------
  VECTORS               00000000   00000020  00000020  00000000     X
  KERNEL                00000020   00008000  000038cc  00004734  R  X
  FLASH0                00008020   00137fe0  0000c908  0012b6d8  R  X
  STACKS                08000000   00000800  00000000  00000800  RW  
  KRAM                  08000800   00000800  00000104  000006fc  RW  
  RAM                   08001000   0002f000  000028f9  0002c707  RW  


SEGMENT ALLOCATION MAP

run origin  load origin   length   init length attrs members
----------  ----------- ---------- ----------- ----- -------
00000000    00000000    000038f0   000038f0    r-x
  00000000    00000000    00000020   00000020    r-x .intvecs
  00000020    00000020    000037c4   000037c4    r-x .kernelTEXT
  000037e8    000037e8    00000108   00000108    r-- .cinit
00008020    00008020    0000c908   0000c908    r-x
  00008020    00008020    0000c348   0000c348    r-x .text
  00014368    00014368    000005c0   000005c0    r-- .const
08000800    08000800    00000104   00000000    rw-
  08000800    08000800    00000104   00000000    rw- .kernelBSS
08001000    08001000    000028fb   00000000    rw-
  08001000    08001000    00002000   00000000    rw- .kernelHEAP
  08003000    08003000    0000069e   00000000    rw- .bss
  080036a0    080036a0    0000025b   00000000    rw- .data


SECTION ALLOCATION MAP

 output                                  attributes/
section   page    origin      length       input sections
--------  ----  ----------  ----------   ----------------
.intvecs   0    00000000    00000020     
                  00000000    00000020     sys_intvecs.obj (.intvecs)

.kernelTEXT 
*          0    00000020    000037c4     
                  00000020    00002bb8     os_tasks.obj (.kernelTEXT)
                  00002bd8    000004b0     os_portasm.obj (.kernelTEXT)
                  00003088    000003e0     os_port.obj (.kernelTEXT)
                  00003468    0000037c     os_heap.obj (.kernelTEXT)

.cinit     0    000037e8    00000108     
                  000037e8    000000bf     (.cinit..data.load) [load image, compression = lzss]
                  000038a7    00000001     --HOLE-- [fill = 0]
                  000038a8    0000000c     (__TI_handler_table)
                  000038b4    00000009     (.cinit..kernelBSS.load) [load image, compression = lzss]
                  000038bd    00000003     --HOLE-- [fill = 0]
                  000038c0    00000008     (.cinit..bss.load) [load image, compression = zero_init]
                  000038c8    00000008     (.cinit..kernelHEAP.load) [load image, compression = zero_init]
                  000038d0    00000020     (__TI_cinit_table)

.text      0    00008020    0000c348     
                  00008020    000031bc     ltc6812.obj (.text)
                  0000b1dc    00002cdc     sys_selftest.obj (.text)
                  0000deb8    00000eec     spi.obj (.text)
                  0000eda4    00000b64     system.obj (.text)
                  0000f908    00000a58     sys_vim.obj (.text)
                  00010360    000008f0     het.obj (.text)
                  00010c50    000008ac     pinmux.obj (.text)
                  000114fc    00000664     errata_SSWF021_45.obj (.text)
                  00011b60    000005bc     esm.obj (.text)
                  0001211c    00000484     gio.obj (.text)
                  000125a0    0000034c     sys_core.obj (.text)
                  000128ec    000002cc     sys_vim.obj (.text:retain)
                  00012bb8    00000288     sys_startup.obj (.text:retain)
                  00012e40    00000278     os_heap.obj (.text)
                  000130b8    00000238     os_list.obj (.text)
                  000132f0    000001e4     rtsv7R4_T_be_v3D16_eabi.lib : e_logf.c.obj (.text:logf)
                  000134d4    000001b0     os_port.obj (.text)
                  00013684    000001a0     sys_main.obj (.text)
                  00013824    00000160     crc15.obj (.text)
                  00013984    0000015c     het.obj (.text:retain)
                  00013ae0    00000158     os_tasks.obj (.text)
                  00013c38    00000114     esm.obj (.text:retain)
                  00013d4c    00000114     temperature.obj (.text)
                  00013e60    000000e8     dabort.obj (.text)
                  00013f48    000000e4     notification.obj (.text)
                  0001402c    000000e0     sys_pmu.obj (.text)
                  0001410c    0000009c     rtsv7R4_T_be_v3D16_eabi.lib : memcpy_t2.asm.obj (.text)
                  000141a8    0000007a                                 : memset_t2.asm.obj (.text)
                  00014222    0000006c                                 : copy_decompress_lzss.c.obj (.text:decompress:lzss:__TI_decompress_lzss)
                  0001428e    00000002                                 : div0.asm.obj (.text)
                  00014290    00000050                                 : u_div32.asm.obj (.text)
                  000142e0    00000044                                 : autoinit.c.obj (.text:__TI_auto_init_nobinit_nopinit:__TI_auto_init_nobinit_nopinit)
                  00014324    00000016                                 : strlen.c.obj (.text:strlen)
                  0001433a    0000000e                                 : copy_decompress_none.c.obj (.text:decompress:none:__TI_decompress_none)
                  00014348    0000000c                                 : copy_zero_init.c.obj (.text:decompress:ZI:__TI_zero_init)
                  00014354    00000008                                 : errno.c.obj (.text:__aeabi_errno_addr)
                  0001435c    00000004                                 : exit.c.obj (.text:abort:abort)
                  00014360    00000004     sys_phantom.obj (.text:retain)
                  00014364    00000004     sys_startup.obj (.text)

.const     0    00014368    000005c0     
                  00014368    000003a0     het.obj (.const:het1PROGRAM)
                  00014708    00000200     sys_vim.obj (.const:s_vim_init)
                  00014908    00000020     het.obj (.const:s_het1pwmPolarity)

.kernelBSS 
*          0    08000800    00000104     UNINITIALIZED
                  08000800    000000d0     os_tasks.obj (.kernelBSS:uninit)
                  080008d0    00000034     os_tasks.obj (.kernelBSS:init)

.kernelHEAP 
*          0    08001000    00002000     UNINITIALIZED
                  08001000    00002000     os_heap.obj (.kernelHEAP)

.bss       0    08003000    0000069e     UNINITIALIZED
                  08003000    00000200     ltc6812.obj (.bss:rxBuffer)
                  08003200    00000200     ltc6812.obj (.bss:txBuffer)
                  08003400    00000200     (.common:pec15Table)
                  08003600    00000078     spi.obj (.bss:g_spiPacket_t)
                  08003678    00000008     os_heap.obj (.bss:xStart)
                  08003680    00000008     (.common:overVoltage)
                  08003688    00000008     (.common:unverVoltage)
                  08003690    00000004     ltc6812.obj (.bss)
                  08003694    00000004     (.common:ltcSpi_ps)
                  08003698    00000004     (.common:uwTick)
                  0800369c    00000001     (.common:returnVarningClose)
                  0800369d    00000001     (.common:status)

.data      0    080036a0    0000025b     UNINITIALIZED
                  080036a0    00000180     sys_main.obj (.data:ltcBat)
                  08003820    00000010     os_heap.obj (.data)
                  08003830    00000008     ltc6812.obj (.data:cmdCLRAUX_pu16)
                  08003838    00000008     ltc6812.obj (.data:cmdCLRCELL_pu16)
                  08003840    00000008     ltc6812.obj (.data:cmdCLRSTAT_pu16)
                  08003848    00000008     ltc6812.obj (.data:cmdMute_pu16)
                  08003850    00000008     ltc6812.obj (.data:cmdPladc_pu16)
                  08003858    00000008     ltc6812.obj (.data:cmdRDAUXA_pu16)
                  08003860    00000008     ltc6812.obj (.data:cmdRDAUXB_pu16)
                  08003868    00000008     ltc6812.obj (.data:cmdRDAUXC_pu16)
                  08003870    00000008     ltc6812.obj (.data:cmdRDAUXD_pu16)
                  08003878    00000008     ltc6812.obj (.data:cmdRDCFGA_pu16)
                  08003880    00000008     ltc6812.obj (.data:cmdRDCFGB_pu16)
                  08003888    00000008     ltc6812.obj (.data:cmdRDCVA_pu16)
                  08003890    00000008     ltc6812.obj (.data:cmdRDCVB_pu16)
                  08003898    00000008     ltc6812.obj (.data:cmdRDCVC_pu16)
                  080038a0    00000008     ltc6812.obj (.data:cmdRDCVD_pu16)
                  080038a8    00000008     ltc6812.obj (.data:cmdRDCVE_pu16)
                  080038b0    00000008     ltc6812.obj (.data:cmdRDSTATA_pu16)
                  080038b8    00000008     ltc6812.obj (.data:cmdRDSTATB_pu16)
                  080038c0    00000008     ltc6812.obj (.data:cmdUnMute_pu16)
                  080038c8    00000008     ltc6812.obj (.data:cmdWRCFGA_pu16)
                  080038d0    00000008     ltc6812.obj (.data:cmdWRCFGB_pu16)
                  080038d8    00000008     ltc6812.obj (.data:cmdWRPSB_pu16)
                  080038e0    00000008     ltc6812.obj (.data:cmdWRPWM_pu16)
                  080038e8    00000008     os_port.obj (.data)
                  080038f0    00000004     rtsv7R4_T_be_v3D16_eabi.lib : errno.c.obj (.data)
                  080038f4    00000004     ltc6812.obj (.data:spiDat_s)
                  080038f8    00000003     ltc6812.obj (.data)

__llvm_prf_cnts 
*          0    08001000    00000000     UNINITIALIZED

MODULE SUMMARY

       Module                       code    ro data   rw data
       ------                       ----    -------   -------
    .\009_Ltc6812\source\
       os_tasks.obj                 11536   0         260    
       sys_selftest.obj             11484   0         0      
       os_heap.obj                  1524    0         8216   
       spi.obj                      3820    0         120    
       sys_vim.obj                  3364    512       0      
       het.obj                      2636    960       0      
       system.obj                   2916    0         0      
       pinmux.obj                   2220    0         0      
       esm.obj                      1744    0         0      
       errata_SSWF021_45.obj        1636    0         0      
       os_port.obj                  1424    0         8      
       os_portasm.obj               1200    0         0      
       gio.obj                      1156    0         0      
       sys_core.obj                 844     0         0      
       sys_main.obj                 416     0         402    
       sys_startup.obj              652     0         0      
       os_list.obj                  568     0         0      
       dabort.obj                   232     0         0      
       notification.obj             228     0         0      
       sys_pmu.obj                  224     0         0      
       sys_intvecs.obj              32      0         0      
       sys_phantom.obj              4       0         0      
    +--+----------------------------+-------+---------+---------+
       Total:                       49860   1472      9006   
                                                             
    .\ltc681x\crc\
       crc15.obj                    352     0         512    
    +--+----------------------------+-------+---------+---------+
       Total:                       352     0         512    
                                                             
    .\ltc681x\ltc\
       ltc6812.obj                  12732   0         1227   
    +--+----------------------------+-------+---------+---------+
       Total:                       12732   0         1227   
                                                             
    .\ltc681x\temperature\
       temperature.obj              276     0         0      
    +--+----------------------------+-------+---------+---------+
       Total:                       276     0         0      
                                                             
    C:/ti/ccs1120/ccs/tools/compiler/ti-cgt-arm_20.2.5.LTS/lib/rtsv7R4_T_be_v3D16_eabi.lib
       e_logf.c.obj                 484     0         0      
       memcpy_t2.asm.obj            156     0         0      
       memset_t2.asm.obj            122     0         0      
       copy_decompress_lzss.c.obj   108     0         0      
       u_div32.asm.obj              80      0         0      
       autoinit.c.obj               68      0         0      
       strlen.c.obj                 22      0         0      
       copy_decompress_none.c.obj   14      0         0      
       copy_zero_init.c.obj         12      0         0      
       errno.c.obj                  8       0         4      
       exit.c.obj                   4       0         0      
       div0.asm.obj                 2       0         0      
    +--+----------------------------+-------+---------+---------+
       Total:                       1080    0         4      
                                                             
       Linker Generated:            0       260       0      
    +--+----------------------------+-------+---------+---------+
       Grand Total:                 64300   1732      10749  


LINKER GENERATED COPY TABLES

__TI_cinit_table @ 000038d0 records: 4, size/record: 8, table size: 32
	.data: load addr=000037e8, load size=000000bf bytes, run addr=080036a0, run size=0000025b bytes, compression=lzss
	.kernelBSS: load addr=000038b4, load size=00000009 bytes, run addr=08000800, run size=00000104 bytes, compression=lzss
	.bss: load addr=000038c0, load size=00000008 bytes, run addr=08003000, run size=0000069e bytes, compression=zero_init
	.kernelHEAP: load addr=000038c8, load size=00000008 bytes, run addr=08001000, run size=00002000 bytes, compression=zero_init


LINKER GENERATED HANDLER TABLE

__TI_handler_table @ 000038a8 records: 3, size/record: 4, table size: 12
	index: 0, handler: __TI_decompress_lzss
	index: 1, handler: __TI_decompress_none
	index: 2, handler: __TI_zero_init


GLOBAL SYMBOLS: SORTED ALPHABETICALLY BY Name 

address   name                                
-------   ----                                
00013d4c  AE_calculateTemp                    
0000b134  AE_delayMs                          
0000b170  AE_delayTenUs                       
000091dc  AE_ltcAdcMeasureState               
0000a7c4  AE_ltcBalance                       
0000a214  AE_ltcClearCellAdc                  
0000a2e8  AE_ltcClearGpioAdc                  
0000a3bc  AE_ltcClearStatusAdc                
0000863c  AE_ltcCmdRead                       
00008450  AE_ltcCmdWrite                      
0000a63c  AE_ltcContinuePwm                   
00008020  AE_ltcInit                          
0000a8ec  AE_ltcIsBalanceComplete             
0000aa70  AE_ltcIsCellOpenWire                
0000ad28  AE_ltcIsGpioOpenWire                
0000a9cc  AE_ltcMinCellVolt                   
0000a628  AE_ltcPausePwm                      
0000a650  AE_ltcPreBalance                    
000084a8  AE_ltcRead                          
0000881c  AE_ltcReadCellVoltage               
000087e8  AE_ltcReadConfRegA                  
00008800  AE_ltcReadConfRegB                  
00009338  AE_ltcReadGpioVoltage               
00009800  AE_ltcReadStatusRegA                
000099f0  AE_ltcReadStatusRegB                
00008c60  AE_ltcSetUnderOverVoltage           
00009094  AE_ltcStartCellAdc                  
00009200  AE_ltcStartGpioAdc                  
0000a4c8  AE_ltcStartPwm                      
000096b8  AE_ltcStartStatusAdc                
0000b03c  AE_ltcTemperature                   
00008f00  AE_ltcUnderOverFlag                 
0000872c  AE_ltcWakeUpIdle                    
000086a4  AE_ltcWakeUpSleep                   
00008254  AE_ltcWrite                         
000087b4  AE_ltcWriteConfRegA                 
000087cc  AE_ltcWriteConfRegB                 
000138e4  AE_pec15                            
0001435d  C$$EXIT                             
UNDEFED   SHT$$INIT_ARRAY$$Base               
UNDEFED   SHT$$INIT_ARRAY$$Limit              
0000e87c  SpiRxStatus                         
0000e7f0  SpiTxStatus                         
000038d0  __TI_CINIT_Base                     
000038f0  __TI_CINIT_Limit                    
000038a8  __TI_Handler_Table_Base             
000038b4  __TI_Handler_Table_Limit            
000128e4  __TI_PINIT_Base                     
000128e8  __TI_PINIT_Limit                    
000142e1  __TI_auto_init_nobinit_nopinit      
00014223  __TI_decompress_lzss                
0001433b  __TI_decompress_none                
ffffffff  __TI_pprof_out_hndl                 
ffffffff  __TI_prof_data_size                 
ffffffff  __TI_prof_data_start                
00000000  __TI_static_base__                  
00014349  __TI_zero_init                      
00014355  __aeabi_errno_addr                  
0001428f  __aeabi_idiv0                       
0001428f  __aeabi_ldiv0                       
000141a9  __aeabi_memclr                      
000141a9  __aeabi_memclr4                     
000141a9  __aeabi_memclr8                     
0001410d  __aeabi_memcpy                      
0001410d  __aeabi_memcpy4                     
0001410d  __aeabi_memcpy8                     
000141ab  __aeabi_memset                      
000141ab  __aeabi_memset4                     
000141ab  __aeabi_memset8                     
00014290  __aeabi_uidiv                       
00014290  __aeabi_uidivmod                    
ffffffff  __binit__                           
ffffffff  __c_args__                          
08001000  __start___llvm_prf_cnts             
08001000  __stop___llvm_prf_cnts              
00012bb8  _c_int00                            
000127fc  _coreClearAuxiliaryDataFault_       
00012810  _coreClearAuxiliaryInstructionFault_
000127d4  _coreClearDataFaultAddress_         
000127ac  _coreClearDataFault_                
000127e8  _coreClearInstructionFaultAddress_  
000127c0  _coreClearInstructionFault_         
00012740  _coreDisableEventBusExport_         
00012784  _coreDisableFlashEcc_               
00012760  _coreDisableRamEcc_                 
00012730  _coreEnableEventBusExport_          
00012770  _coreEnableFlashEcc_                
00012794  _coreEnableIrqVicOffset_            
00012750  _coreEnableRamEcc_                  
00012718  _coreEnableVfp_                     
000127f4  _coreGetAuxiliaryDataFault_         
00012808  _coreGetAuxiliaryInstructionFault_  
000127cc  _coreGetDataFaultAddress_           
000127a4  _coreGetDataFault_                  
000127e0  _coreGetInstructionFaultAddress_    
000127b8  _coreGetInstructionFault_           
000125a0  _coreInitRegisters_                 
000126ac  _coreInitStackPointer_              
00013e60  _dabort                             
00012824  _disable_FIQ_interrupt_             
0001282c  _disable_IRQ_interrupt_             
0001281c  _disable_interrupt_                 
00012834  _enable_interrupt_                  
000128c4  _errata_CORTEXR4_57_                
000128d4  _errata_CORTEXR4_66_                
000114fc  _errata_SSWF021_45_both_plls        
000116f0  _errata_SSWF021_45_pll1             
00011868  _errata_SSWF021_45_pll2             
0001283c  _esmCcmErrorsClear_                 
000126f8  _getCPSRValue_                      
00012700  _gotoCPUIdle_                       
00014088  _pmuDisableCountersGlobal_          
00014078  _pmuEnableCountersGlobal_           
000140e4  _pmuGetCycleCount_                  
000140ec  _pmuGetEventCount_                  
000140f8  _pmuGetOverflow_                    
0001402c  _pmuInit_                           
000140b8  _pmuResetCounters_                  
00014098  _pmuResetCycleCounter_              
000140a8  _pmuResetEventCounters_             
000140d8  _pmuSetCountEvent_                  
000140c8  _pmuStartCounters_                  
000140d0  _pmuStopCounters_                   
UNDEFED   _system_post_cinit                  
0001435d  abort                               
0000c428  adc1ParityCheck                     
0000c514  adc2ParityCheck                     
ffffffff  binit                               
0000c5cc  can1ParityCheck                     
0000c6a4  can2ParityCheck                     
0000c76c  can3ParityCheck                     
0001096c  capGetSignal                        
0000b1ec  ccmSelfCheck                        
0000d8b8  ccmr4GetConfigValue                 
0000baf4  checkB0RAMECC                       
0000bce4  checkB1RAMECC                       
0000cdd4  checkClockMonitor                   
0000bed4  checkFlashECC                       
0000ceb0  checkFlashEEPROMECC                 
0000d048  checkPLL1Slip                       
0000d148  checkPLL2Slip                       
0000d20c  checkRAMAddrParity                  
0000cb8c  checkRAMECC                         
0000d318  checkRAMUERRTest                    
0000b978  checkefcSelfTest                    
0000b3f0  cpuSelfTest                         
0000bfb8  cpuSelfTestFail                     
0000f82c  customTrimLPO                       
0000bfb0  custom_dabort                       
0000dd14  disableParity                       
00014018  dmaGroupANotification               
0000c068  dmaParityCheck                      
00001f00  eTaskConfirmSleepModeStatus         
00000888  eTaskGetState                       
0001092c  edgeDisableNotification             
000108f0  edgeEnableNotification              
000108c4  edgeGetCounter                      
00013ff0  edgeNotification                    
00010898  edgeResetCounter                    
0000b81c  efcCheck                            
0000d81c  efcGetConfigValue                   
0000b950  efcSelfTest                         
0000b8a4  efcStuckZeroTest                    
0000dc8c  enableParity                        
0000d928  errata_PBIST_4                      
080038f0  errno                               
00011ce4  esmActivateNormalOperation          
00011db8  esmClearStatus                      
00011df8  esmClearStatusBuffer                
00011cac  esmDisableError                     
00011d1c  esmDisableInterrupt                 
00011c84  esmEnableError                      
00011cf4  esmEnableInterrupt                  
00011ef0  esmEnterSelfTest                    
00011c68  esmError                            
00011fc8  esmGetConfigValue                   
00011e34  esmGetStatus                        
00011eb8  esmGetStatusBuffer                  
00013f48  esmGroup1Notification               
00013f58  esmGroup2Notification               
00013c38  esmHighInterrupt                    
00011b60  esmInit                             
00011f78  esmSelfTestStatus                   
00011e14  esmSetCounterPreloadValue           
00011d44  esmSetInterruptLevel                
00011cd4  esmTriggerErrorPinReset             
0000d480  fmcBus1ParityCheck                  
0000ba18  fmcBus2Check                        
0000ba54  fmcECCcheck                         
0000b128  getUsTick                           
0001237c  gioDisableNotification              
00012314  gioEnableNotification               
0001227c  gioGetBit                           
000123e4  gioGetConfigValue                   
000122a4  gioGetPort                          
0001211c  gioInit                             
00013fa0  gioNotification                     
0001220c  gioSetBit                           
000121ec  gioSetDirection                     
0001225c  gioSetPort                          
000122bc  gioToggleBit                        
00014364  handlePLLLockFail                   
00010a78  het1GetConfigValue                  
00013984  het1HighLevelInterrupt              
00013a2c  het1LowLevelInterrupt               
0000c114  het1ParityCheck                     
0000c27c  het2ParityCheck                     
00010a60  hetGetTimestamp                     
00010360  hetInit                             
00014004  hetNotification                     
00010a44  hetResetTimestamp                   
0000c1c0  htu1ParityCheck                     
0000c378  htu2ParityCheck                     
00013824  init_PEC15_Table                    
000132f1  logf                                
080036a0  ltcBat                              
00013704  ltcInit                             
08003694  ltcSpi_ps                           
00013684  main                                
0000ef0c  mapClocks                           
0001410d  memcpy                              
0000b330  memoryInit                          
00013f68  memoryPort0TestFailNotification     
00013f84  memoryPort1TestFailNotification     
000141b1  memset                              
0000c840  mibspi1ParityCheck                  
0000c948  mibspi3ParityCheck                  
0000ca6c  mibspi5ParityCheck                  
00010c50  muxInit                             
08003680  overVoltage                         
0000d5a8  pbistFail                           
0000d62c  pbistGetConfigValue                 
0000b764  pbistIsTestCompleted                
0000b790  pbistIsTestPassed                   
0000b7c4  pbistPortTestStatus                 
0000b668  pbistRun                            
0000b488  pbistSelfCheck                      
0000b734  pbistStop                           
00001344  pcTaskGetName                       
08003400  pec15Table                          
0000eeb8  periphInit                          
00014360  phantomInterrupt                    
000110ec  pinmuxGetConfigValue                
00003060  prvMpuDisable                       
00003048  prvMpuEnable                        
00003030  prvMpuSetRegion                     
00003468  pvPortMalloc                        
00001fe0  pvTaskGetThreadLocalStoragePointer  
00010868  pwmDisableNotification              
00010820  pwmEnableNotification               
00010740  pwmGetSignal                        
0000b100  pwmNotification                     
00010488  pwmSetDuty                          
000105c4  pwmSetSignal                        
00010420  pwmStart                            
00010454  pwmStop                             
080008d0  pxCurrentTCB                        
00003088  pxPortInitialiseStack               
00000000  resetEntry                          
0800369c  returnVarningClose                  
0000b1dc  selftestFailNotification            
0000ee78  setupFlash                          
0000eda4  setupPLL                            
0000e9b4  spi1GetConfigValue                  
0000eb44  spi3GetConfigValue                  
0000e93c  spiDisableLoopback                  
0000e988  spiDisableNotification              
0000e908  spiEnableLoopback                   
0000e958  spiEnableNotification               
00013fc8  spiEndNotification                  
0000e258  spiGetData                          
0000deb8  spiInit                             
00013fb4  spiNotification                     
0000e13c  spiReceiveData                      
0000e6b0  spiSendAndGetData                   
0000e47c  spiSendData                         
0000e11c  spiSetFunctional                    
0000e574  spiTransmitAndReceiveData           
0000e350  spiTransmitData                     
0000f6f0  sramGetConfigValue                  
0800369d  status                              
0000d778  stcGetConfigValue                   
0000b374  stcSelfCheck                        
0000bfb4  stcSelfCheckFail                    
00014325  strlen                              
0000f130  systemGetConfigValue                
0000f034  systemInit                          
0000f100  systemPowerDown                     
0000f544  tcmflashGetConfigValue              
0000ee04  trimLPO                             
080038e8  ulCriticalNesting                   
00002f58  ulPortCountLeadingZeros             
080038ec  ulTaskHasFPUContext                 
00002378  ulTaskNotifyTake                    
08003688  unverVoltage                        
08003698  uwTick                              
00013264  uxListRemove                        
00001338  uxTaskGetNumberOfTasks              
00002224  uxTaskGetStackHighWaterMark         
0000098c  uxTaskPriorityGet                   
000009d0  uxTaskPriorityGetFromISR            
0000233c  uxTaskResetEventItemValue           
000130b8  vListInitialise                     
00013110  vListInitialiseItem                 
000131a0  vListInsert                         
0001312c  vListInsertEnd                      
00003434  vPortEndScheduler                   
000036bc  vPortFree                           
000037cc  vPortInitialiseBlocks               
00002f4c  vPortInitialiseFPSCR                
00002e4c  vPortPreemptiveTick                 
00002f60  vPortSWI                            
00002bdc  vPortStartFirstTask                 
0000319c  vPortStoreTaskMPUSettings           
00002d58  vPortYeildWithinAPI                 
00002c6c  vPortYieldProcessor                 
0000204c  vTaskAllocateMPURegions             
00000804  vTaskDelay                          
00000698  vTaskDelayUntil                     
00000530  vTaskDelete                         
00001074  vTaskEndScheduler                   
00001ef0  vTaskMissedYield                    
00002930  vTaskNotifyGiveFromISR              
00001ab8  vTaskPlaceOnEventList               
00001afc  vTaskPlaceOnUnorderedEventList      
00000a18  vTaskPrioritySet                    
00000e14  vTaskResume                         
00001f7c  vTaskSetThreadLocalStoragePointer   
00001d74  vTaskSetTimeOutState                
00000fdc  vTaskStartScheduler                 
00001658  vTaskStepTick                       
00000c10  vTaskSuspend                        
00001090  vTaskSuspendAll                     
000019d8  vTaskSwitchContext                  
0000f9dc  vimChannelMap                       
0000fc48  vimDisableInterrupt                 
0000fa80  vimEnableInterrupt                  
0000fcf4  vimGetConfigValue                   
0000f908  vimInit                             
0000bfbc  vimParityCheck                      
000128ec  vimParityErrorHandler               
000037b4  xPortGetFreeHeapSize                
000037c0  xPortGetMinimumEverFreeHeapSize     
00003410  xPortStartScheduler                 
000016b4  xTaskAbortDelay                     
00001db8  xTaskCheckForTimeOut                
000000fc  xTaskCreate                         
00000020  xTaskCreateRestricted               
00002560  xTaskGenericNotify                  
00002730  xTaskGenericNotifyFromISR           
00001518  xTaskGetHandle                      
00001620  xTaskGetIdleTaskHandle              
000022ec  xTaskGetSchedulerState              
000012f8  xTaskGetTickCount                   
00001314  xTaskGetTickCountFromISR            
000017b0  xTaskIncrementTick                  
00013bbc  xTaskNotifyStateClear               
0000244c  xTaskNotifyWait                     
00001b80  xTaskRemoveFromEventList            
00001c70  xTaskRemoveFromUnorderedEventList   
00001148  xTaskResumeAll                      
00000ef4  xTaskResumeFromISR                  


GLOBAL SYMBOLS: SORTED BY Symbol Address 

address   name                                
-------   ----                                
00000000  __TI_static_base__                  
00000000  resetEntry                          
00000020  xTaskCreateRestricted               
000000fc  xTaskCreate                         
00000530  vTaskDelete                         
00000698  vTaskDelayUntil                     
00000804  vTaskDelay                          
00000888  eTaskGetState                       
0000098c  uxTaskPriorityGet                   
000009d0  uxTaskPriorityGetFromISR            
00000a18  vTaskPrioritySet                    
00000c10  vTaskSuspend                        
00000e14  vTaskResume                         
00000ef4  xTaskResumeFromISR                  
00000fdc  vTaskStartScheduler                 
00001074  vTaskEndScheduler                   
00001090  vTaskSuspendAll                     
00001148  xTaskResumeAll                      
000012f8  xTaskGetTickCount                   
00001314  xTaskGetTickCountFromISR            
00001338  uxTaskGetNumberOfTasks              
00001344  pcTaskGetName                       
00001518  xTaskGetHandle                      
00001620  xTaskGetIdleTaskHandle              
00001658  vTaskStepTick                       
000016b4  xTaskAbortDelay                     
000017b0  xTaskIncrementTick                  
000019d8  vTaskSwitchContext                  
00001ab8  vTaskPlaceOnEventList               
00001afc  vTaskPlaceOnUnorderedEventList      
00001b80  xTaskRemoveFromEventList            
00001c70  xTaskRemoveFromUnorderedEventList   
00001d74  vTaskSetTimeOutState                
00001db8  xTaskCheckForTimeOut                
00001ef0  vTaskMissedYield                    
00001f00  eTaskConfirmSleepModeStatus         
00001f7c  vTaskSetThreadLocalStoragePointer   
00001fe0  pvTaskGetThreadLocalStoragePointer  
0000204c  vTaskAllocateMPURegions             
00002224  uxTaskGetStackHighWaterMark         
000022ec  xTaskGetSchedulerState              
0000233c  uxTaskResetEventItemValue           
00002378  ulTaskNotifyTake                    
0000244c  xTaskNotifyWait                     
00002560  xTaskGenericNotify                  
00002730  xTaskGenericNotifyFromISR           
00002930  vTaskNotifyGiveFromISR              
00002bdc  vPortStartFirstTask                 
00002c6c  vPortYieldProcessor                 
00002d58  vPortYeildWithinAPI                 
00002e4c  vPortPreemptiveTick                 
00002f4c  vPortInitialiseFPSCR                
00002f58  ulPortCountLeadingZeros             
00002f60  vPortSWI                            
00003030  prvMpuSetRegion                     
00003048  prvMpuEnable                        
00003060  prvMpuDisable                       
00003088  pxPortInitialiseStack               
0000319c  vPortStoreTaskMPUSettings           
00003410  xPortStartScheduler                 
00003434  vPortEndScheduler                   
00003468  pvPortMalloc                        
000036bc  vPortFree                           
000037b4  xPortGetFreeHeapSize                
000037c0  xPortGetMinimumEverFreeHeapSize     
000037cc  vPortInitialiseBlocks               
000038a8  __TI_Handler_Table_Base             
000038b4  __TI_Handler_Table_Limit            
000038d0  __TI_CINIT_Base                     
000038f0  __TI_CINIT_Limit                    
00008020  AE_ltcInit                          
00008254  AE_ltcWrite                         
00008450  AE_ltcCmdWrite                      
000084a8  AE_ltcRead                          
0000863c  AE_ltcCmdRead                       
000086a4  AE_ltcWakeUpSleep                   
0000872c  AE_ltcWakeUpIdle                    
000087b4  AE_ltcWriteConfRegA                 
000087cc  AE_ltcWriteConfRegB                 
000087e8  AE_ltcReadConfRegA                  
00008800  AE_ltcReadConfRegB                  
0000881c  AE_ltcReadCellVoltage               
00008c60  AE_ltcSetUnderOverVoltage           
00008f00  AE_ltcUnderOverFlag                 
00009094  AE_ltcStartCellAdc                  
000091dc  AE_ltcAdcMeasureState               
00009200  AE_ltcStartGpioAdc                  
00009338  AE_ltcReadGpioVoltage               
000096b8  AE_ltcStartStatusAdc                
00009800  AE_ltcReadStatusRegA                
000099f0  AE_ltcReadStatusRegB                
0000a214  AE_ltcClearCellAdc                  
0000a2e8  AE_ltcClearGpioAdc                  
0000a3bc  AE_ltcClearStatusAdc                
0000a4c8  AE_ltcStartPwm                      
0000a628  AE_ltcPausePwm                      
0000a63c  AE_ltcContinuePwm                   
0000a650  AE_ltcPreBalance                    
0000a7c4  AE_ltcBalance                       
0000a8ec  AE_ltcIsBalanceComplete             
0000a9cc  AE_ltcMinCellVolt                   
0000aa70  AE_ltcIsCellOpenWire                
0000ad28  AE_ltcIsGpioOpenWire                
0000b03c  AE_ltcTemperature                   
0000b100  pwmNotification                     
0000b128  getUsTick                           
0000b134  AE_delayMs                          
0000b170  AE_delayTenUs                       
0000b1dc  selftestFailNotification            
0000b1ec  ccmSelfCheck                        
0000b330  memoryInit                          
0000b374  stcSelfCheck                        
0000b3f0  cpuSelfTest                         
0000b488  pbistSelfCheck                      
0000b668  pbistRun                            
0000b734  pbistStop                           
0000b764  pbistIsTestCompleted                
0000b790  pbistIsTestPassed                   
0000b7c4  pbistPortTestStatus                 
0000b81c  efcCheck                            
0000b8a4  efcStuckZeroTest                    
0000b950  efcSelfTest                         
0000b978  checkefcSelfTest                    
0000ba18  fmcBus2Check                        
0000ba54  fmcECCcheck                         
0000baf4  checkB0RAMECC                       
0000bce4  checkB1RAMECC                       
0000bed4  checkFlashECC                       
0000bfb0  custom_dabort                       
0000bfb4  stcSelfCheckFail                    
0000bfb8  cpuSelfTestFail                     
0000bfbc  vimParityCheck                      
0000c068  dmaParityCheck                      
0000c114  het1ParityCheck                     
0000c1c0  htu1ParityCheck                     
0000c27c  het2ParityCheck                     
0000c378  htu2ParityCheck                     
0000c428  adc1ParityCheck                     
0000c514  adc2ParityCheck                     
0000c5cc  can1ParityCheck                     
0000c6a4  can2ParityCheck                     
0000c76c  can3ParityCheck                     
0000c840  mibspi1ParityCheck                  
0000c948  mibspi3ParityCheck                  
0000ca6c  mibspi5ParityCheck                  
0000cb8c  checkRAMECC                         
0000cdd4  checkClockMonitor                   
0000ceb0  checkFlashEEPROMECC                 
0000d048  checkPLL1Slip                       
0000d148  checkPLL2Slip                       
0000d20c  checkRAMAddrParity                  
0000d318  checkRAMUERRTest                    
0000d480  fmcBus1ParityCheck                  
0000d5a8  pbistFail                           
0000d62c  pbistGetConfigValue                 
0000d778  stcGetConfigValue                   
0000d81c  efcGetConfigValue                   
0000d8b8  ccmr4GetConfigValue                 
0000d928  errata_PBIST_4                      
0000dc8c  enableParity                        
0000dd14  disableParity                       
0000deb8  spiInit                             
0000e11c  spiSetFunctional                    
0000e13c  spiReceiveData                      
0000e258  spiGetData                          
0000e350  spiTransmitData                     
0000e47c  spiSendData                         
0000e574  spiTransmitAndReceiveData           
0000e6b0  spiSendAndGetData                   
0000e7f0  SpiTxStatus                         
0000e87c  SpiRxStatus                         
0000e908  spiEnableLoopback                   
0000e93c  spiDisableLoopback                  
0000e958  spiEnableNotification               
0000e988  spiDisableNotification              
0000e9b4  spi1GetConfigValue                  
0000eb44  spi3GetConfigValue                  
0000eda4  setupPLL                            
0000ee04  trimLPO                             
0000ee78  setupFlash                          
0000eeb8  periphInit                          
0000ef0c  mapClocks                           
0000f034  systemInit                          
0000f100  systemPowerDown                     
0000f130  systemGetConfigValue                
0000f544  tcmflashGetConfigValue              
0000f6f0  sramGetConfigValue                  
0000f82c  customTrimLPO                       
0000f908  vimInit                             
0000f9dc  vimChannelMap                       
0000fa80  vimEnableInterrupt                  
0000fc48  vimDisableInterrupt                 
0000fcf4  vimGetConfigValue                   
00010360  hetInit                             
00010420  pwmStart                            
00010454  pwmStop                             
00010488  pwmSetDuty                          
000105c4  pwmSetSignal                        
00010740  pwmGetSignal                        
00010820  pwmEnableNotification               
00010868  pwmDisableNotification              
00010898  edgeResetCounter                    
000108c4  edgeGetCounter                      
000108f0  edgeEnableNotification              
0001092c  edgeDisableNotification             
0001096c  capGetSignal                        
00010a44  hetResetTimestamp                   
00010a60  hetGetTimestamp                     
00010a78  het1GetConfigValue                  
00010c50  muxInit                             
000110ec  pinmuxGetConfigValue                
000114fc  _errata_SSWF021_45_both_plls        
000116f0  _errata_SSWF021_45_pll1             
00011868  _errata_SSWF021_45_pll2             
00011b60  esmInit                             
00011c68  esmError                            
00011c84  esmEnableError                      
00011cac  esmDisableError                     
00011cd4  esmTriggerErrorPinReset             
00011ce4  esmActivateNormalOperation          
00011cf4  esmEnableInterrupt                  
00011d1c  esmDisableInterrupt                 
00011d44  esmSetInterruptLevel                
00011db8  esmClearStatus                      
00011df8  esmClearStatusBuffer                
00011e14  esmSetCounterPreloadValue           
00011e34  esmGetStatus                        
00011eb8  esmGetStatusBuffer                  
00011ef0  esmEnterSelfTest                    
00011f78  esmSelfTestStatus                   
00011fc8  esmGetConfigValue                   
0001211c  gioInit                             
000121ec  gioSetDirection                     
0001220c  gioSetBit                           
0001225c  gioSetPort                          
0001227c  gioGetBit                           
000122a4  gioGetPort                          
000122bc  gioToggleBit                        
00012314  gioEnableNotification               
0001237c  gioDisableNotification              
000123e4  gioGetConfigValue                   
000125a0  _coreInitRegisters_                 
000126ac  _coreInitStackPointer_              
000126f8  _getCPSRValue_                      
00012700  _gotoCPUIdle_                       
00012718  _coreEnableVfp_                     
00012730  _coreEnableEventBusExport_          
00012740  _coreDisableEventBusExport_         
00012750  _coreEnableRamEcc_                  
00012760  _coreDisableRamEcc_                 
00012770  _coreEnableFlashEcc_                
00012784  _coreDisableFlashEcc_               
00012794  _coreEnableIrqVicOffset_            
000127a4  _coreGetDataFault_                  
000127ac  _coreClearDataFault_                
000127b8  _coreGetInstructionFault_           
000127c0  _coreClearInstructionFault_         
000127cc  _coreGetDataFaultAddress_           
000127d4  _coreClearDataFaultAddress_         
000127e0  _coreGetInstructionFaultAddress_    
000127e8  _coreClearInstructionFaultAddress_  
000127f4  _coreGetAuxiliaryDataFault_         
000127fc  _coreClearAuxiliaryDataFault_       
00012808  _coreGetAuxiliaryInstructionFault_  
00012810  _coreClearAuxiliaryInstructionFault_
0001281c  _disable_interrupt_                 
00012824  _disable_FIQ_interrupt_             
0001282c  _disable_IRQ_interrupt_             
00012834  _enable_interrupt_                  
0001283c  _esmCcmErrorsClear_                 
000128c4  _errata_CORTEXR4_57_                
000128d4  _errata_CORTEXR4_66_                
000128e4  __TI_PINIT_Base                     
000128e8  __TI_PINIT_Limit                    
000128ec  vimParityErrorHandler               
00012bb8  _c_int00                            
000130b8  vListInitialise                     
00013110  vListInitialiseItem                 
0001312c  vListInsertEnd                      
000131a0  vListInsert                         
00013264  uxListRemove                        
000132f1  logf                                
00013684  main                                
00013704  ltcInit                             
00013824  init_PEC15_Table                    
000138e4  AE_pec15                            
00013984  het1HighLevelInterrupt              
00013a2c  het1LowLevelInterrupt               
00013bbc  xTaskNotifyStateClear               
00013c38  esmHighInterrupt                    
00013d4c  AE_calculateTemp                    
00013e60  _dabort                             
00013f48  esmGroup1Notification               
00013f58  esmGroup2Notification               
00013f68  memoryPort0TestFailNotification     
00013f84  memoryPort1TestFailNotification     
00013fa0  gioNotification                     
00013fb4  spiNotification                     
00013fc8  spiEndNotification                  
00013ff0  edgeNotification                    
00014004  hetNotification                     
00014018  dmaGroupANotification               
0001402c  _pmuInit_                           
00014078  _pmuEnableCountersGlobal_           
00014088  _pmuDisableCountersGlobal_          
00014098  _pmuResetCycleCounter_              
000140a8  _pmuResetEventCounters_             
000140b8  _pmuResetCounters_                  
000140c8  _pmuStartCounters_                  
000140d0  _pmuStopCounters_                   
000140d8  _pmuSetCountEvent_                  
000140e4  _pmuGetCycleCount_                  
000140ec  _pmuGetEventCount_                  
000140f8  _pmuGetOverflow_                    
0001410d  __aeabi_memcpy                      
0001410d  __aeabi_memcpy4                     
0001410d  __aeabi_memcpy8                     
0001410d  memcpy                              
000141a9  __aeabi_memclr                      
000141a9  __aeabi_memclr4                     
000141a9  __aeabi_memclr8                     
000141ab  __aeabi_memset                      
000141ab  __aeabi_memset4                     
000141ab  __aeabi_memset8                     
000141b1  memset                              
00014223  __TI_decompress_lzss                
0001428f  __aeabi_idiv0                       
0001428f  __aeabi_ldiv0                       
00014290  __aeabi_uidiv                       
00014290  __aeabi_uidivmod                    
000142e1  __TI_auto_init_nobinit_nopinit      
00014325  strlen                              
0001433b  __TI_decompress_none                
00014349  __TI_zero_init                      
00014355  __aeabi_errno_addr                  
0001435d  C$$EXIT                             
0001435d  abort                               
00014360  phantomInterrupt                    
00014364  handlePLLLockFail                   
080008d0  pxCurrentTCB                        
08001000  __start___llvm_prf_cnts             
08001000  __stop___llvm_prf_cnts              
08003400  pec15Table                          
08003680  overVoltage                         
08003688  unverVoltage                        
08003694  ltcSpi_ps                           
08003698  uwTick                              
0800369c  returnVarningClose                  
0800369d  status                              
080036a0  ltcBat                              
080038e8  ulCriticalNesting                   
080038ec  ulTaskHasFPUContext                 
080038f0  errno                               
ffffffff  __TI_pprof_out_hndl                 
ffffffff  __TI_prof_data_size                 
ffffffff  __TI_prof_data_start                
ffffffff  __binit__                           
ffffffff  __c_args__                          
ffffffff  binit                               
UNDEFED   SHT$$INIT_ARRAY$$Base               
UNDEFED   SHT$$INIT_ARRAY$$Limit              
UNDEFED   _system_post_cinit                  

[362 symbols]
