******************************************************************************
                  TI ARM Linker PC v20.2.5                     
******************************************************************************
>> Linked Mon Feb 19 17:44:47 2024

OUTPUT FILE NAME:   <009_Ltc6812.out>
ENTRY POINT SYMBOL: "_c_int00"  address: 00012190


MEMORY CONFIGURATION

         name            origin    length      used     unused   attr    fill
----------------------  --------  ---------  --------  --------  ----  --------
  VECTORS               00000000   00000020  00000020  00000000     X
  KERNEL                00000020   00008000  000038cc  00004734  R  X
  FLASH0                00008020   00137fe0  0000bed0  0012c110  R  X
  STACKS                08000000   00000800  00000000  00000800  RW  
  KRAM                  08000800   00000800  00000104  000006fc  RW  
  RAM                   08001000   0002f000  000028b9  0002c747  RW  


SEGMENT ALLOCATION MAP

run origin  load origin   length   init length attrs members
----------  ----------- ---------- ----------- ----- -------
00000000    00000000    000038f0   000038f0    r-x
  00000000    00000000    00000020   00000020    r-x .intvecs
  00000020    00000020    000037c4   000037c4    r-x .kernelTEXT
  000037e8    000037e8    00000108   00000108    r-- .cinit
00008020    00008020    0000bed0   0000bed0    r-x
  00008020    00008020    0000b910   0000b910    r-x .text
  00013930    00013930    000005c0   000005c0    r-- .const
08000800    08000800    00000104   00000000    rw-
  08000800    08000800    00000104   00000000    rw- .kernelBSS
08001000    08001000    000028bb   00000000    rw-
  08001000    08001000    00002000   00000000    rw- .kernelHEAP
  08003000    08003000    0000068e   00000000    rw- .bss
  08003690    08003690    0000022b   00000000    rw- .data


SECTION ALLOCATION MAP

 output                                  attributes/
section   page    origin      length       input sections
--------  ----  ----------  ----------   ----------------
.intvecs   0    00000000    00000020     
                  00000000    00000020     sys_intvecs.obj (.intvecs)

.kernelTEXT 
*          0    00000020    000037c4     
                  00000020    00002bb8     os_tasks.obj (.kernelTEXT)
                  00002bd8    000004b0     os_portasm.obj (.kernelTEXT)
                  00003088    000003e0     os_port.obj (.kernelTEXT)
                  00003468    0000037c     os_heap.obj (.kernelTEXT)

.cinit     0    000037e8    00000108     
                  000037e8    000000bf     (.cinit..data.load) [load image, compression = lzss]
                  000038a7    00000001     --HOLE-- [fill = 0]
                  000038a8    0000000c     (__TI_handler_table)
                  000038b4    00000009     (.cinit..kernelBSS.load) [load image, compression = lzss]
                  000038bd    00000003     --HOLE-- [fill = 0]
                  000038c0    00000008     (.cinit..bss.load) [load image, compression = zero_init]
                  000038c8    00000008     (.cinit..kernelHEAP.load) [load image, compression = zero_init]
                  000038d0    00000020     (__TI_cinit_table)

.text      0    00008020    0000b910     
                  00008020    00002cdc     sys_selftest.obj (.text)
                  0000acfc    00002794     ltc6812.obj (.text)
                  0000d490    00000eec     spi.obj (.text)
                  0000e37c    00000b64     system.obj (.text)
                  0000eee0    00000a58     sys_vim.obj (.text)
                  0000f938    000008f0     het.obj (.text)
                  00010228    000008ac     pinmux.obj (.text)
                  00010ad4    00000664     errata_SSWF021_45.obj (.text)
                  00011138    000005bc     esm.obj (.text)
                  000116f4    00000484     gio.obj (.text)
                  00011b78    0000034c     sys_core.obj (.text)
                  00011ec4    000002cc     sys_vim.obj (.text:retain)
                  00012190    00000288     sys_startup.obj (.text:retain)
                  00012418    00000278     os_heap.obj (.text)
                  00012690    00000238     os_list.obj (.text)
                  000128c8    000001e4     rtsv7R4_T_be_v3D16_eabi.lib : e_logf.c.obj (.text:logf)
                  00012aac    000001b0     os_port.obj (.text)
                  00012c5c    00000190     sys_main.obj (.text)
                  00012dec    00000160     crc15.obj (.text)
                  00012f4c    0000015c     het.obj (.text:retain)
                  000130a8    00000158     os_tasks.obj (.text)
                  00013200    00000114     esm.obj (.text:retain)
                  00013314    00000114     temperature.obj (.text)
                  00013428    000000e8     dabort.obj (.text)
                  00013510    000000e4     notification.obj (.text)
                  000135f4    000000e0     sys_pmu.obj (.text)
                  000136d4    0000009c     rtsv7R4_T_be_v3D16_eabi.lib : memcpy_t2.asm.obj (.text)
                  00013770    0000007a                                 : memset_t2.asm.obj (.text)
                  000137ea    0000006c                                 : copy_decompress_lzss.c.obj (.text:decompress:lzss:__TI_decompress_lzss)
                  00013856    00000002                                 : div0.asm.obj (.text)
                  00013858    00000050                                 : u_div32.asm.obj (.text)
                  000138a8    00000044                                 : autoinit.c.obj (.text:__TI_auto_init_nobinit_nopinit:__TI_auto_init_nobinit_nopinit)
                  000138ec    00000016                                 : strlen.c.obj (.text:strlen)
                  00013902    0000000e                                 : copy_decompress_none.c.obj (.text:decompress:none:__TI_decompress_none)
                  00013910    0000000c                                 : copy_zero_init.c.obj (.text:decompress:ZI:__TI_zero_init)
                  0001391c    00000008                                 : errno.c.obj (.text:__aeabi_errno_addr)
                  00013924    00000004                                 : exit.c.obj (.text:abort:abort)
                  00013928    00000004     sys_phantom.obj (.text:retain)
                  0001392c    00000004     sys_startup.obj (.text)

.const     0    00013930    000005c0     
                  00013930    000003a0     het.obj (.const:het1PROGRAM)
                  00013cd0    00000200     sys_vim.obj (.const:s_vim_init)
                  00013ed0    00000020     het.obj (.const:s_het1pwmPolarity)

.kernelBSS 
*          0    08000800    00000104     UNINITIALIZED
                  08000800    000000d0     os_tasks.obj (.kernelBSS:uninit)
                  080008d0    00000034     os_tasks.obj (.kernelBSS:init)

.kernelHEAP 
*          0    08001000    00002000     UNINITIALIZED
                  08001000    00002000     os_heap.obj (.kernelHEAP)

.bss       0    08003000    0000068e     UNINITIALIZED
                  08003000    00000200     ltc6812.obj (.bss:rxBuffer)
                  08003200    00000200     ltc6812.obj (.bss:txBuffer)
                  08003400    00000200     (.common:pec15Table)
                  08003600    00000078     spi.obj (.bss:g_spiPacket_t)
                  08003678    00000008     os_heap.obj (.bss:xStart)
                  08003680    00000004     ltc6812.obj (.bss)
                  08003684    00000004     (.common:ltcSpi_ps)
                  08003688    00000004     (.common:uwTick)
                  0800368c    00000001     (.common:returnVarningClose)
                  0800368d    00000001     (.common:status)

.data      0    08003690    0000022b     UNINITIALIZED
                  08003690    00000150     sys_main.obj (.data:ltcBat)
                  080037e0    00000010     os_heap.obj (.data)
                  080037f0    00000008     ltc6812.obj (.data:cmdCLRAUX_pu16)
                  080037f8    00000008     ltc6812.obj (.data:cmdCLRCELL_pu16)
                  08003800    00000008     ltc6812.obj (.data:cmdCLRSTAT_pu16)
                  08003808    00000008     ltc6812.obj (.data:cmdMute_pu16)
                  08003810    00000008     ltc6812.obj (.data:cmdPladc_pu16)
                  08003818    00000008     ltc6812.obj (.data:cmdRDAUXA_pu16)
                  08003820    00000008     ltc6812.obj (.data:cmdRDAUXB_pu16)
                  08003828    00000008     ltc6812.obj (.data:cmdRDAUXC_pu16)
                  08003830    00000008     ltc6812.obj (.data:cmdRDAUXD_pu16)
                  08003838    00000008     ltc6812.obj (.data:cmdRDCFGA_pu16)
                  08003840    00000008     ltc6812.obj (.data:cmdRDCFGB_pu16)
                  08003848    00000008     ltc6812.obj (.data:cmdRDCVA_pu16)
                  08003850    00000008     ltc6812.obj (.data:cmdRDCVB_pu16)
                  08003858    00000008     ltc6812.obj (.data:cmdRDCVC_pu16)
                  08003860    00000008     ltc6812.obj (.data:cmdRDCVD_pu16)
                  08003868    00000008     ltc6812.obj (.data:cmdRDCVE_pu16)
                  08003870    00000008     ltc6812.obj (.data:cmdRDSTATA_pu16)
                  08003878    00000008     ltc6812.obj (.data:cmdRDSTATB_pu16)
                  08003880    00000008     ltc6812.obj (.data:cmdUnMute_pu16)
                  08003888    00000008     ltc6812.obj (.data:cmdWRCFGA_pu16)
                  08003890    00000008     ltc6812.obj (.data:cmdWRCFGB_pu16)
                  08003898    00000008     ltc6812.obj (.data:cmdWRPSB_pu16)
                  080038a0    00000008     ltc6812.obj (.data:cmdWRPWM_pu16)
                  080038a8    00000008     os_port.obj (.data)
                  080038b0    00000004     rtsv7R4_T_be_v3D16_eabi.lib : errno.c.obj (.data)
                  080038b4    00000004     ltc6812.obj (.data:spiDat_s)
                  080038b8    00000003     ltc6812.obj (.data)

__llvm_prf_cnts 
*          0    08001000    00000000     UNINITIALIZED

MODULE SUMMARY

       Module                       code    ro data   rw data
       ------                       ----    -------   -------
    .\009_Ltc6812\source\
       os_tasks.obj                 11536   0         260    
       sys_selftest.obj             11484   0         0      
       os_heap.obj                  1524    0         8216   
       spi.obj                      3820    0         120    
       sys_vim.obj                  3364    512       0      
       het.obj                      2636    960       0      
       system.obj                   2916    0         0      
       pinmux.obj                   2220    0         0      
       esm.obj                      1744    0         0      
       errata_SSWF021_45.obj        1636    0         0      
       os_port.obj                  1424    0         8      
       os_portasm.obj               1200    0         0      
       gio.obj                      1156    0         0      
       sys_core.obj                 844     0         0      
       sys_main.obj                 400     0         338    
       sys_startup.obj              652     0         0      
       os_list.obj                  568     0         0      
       dabort.obj                   232     0         0      
       notification.obj             228     0         0      
       sys_pmu.obj                  224     0         0      
       sys_intvecs.obj              32      0         0      
       sys_phantom.obj              4       0         0      
    +--+----------------------------+-------+---------+---------+
       Total:                       49844   1472      8942   
                                                             
    .\ltc681x\crc\
       crc15.obj                    352     0         512    
    +--+----------------------------+-------+---------+---------+
       Total:                       352     0         512    
                                                             
    .\ltc681x\ltc\
       ltc6812.obj                  10132   0         1227   
    +--+----------------------------+-------+---------+---------+
       Total:                       10132   0         1227   
                                                             
    .\ltc681x\temperature\
       temperature.obj              276     0         0      
    +--+----------------------------+-------+---------+---------+
       Total:                       276     0         0      
                                                             
    C:/ti/ccs1120/ccs/tools/compiler/ti-cgt-arm_20.2.5.LTS/lib/rtsv7R4_T_be_v3D16_eabi.lib
       e_logf.c.obj                 484     0         0      
       memcpy_t2.asm.obj            156     0         0      
       memset_t2.asm.obj            122     0         0      
       copy_decompress_lzss.c.obj   108     0         0      
       u_div32.asm.obj              80      0         0      
       autoinit.c.obj               68      0         0      
       strlen.c.obj                 22      0         0      
       copy_decompress_none.c.obj   14      0         0      
       copy_zero_init.c.obj         12      0         0      
       errno.c.obj                  8       0         4      
       exit.c.obj                   4       0         0      
       div0.asm.obj                 2       0         0      
    +--+----------------------------+-------+---------+---------+
       Total:                       1080    0         4      
                                                             
       Linker Generated:            0       260       0      
    +--+----------------------------+-------+---------+---------+
       Grand Total:                 61684   1732      10685  


LINKER GENERATED COPY TABLES

__TI_cinit_table @ 000038d0 records: 4, size/record: 8, table size: 32
	.data: load addr=000037e8, load size=000000bf bytes, run addr=08003690, run size=0000022b bytes, compression=lzss
	.kernelBSS: load addr=000038b4, load size=00000009 bytes, run addr=08000800, run size=00000104 bytes, compression=lzss
	.bss: load addr=000038c0, load size=00000008 bytes, run addr=08003000, run size=0000068e bytes, compression=zero_init
	.kernelHEAP: load addr=000038c8, load size=00000008 bytes, run addr=08001000, run size=00002000 bytes, compression=zero_init


LINKER GENERATED HANDLER TABLE

__TI_handler_table @ 000038a8 records: 3, size/record: 4, table size: 12
	index: 0, handler: __TI_decompress_lzss
	index: 1, handler: __TI_decompress_none
	index: 2, handler: __TI_zero_init


GLOBAL SYMBOLS: SORTED ALPHABETICALLY BY Name 

address   name                                
-------   ----                                
00013314  AE_calculateTemp                    
0000d3e8  AE_delayMs                          
0000d424  AE_delayTenUs                       
0000bd08  AE_ltcAdcMeasureState               
0000cad8  AE_ltcBalance                       
0000c6c0  AE_ltcClearCellAdc                  
0000c730  AE_ltcClearGpioAdc                  
0000c7a0  AE_ltcClearStatusAdc                
0000b2c8  AE_ltcCmdRead                       
0000b0dc  AE_ltcCmdWrite                      
0000c93c  AE_ltcContinuePwm                   
0000acfc  AE_ltcInit                          
0000cc10  AE_ltcIsBalanceComplete             
0000cda0  AE_ltcIsCellOpenWire                
0000d058  AE_ltcIsGpioOpenWire                
0000ccf0  AE_ltcMinCellVolt                   
0000c928  AE_ltcPausePwm                      
0000c950  AE_ltcPreBalance                    
0000b134  AE_ltcRead                          
0000b4a8  AE_ltcReadCellVoltage               
0000b474  AE_ltcReadConfRegA                  
0000b48c  AE_ltcReadConfRegB                  
0000be70  AE_ltcReadGpioVoltage               
0000c328  AE_ltcReadStatusRegA                
0000c4e0  AE_ltcReadStatusRegB                
0000b8e8  AE_ltcSetUnderOverVoltage           
0000bbbc  AE_ltcStartCellAdc                  
0000bd34  AE_ltcStartGpioAdc                  
0000c830  AE_ltcStartPwm                      
0000c1e8  AE_ltcStartStatusAdc                
0000d364  AE_ltcTemperature                   
0000b9f8  AE_ltcUnderOverFlag                 
0000b3b8  AE_ltcWakeUpIdle                    
0000b330  AE_ltcWakeUpSleep                   
0000af04  AE_ltcWrite                         
0000b440  AE_ltcWriteConfRegA                 
0000b458  AE_ltcWriteConfRegB                 
00012eac  AE_pec15                            
00013925  C$$EXIT                             
UNDEFED   SHT$$INIT_ARRAY$$Base               
UNDEFED   SHT$$INIT_ARRAY$$Limit              
0000de54  SpiRxStatus                         
0000ddc8  SpiTxStatus                         
000038d0  __TI_CINIT_Base                     
000038f0  __TI_CINIT_Limit                    
000038a8  __TI_Handler_Table_Base             
000038b4  __TI_Handler_Table_Limit            
00011ebc  __TI_PINIT_Base                     
00011ec0  __TI_PINIT_Limit                    
000138a9  __TI_auto_init_nobinit_nopinit      
000137eb  __TI_decompress_lzss                
00013903  __TI_decompress_none                
ffffffff  __TI_pprof_out_hndl                 
ffffffff  __TI_prof_data_size                 
ffffffff  __TI_prof_data_start                
00000000  __TI_static_base__                  
00013911  __TI_zero_init                      
0001391d  __aeabi_errno_addr                  
00013857  __aeabi_idiv0                       
00013857  __aeabi_ldiv0                       
00013771  __aeabi_memclr                      
00013771  __aeabi_memclr4                     
00013771  __aeabi_memclr8                     
000136d5  __aeabi_memcpy                      
000136d5  __aeabi_memcpy4                     
000136d5  __aeabi_memcpy8                     
00013773  __aeabi_memset                      
00013773  __aeabi_memset4                     
00013773  __aeabi_memset8                     
00013858  __aeabi_uidiv                       
00013858  __aeabi_uidivmod                    
ffffffff  __binit__                           
ffffffff  __c_args__                          
08001000  __start___llvm_prf_cnts             
08001000  __stop___llvm_prf_cnts              
00012190  _c_int00                            
00011dd4  _coreClearAuxiliaryDataFault_       
00011de8  _coreClearAuxiliaryInstructionFault_
00011dac  _coreClearDataFaultAddress_         
00011d84  _coreClearDataFault_                
00011dc0  _coreClearInstructionFaultAddress_  
00011d98  _coreClearInstructionFault_         
00011d18  _coreDisableEventBusExport_         
00011d5c  _coreDisableFlashEcc_               
00011d38  _coreDisableRamEcc_                 
00011d08  _coreEnableEventBusExport_          
00011d48  _coreEnableFlashEcc_                
00011d6c  _coreEnableIrqVicOffset_            
00011d28  _coreEnableRamEcc_                  
00011cf0  _coreEnableVfp_                     
00011dcc  _coreGetAuxiliaryDataFault_         
00011de0  _coreGetAuxiliaryInstructionFault_  
00011da4  _coreGetDataFaultAddress_           
00011d7c  _coreGetDataFault_                  
00011db8  _coreGetInstructionFaultAddress_    
00011d90  _coreGetInstructionFault_           
00011b78  _coreInitRegisters_                 
00011c84  _coreInitStackPointer_              
00013428  _dabort                             
00011dfc  _disable_FIQ_interrupt_             
00011e04  _disable_IRQ_interrupt_             
00011df4  _disable_interrupt_                 
00011e0c  _enable_interrupt_                  
00011e9c  _errata_CORTEXR4_57_                
00011eac  _errata_CORTEXR4_66_                
00010ad4  _errata_SSWF021_45_both_plls        
00010cc8  _errata_SSWF021_45_pll1             
00010e40  _errata_SSWF021_45_pll2             
00011e14  _esmCcmErrorsClear_                 
00011cd0  _getCPSRValue_                      
00011cd8  _gotoCPUIdle_                       
00013650  _pmuDisableCountersGlobal_          
00013640  _pmuEnableCountersGlobal_           
000136ac  _pmuGetCycleCount_                  
000136b4  _pmuGetEventCount_                  
000136c0  _pmuGetOverflow_                    
000135f4  _pmuInit_                           
00013680  _pmuResetCounters_                  
00013660  _pmuResetCycleCounter_              
00013670  _pmuResetEventCounters_             
000136a0  _pmuSetCountEvent_                  
00013690  _pmuStartCounters_                  
00013698  _pmuStopCounters_                   
UNDEFED   _system_post_cinit                  
00013925  abort                               
0000926c  adc1ParityCheck                     
00009358  adc2ParityCheck                     
ffffffff  binit                               
00009410  can1ParityCheck                     
000094e8  can2ParityCheck                     
000095b0  can3ParityCheck                     
0000ff44  capGetSignal                        
00008030  ccmSelfCheck                        
0000a6fc  ccmr4GetConfigValue                 
00008938  checkB0RAMECC                       
00008b28  checkB1RAMECC                       
00009c18  checkClockMonitor                   
00008d18  checkFlashECC                       
00009cf4  checkFlashEEPROMECC                 
00009e8c  checkPLL1Slip                       
00009f8c  checkPLL2Slip                       
0000a050  checkRAMAddrParity                  
000099d0  checkRAMECC                         
0000a15c  checkRAMUERRTest                    
000087bc  checkefcSelfTest                    
00008234  cpuSelfTest                         
00008dfc  cpuSelfTestFail                     
0000ee04  customTrimLPO                       
00008df4  custom_dabort                       
0000ab58  disableParity                       
000135e0  dmaGroupANotification               
00008eac  dmaParityCheck                      
00001f00  eTaskConfirmSleepModeStatus         
00000888  eTaskGetState                       
0000ff04  edgeDisableNotification             
0000fec8  edgeEnableNotification              
0000fe9c  edgeGetCounter                      
000135b8  edgeNotification                    
0000fe70  edgeResetCounter                    
00008660  efcCheck                            
0000a660  efcGetConfigValue                   
00008794  efcSelfTest                         
000086e8  efcStuckZeroTest                    
0000aad0  enableParity                        
0000a76c  errata_PBIST_4                      
080038b0  errno                               
000112bc  esmActivateNormalOperation          
00011390  esmClearStatus                      
000113d0  esmClearStatusBuffer                
00011284  esmDisableError                     
000112f4  esmDisableInterrupt                 
0001125c  esmEnableError                      
000112cc  esmEnableInterrupt                  
000114c8  esmEnterSelfTest                    
00011240  esmError                            
000115a0  esmGetConfigValue                   
0001140c  esmGetStatus                        
00011490  esmGetStatusBuffer                  
00013510  esmGroup1Notification               
00013520  esmGroup2Notification               
00013200  esmHighInterrupt                    
00011138  esmInit                             
00011550  esmSelfTestStatus                   
000113ec  esmSetCounterPreloadValue           
0001131c  esmSetInterruptLevel                
000112ac  esmTriggerErrorPinReset             
0000a2c4  fmcBus1ParityCheck                  
0000885c  fmcBus2Check                        
00008898  fmcECCcheck                         
0000d3d4  getUsTick                           
00011954  gioDisableNotification              
000118ec  gioEnableNotification               
00011854  gioGetBit                           
000119bc  gioGetConfigValue                   
0001187c  gioGetPort                          
000116f4  gioInit                             
00013568  gioNotification                     
000117e4  gioSetBit                           
000117c4  gioSetDirection                     
00011834  gioSetPort                          
00011894  gioToggleBit                        
0001392c  handlePLLLockFail                   
00010050  het1GetConfigValue                  
00012f4c  het1HighLevelInterrupt              
00012ff4  het1LowLevelInterrupt               
00008f58  het1ParityCheck                     
000090c0  het2ParityCheck                     
00010038  hetGetTimestamp                     
0000f938  hetInit                             
000135cc  hetNotification                     
0001001c  hetResetTimestamp                   
00009004  htu1ParityCheck                     
000091bc  htu2ParityCheck                     
00012dec  init_PEC15_Table                    
000128c9  logf                                
08003690  ltcBat                              
00012ce8  ltcInit                             
08003684  ltcSpi_ps                           
00012c5c  main                                
0000e4e4  mapClocks                           
000136d5  memcpy                              
00008174  memoryInit                          
00013530  memoryPort0TestFailNotification     
0001354c  memoryPort1TestFailNotification     
00013779  memset                              
00009684  mibspi1ParityCheck                  
0000978c  mibspi3ParityCheck                  
000098b0  mibspi5ParityCheck                  
00010228  muxInit                             
0000a3ec  pbistFail                           
0000a470  pbistGetConfigValue                 
000085a8  pbistIsTestCompleted                
000085d4  pbistIsTestPassed                   
00008608  pbistPortTestStatus                 
000084ac  pbistRun                            
000082cc  pbistSelfCheck                      
00008578  pbistStop                           
00001344  pcTaskGetName                       
08003400  pec15Table                          
0000e490  periphInit                          
00013928  phantomInterrupt                    
000106c4  pinmuxGetConfigValue                
00003060  prvMpuDisable                       
00003048  prvMpuEnable                        
00003030  prvMpuSetRegion                     
00003468  pvPortMalloc                        
00001fe0  pvTaskGetThreadLocalStoragePointer  
0000fe40  pwmDisableNotification              
0000fdf8  pwmEnableNotification               
0000fd18  pwmGetSignal                        
0000d3ac  pwmNotification                     
0000fa60  pwmSetDuty                          
0000fb9c  pwmSetSignal                        
0000f9f8  pwmStart                            
0000fa2c  pwmStop                             
080008d0  pxCurrentTCB                        
00003088  pxPortInitialiseStack               
00000000  resetEntry                          
0800368c  returnVarningClose                  
00008020  selftestFailNotification            
0000e450  setupFlash                          
0000e37c  setupPLL                            
0000df8c  spi1GetConfigValue                  
0000e11c  spi3GetConfigValue                  
0000df14  spiDisableLoopback                  
0000df60  spiDisableNotification              
0000dee0  spiEnableLoopback                   
0000df30  spiEnableNotification               
00013590  spiEndNotification                  
0000d830  spiGetData                          
0000d490  spiInit                             
0001357c  spiNotification                     
0000d714  spiReceiveData                      
0000dc88  spiSendAndGetData                   
0000da54  spiSendData                         
0000d6f4  spiSetFunctional                    
0000db4c  spiTransmitAndReceiveData           
0000d928  spiTransmitData                     
0000ecc8  sramGetConfigValue                  
0800368d  status                              
0000a5bc  stcGetConfigValue                   
000081b8  stcSelfCheck                        
00008df8  stcSelfCheckFail                    
000138ed  strlen                              
0000e708  systemGetConfigValue                
0000e60c  systemInit                          
0000e6d8  systemPowerDown                     
0000eb1c  tcmflashGetConfigValue              
0000e3dc  trimLPO                             
080038a8  ulCriticalNesting                   
00002f58  ulPortCountLeadingZeros             
080038ac  ulTaskHasFPUContext                 
00002378  ulTaskNotifyTake                    
08003688  uwTick                              
0001283c  uxListRemove                        
00001338  uxTaskGetNumberOfTasks              
00002224  uxTaskGetStackHighWaterMark         
0000098c  uxTaskPriorityGet                   
000009d0  uxTaskPriorityGetFromISR            
0000233c  uxTaskResetEventItemValue           
00012690  vListInitialise                     
000126e8  vListInitialiseItem                 
00012778  vListInsert                         
00012704  vListInsertEnd                      
00003434  vPortEndScheduler                   
000036bc  vPortFree                           
000037cc  vPortInitialiseBlocks               
00002f4c  vPortInitialiseFPSCR                
00002e4c  vPortPreemptiveTick                 
00002f60  vPortSWI                            
00002bdc  vPortStartFirstTask                 
0000319c  vPortStoreTaskMPUSettings           
00002d58  vPortYeildWithinAPI                 
00002c6c  vPortYieldProcessor                 
0000204c  vTaskAllocateMPURegions             
00000804  vTaskDelay                          
00000698  vTaskDelayUntil                     
00000530  vTaskDelete                         
00001074  vTaskEndScheduler                   
00001ef0  vTaskMissedYield                    
00002930  vTaskNotifyGiveFromISR              
00001ab8  vTaskPlaceOnEventList               
00001afc  vTaskPlaceOnUnorderedEventList      
00000a18  vTaskPrioritySet                    
00000e14  vTaskResume                         
00001f7c  vTaskSetThreadLocalStoragePointer   
00001d74  vTaskSetTimeOutState                
00000fdc  vTaskStartScheduler                 
00001658  vTaskStepTick                       
00000c10  vTaskSuspend                        
00001090  vTaskSuspendAll                     
000019d8  vTaskSwitchContext                  
0000efb4  vimChannelMap                       
0000f220  vimDisableInterrupt                 
0000f058  vimEnableInterrupt                  
0000f2cc  vimGetConfigValue                   
0000eee0  vimInit                             
00008e00  vimParityCheck                      
00011ec4  vimParityErrorHandler               
000037b4  xPortGetFreeHeapSize                
000037c0  xPortGetMinimumEverFreeHeapSize     
00003410  xPortStartScheduler                 
000016b4  xTaskAbortDelay                     
00001db8  xTaskCheckForTimeOut                
000000fc  xTaskCreate                         
00000020  xTaskCreateRestricted               
00002560  xTaskGenericNotify                  
00002730  xTaskGenericNotifyFromISR           
00001518  xTaskGetHandle                      
00001620  xTaskGetIdleTaskHandle              
000022ec  xTaskGetSchedulerState              
000012f8  xTaskGetTickCount                   
00001314  xTaskGetTickCountFromISR            
000017b0  xTaskIncrementTick                  
00013184  xTaskNotifyStateClear               
0000244c  xTaskNotifyWait                     
00001b80  xTaskRemoveFromEventList            
00001c70  xTaskRemoveFromUnorderedEventList   
00001148  xTaskResumeAll                      
00000ef4  xTaskResumeFromISR                  


GLOBAL SYMBOLS: SORTED BY Symbol Address 

address   name                                
-------   ----                                
00000000  __TI_static_base__                  
00000000  resetEntry                          
00000020  xTaskCreateRestricted               
000000fc  xTaskCreate                         
00000530  vTaskDelete                         
00000698  vTaskDelayUntil                     
00000804  vTaskDelay                          
00000888  eTaskGetState                       
0000098c  uxTaskPriorityGet                   
000009d0  uxTaskPriorityGetFromISR            
00000a18  vTaskPrioritySet                    
00000c10  vTaskSuspend                        
00000e14  vTaskResume                         
00000ef4  xTaskResumeFromISR                  
00000fdc  vTaskStartScheduler                 
00001074  vTaskEndScheduler                   
00001090  vTaskSuspendAll                     
00001148  xTaskResumeAll                      
000012f8  xTaskGetTickCount                   
00001314  xTaskGetTickCountFromISR            
00001338  uxTaskGetNumberOfTasks              
00001344  pcTaskGetName                       
00001518  xTaskGetHandle                      
00001620  xTaskGetIdleTaskHandle              
00001658  vTaskStepTick                       
000016b4  xTaskAbortDelay                     
000017b0  xTaskIncrementTick                  
000019d8  vTaskSwitchContext                  
00001ab8  vTaskPlaceOnEventList               
00001afc  vTaskPlaceOnUnorderedEventList      
00001b80  xTaskRemoveFromEventList            
00001c70  xTaskRemoveFromUnorderedEventList   
00001d74  vTaskSetTimeOutState                
00001db8  xTaskCheckForTimeOut                
00001ef0  vTaskMissedYield                    
00001f00  eTaskConfirmSleepModeStatus         
00001f7c  vTaskSetThreadLocalStoragePointer   
00001fe0  pvTaskGetThreadLocalStoragePointer  
0000204c  vTaskAllocateMPURegions             
00002224  uxTaskGetStackHighWaterMark         
000022ec  xTaskGetSchedulerState              
0000233c  uxTaskResetEventItemValue           
00002378  ulTaskNotifyTake                    
0000244c  xTaskNotifyWait                     
00002560  xTaskGenericNotify                  
00002730  xTaskGenericNotifyFromISR           
00002930  vTaskNotifyGiveFromISR              
00002bdc  vPortStartFirstTask                 
00002c6c  vPortYieldProcessor                 
00002d58  vPortYeildWithinAPI                 
00002e4c  vPortPreemptiveTick                 
00002f4c  vPortInitialiseFPSCR                
00002f58  ulPortCountLeadingZeros             
00002f60  vPortSWI                            
00003030  prvMpuSetRegion                     
00003048  prvMpuEnable                        
00003060  prvMpuDisable                       
00003088  pxPortInitialiseStack               
0000319c  vPortStoreTaskMPUSettings           
00003410  xPortStartScheduler                 
00003434  vPortEndScheduler                   
00003468  pvPortMalloc                        
000036bc  vPortFree                           
000037b4  xPortGetFreeHeapSize                
000037c0  xPortGetMinimumEverFreeHeapSize     
000037cc  vPortInitialiseBlocks               
000038a8  __TI_Handler_Table_Base             
000038b4  __TI_Handler_Table_Limit            
000038d0  __TI_CINIT_Base                     
000038f0  __TI_CINIT_Limit                    
00008020  selftestFailNotification            
00008030  ccmSelfCheck                        
00008174  memoryInit                          
000081b8  stcSelfCheck                        
00008234  cpuSelfTest                         
000082cc  pbistSelfCheck                      
000084ac  pbistRun                            
00008578  pbistStop                           
000085a8  pbistIsTestCompleted                
000085d4  pbistIsTestPassed                   
00008608  pbistPortTestStatus                 
00008660  efcCheck                            
000086e8  efcStuckZeroTest                    
00008794  efcSelfTest                         
000087bc  checkefcSelfTest                    
0000885c  fmcBus2Check                        
00008898  fmcECCcheck                         
00008938  checkB0RAMECC                       
00008b28  checkB1RAMECC                       
00008d18  checkFlashECC                       
00008df4  custom_dabort                       
00008df8  stcSelfCheckFail                    
00008dfc  cpuSelfTestFail                     
00008e00  vimParityCheck                      
00008eac  dmaParityCheck                      
00008f58  het1ParityCheck                     
00009004  htu1ParityCheck                     
000090c0  het2ParityCheck                     
000091bc  htu2ParityCheck                     
0000926c  adc1ParityCheck                     
00009358  adc2ParityCheck                     
00009410  can1ParityCheck                     
000094e8  can2ParityCheck                     
000095b0  can3ParityCheck                     
00009684  mibspi1ParityCheck                  
0000978c  mibspi3ParityCheck                  
000098b0  mibspi5ParityCheck                  
000099d0  checkRAMECC                         
00009c18  checkClockMonitor                   
00009cf4  checkFlashEEPROMECC                 
00009e8c  checkPLL1Slip                       
00009f8c  checkPLL2Slip                       
0000a050  checkRAMAddrParity                  
0000a15c  checkRAMUERRTest                    
0000a2c4  fmcBus1ParityCheck                  
0000a3ec  pbistFail                           
0000a470  pbistGetConfigValue                 
0000a5bc  stcGetConfigValue                   
0000a660  efcGetConfigValue                   
0000a6fc  ccmr4GetConfigValue                 
0000a76c  errata_PBIST_4                      
0000aad0  enableParity                        
0000ab58  disableParity                       
0000acfc  AE_ltcInit                          
0000af04  AE_ltcWrite                         
0000b0dc  AE_ltcCmdWrite                      
0000b134  AE_ltcRead                          
0000b2c8  AE_ltcCmdRead                       
0000b330  AE_ltcWakeUpSleep                   
0000b3b8  AE_ltcWakeUpIdle                    
0000b440  AE_ltcWriteConfRegA                 
0000b458  AE_ltcWriteConfRegB                 
0000b474  AE_ltcReadConfRegA                  
0000b48c  AE_ltcReadConfRegB                  
0000b4a8  AE_ltcReadCellVoltage               
0000b8e8  AE_ltcSetUnderOverVoltage           
0000b9f8  AE_ltcUnderOverFlag                 
0000bbbc  AE_ltcStartCellAdc                  
0000bd08  AE_ltcAdcMeasureState               
0000bd34  AE_ltcStartGpioAdc                  
0000be70  AE_ltcReadGpioVoltage               
0000c1e8  AE_ltcStartStatusAdc                
0000c328  AE_ltcReadStatusRegA                
0000c4e0  AE_ltcReadStatusRegB                
0000c6c0  AE_ltcClearCellAdc                  
0000c730  AE_ltcClearGpioAdc                  
0000c7a0  AE_ltcClearStatusAdc                
0000c830  AE_ltcStartPwm                      
0000c928  AE_ltcPausePwm                      
0000c93c  AE_ltcContinuePwm                   
0000c950  AE_ltcPreBalance                    
0000cad8  AE_ltcBalance                       
0000cc10  AE_ltcIsBalanceComplete             
0000ccf0  AE_ltcMinCellVolt                   
0000cda0  AE_ltcIsCellOpenWire                
0000d058  AE_ltcIsGpioOpenWire                
0000d364  AE_ltcTemperature                   
0000d3ac  pwmNotification                     
0000d3d4  getUsTick                           
0000d3e8  AE_delayMs                          
0000d424  AE_delayTenUs                       
0000d490  spiInit                             
0000d6f4  spiSetFunctional                    
0000d714  spiReceiveData                      
0000d830  spiGetData                          
0000d928  spiTransmitData                     
0000da54  spiSendData                         
0000db4c  spiTransmitAndReceiveData           
0000dc88  spiSendAndGetData                   
0000ddc8  SpiTxStatus                         
0000de54  SpiRxStatus                         
0000dee0  spiEnableLoopback                   
0000df14  spiDisableLoopback                  
0000df30  spiEnableNotification               
0000df60  spiDisableNotification              
0000df8c  spi1GetConfigValue                  
0000e11c  spi3GetConfigValue                  
0000e37c  setupPLL                            
0000e3dc  trimLPO                             
0000e450  setupFlash                          
0000e490  periphInit                          
0000e4e4  mapClocks                           
0000e60c  systemInit                          
0000e6d8  systemPowerDown                     
0000e708  systemGetConfigValue                
0000eb1c  tcmflashGetConfigValue              
0000ecc8  sramGetConfigValue                  
0000ee04  customTrimLPO                       
0000eee0  vimInit                             
0000efb4  vimChannelMap                       
0000f058  vimEnableInterrupt                  
0000f220  vimDisableInterrupt                 
0000f2cc  vimGetConfigValue                   
0000f938  hetInit                             
0000f9f8  pwmStart                            
0000fa2c  pwmStop                             
0000fa60  pwmSetDuty                          
0000fb9c  pwmSetSignal                        
0000fd18  pwmGetSignal                        
0000fdf8  pwmEnableNotification               
0000fe40  pwmDisableNotification              
0000fe70  edgeResetCounter                    
0000fe9c  edgeGetCounter                      
0000fec8  edgeEnableNotification              
0000ff04  edgeDisableNotification             
0000ff44  capGetSignal                        
0001001c  hetResetTimestamp                   
00010038  hetGetTimestamp                     
00010050  het1GetConfigValue                  
00010228  muxInit                             
000106c4  pinmuxGetConfigValue                
00010ad4  _errata_SSWF021_45_both_plls        
00010cc8  _errata_SSWF021_45_pll1             
00010e40  _errata_SSWF021_45_pll2             
00011138  esmInit                             
00011240  esmError                            
0001125c  esmEnableError                      
00011284  esmDisableError                     
000112ac  esmTriggerErrorPinReset             
000112bc  esmActivateNormalOperation          
000112cc  esmEnableInterrupt                  
000112f4  esmDisableInterrupt                 
0001131c  esmSetInterruptLevel                
00011390  esmClearStatus                      
000113d0  esmClearStatusBuffer                
000113ec  esmSetCounterPreloadValue           
0001140c  esmGetStatus                        
00011490  esmGetStatusBuffer                  
000114c8  esmEnterSelfTest                    
00011550  esmSelfTestStatus                   
000115a0  esmGetConfigValue                   
000116f4  gioInit                             
000117c4  gioSetDirection                     
000117e4  gioSetBit                           
00011834  gioSetPort                          
00011854  gioGetBit                           
0001187c  gioGetPort                          
00011894  gioToggleBit                        
000118ec  gioEnableNotification               
00011954  gioDisableNotification              
000119bc  gioGetConfigValue                   
00011b78  _coreInitRegisters_                 
00011c84  _coreInitStackPointer_              
00011cd0  _getCPSRValue_                      
00011cd8  _gotoCPUIdle_                       
00011cf0  _coreEnableVfp_                     
00011d08  _coreEnableEventBusExport_          
00011d18  _coreDisableEventBusExport_         
00011d28  _coreEnableRamEcc_                  
00011d38  _coreDisableRamEcc_                 
00011d48  _coreEnableFlashEcc_                
00011d5c  _coreDisableFlashEcc_               
00011d6c  _coreEnableIrqVicOffset_            
00011d7c  _coreGetDataFault_                  
00011d84  _coreClearDataFault_                
00011d90  _coreGetInstructionFault_           
00011d98  _coreClearInstructionFault_         
00011da4  _coreGetDataFaultAddress_           
00011dac  _coreClearDataFaultAddress_         
00011db8  _coreGetInstructionFaultAddress_    
00011dc0  _coreClearInstructionFaultAddress_  
00011dcc  _coreGetAuxiliaryDataFault_         
00011dd4  _coreClearAuxiliaryDataFault_       
00011de0  _coreGetAuxiliaryInstructionFault_  
00011de8  _coreClearAuxiliaryInstructionFault_
00011df4  _disable_interrupt_                 
00011dfc  _disable_FIQ_interrupt_             
00011e04  _disable_IRQ_interrupt_             
00011e0c  _enable_interrupt_                  
00011e14  _esmCcmErrorsClear_                 
00011e9c  _errata_CORTEXR4_57_                
00011eac  _errata_CORTEXR4_66_                
00011ebc  __TI_PINIT_Base                     
00011ec0  __TI_PINIT_Limit                    
00011ec4  vimParityErrorHandler               
00012190  _c_int00                            
00012690  vListInitialise                     
000126e8  vListInitialiseItem                 
00012704  vListInsertEnd                      
00012778  vListInsert                         
0001283c  uxListRemove                        
000128c9  logf                                
00012c5c  main                                
00012ce8  ltcInit                             
00012dec  init_PEC15_Table                    
00012eac  AE_pec15                            
00012f4c  het1HighLevelInterrupt              
00012ff4  het1LowLevelInterrupt               
00013184  xTaskNotifyStateClear               
00013200  esmHighInterrupt                    
00013314  AE_calculateTemp                    
00013428  _dabort                             
00013510  esmGroup1Notification               
00013520  esmGroup2Notification               
00013530  memoryPort0TestFailNotification     
0001354c  memoryPort1TestFailNotification     
00013568  gioNotification                     
0001357c  spiNotification                     
00013590  spiEndNotification                  
000135b8  edgeNotification                    
000135cc  hetNotification                     
000135e0  dmaGroupANotification               
000135f4  _pmuInit_                           
00013640  _pmuEnableCountersGlobal_           
00013650  _pmuDisableCountersGlobal_          
00013660  _pmuResetCycleCounter_              
00013670  _pmuResetEventCounters_             
00013680  _pmuResetCounters_                  
00013690  _pmuStartCounters_                  
00013698  _pmuStopCounters_                   
000136a0  _pmuSetCountEvent_                  
000136ac  _pmuGetCycleCount_                  
000136b4  _pmuGetEventCount_                  
000136c0  _pmuGetOverflow_                    
000136d5  __aeabi_memcpy                      
000136d5  __aeabi_memcpy4                     
000136d5  __aeabi_memcpy8                     
000136d5  memcpy                              
00013771  __aeabi_memclr                      
00013771  __aeabi_memclr4                     
00013771  __aeabi_memclr8                     
00013773  __aeabi_memset                      
00013773  __aeabi_memset4                     
00013773  __aeabi_memset8                     
00013779  memset                              
000137eb  __TI_decompress_lzss                
00013857  __aeabi_idiv0                       
00013857  __aeabi_ldiv0                       
00013858  __aeabi_uidiv                       
00013858  __aeabi_uidivmod                    
000138a9  __TI_auto_init_nobinit_nopinit      
000138ed  strlen                              
00013903  __TI_decompress_none                
00013911  __TI_zero_init                      
0001391d  __aeabi_errno_addr                  
00013925  C$$EXIT                             
00013925  abort                               
00013928  phantomInterrupt                    
0001392c  handlePLLLockFail                   
080008d0  pxCurrentTCB                        
08001000  __start___llvm_prf_cnts             
08001000  __stop___llvm_prf_cnts              
08003400  pec15Table                          
08003684  ltcSpi_ps                           
08003688  uwTick                              
0800368c  returnVarningClose                  
0800368d  status                              
08003690  ltcBat                              
080038a8  ulCriticalNesting                   
080038ac  ulTaskHasFPUContext                 
080038b0  errno                               
ffffffff  __TI_pprof_out_hndl                 
ffffffff  __TI_prof_data_size                 
ffffffff  __TI_prof_data_start                
ffffffff  __binit__                           
ffffffff  __c_args__                          
ffffffff  binit                               
UNDEFED   SHT$$INIT_ARRAY$$Base               
UNDEFED   SHT$$INIT_ARRAY$$Limit              
UNDEFED   _system_post_cinit                  

[360 symbols]
