******************************************************************************
                  TI ARM Linker PC v20.2.5                     
******************************************************************************
>> Linked Tue Feb 27 17:51:23 2024

OUTPUT FILE NAME:   <009_Ltc6812.out>
ENTRY POINT SYMBOL: "_c_int00"  address: 000130a8


MEMORY CONFIGURATION

         name            origin    length      used     unused   attr    fill
----------------------  --------  ---------  --------  --------  ----  --------
  VECTORS               00000000   00000020  00000020  00000000     X
  KERNEL                00000020   00008000  000038d4  0000472c  R  X
  FLASH0                00008020   00137fe0  0000ce4c  0012b194  R  X
  STACKS                08000000   00000800  00000000  00000800  RW  
  KRAM                  08000800   00000800  00000104  000006fc  RW  
  RAM                   08001000   0002f000  0000283c  0002c7c4  RW  


SEGMENT ALLOCATION MAP

run origin  load origin   length   init length attrs members
----------  ----------- ---------- ----------- ----- -------
00000000    00000000    000038f8   000038f8    r-x
  00000000    00000000    00000020   00000020    r-x .intvecs
  00000020    00000020    000037c4   000037c4    r-x .kernelTEXT
  000037e8    000037e8    00000110   00000110    r-- .cinit
00008020    00008020    0000ce4c   0000ce4c    r-x
  00008020    00008020    0000c88c   0000c88c    r-x .text
  000148ac    000148ac    000005c0   000005c0    r-- .const
08000800    08000800    00000104   00000000    rw-
  08000800    08000800    00000104   00000000    rw- .kernelBSS
08001000    08001000    0000283e   00000000    rw-
  08001000    08001000    00002000   00000000    rw- .kernelHEAP
  08003000    08003000    00000692   00000000    rw- .bss
  08003694    08003694    000001aa   00000000    rw- .data


SECTION ALLOCATION MAP

 output                                  attributes/
section   page    origin      length       input sections
--------  ----  ----------  ----------   ----------------
.intvecs   0    00000000    00000020     
                  00000000    00000020     sys_intvecs.obj (.intvecs)

.kernelTEXT 
*          0    00000020    000037c4     
                  00000020    00002bb8     os_tasks.obj (.kernelTEXT)
                  00002bd8    000004b0     os_portasm.obj (.kernelTEXT)
                  00003088    000003e0     os_port.obj (.kernelTEXT)
                  00003468    0000037c     os_heap.obj (.kernelTEXT)

.cinit     0    000037e8    00000110     
                  000037e8    000000c4     (.cinit..data.load) [load image, compression = lzss]
                  000038ac    0000000c     (__TI_handler_table)
                  000038b8    00000009     (.cinit..kernelBSS.load) [load image, compression = lzss]
                  000038c1    00000007     --HOLE-- [fill = 0]
                  000038c8    00000008     (.cinit..bss.load) [load image, compression = zero_init]
                  000038d0    00000008     (.cinit..kernelHEAP.load) [load image, compression = zero_init]
                  000038d8    00000020     (__TI_cinit_table)

.text      0    00008020    0000c88c     
                  00008020    000036ac     ltc6812.obj (.text)
                  0000b6cc    00002cdc     sys_selftest.obj (.text)
                  0000e3a8    00000eec     spi.obj (.text)
                  0000f294    00000b64     system.obj (.text)
                  0000fdf8    00000a58     sys_vim.obj (.text)
                  00010850    000008f0     het.obj (.text)
                  00011140    000008ac     pinmux.obj (.text)
                  000119ec    00000664     errata_SSWF021_45.obj (.text)
                  00012050    000005bc     esm.obj (.text)
                  0001260c    00000484     gio.obj (.text)
                  00012a90    0000034c     sys_core.obj (.text)
                  00012ddc    000002cc     sys_vim.obj (.text:retain)
                  000130a8    00000288     sys_startup.obj (.text:retain)
                  00013330    00000278     os_heap.obj (.text)
                  000135a8    00000238     os_list.obj (.text)
                  000137e0    000001f4     sys_main.obj (.text)
                  000139d4    000001e4     rtsv7R4_T_be_v3D16_eabi.lib : e_logf.c.obj (.text:logf)
                  00013bb8    000001b0     os_port.obj (.text)
                  00013d68    00000160     crc15.obj (.text)
                  00013ec8    0000015c     het.obj (.text:retain)
                  00014024    00000158     os_tasks.obj (.text)
                  0001417c    00000114     esm.obj (.text:retain)
                  00014290    00000114     temperature.obj (.text)
                  000143a4    000000e8     dabort.obj (.text)
                  0001448c    000000e4     notification.obj (.text)
                  00014570    000000e0     sys_pmu.obj (.text)
                  00014650    0000009c     rtsv7R4_T_be_v3D16_eabi.lib : memcpy_t2.asm.obj (.text)
                  000146ec    0000007a                                 : memset_t2.asm.obj (.text)
                  00014766    0000006c                                 : copy_decompress_lzss.c.obj (.text:decompress:lzss:__TI_decompress_lzss)
                  000147d2    00000002                                 : div0.asm.obj (.text)
                  000147d4    00000050                                 : u_div32.asm.obj (.text)
                  00014824    00000044                                 : autoinit.c.obj (.text:__TI_auto_init_nobinit_nopinit:__TI_auto_init_nobinit_nopinit)
                  00014868    00000016                                 : strlen.c.obj (.text:strlen)
                  0001487e    0000000e                                 : copy_decompress_none.c.obj (.text:decompress:none:__TI_decompress_none)
                  0001488c    0000000c                                 : copy_zero_init.c.obj (.text:decompress:ZI:__TI_zero_init)
                  00014898    00000008                                 : errno.c.obj (.text:__aeabi_errno_addr)
                  000148a0    00000004                                 : exit.c.obj (.text:abort:abort)
                  000148a4    00000004     sys_phantom.obj (.text:retain)
                  000148a8    00000004     sys_startup.obj (.text)

.const     0    000148ac    000005c0     
                  000148ac    000003a0     het.obj (.const:het1PROGRAM)
                  00014c4c    00000200     sys_vim.obj (.const:s_vim_init)
                  00014e4c    00000020     het.obj (.const:s_het1pwmPolarity)

.kernelBSS 
*          0    08000800    00000104     UNINITIALIZED
                  08000800    000000d0     os_tasks.obj (.kernelBSS:uninit)
                  080008d0    00000034     os_tasks.obj (.kernelBSS:init)

.kernelHEAP 
*          0    08001000    00002000     UNINITIALIZED
                  08001000    00002000     os_heap.obj (.kernelHEAP)

.bss       0    08003000    00000692     UNINITIALIZED
                  08003000    00000200     ltc6812.obj (.bss:rxBuffer)
                  08003200    00000200     ltc6812.obj (.bss:txBuffer)
                  08003400    00000200     (.common:pec15Table)
                  08003600    00000078     spi.obj (.bss:g_spiPacket_t)
                  08003678    00000008     os_heap.obj (.bss:xStart)
                  08003680    00000004     ltc6812.obj (.bss)
                  08003684    00000004     (.common:ltcSpi_ps)
                  08003688    00000004     (.common:minCellVoltages)
                  0800368c    00000004     (.common:uwTick)
                  08003690    00000001     (.common:returnVarningClose)
                  08003691    00000001     (.common:status)

.data      0    08003694    000001aa     UNINITIALIZED
                  08003694    000000cc     sys_main.obj (.data:ltcBat)
                  08003760    00000010     os_heap.obj (.data)
                  08003770    00000008     ltc6812.obj (.data:cmdCLRAUX_pu16)
                  08003778    00000008     ltc6812.obj (.data:cmdCLRCELL_pu16)
                  08003780    00000008     ltc6812.obj (.data:cmdCLRSTAT_pu16)
                  08003788    00000008     ltc6812.obj (.data:cmdMute_pu16)
                  08003790    00000008     ltc6812.obj (.data:cmdPladc_pu16)
                  08003798    00000008     ltc6812.obj (.data:cmdRDAUXA_pu16)
                  080037a0    00000008     ltc6812.obj (.data:cmdRDAUXB_pu16)
                  080037a8    00000008     ltc6812.obj (.data:cmdRDAUXC_pu16)
                  080037b0    00000008     ltc6812.obj (.data:cmdRDAUXD_pu16)
                  080037b8    00000008     ltc6812.obj (.data:cmdRDCFGA_pu16)
                  080037c0    00000008     ltc6812.obj (.data:cmdRDCFGB_pu16)
                  080037c8    00000008     ltc6812.obj (.data:cmdRDCVA_pu16)
                  080037d0    00000008     ltc6812.obj (.data:cmdRDCVB_pu16)
                  080037d8    00000008     ltc6812.obj (.data:cmdRDCVC_pu16)
                  080037e0    00000008     ltc6812.obj (.data:cmdRDCVD_pu16)
                  080037e8    00000008     ltc6812.obj (.data:cmdRDCVE_pu16)
                  080037f0    00000008     ltc6812.obj (.data:cmdRDSTATA_pu16)
                  080037f8    00000008     ltc6812.obj (.data:cmdRDSTATB_pu16)
                  08003800    00000008     ltc6812.obj (.data:cmdUnMute_pu16)
                  08003808    00000008     ltc6812.obj (.data:cmdWRCFGA_pu16)
                  08003810    00000008     ltc6812.obj (.data:cmdWRCFGB_pu16)
                  08003818    00000008     ltc6812.obj (.data:cmdWRPSB_pu16)
                  08003820    00000008     ltc6812.obj (.data:cmdWRPWM_pu16)
                  08003828    00000008     os_port.obj (.data)
                  08003830    00000004     sys_main.obj (.data:minBalanceVoltages)
                  08003834    00000004     rtsv7R4_T_be_v3D16_eabi.lib : errno.c.obj (.data)
                  08003838    00000004     ltc6812.obj (.data:spiDat_s)
                  0800383c    00000002     ltc6812.obj (.data)

__llvm_prf_cnts 
*          0    08001000    00000000     UNINITIALIZED

MODULE SUMMARY

       Module                       code    ro data   rw data
       ------                       ----    -------   -------
    .\009_Ltc6812\source\
       os_tasks.obj                 11536   0         260    
       sys_selftest.obj             11484   0         0      
       os_heap.obj                  1524    0         8216   
       spi.obj                      3820    0         120    
       sys_vim.obj                  3364    512       0      
       het.obj                      2636    960       0      
       system.obj                   2916    0         0      
       pinmux.obj                   2220    0         0      
       esm.obj                      1744    0         0      
       errata_SSWF021_45.obj        1636    0         0      
       os_port.obj                  1424    0         8      
       os_portasm.obj               1200    0         0      
       gio.obj                      1156    0         0      
       sys_core.obj                 844     0         0      
       sys_main.obj                 500     0         214    
       sys_startup.obj              652     0         0      
       os_list.obj                  568     0         0      
       dabort.obj                   232     0         0      
       notification.obj             228     0         0      
       sys_pmu.obj                  224     0         0      
       sys_intvecs.obj              32      0         0      
       sys_phantom.obj              4       0         0      
    +--+----------------------------+-------+---------+---------+
       Total:                       49944   1472      8818   
                                                             
    .\ltc681x\crc\
       crc15.obj                    352     0         512    
    +--+----------------------------+-------+---------+---------+
       Total:                       352     0         512    
                                                             
    .\ltc681x\ltc\
       ltc6812.obj                  13996   0         1226   
    +--+----------------------------+-------+---------+---------+
       Total:                       13996   0         1226   
                                                             
    .\ltc681x\temperature\
       temperature.obj              276     0         0      
    +--+----------------------------+-------+---------+---------+
       Total:                       276     0         0      
                                                             
    C:/ti/ccs1120/ccs/tools/compiler/ti-cgt-arm_20.2.5.LTS/lib/rtsv7R4_T_be_v3D16_eabi.lib
       e_logf.c.obj                 484     0         0      
       memcpy_t2.asm.obj            156     0         0      
       memset_t2.asm.obj            122     0         0      
       copy_decompress_lzss.c.obj   108     0         0      
       u_div32.asm.obj              80      0         0      
       autoinit.c.obj               68      0         0      
       strlen.c.obj                 22      0         0      
       copy_decompress_none.c.obj   14      0         0      
       copy_zero_init.c.obj         12      0         0      
       errno.c.obj                  8       0         4      
       exit.c.obj                   4       0         0      
       div0.asm.obj                 2       0         0      
    +--+----------------------------+-------+---------+---------+
       Total:                       1080    0         4      
                                                             
       Linker Generated:            0       265       0      
    +--+----------------------------+-------+---------+---------+
       Grand Total:                 65648   1737      10560  


LINKER GENERATED COPY TABLES

__TI_cinit_table @ 000038d8 records: 4, size/record: 8, table size: 32
	.data: load addr=000037e8, load size=000000c4 bytes, run addr=08003694, run size=000001aa bytes, compression=lzss
	.kernelBSS: load addr=000038b8, load size=00000009 bytes, run addr=08000800, run size=00000104 bytes, compression=lzss
	.bss: load addr=000038c8, load size=00000008 bytes, run addr=08003000, run size=00000692 bytes, compression=zero_init
	.kernelHEAP: load addr=000038d0, load size=00000008 bytes, run addr=08001000, run size=00002000 bytes, compression=zero_init


LINKER GENERATED HANDLER TABLE

__TI_handler_table @ 000038ac records: 3, size/record: 4, table size: 12
	index: 0, handler: __TI_decompress_lzss
	index: 1, handler: __TI_decompress_none
	index: 2, handler: __TI_zero_init


GLOBAL SYMBOLS: SORTED ALPHABETICALLY BY Name 

address   name                                
-------   ----                                
00014290  AE_calculateTemp                    
0000b650  AE_delayMs                          
0000b68c  AE_delayTenUs                       
000092dc  AE_ltcAdcMeasureState               
0000a8e0  AE_ltcBalance                       
0000a218  AE_ltcClearCellAdc                  
0000a2e4  AE_ltcClearGpioAdc                  
0000a3b0  AE_ltcClearStatusAdc                
00008610  AE_ltcCmdRead                       
00008424  AE_ltcCmdWrite                      
0000a624  AE_ltcContinuePwm                   
00008020  AE_ltcInit                          
0000ab84  AE_ltcIsBalanceComplete             
0000ae78  AE_ltcIsCellOpenWire                
0000b218  AE_ltcIsGpioOpenWire                
0000ad70  AE_ltcMinCellVolt                   
0000a610  AE_ltcPausePwm                      
0000a638  AE_ltcPreBalance                    
0000847c  AE_ltcRead                          
000087f0  AE_ltcReadCellVoltage               
000087bc  AE_ltcReadConfRegA                  
000087d4  AE_ltcReadConfRegB                  
00009428  AE_ltcReadGpioVoltage               
000098e8  AE_ltcReadStatusRegA                
00009ac4  AE_ltcReadStatusRegB                
00008c30  AE_ltcSetUnderOverVoltage           
0000919c  AE_ltcStartCellAdc                  
000092f8  AE_ltcStartGpioAdc                  
0000a4b8  AE_ltcStartPwm                      
000097ac  AE_ltcStartStatusAdc                
0000b558  AE_ltcTemperature                   
00008eb0  AE_ltcUnderOverFlag                 
00008700  AE_ltcWakeUpIdle                    
00008678  AE_ltcWakeUpSleep                   
00008228  AE_ltcWrite                         
00008788  AE_ltcWriteConfRegA                 
000087a0  AE_ltcWriteConfRegB                 
00013e28  AE_pec15                            
000148a1  C$$EXIT                             
UNDEFED   SHT$$INIT_ARRAY$$Base               
UNDEFED   SHT$$INIT_ARRAY$$Limit              
0000ed6c  SpiRxStatus                         
0000ece0  SpiTxStatus                         
000038d8  __TI_CINIT_Base                     
000038f8  __TI_CINIT_Limit                    
000038ac  __TI_Handler_Table_Base             
000038b8  __TI_Handler_Table_Limit            
00012dd4  __TI_PINIT_Base                     
00012dd8  __TI_PINIT_Limit                    
00014825  __TI_auto_init_nobinit_nopinit      
00014767  __TI_decompress_lzss                
0001487f  __TI_decompress_none                
ffffffff  __TI_pprof_out_hndl                 
ffffffff  __TI_prof_data_size                 
ffffffff  __TI_prof_data_start                
00000000  __TI_static_base__                  
0001488d  __TI_zero_init                      
00014899  __aeabi_errno_addr                  
000147d3  __aeabi_idiv0                       
000147d3  __aeabi_ldiv0                       
000146ed  __aeabi_memclr                      
000146ed  __aeabi_memclr4                     
000146ed  __aeabi_memclr8                     
00014651  __aeabi_memcpy                      
00014651  __aeabi_memcpy4                     
00014651  __aeabi_memcpy8                     
000146ef  __aeabi_memset                      
000146ef  __aeabi_memset4                     
000146ef  __aeabi_memset8                     
000147d4  __aeabi_uidiv                       
000147d4  __aeabi_uidivmod                    
ffffffff  __binit__                           
ffffffff  __c_args__                          
08001000  __start___llvm_prf_cnts             
08001000  __stop___llvm_prf_cnts              
000130a8  _c_int00                            
00012cec  _coreClearAuxiliaryDataFault_       
00012d00  _coreClearAuxiliaryInstructionFault_
00012cc4  _coreClearDataFaultAddress_         
00012c9c  _coreClearDataFault_                
00012cd8  _coreClearInstructionFaultAddress_  
00012cb0  _coreClearInstructionFault_         
00012c30  _coreDisableEventBusExport_         
00012c74  _coreDisableFlashEcc_               
00012c50  _coreDisableRamEcc_                 
00012c20  _coreEnableEventBusExport_          
00012c60  _coreEnableFlashEcc_                
00012c84  _coreEnableIrqVicOffset_            
00012c40  _coreEnableRamEcc_                  
00012c08  _coreEnableVfp_                     
00012ce4  _coreGetAuxiliaryDataFault_         
00012cf8  _coreGetAuxiliaryInstructionFault_  
00012cbc  _coreGetDataFaultAddress_           
00012c94  _coreGetDataFault_                  
00012cd0  _coreGetInstructionFaultAddress_    
00012ca8  _coreGetInstructionFault_           
00012a90  _coreInitRegisters_                 
00012b9c  _coreInitStackPointer_              
000143a4  _dabort                             
00012d14  _disable_FIQ_interrupt_             
00012d1c  _disable_IRQ_interrupt_             
00012d0c  _disable_interrupt_                 
00012d24  _enable_interrupt_                  
00012db4  _errata_CORTEXR4_57_                
00012dc4  _errata_CORTEXR4_66_                
000119ec  _errata_SSWF021_45_both_plls        
00011be0  _errata_SSWF021_45_pll1             
00011d58  _errata_SSWF021_45_pll2             
00012d2c  _esmCcmErrorsClear_                 
00012be8  _getCPSRValue_                      
00012bf0  _gotoCPUIdle_                       
000145cc  _pmuDisableCountersGlobal_          
000145bc  _pmuEnableCountersGlobal_           
00014628  _pmuGetCycleCount_                  
00014630  _pmuGetEventCount_                  
0001463c  _pmuGetOverflow_                    
00014570  _pmuInit_                           
000145fc  _pmuResetCounters_                  
000145dc  _pmuResetCycleCounter_              
000145ec  _pmuResetEventCounters_             
0001461c  _pmuSetCountEvent_                  
0001460c  _pmuStartCounters_                  
00014614  _pmuStopCounters_                   
UNDEFED   _system_post_cinit                  
000148a1  abort                               
0000c918  adc1ParityCheck                     
0000ca04  adc2ParityCheck                     
ffffffff  binit                               
0000cabc  can1ParityCheck                     
0000cb94  can2ParityCheck                     
0000cc5c  can3ParityCheck                     
00010e5c  capGetSignal                        
0000b6dc  ccmSelfCheck                        
0000dda8  ccmr4GetConfigValue                 
0000bfe4  checkB0RAMECC                       
0000c1d4  checkB1RAMECC                       
0000d2c4  checkClockMonitor                   
0000c3c4  checkFlashECC                       
0000d3a0  checkFlashEEPROMECC                 
0000d538  checkPLL1Slip                       
0000d638  checkPLL2Slip                       
0000d6fc  checkRAMAddrParity                  
0000d07c  checkRAMECC                         
0000d808  checkRAMUERRTest                    
0000be68  checkefcSelfTest                    
0000b8e0  cpuSelfTest                         
0000c4a8  cpuSelfTestFail                     
0000fd1c  customTrimLPO                       
0000c4a0  custom_dabort                       
0000e204  disableParity                       
0001455c  dmaGroupANotification               
0000c558  dmaParityCheck                      
00001f00  eTaskConfirmSleepModeStatus         
00000888  eTaskGetState                       
00010e1c  edgeDisableNotification             
00010de0  edgeEnableNotification              
00010db4  edgeGetCounter                      
00014534  edgeNotification                    
00010d88  edgeResetCounter                    
0000bd0c  efcCheck                            
0000dd0c  efcGetConfigValue                   
0000be40  efcSelfTest                         
0000bd94  efcStuckZeroTest                    
0000e17c  enableParity                        
0000de18  errata_PBIST_4                      
08003834  errno                               
000121d4  esmActivateNormalOperation          
000122a8  esmClearStatus                      
000122e8  esmClearStatusBuffer                
0001219c  esmDisableError                     
0001220c  esmDisableInterrupt                 
00012174  esmEnableError                      
000121e4  esmEnableInterrupt                  
000123e0  esmEnterSelfTest                    
00012158  esmError                            
000124b8  esmGetConfigValue                   
00012324  esmGetStatus                        
000123a8  esmGetStatusBuffer                  
0001448c  esmGroup1Notification               
0001449c  esmGroup2Notification               
0001417c  esmHighInterrupt                    
00012050  esmInit                             
00012468  esmSelfTestStatus                   
00012304  esmSetCounterPreloadValue           
00012234  esmSetInterruptLevel                
000121c4  esmTriggerErrorPinReset             
0000d970  fmcBus1ParityCheck                  
0000bf08  fmcBus2Check                        
0000bf44  fmcECCcheck                         
0000b644  getUsTick                           
0001286c  gioDisableNotification              
00012804  gioEnableNotification               
0001276c  gioGetBit                           
000128d4  gioGetConfigValue                   
00012794  gioGetPort                          
0001260c  gioInit                             
000144e4  gioNotification                     
000126fc  gioSetBit                           
000126dc  gioSetDirection                     
0001274c  gioSetPort                          
000127ac  gioToggleBit                        
000148a8  handlePLLLockFail                   
00010f68  het1GetConfigValue                  
00013ec8  het1HighLevelInterrupt              
00013f70  het1LowLevelInterrupt               
0000c604  het1ParityCheck                     
0000c76c  het2ParityCheck                     
00010f50  hetGetTimestamp                     
00010850  hetInit                             
00014548  hetNotification                     
00010f34  hetResetTimestamp                   
0000c6b0  htu1ParityCheck                     
0000c868  htu2ParityCheck                     
00013d68  init_PEC15_Table                    
000139d5  logf                                
08003694  ltcBat                              
000138bc  ltcInit                             
08003684  ltcSpi_ps                           
000137e0  main                                
0000f3fc  mapClocks                           
00014651  memcpy                              
0000b820  memoryInit                          
000144ac  memoryPort0TestFailNotification     
000144c8  memoryPort1TestFailNotification     
000146f5  memset                              
0000cd30  mibspi1ParityCheck                  
0000ce38  mibspi3ParityCheck                  
0000cf5c  mibspi5ParityCheck                  
08003830  minBalanceVoltages                  
08003688  minCellVoltages                     
00011140  muxInit                             
0000da98  pbistFail                           
0000db1c  pbistGetConfigValue                 
0000bc54  pbistIsTestCompleted                
0000bc80  pbistIsTestPassed                   
0000bcb4  pbistPortTestStatus                 
0000bb58  pbistRun                            
0000b978  pbistSelfCheck                      
0000bc24  pbistStop                           
00001344  pcTaskGetName                       
08003400  pec15Table                          
0000f3a8  periphInit                          
000148a4  phantomInterrupt                    
000115dc  pinmuxGetConfigValue                
00003060  prvMpuDisable                       
00003048  prvMpuEnable                        
00003030  prvMpuSetRegion                     
00003468  pvPortMalloc                        
00001fe0  pvTaskGetThreadLocalStoragePointer  
00010d58  pwmDisableNotification              
00010d10  pwmEnableNotification               
00010c30  pwmGetSignal                        
0000b61c  pwmNotification                     
00010978  pwmSetDuty                          
00010ab4  pwmSetSignal                        
00010910  pwmStart                            
00010944  pwmStop                             
080008d0  pxCurrentTCB                        
00003088  pxPortInitialiseStack               
00000000  resetEntry                          
08003690  returnVarningClose                  
0000b6cc  selftestFailNotification            
0000f368  setupFlash                          
0000f294  setupPLL                            
0000eea4  spi1GetConfigValue                  
0000f034  spi3GetConfigValue                  
0000ee2c  spiDisableLoopback                  
0000ee78  spiDisableNotification              
0000edf8  spiEnableLoopback                   
0000ee48  spiEnableNotification               
0001450c  spiEndNotification                  
0000e748  spiGetData                          
0000e3a8  spiInit                             
000144f8  spiNotification                     
0000e62c  spiReceiveData                      
0000eba0  spiSendAndGetData                   
0000e96c  spiSendData                         
0000e60c  spiSetFunctional                    
0000ea64  spiTransmitAndReceiveData           
0000e840  spiTransmitData                     
0000fbe0  sramGetConfigValue                  
08003691  status                              
0000dc68  stcGetConfigValue                   
0000b864  stcSelfCheck                        
0000c4a4  stcSelfCheckFail                    
00014869  strlen                              
0000f620  systemGetConfigValue                
0000f524  systemInit                          
0000f5f0  systemPowerDown                     
0000fa34  tcmflashGetConfigValue              
0000f2f4  trimLPO                             
08003828  ulCriticalNesting                   
00002f58  ulPortCountLeadingZeros             
0800382c  ulTaskHasFPUContext                 
00002378  ulTaskNotifyTake                    
0800368c  uwTick                              
00013754  uxListRemove                        
00001338  uxTaskGetNumberOfTasks              
00002224  uxTaskGetStackHighWaterMark         
0000098c  uxTaskPriorityGet                   
000009d0  uxTaskPriorityGetFromISR            
0000233c  uxTaskResetEventItemValue           
000135a8  vListInitialise                     
00013600  vListInitialiseItem                 
00013690  vListInsert                         
0001361c  vListInsertEnd                      
00003434  vPortEndScheduler                   
000036bc  vPortFree                           
000037cc  vPortInitialiseBlocks               
00002f4c  vPortInitialiseFPSCR                
00002e4c  vPortPreemptiveTick                 
00002f60  vPortSWI                            
00002bdc  vPortStartFirstTask                 
0000319c  vPortStoreTaskMPUSettings           
00002d58  vPortYeildWithinAPI                 
00002c6c  vPortYieldProcessor                 
0000204c  vTaskAllocateMPURegions             
00000804  vTaskDelay                          
00000698  vTaskDelayUntil                     
00000530  vTaskDelete                         
00001074  vTaskEndScheduler                   
00001ef0  vTaskMissedYield                    
00002930  vTaskNotifyGiveFromISR              
00001ab8  vTaskPlaceOnEventList               
00001afc  vTaskPlaceOnUnorderedEventList      
00000a18  vTaskPrioritySet                    
00000e14  vTaskResume                         
00001f7c  vTaskSetThreadLocalStoragePointer   
00001d74  vTaskSetTimeOutState                
00000fdc  vTaskStartScheduler                 
00001658  vTaskStepTick                       
00000c10  vTaskSuspend                        
00001090  vTaskSuspendAll                     
000019d8  vTaskSwitchContext                  
0000fecc  vimChannelMap                       
00010138  vimDisableInterrupt                 
0000ff70  vimEnableInterrupt                  
000101e4  vimGetConfigValue                   
0000fdf8  vimInit                             
0000c4ac  vimParityCheck                      
00012ddc  vimParityErrorHandler               
000037b4  xPortGetFreeHeapSize                
000037c0  xPortGetMinimumEverFreeHeapSize     
00003410  xPortStartScheduler                 
000016b4  xTaskAbortDelay                     
00001db8  xTaskCheckForTimeOut                
000000fc  xTaskCreate                         
00000020  xTaskCreateRestricted               
00002560  xTaskGenericNotify                  
00002730  xTaskGenericNotifyFromISR           
00001518  xTaskGetHandle                      
00001620  xTaskGetIdleTaskHandle              
000022ec  xTaskGetSchedulerState              
000012f8  xTaskGetTickCount                   
00001314  xTaskGetTickCountFromISR            
000017b0  xTaskIncrementTick                  
00014100  xTaskNotifyStateClear               
0000244c  xTaskNotifyWait                     
00001b80  xTaskRemoveFromEventList            
00001c70  xTaskRemoveFromUnorderedEventList   
00001148  xTaskResumeAll                      
00000ef4  xTaskResumeFromISR                  


GLOBAL SYMBOLS: SORTED BY Symbol Address 

address   name                                
-------   ----                                
00000000  __TI_static_base__                  
00000000  resetEntry                          
00000020  xTaskCreateRestricted               
000000fc  xTaskCreate                         
00000530  vTaskDelete                         
00000698  vTaskDelayUntil                     
00000804  vTaskDelay                          
00000888  eTaskGetState                       
0000098c  uxTaskPriorityGet                   
000009d0  uxTaskPriorityGetFromISR            
00000a18  vTaskPrioritySet                    
00000c10  vTaskSuspend                        
00000e14  vTaskResume                         
00000ef4  xTaskResumeFromISR                  
00000fdc  vTaskStartScheduler                 
00001074  vTaskEndScheduler                   
00001090  vTaskSuspendAll                     
00001148  xTaskResumeAll                      
000012f8  xTaskGetTickCount                   
00001314  xTaskGetTickCountFromISR            
00001338  uxTaskGetNumberOfTasks              
00001344  pcTaskGetName                       
00001518  xTaskGetHandle                      
00001620  xTaskGetIdleTaskHandle              
00001658  vTaskStepTick                       
000016b4  xTaskAbortDelay                     
000017b0  xTaskIncrementTick                  
000019d8  vTaskSwitchContext                  
00001ab8  vTaskPlaceOnEventList               
00001afc  vTaskPlaceOnUnorderedEventList      
00001b80  xTaskRemoveFromEventList            
00001c70  xTaskRemoveFromUnorderedEventList   
00001d74  vTaskSetTimeOutState                
00001db8  xTaskCheckForTimeOut                
00001ef0  vTaskMissedYield                    
00001f00  eTaskConfirmSleepModeStatus         
00001f7c  vTaskSetThreadLocalStoragePointer   
00001fe0  pvTaskGetThreadLocalStoragePointer  
0000204c  vTaskAllocateMPURegions             
00002224  uxTaskGetStackHighWaterMark         
000022ec  xTaskGetSchedulerState              
0000233c  uxTaskResetEventItemValue           
00002378  ulTaskNotifyTake                    
0000244c  xTaskNotifyWait                     
00002560  xTaskGenericNotify                  
00002730  xTaskGenericNotifyFromISR           
00002930  vTaskNotifyGiveFromISR              
00002bdc  vPortStartFirstTask                 
00002c6c  vPortYieldProcessor                 
00002d58  vPortYeildWithinAPI                 
00002e4c  vPortPreemptiveTick                 
00002f4c  vPortInitialiseFPSCR                
00002f58  ulPortCountLeadingZeros             
00002f60  vPortSWI                            
00003030  prvMpuSetRegion                     
00003048  prvMpuEnable                        
00003060  prvMpuDisable                       
00003088  pxPortInitialiseStack               
0000319c  vPortStoreTaskMPUSettings           
00003410  xPortStartScheduler                 
00003434  vPortEndScheduler                   
00003468  pvPortMalloc                        
000036bc  vPortFree                           
000037b4  xPortGetFreeHeapSize                
000037c0  xPortGetMinimumEverFreeHeapSize     
000037cc  vPortInitialiseBlocks               
000038ac  __TI_Handler_Table_Base             
000038b8  __TI_Handler_Table_Limit            
000038d8  __TI_CINIT_Base                     
000038f8  __TI_CINIT_Limit                    
00008020  AE_ltcInit                          
00008228  AE_ltcWrite                         
00008424  AE_ltcCmdWrite                      
0000847c  AE_ltcRead                          
00008610  AE_ltcCmdRead                       
00008678  AE_ltcWakeUpSleep                   
00008700  AE_ltcWakeUpIdle                    
00008788  AE_ltcWriteConfRegA                 
000087a0  AE_ltcWriteConfRegB                 
000087bc  AE_ltcReadConfRegA                  
000087d4  AE_ltcReadConfRegB                  
000087f0  AE_ltcReadCellVoltage               
00008c30  AE_ltcSetUnderOverVoltage           
00008eb0  AE_ltcUnderOverFlag                 
0000919c  AE_ltcStartCellAdc                  
000092dc  AE_ltcAdcMeasureState               
000092f8  AE_ltcStartGpioAdc                  
00009428  AE_ltcReadGpioVoltage               
000097ac  AE_ltcStartStatusAdc                
000098e8  AE_ltcReadStatusRegA                
00009ac4  AE_ltcReadStatusRegB                
0000a218  AE_ltcClearCellAdc                  
0000a2e4  AE_ltcClearGpioAdc                  
0000a3b0  AE_ltcClearStatusAdc                
0000a4b8  AE_ltcStartPwm                      
0000a610  AE_ltcPausePwm                      
0000a624  AE_ltcContinuePwm                   
0000a638  AE_ltcPreBalance                    
0000a8e0  AE_ltcBalance                       
0000ab84  AE_ltcIsBalanceComplete             
0000ad70  AE_ltcMinCellVolt                   
0000ae78  AE_ltcIsCellOpenWire                
0000b218  AE_ltcIsGpioOpenWire                
0000b558  AE_ltcTemperature                   
0000b61c  pwmNotification                     
0000b644  getUsTick                           
0000b650  AE_delayMs                          
0000b68c  AE_delayTenUs                       
0000b6cc  selftestFailNotification            
0000b6dc  ccmSelfCheck                        
0000b820  memoryInit                          
0000b864  stcSelfCheck                        
0000b8e0  cpuSelfTest                         
0000b978  pbistSelfCheck                      
0000bb58  pbistRun                            
0000bc24  pbistStop                           
0000bc54  pbistIsTestCompleted                
0000bc80  pbistIsTestPassed                   
0000bcb4  pbistPortTestStatus                 
0000bd0c  efcCheck                            
0000bd94  efcStuckZeroTest                    
0000be40  efcSelfTest                         
0000be68  checkefcSelfTest                    
0000bf08  fmcBus2Check                        
0000bf44  fmcECCcheck                         
0000bfe4  checkB0RAMECC                       
0000c1d4  checkB1RAMECC                       
0000c3c4  checkFlashECC                       
0000c4a0  custom_dabort                       
0000c4a4  stcSelfCheckFail                    
0000c4a8  cpuSelfTestFail                     
0000c4ac  vimParityCheck                      
0000c558  dmaParityCheck                      
0000c604  het1ParityCheck                     
0000c6b0  htu1ParityCheck                     
0000c76c  het2ParityCheck                     
0000c868  htu2ParityCheck                     
0000c918  adc1ParityCheck                     
0000ca04  adc2ParityCheck                     
0000cabc  can1ParityCheck                     
0000cb94  can2ParityCheck                     
0000cc5c  can3ParityCheck                     
0000cd30  mibspi1ParityCheck                  
0000ce38  mibspi3ParityCheck                  
0000cf5c  mibspi5ParityCheck                  
0000d07c  checkRAMECC                         
0000d2c4  checkClockMonitor                   
0000d3a0  checkFlashEEPROMECC                 
0000d538  checkPLL1Slip                       
0000d638  checkPLL2Slip                       
0000d6fc  checkRAMAddrParity                  
0000d808  checkRAMUERRTest                    
0000d970  fmcBus1ParityCheck                  
0000da98  pbistFail                           
0000db1c  pbistGetConfigValue                 
0000dc68  stcGetConfigValue                   
0000dd0c  efcGetConfigValue                   
0000dda8  ccmr4GetConfigValue                 
0000de18  errata_PBIST_4                      
0000e17c  enableParity                        
0000e204  disableParity                       
0000e3a8  spiInit                             
0000e60c  spiSetFunctional                    
0000e62c  spiReceiveData                      
0000e748  spiGetData                          
0000e840  spiTransmitData                     
0000e96c  spiSendData                         
0000ea64  spiTransmitAndReceiveData           
0000eba0  spiSendAndGetData                   
0000ece0  SpiTxStatus                         
0000ed6c  SpiRxStatus                         
0000edf8  spiEnableLoopback                   
0000ee2c  spiDisableLoopback                  
0000ee48  spiEnableNotification               
0000ee78  spiDisableNotification              
0000eea4  spi1GetConfigValue                  
0000f034  spi3GetConfigValue                  
0000f294  setupPLL                            
0000f2f4  trimLPO                             
0000f368  setupFlash                          
0000f3a8  periphInit                          
0000f3fc  mapClocks                           
0000f524  systemInit                          
0000f5f0  systemPowerDown                     
0000f620  systemGetConfigValue                
0000fa34  tcmflashGetConfigValue              
0000fbe0  sramGetConfigValue                  
0000fd1c  customTrimLPO                       
0000fdf8  vimInit                             
0000fecc  vimChannelMap                       
0000ff70  vimEnableInterrupt                  
00010138  vimDisableInterrupt                 
000101e4  vimGetConfigValue                   
00010850  hetInit                             
00010910  pwmStart                            
00010944  pwmStop                             
00010978  pwmSetDuty                          
00010ab4  pwmSetSignal                        
00010c30  pwmGetSignal                        
00010d10  pwmEnableNotification               
00010d58  pwmDisableNotification              
00010d88  edgeResetCounter                    
00010db4  edgeGetCounter                      
00010de0  edgeEnableNotification              
00010e1c  edgeDisableNotification             
00010e5c  capGetSignal                        
00010f34  hetResetTimestamp                   
00010f50  hetGetTimestamp                     
00010f68  het1GetConfigValue                  
00011140  muxInit                             
000115dc  pinmuxGetConfigValue                
000119ec  _errata_SSWF021_45_both_plls        
00011be0  _errata_SSWF021_45_pll1             
00011d58  _errata_SSWF021_45_pll2             
00012050  esmInit                             
00012158  esmError                            
00012174  esmEnableError                      
0001219c  esmDisableError                     
000121c4  esmTriggerErrorPinReset             
000121d4  esmActivateNormalOperation          
000121e4  esmEnableInterrupt                  
0001220c  esmDisableInterrupt                 
00012234  esmSetInterruptLevel                
000122a8  esmClearStatus                      
000122e8  esmClearStatusBuffer                
00012304  esmSetCounterPreloadValue           
00012324  esmGetStatus                        
000123a8  esmGetStatusBuffer                  
000123e0  esmEnterSelfTest                    
00012468  esmSelfTestStatus                   
000124b8  esmGetConfigValue                   
0001260c  gioInit                             
000126dc  gioSetDirection                     
000126fc  gioSetBit                           
0001274c  gioSetPort                          
0001276c  gioGetBit                           
00012794  gioGetPort                          
000127ac  gioToggleBit                        
00012804  gioEnableNotification               
0001286c  gioDisableNotification              
000128d4  gioGetConfigValue                   
00012a90  _coreInitRegisters_                 
00012b9c  _coreInitStackPointer_              
00012be8  _getCPSRValue_                      
00012bf0  _gotoCPUIdle_                       
00012c08  _coreEnableVfp_                     
00012c20  _coreEnableEventBusExport_          
00012c30  _coreDisableEventBusExport_         
00012c40  _coreEnableRamEcc_                  
00012c50  _coreDisableRamEcc_                 
00012c60  _coreEnableFlashEcc_                
00012c74  _coreDisableFlashEcc_               
00012c84  _coreEnableIrqVicOffset_            
00012c94  _coreGetDataFault_                  
00012c9c  _coreClearDataFault_                
00012ca8  _coreGetInstructionFault_           
00012cb0  _coreClearInstructionFault_         
00012cbc  _coreGetDataFaultAddress_           
00012cc4  _coreClearDataFaultAddress_         
00012cd0  _coreGetInstructionFaultAddress_    
00012cd8  _coreClearInstructionFaultAddress_  
00012ce4  _coreGetAuxiliaryDataFault_         
00012cec  _coreClearAuxiliaryDataFault_       
00012cf8  _coreGetAuxiliaryInstructionFault_  
00012d00  _coreClearAuxiliaryInstructionFault_
00012d0c  _disable_interrupt_                 
00012d14  _disable_FIQ_interrupt_             
00012d1c  _disable_IRQ_interrupt_             
00012d24  _enable_interrupt_                  
00012d2c  _esmCcmErrorsClear_                 
00012db4  _errata_CORTEXR4_57_                
00012dc4  _errata_CORTEXR4_66_                
00012dd4  __TI_PINIT_Base                     
00012dd8  __TI_PINIT_Limit                    
00012ddc  vimParityErrorHandler               
000130a8  _c_int00                            
000135a8  vListInitialise                     
00013600  vListInitialiseItem                 
0001361c  vListInsertEnd                      
00013690  vListInsert                         
00013754  uxListRemove                        
000137e0  main                                
000138bc  ltcInit                             
000139d5  logf                                
00013d68  init_PEC15_Table                    
00013e28  AE_pec15                            
00013ec8  het1HighLevelInterrupt              
00013f70  het1LowLevelInterrupt               
00014100  xTaskNotifyStateClear               
0001417c  esmHighInterrupt                    
00014290  AE_calculateTemp                    
000143a4  _dabort                             
0001448c  esmGroup1Notification               
0001449c  esmGroup2Notification               
000144ac  memoryPort0TestFailNotification     
000144c8  memoryPort1TestFailNotification     
000144e4  gioNotification                     
000144f8  spiNotification                     
0001450c  spiEndNotification                  
00014534  edgeNotification                    
00014548  hetNotification                     
0001455c  dmaGroupANotification               
00014570  _pmuInit_                           
000145bc  _pmuEnableCountersGlobal_           
000145cc  _pmuDisableCountersGlobal_          
000145dc  _pmuResetCycleCounter_              
000145ec  _pmuResetEventCounters_             
000145fc  _pmuResetCounters_                  
0001460c  _pmuStartCounters_                  
00014614  _pmuStopCounters_                   
0001461c  _pmuSetCountEvent_                  
00014628  _pmuGetCycleCount_                  
00014630  _pmuGetEventCount_                  
0001463c  _pmuGetOverflow_                    
00014651  __aeabi_memcpy                      
00014651  __aeabi_memcpy4                     
00014651  __aeabi_memcpy8                     
00014651  memcpy                              
000146ed  __aeabi_memclr                      
000146ed  __aeabi_memclr4                     
000146ed  __aeabi_memclr8                     
000146ef  __aeabi_memset                      
000146ef  __aeabi_memset4                     
000146ef  __aeabi_memset8                     
000146f5  memset                              
00014767  __TI_decompress_lzss                
000147d3  __aeabi_idiv0                       
000147d3  __aeabi_ldiv0                       
000147d4  __aeabi_uidiv                       
000147d4  __aeabi_uidivmod                    
00014825  __TI_auto_init_nobinit_nopinit      
00014869  strlen                              
0001487f  __TI_decompress_none                
0001488d  __TI_zero_init                      
00014899  __aeabi_errno_addr                  
000148a1  C$$EXIT                             
000148a1  abort                               
000148a4  phantomInterrupt                    
000148a8  handlePLLLockFail                   
080008d0  pxCurrentTCB                        
08001000  __start___llvm_prf_cnts             
08001000  __stop___llvm_prf_cnts              
08003400  pec15Table                          
08003684  ltcSpi_ps                           
08003688  minCellVoltages                     
0800368c  uwTick                              
08003690  returnVarningClose                  
08003691  status                              
08003694  ltcBat                              
08003828  ulCriticalNesting                   
0800382c  ulTaskHasFPUContext                 
08003830  minBalanceVoltages                  
08003834  errno                               
ffffffff  __TI_pprof_out_hndl                 
ffffffff  __TI_prof_data_size                 
ffffffff  __TI_prof_data_start                
ffffffff  __binit__                           
ffffffff  __c_args__                          
ffffffff  binit                               
UNDEFED   SHT$$INIT_ARRAY$$Base               
UNDEFED   SHT$$INIT_ARRAY$$Limit              
UNDEFED   _system_post_cinit                  

[362 symbols]
