******************************************************************************
                  TI ARM Linker PC v20.2.5                     
******************************************************************************
>> Linked Mon Feb  5 14:19:35 2024

OUTPUT FILE NAME:   <009_Ltc6812.out>
ENTRY POINT SYMBOL: "_c_int00"  address: 00011df8


MEMORY CONFIGURATION

         name            origin    length      used     unused   attr    fill
----------------------  --------  ---------  --------  --------  ----  --------
  VECTORS               00000000   00000020  00000020  00000000     X
  KERNEL                00000020   00008000  000038cc  00004734  R  X
  FLASH0                00008020   00137fe0  0000bab0  0012c530  R  X
  STACKS                08000000   00000800  00000000  00000800  RW  
  KRAM                  08000800   00000800  00000104  000006fc  RW  
  RAM                   08001000   0002f000  00002811  0002c7ef  RW  


SEGMENT ALLOCATION MAP

run origin  load origin   length   init length attrs members
----------  ----------- ---------- ----------- ----- -------
00000000    00000000    000038f0   000038f0    r-x
  00000000    00000000    00000020   00000020    r-x .intvecs
  00000020    00000020    000037c4   000037c4    r-x .kernelTEXT
  000037e8    000037e8    00000108   00000108    r-- .cinit
00008020    00008020    0000bab0   0000bab0    r-x
  00008020    00008020    0000b4f0   0000b4f0    r-x .text
  00013510    00013510    000005c0   000005c0    r-- .const
08000800    08000800    00000104   00000000    rw-
  08000800    08000800    00000104   00000000    rw- .kernelBSS
08001000    08001000    00002813   00000000    rw-
  08001000    08001000    00002000   00000000    rw- .kernelHEAP
  08003000    08003000    0000068e   00000000    rw- .bss
  08003690    08003690    00000183   00000000    rw- .data


SECTION ALLOCATION MAP

 output                                  attributes/
section   page    origin      length       input sections
--------  ----  ----------  ----------   ----------------
.intvecs   0    00000000    00000020     
                  00000000    00000020     sys_intvecs.obj (.intvecs)

.kernelTEXT 
*          0    00000020    000037c4     
                  00000020    00002bb8     os_tasks.obj (.kernelTEXT)
                  00002bd8    000004b0     os_portasm.obj (.kernelTEXT)
                  00003088    000003e0     os_port.obj (.kernelTEXT)
                  00003468    0000037c     os_heap.obj (.kernelTEXT)

.cinit     0    000037e8    00000108     
                  000037e8    000000bf     (.cinit..data.load) [load image, compression = lzss]
                  000038a7    00000001     --HOLE-- [fill = 0]
                  000038a8    0000000c     (__TI_handler_table)
                  000038b4    00000009     (.cinit..kernelBSS.load) [load image, compression = lzss]
                  000038bd    00000003     --HOLE-- [fill = 0]
                  000038c0    00000008     (.cinit..bss.load) [load image, compression = zero_init]
                  000038c8    00000008     (.cinit..kernelHEAP.load) [load image, compression = zero_init]
                  000038d0    00000020     (__TI_cinit_table)

.text      0    00008020    0000b4f0     
                  00008020    00002cdc     sys_selftest.obj (.text)
                  0000acfc    00002400     ltc6812.obj (.text)
                  0000d0fc    00000ee8     spi.obj (.text)
                  0000dfe4    00000b64     system.obj (.text)
                  0000eb48    00000a58     sys_vim.obj (.text)
                  0000f5a0    000008f0     het.obj (.text)
                  0000fe90    000008ac     pinmux.obj (.text)
                  0001073c    00000664     errata_SSWF021_45.obj (.text)
                  00010da0    000005bc     esm.obj (.text)
                  0001135c    00000484     gio.obj (.text)
                  000117e0    0000034c     sys_core.obj (.text)
                  00011b2c    000002cc     sys_vim.obj (.text:retain)
                  00011df8    00000288     sys_startup.obj (.text:retain)
                  00012080    00000278     os_heap.obj (.text)
                  000122f8    00000238     os_list.obj (.text)
                  00012530    000001e4     rtsv7R4_T_be_v3D16_eabi.lib : e_logf.c.obj (.text:logf)
                  00012714    000001b0     os_port.obj (.text)
                  000128c4    00000160     crc15.obj (.text)
                  00012a24    0000015c     het.obj (.text:retain)
                  00012b80    00000158     os_tasks.obj (.text)
                  00012cd8    00000114     esm.obj (.text:retain)
                  00012dec    00000114     temperature.obj (.text)
                  00012f00    00000108     sys_main.obj (.text)
                  00013008    000000e8     dabort.obj (.text)
                  000130f0    000000e4     notification.obj (.text)
                  000131d4    000000e0     sys_pmu.obj (.text)
                  000132b4    0000009c     rtsv7R4_T_be_v3D16_eabi.lib : memcpy_t2.asm.obj (.text)
                  00013350    0000007a                                 : memset_t2.asm.obj (.text)
                  000133ca    0000006c                                 : copy_decompress_lzss.c.obj (.text:decompress:lzss:__TI_decompress_lzss)
                  00013436    00000002                                 : div0.asm.obj (.text)
                  00013438    00000050                                 : u_div32.asm.obj (.text)
                  00013488    00000044                                 : autoinit.c.obj (.text:__TI_auto_init_nobinit_nopinit:__TI_auto_init_nobinit_nopinit)
                  000134cc    00000016                                 : strlen.c.obj (.text:strlen)
                  000134e2    0000000e                                 : copy_decompress_none.c.obj (.text:decompress:none:__TI_decompress_none)
                  000134f0    0000000c                                 : copy_zero_init.c.obj (.text:decompress:ZI:__TI_zero_init)
                  000134fc    00000008                                 : errno.c.obj (.text:__aeabi_errno_addr)
                  00013504    00000004                                 : exit.c.obj (.text:abort:abort)
                  00013508    00000004     sys_phantom.obj (.text:retain)
                  0001350c    00000004     sys_startup.obj (.text)

.const     0    00013510    000005c0     
                  00013510    000003a0     het.obj (.const:het1PROGRAM)
                  000138b0    00000200     sys_vim.obj (.const:s_vim_init)
                  00013ab0    00000020     het.obj (.const:s_het1pwmPolarity)

.kernelBSS 
*          0    08000800    00000104     UNINITIALIZED
                  08000800    000000d0     os_tasks.obj (.kernelBSS:uninit)
                  080008d0    00000034     os_tasks.obj (.kernelBSS:init)

.kernelHEAP 
*          0    08001000    00002000     UNINITIALIZED
                  08001000    00002000     os_heap.obj (.kernelHEAP)

.bss       0    08003000    0000068e     UNINITIALIZED
                  08003000    00000200     ltc6812.obj (.bss:rxBuffer)
                  08003200    00000200     ltc6812.obj (.bss:txBuffer)
                  08003400    00000200     (.common:pec15Table)
                  08003600    00000078     spi.obj (.bss:g_spiPacket_t)
                  08003678    00000008     ltc6812.obj (.bss)
                  08003680    00000008     os_heap.obj (.bss:xStart)
                  08003688    00000004     (.common:uwTick)
                  0800368c    00000001     (.common:returnVarningClose)
                  0800368d    00000001     (.common:status)

.data      0    08003690    00000183     UNINITIALIZED
                  08003690    000000a8     sys_main.obj (.data:ltcBat)
                  08003738    00000010     os_heap.obj (.data)
                  08003748    00000008     ltc6812.obj (.data:cmdCLRAUX_pu16)
                  08003750    00000008     ltc6812.obj (.data:cmdCLRCELL_pu16)
                  08003758    00000008     ltc6812.obj (.data:cmdCLRSTAT_pu16)
                  08003760    00000008     ltc6812.obj (.data:cmdMute_pu16)
                  08003768    00000008     ltc6812.obj (.data:cmdPladc_pu16)
                  08003770    00000008     ltc6812.obj (.data:cmdRDAUXA_pu16)
                  08003778    00000008     ltc6812.obj (.data:cmdRDAUXB_pu16)
                  08003780    00000008     ltc6812.obj (.data:cmdRDAUXC_pu16)
                  08003788    00000008     ltc6812.obj (.data:cmdRDAUXD_pu16)
                  08003790    00000008     ltc6812.obj (.data:cmdRDCFGA_pu16)
                  08003798    00000008     ltc6812.obj (.data:cmdRDCFGB_pu16)
                  080037a0    00000008     ltc6812.obj (.data:cmdRDCVA_pu16)
                  080037a8    00000008     ltc6812.obj (.data:cmdRDCVB_pu16)
                  080037b0    00000008     ltc6812.obj (.data:cmdRDCVC_pu16)
                  080037b8    00000008     ltc6812.obj (.data:cmdRDCVD_pu16)
                  080037c0    00000008     ltc6812.obj (.data:cmdRDCVE_pu16)
                  080037c8    00000008     ltc6812.obj (.data:cmdRDSTATA_pu16)
                  080037d0    00000008     ltc6812.obj (.data:cmdRDSTATB_pu16)
                  080037d8    00000008     ltc6812.obj (.data:cmdUnMute_pu16)
                  080037e0    00000008     ltc6812.obj (.data:cmdWRCFGA_pu16)
                  080037e8    00000008     ltc6812.obj (.data:cmdWRCFGB_pu16)
                  080037f0    00000008     ltc6812.obj (.data:cmdWRPSB_pu16)
                  080037f8    00000008     ltc6812.obj (.data:cmdWRPWM_pu16)
                  08003800    00000008     os_port.obj (.data)
                  08003808    00000004     rtsv7R4_T_be_v3D16_eabi.lib : errno.c.obj (.data)
                  0800380c    00000004     ltc6812.obj (.data:spiDat_s)
                  08003810    00000003     ltc6812.obj (.data)

__llvm_prf_cnts 
*          0    08001000    00000000     UNINITIALIZED

MODULE SUMMARY

       Module                       code    ro data   rw data
       ------                       ----    -------   -------
    .\009_Ltc6812\source\
       os_tasks.obj                 11536   0         260    
       sys_selftest.obj             11484   0         0      
       os_heap.obj                  1524    0         8216   
       spi.obj                      3816    0         120    
       sys_vim.obj                  3364    512       0      
       het.obj                      2636    960       0      
       system.obj                   2916    0         0      
       pinmux.obj                   2220    0         0      
       esm.obj                      1744    0         0      
       errata_SSWF021_45.obj        1636    0         0      
       os_port.obj                  1424    0         8      
       os_portasm.obj               1200    0         0      
       gio.obj                      1156    0         0      
       sys_core.obj                 844     0         0      
       sys_startup.obj              652     0         0      
       os_list.obj                  568     0         0      
       sys_main.obj                 264     0         170    
       dabort.obj                   232     0         0      
       notification.obj             228     0         0      
       sys_pmu.obj                  224     0         0      
       sys_intvecs.obj              32      0         0      
       sys_phantom.obj              4       0         0      
    +--+----------------------------+-------+---------+---------+
       Total:                       49704   1472      8774   
                                                             
    .\ltc681x\crc\
       crc15.obj                    352     0         512    
    +--+----------------------------+-------+---------+---------+
       Total:                       352     0         512    
                                                             
    .\ltc681x\ltc\
       ltc6812.obj                  9216    0         1227   
    +--+----------------------------+-------+---------+---------+
       Total:                       9216    0         1227   
                                                             
    .\ltc681x\temperature\
       temperature.obj              276     0         0      
    +--+----------------------------+-------+---------+---------+
       Total:                       276     0         0      
                                                             
    C:/ti/ccs1120/ccs/tools/compiler/ti-cgt-arm_20.2.5.LTS/lib/rtsv7R4_T_be_v3D16_eabi.lib
       e_logf.c.obj                 484     0         0      
       memcpy_t2.asm.obj            156     0         0      
       memset_t2.asm.obj            122     0         0      
       copy_decompress_lzss.c.obj   108     0         0      
       u_div32.asm.obj              80      0         0      
       autoinit.c.obj               68      0         0      
       strlen.c.obj                 22      0         0      
       copy_decompress_none.c.obj   14      0         0      
       copy_zero_init.c.obj         12      0         0      
       errno.c.obj                  8       0         4      
       exit.c.obj                   4       0         0      
       div0.asm.obj                 2       0         0      
    +--+----------------------------+-------+---------+---------+
       Total:                       1080    0         4      
                                                             
       Linker Generated:            0       260       0      
    +--+----------------------------+-------+---------+---------+
       Grand Total:                 60628   1732      10517  


LINKER GENERATED COPY TABLES

__TI_cinit_table @ 000038d0 records: 4, size/record: 8, table size: 32
	.data: load addr=000037e8, load size=000000bf bytes, run addr=08003690, run size=00000183 bytes, compression=lzss
	.kernelBSS: load addr=000038b4, load size=00000009 bytes, run addr=08000800, run size=00000104 bytes, compression=lzss
	.bss: load addr=000038c0, load size=00000008 bytes, run addr=08003000, run size=0000068e bytes, compression=zero_init
	.kernelHEAP: load addr=000038c8, load size=00000008 bytes, run addr=08001000, run size=00002000 bytes, compression=zero_init


LINKER GENERATED HANDLER TABLE

__TI_handler_table @ 000038a8 records: 3, size/record: 4, table size: 12
	index: 0, handler: __TI_decompress_lzss
	index: 1, handler: __TI_decompress_none
	index: 2, handler: __TI_zero_init


GLOBAL SYMBOLS: SORTED ALPHABETICALLY BY Name 

address   name                                
-------   ----                                
00012dec  AE_calculateTemp                    
0000d054  AE_delayMs                          
0000d098  AE_delayTenUs                       
0000bb08  AE_ltcAdcMeasureState               
0000c760  AE_ltcBalance                       
0000c344  AE_ltcClearCellAdc                  
0000c3b4  AE_ltcClearGpioAdc                  
0000c424  AE_ltcClearStatusAdc                
0000b1a4  AE_ltcCmdRead                       
0000afdc  AE_ltcCmdWrite                      
0000c5c8  AE_ltcContinuePwm                   
0000acfc  AE_ltcInit                          
0000c88c  AE_ltcIsBalanceComplete             
0000ca10  AE_ltcIsCellOpenWire                
0000cccc  AE_ltcIsGpioOpenWire                
0000c968  AE_ltcMinCellVolt                   
0000c5b0  AE_ltcPausePwm                      
0000c5e0  AE_ltcPreBalance                    
0000b02c  AE_ltcRead                          
0000b36c  AE_ltcReadCellVoltage               
0000b338  AE_ltcReadConfRegA                  
0000b350  AE_ltcReadConfRegB                  
0000bc1c  AE_ltcReadGPIOVoltage               
0000c01c  AE_ltcReadStatusRegA                
0000c160  AE_ltcReadStatusRegB                
0000b74c  AE_ltcSetUnderOverVoltage           
0000ba20  AE_ltcStartCellAdc                  
0000bb2c  AE_ltcStartGpioAdc                  
0000c4b8  AE_ltcStartPwm                      
0000bf3c  AE_ltcStartStatusAdc                
0000cfc8  AE_ltcTemperature                   
0000b85c  AE_ltcUnderOverFlag                 
0000b284  AE_ltcWakeUpIdle                    
0000b204  AE_ltcWakeUpSleep                   
0000ae0c  AE_ltcWrite                         
0000b304  AE_ltcWriteConfRegA                 
0000b31c  AE_ltcWriteConfRegB                 
00012984  AE_pec15                            
00013505  C$$EXIT                             
UNDEFED   SHT$$INIT_ARRAY$$Base               
UNDEFED   SHT$$INIT_ARRAY$$Limit              
0000dabc  SpiRxStatus                         
0000da30  SpiTxStatus                         
000038d0  __TI_CINIT_Base                     
000038f0  __TI_CINIT_Limit                    
000038a8  __TI_Handler_Table_Base             
000038b4  __TI_Handler_Table_Limit            
00011b24  __TI_PINIT_Base                     
00011b28  __TI_PINIT_Limit                    
00013489  __TI_auto_init_nobinit_nopinit      
000133cb  __TI_decompress_lzss                
000134e3  __TI_decompress_none                
ffffffff  __TI_pprof_out_hndl                 
ffffffff  __TI_prof_data_size                 
ffffffff  __TI_prof_data_start                
00000000  __TI_static_base__                  
000134f1  __TI_zero_init                      
000134fd  __aeabi_errno_addr                  
00013437  __aeabi_idiv0                       
00013437  __aeabi_ldiv0                       
00013351  __aeabi_memclr                      
00013351  __aeabi_memclr4                     
00013351  __aeabi_memclr8                     
000132b5  __aeabi_memcpy                      
000132b5  __aeabi_memcpy4                     
000132b5  __aeabi_memcpy8                     
00013353  __aeabi_memset                      
00013353  __aeabi_memset4                     
00013353  __aeabi_memset8                     
00013438  __aeabi_uidiv                       
00013438  __aeabi_uidivmod                    
ffffffff  __binit__                           
ffffffff  __c_args__                          
08001000  __start___llvm_prf_cnts             
08001000  __stop___llvm_prf_cnts              
00011df8  _c_int00                            
00011a3c  _coreClearAuxiliaryDataFault_       
00011a50  _coreClearAuxiliaryInstructionFault_
00011a14  _coreClearDataFaultAddress_         
000119ec  _coreClearDataFault_                
00011a28  _coreClearInstructionFaultAddress_  
00011a00  _coreClearInstructionFault_         
00011980  _coreDisableEventBusExport_         
000119c4  _coreDisableFlashEcc_               
000119a0  _coreDisableRamEcc_                 
00011970  _coreEnableEventBusExport_          
000119b0  _coreEnableFlashEcc_                
000119d4  _coreEnableIrqVicOffset_            
00011990  _coreEnableRamEcc_                  
00011958  _coreEnableVfp_                     
00011a34  _coreGetAuxiliaryDataFault_         
00011a48  _coreGetAuxiliaryInstructionFault_  
00011a0c  _coreGetDataFaultAddress_           
000119e4  _coreGetDataFault_                  
00011a20  _coreGetInstructionFaultAddress_    
000119f8  _coreGetInstructionFault_           
000117e0  _coreInitRegisters_                 
000118ec  _coreInitStackPointer_              
00013008  _dabort                             
00011a64  _disable_FIQ_interrupt_             
00011a6c  _disable_IRQ_interrupt_             
00011a5c  _disable_interrupt_                 
00011a74  _enable_interrupt_                  
00011b04  _errata_CORTEXR4_57_                
00011b14  _errata_CORTEXR4_66_                
0001073c  _errata_SSWF021_45_both_plls        
00010930  _errata_SSWF021_45_pll1             
00010aa8  _errata_SSWF021_45_pll2             
00011a7c  _esmCcmErrorsClear_                 
00011938  _getCPSRValue_                      
00011940  _gotoCPUIdle_                       
00013230  _pmuDisableCountersGlobal_          
00013220  _pmuEnableCountersGlobal_           
0001328c  _pmuGetCycleCount_                  
00013294  _pmuGetEventCount_                  
000132a0  _pmuGetOverflow_                    
000131d4  _pmuInit_                           
00013260  _pmuResetCounters_                  
00013240  _pmuResetCycleCounter_              
00013250  _pmuResetEventCounters_             
00013280  _pmuSetCountEvent_                  
00013270  _pmuStartCounters_                  
00013278  _pmuStopCounters_                   
UNDEFED   _system_post_cinit                  
00013505  abort                               
0000926c  adc1ParityCheck                     
00009358  adc2ParityCheck                     
ffffffff  binit                               
00009410  can1ParityCheck                     
000094e8  can2ParityCheck                     
000095b0  can3ParityCheck                     
0000fbac  capGetSignal                        
00008030  ccmSelfCheck                        
0000a6fc  ccmr4GetConfigValue                 
00008938  checkB0RAMECC                       
00008b28  checkB1RAMECC                       
00009c18  checkClockMonitor                   
00008d18  checkFlashECC                       
00009cf4  checkFlashEEPROMECC                 
00009e8c  checkPLL1Slip                       
00009f8c  checkPLL2Slip                       
0000a050  checkRAMAddrParity                  
000099d0  checkRAMECC                         
0000a15c  checkRAMUERRTest                    
000087bc  checkefcSelfTest                    
00008234  cpuSelfTest                         
00008dfc  cpuSelfTestFail                     
0000ea6c  customTrimLPO                       
00008df4  custom_dabort                       
0000ab58  disableParity                       
000131c0  dmaGroupANotification               
00008eac  dmaParityCheck                      
00001f00  eTaskConfirmSleepModeStatus         
00000888  eTaskGetState                       
0000fb6c  edgeDisableNotification             
0000fb30  edgeEnableNotification              
0000fb04  edgeGetCounter                      
00013198  edgeNotification                    
0000fad8  edgeResetCounter                    
00008660  efcCheck                            
0000a660  efcGetConfigValue                   
00008794  efcSelfTest                         
000086e8  efcStuckZeroTest                    
0000aad0  enableParity                        
0000a76c  errata_PBIST_4                      
08003808  errno                               
00010f24  esmActivateNormalOperation          
00010ff8  esmClearStatus                      
00011038  esmClearStatusBuffer                
00010eec  esmDisableError                     
00010f5c  esmDisableInterrupt                 
00010ec4  esmEnableError                      
00010f34  esmEnableInterrupt                  
00011130  esmEnterSelfTest                    
00010ea8  esmError                            
00011208  esmGetConfigValue                   
00011074  esmGetStatus                        
000110f8  esmGetStatusBuffer                  
000130f0  esmGroup1Notification               
00013100  esmGroup2Notification               
00012cd8  esmHighInterrupt                    
00010da0  esmInit                             
000111b8  esmSelfTestStatus                   
00011054  esmSetCounterPreloadValue           
00010f84  esmSetInterruptLevel                
00010f14  esmTriggerErrorPinReset             
0000a2c4  fmcBus1ParityCheck                  
0000885c  fmcBus2Check                        
00008898  fmcECCcheck                         
0000d03c  getUsTick                           
000115bc  gioDisableNotification              
00011554  gioEnableNotification               
000114bc  gioGetBit                           
00011624  gioGetConfigValue                   
000114e4  gioGetPort                          
0001135c  gioInit                             
00013148  gioNotification                     
0001144c  gioSetBit                           
0001142c  gioSetDirection                     
0001149c  gioSetPort                          
000114fc  gioToggleBit                        
0001350c  handlePLLLockFail                   
0000fcb8  het1GetConfigValue                  
00012a24  het1HighLevelInterrupt              
00012acc  het1LowLevelInterrupt               
00008f58  het1ParityCheck                     
000090c0  het2ParityCheck                     
0000fca0  hetGetTimestamp                     
0000f5a0  hetInit                             
000131ac  hetNotification                     
0000fc84  hetResetTimestamp                   
00009004  htu1ParityCheck                     
000091bc  htu2ParityCheck                     
000128c4  init_PEC15_Table                    
00012531  logf                                
08003690  ltcBat                              
00012f78  ltcInit                             
00012f00  main                                
0000e14c  mapClocks                           
000132b5  memcpy                              
00008174  memoryInit                          
00013110  memoryPort0TestFailNotification     
0001312c  memoryPort1TestFailNotification     
00013359  memset                              
00009684  mibspi1ParityCheck                  
0000978c  mibspi3ParityCheck                  
000098b0  mibspi5ParityCheck                  
0000fe90  muxInit                             
0000a3ec  pbistFail                           
0000a470  pbistGetConfigValue                 
000085a8  pbistIsTestCompleted                
000085d4  pbistIsTestPassed                   
00008608  pbistPortTestStatus                 
000084ac  pbistRun                            
000082cc  pbistSelfCheck                      
00008578  pbistStop                           
00001344  pcTaskGetName                       
08003400  pec15Table                          
0000e0f8  periphInit                          
00013508  phantomInterrupt                    
0001032c  pinmuxGetConfigValue                
00003060  prvMpuDisable                       
00003048  prvMpuEnable                        
00003030  prvMpuSetRegion                     
00003468  pvPortMalloc                        
00001fe0  pvTaskGetThreadLocalStoragePointer  
0000faa8  pwmDisableNotification              
0000fa60  pwmEnableNotification               
0000f980  pwmGetSignal                        
0000d014  pwmNotification                     
0000f6c8  pwmSetDuty                          
0000f804  pwmSetSignal                        
0000f660  pwmStart                            
0000f694  pwmStop                             
080008d0  pxCurrentTCB                        
00003088  pxPortInitialiseStack               
00000000  resetEntry                          
0800368c  returnVarningClose                  
00008020  selftestFailNotification            
0000e0b8  setupFlash                          
0000dfe4  setupPLL                            
0000dbf4  spi1GetConfigValue                  
0000dd84  spi3GetConfigValue                  
0000db7c  spiDisableLoopback                  
0000dbc8  spiDisableNotification              
0000db48  spiEnableLoopback                   
0000db98  spiEnableNotification               
00013170  spiEndNotification                  
0000d498  spiGetData                          
0000d0fc  spiInit                             
0001315c  spiNotification                     
0000d37c  spiReceiveData                      
0000d8f0  spiSendAndGetData                   
0000d6bc  spiSendData                         
0000d35c  spiSetFunctional                    
0000d7b4  spiTransmitAndReceiveData           
0000d590  spiTransmitData                     
0000e930  sramGetConfigValue                  
0800368d  status                              
0000a5bc  stcGetConfigValue                   
000081b8  stcSelfCheck                        
00008df8  stcSelfCheckFail                    
000134cd  strlen                              
0000e370  systemGetConfigValue                
0000e274  systemInit                          
0000e340  systemPowerDown                     
0000e784  tcmflashGetConfigValue              
0000e044  trimLPO                             
08003800  ulCriticalNesting                   
00002f58  ulPortCountLeadingZeros             
08003804  ulTaskHasFPUContext                 
00002378  ulTaskNotifyTake                    
08003688  uwTick                              
000124a4  uxListRemove                        
00001338  uxTaskGetNumberOfTasks              
00002224  uxTaskGetStackHighWaterMark         
0000098c  uxTaskPriorityGet                   
000009d0  uxTaskPriorityGetFromISR            
0000233c  uxTaskResetEventItemValue           
000122f8  vListInitialise                     
00012350  vListInitialiseItem                 
000123e0  vListInsert                         
0001236c  vListInsertEnd                      
00003434  vPortEndScheduler                   
000036bc  vPortFree                           
000037cc  vPortInitialiseBlocks               
00002f4c  vPortInitialiseFPSCR                
00002e4c  vPortPreemptiveTick                 
00002f60  vPortSWI                            
00002bdc  vPortStartFirstTask                 
0000319c  vPortStoreTaskMPUSettings           
00002d58  vPortYeildWithinAPI                 
00002c6c  vPortYieldProcessor                 
0000204c  vTaskAllocateMPURegions             
00000804  vTaskDelay                          
00000698  vTaskDelayUntil                     
00000530  vTaskDelete                         
00001074  vTaskEndScheduler                   
00001ef0  vTaskMissedYield                    
00002930  vTaskNotifyGiveFromISR              
00001ab8  vTaskPlaceOnEventList               
00001afc  vTaskPlaceOnUnorderedEventList      
00000a18  vTaskPrioritySet                    
00000e14  vTaskResume                         
00001f7c  vTaskSetThreadLocalStoragePointer   
00001d74  vTaskSetTimeOutState                
00000fdc  vTaskStartScheduler                 
00001658  vTaskStepTick                       
00000c10  vTaskSuspend                        
00001090  vTaskSuspendAll                     
000019d8  vTaskSwitchContext                  
0000ec1c  vimChannelMap                       
0000ee88  vimDisableInterrupt                 
0000ecc0  vimEnableInterrupt                  
0000ef34  vimGetConfigValue                   
0000eb48  vimInit                             
00008e00  vimParityCheck                      
00011b2c  vimParityErrorHandler               
000037b4  xPortGetFreeHeapSize                
000037c0  xPortGetMinimumEverFreeHeapSize     
00003410  xPortStartScheduler                 
000016b4  xTaskAbortDelay                     
00001db8  xTaskCheckForTimeOut                
000000fc  xTaskCreate                         
00000020  xTaskCreateRestricted               
00002560  xTaskGenericNotify                  
00002730  xTaskGenericNotifyFromISR           
00001518  xTaskGetHandle                      
00001620  xTaskGetIdleTaskHandle              
000022ec  xTaskGetSchedulerState              
000012f8  xTaskGetTickCount                   
00001314  xTaskGetTickCountFromISR            
000017b0  xTaskIncrementTick                  
00012c5c  xTaskNotifyStateClear               
0000244c  xTaskNotifyWait                     
00001b80  xTaskRemoveFromEventList            
00001c70  xTaskRemoveFromUnorderedEventList   
00001148  xTaskResumeAll                      
00000ef4  xTaskResumeFromISR                  


GLOBAL SYMBOLS: SORTED BY Symbol Address 

address   name                                
-------   ----                                
00000000  __TI_static_base__                  
00000000  resetEntry                          
00000020  xTaskCreateRestricted               
000000fc  xTaskCreate                         
00000530  vTaskDelete                         
00000698  vTaskDelayUntil                     
00000804  vTaskDelay                          
00000888  eTaskGetState                       
0000098c  uxTaskPriorityGet                   
000009d0  uxTaskPriorityGetFromISR            
00000a18  vTaskPrioritySet                    
00000c10  vTaskSuspend                        
00000e14  vTaskResume                         
00000ef4  xTaskResumeFromISR                  
00000fdc  vTaskStartScheduler                 
00001074  vTaskEndScheduler                   
00001090  vTaskSuspendAll                     
00001148  xTaskResumeAll                      
000012f8  xTaskGetTickCount                   
00001314  xTaskGetTickCountFromISR            
00001338  uxTaskGetNumberOfTasks              
00001344  pcTaskGetName                       
00001518  xTaskGetHandle                      
00001620  xTaskGetIdleTaskHandle              
00001658  vTaskStepTick                       
000016b4  xTaskAbortDelay                     
000017b0  xTaskIncrementTick                  
000019d8  vTaskSwitchContext                  
00001ab8  vTaskPlaceOnEventList               
00001afc  vTaskPlaceOnUnorderedEventList      
00001b80  xTaskRemoveFromEventList            
00001c70  xTaskRemoveFromUnorderedEventList   
00001d74  vTaskSetTimeOutState                
00001db8  xTaskCheckForTimeOut                
00001ef0  vTaskMissedYield                    
00001f00  eTaskConfirmSleepModeStatus         
00001f7c  vTaskSetThreadLocalStoragePointer   
00001fe0  pvTaskGetThreadLocalStoragePointer  
0000204c  vTaskAllocateMPURegions             
00002224  uxTaskGetStackHighWaterMark         
000022ec  xTaskGetSchedulerState              
0000233c  uxTaskResetEventItemValue           
00002378  ulTaskNotifyTake                    
0000244c  xTaskNotifyWait                     
00002560  xTaskGenericNotify                  
00002730  xTaskGenericNotifyFromISR           
00002930  vTaskNotifyGiveFromISR              
00002bdc  vPortStartFirstTask                 
00002c6c  vPortYieldProcessor                 
00002d58  vPortYeildWithinAPI                 
00002e4c  vPortPreemptiveTick                 
00002f4c  vPortInitialiseFPSCR                
00002f58  ulPortCountLeadingZeros             
00002f60  vPortSWI                            
00003030  prvMpuSetRegion                     
00003048  prvMpuEnable                        
00003060  prvMpuDisable                       
00003088  pxPortInitialiseStack               
0000319c  vPortStoreTaskMPUSettings           
00003410  xPortStartScheduler                 
00003434  vPortEndScheduler                   
00003468  pvPortMalloc                        
000036bc  vPortFree                           
000037b4  xPortGetFreeHeapSize                
000037c0  xPortGetMinimumEverFreeHeapSize     
000037cc  vPortInitialiseBlocks               
000038a8  __TI_Handler_Table_Base             
000038b4  __TI_Handler_Table_Limit            
000038d0  __TI_CINIT_Base                     
000038f0  __TI_CINIT_Limit                    
00008020  selftestFailNotification            
00008030  ccmSelfCheck                        
00008174  memoryInit                          
000081b8  stcSelfCheck                        
00008234  cpuSelfTest                         
000082cc  pbistSelfCheck                      
000084ac  pbistRun                            
00008578  pbistStop                           
000085a8  pbistIsTestCompleted                
000085d4  pbistIsTestPassed                   
00008608  pbistPortTestStatus                 
00008660  efcCheck                            
000086e8  efcStuckZeroTest                    
00008794  efcSelfTest                         
000087bc  checkefcSelfTest                    
0000885c  fmcBus2Check                        
00008898  fmcECCcheck                         
00008938  checkB0RAMECC                       
00008b28  checkB1RAMECC                       
00008d18  checkFlashECC                       
00008df4  custom_dabort                       
00008df8  stcSelfCheckFail                    
00008dfc  cpuSelfTestFail                     
00008e00  vimParityCheck                      
00008eac  dmaParityCheck                      
00008f58  het1ParityCheck                     
00009004  htu1ParityCheck                     
000090c0  het2ParityCheck                     
000091bc  htu2ParityCheck                     
0000926c  adc1ParityCheck                     
00009358  adc2ParityCheck                     
00009410  can1ParityCheck                     
000094e8  can2ParityCheck                     
000095b0  can3ParityCheck                     
00009684  mibspi1ParityCheck                  
0000978c  mibspi3ParityCheck                  
000098b0  mibspi5ParityCheck                  
000099d0  checkRAMECC                         
00009c18  checkClockMonitor                   
00009cf4  checkFlashEEPROMECC                 
00009e8c  checkPLL1Slip                       
00009f8c  checkPLL2Slip                       
0000a050  checkRAMAddrParity                  
0000a15c  checkRAMUERRTest                    
0000a2c4  fmcBus1ParityCheck                  
0000a3ec  pbistFail                           
0000a470  pbistGetConfigValue                 
0000a5bc  stcGetConfigValue                   
0000a660  efcGetConfigValue                   
0000a6fc  ccmr4GetConfigValue                 
0000a76c  errata_PBIST_4                      
0000aad0  enableParity                        
0000ab58  disableParity                       
0000acfc  AE_ltcInit                          
0000ae0c  AE_ltcWrite                         
0000afdc  AE_ltcCmdWrite                      
0000b02c  AE_ltcRead                          
0000b1a4  AE_ltcCmdRead                       
0000b204  AE_ltcWakeUpSleep                   
0000b284  AE_ltcWakeUpIdle                    
0000b304  AE_ltcWriteConfRegA                 
0000b31c  AE_ltcWriteConfRegB                 
0000b338  AE_ltcReadConfRegA                  
0000b350  AE_ltcReadConfRegB                  
0000b36c  AE_ltcReadCellVoltage               
0000b74c  AE_ltcSetUnderOverVoltage           
0000b85c  AE_ltcUnderOverFlag                 
0000ba20  AE_ltcStartCellAdc                  
0000bb08  AE_ltcAdcMeasureState               
0000bb2c  AE_ltcStartGpioAdc                  
0000bc1c  AE_ltcReadGPIOVoltage               
0000bf3c  AE_ltcStartStatusAdc                
0000c01c  AE_ltcReadStatusRegA                
0000c160  AE_ltcReadStatusRegB                
0000c344  AE_ltcClearCellAdc                  
0000c3b4  AE_ltcClearGpioAdc                  
0000c424  AE_ltcClearStatusAdc                
0000c4b8  AE_ltcStartPwm                      
0000c5b0  AE_ltcPausePwm                      
0000c5c8  AE_ltcContinuePwm                   
0000c5e0  AE_ltcPreBalance                    
0000c760  AE_ltcBalance                       
0000c88c  AE_ltcIsBalanceComplete             
0000c968  AE_ltcMinCellVolt                   
0000ca10  AE_ltcIsCellOpenWire                
0000cccc  AE_ltcIsGpioOpenWire                
0000cfc8  AE_ltcTemperature                   
0000d014  pwmNotification                     
0000d03c  getUsTick                           
0000d054  AE_delayMs                          
0000d098  AE_delayTenUs                       
0000d0fc  spiInit                             
0000d35c  spiSetFunctional                    
0000d37c  spiReceiveData                      
0000d498  spiGetData                          
0000d590  spiTransmitData                     
0000d6bc  spiSendData                         
0000d7b4  spiTransmitAndReceiveData           
0000d8f0  spiSendAndGetData                   
0000da30  SpiTxStatus                         
0000dabc  SpiRxStatus                         
0000db48  spiEnableLoopback                   
0000db7c  spiDisableLoopback                  
0000db98  spiEnableNotification               
0000dbc8  spiDisableNotification              
0000dbf4  spi1GetConfigValue                  
0000dd84  spi3GetConfigValue                  
0000dfe4  setupPLL                            
0000e044  trimLPO                             
0000e0b8  setupFlash                          
0000e0f8  periphInit                          
0000e14c  mapClocks                           
0000e274  systemInit                          
0000e340  systemPowerDown                     
0000e370  systemGetConfigValue                
0000e784  tcmflashGetConfigValue              
0000e930  sramGetConfigValue                  
0000ea6c  customTrimLPO                       
0000eb48  vimInit                             
0000ec1c  vimChannelMap                       
0000ecc0  vimEnableInterrupt                  
0000ee88  vimDisableInterrupt                 
0000ef34  vimGetConfigValue                   
0000f5a0  hetInit                             
0000f660  pwmStart                            
0000f694  pwmStop                             
0000f6c8  pwmSetDuty                          
0000f804  pwmSetSignal                        
0000f980  pwmGetSignal                        
0000fa60  pwmEnableNotification               
0000faa8  pwmDisableNotification              
0000fad8  edgeResetCounter                    
0000fb04  edgeGetCounter                      
0000fb30  edgeEnableNotification              
0000fb6c  edgeDisableNotification             
0000fbac  capGetSignal                        
0000fc84  hetResetTimestamp                   
0000fca0  hetGetTimestamp                     
0000fcb8  het1GetConfigValue                  
0000fe90  muxInit                             
0001032c  pinmuxGetConfigValue                
0001073c  _errata_SSWF021_45_both_plls        
00010930  _errata_SSWF021_45_pll1             
00010aa8  _errata_SSWF021_45_pll2             
00010da0  esmInit                             
00010ea8  esmError                            
00010ec4  esmEnableError                      
00010eec  esmDisableError                     
00010f14  esmTriggerErrorPinReset             
00010f24  esmActivateNormalOperation          
00010f34  esmEnableInterrupt                  
00010f5c  esmDisableInterrupt                 
00010f84  esmSetInterruptLevel                
00010ff8  esmClearStatus                      
00011038  esmClearStatusBuffer                
00011054  esmSetCounterPreloadValue           
00011074  esmGetStatus                        
000110f8  esmGetStatusBuffer                  
00011130  esmEnterSelfTest                    
000111b8  esmSelfTestStatus                   
00011208  esmGetConfigValue                   
0001135c  gioInit                             
0001142c  gioSetDirection                     
0001144c  gioSetBit                           
0001149c  gioSetPort                          
000114bc  gioGetBit                           
000114e4  gioGetPort                          
000114fc  gioToggleBit                        
00011554  gioEnableNotification               
000115bc  gioDisableNotification              
00011624  gioGetConfigValue                   
000117e0  _coreInitRegisters_                 
000118ec  _coreInitStackPointer_              
00011938  _getCPSRValue_                      
00011940  _gotoCPUIdle_                       
00011958  _coreEnableVfp_                     
00011970  _coreEnableEventBusExport_          
00011980  _coreDisableEventBusExport_         
00011990  _coreEnableRamEcc_                  
000119a0  _coreDisableRamEcc_                 
000119b0  _coreEnableFlashEcc_                
000119c4  _coreDisableFlashEcc_               
000119d4  _coreEnableIrqVicOffset_            
000119e4  _coreGetDataFault_                  
000119ec  _coreClearDataFault_                
000119f8  _coreGetInstructionFault_           
00011a00  _coreClearInstructionFault_         
00011a0c  _coreGetDataFaultAddress_           
00011a14  _coreClearDataFaultAddress_         
00011a20  _coreGetInstructionFaultAddress_    
00011a28  _coreClearInstructionFaultAddress_  
00011a34  _coreGetAuxiliaryDataFault_         
00011a3c  _coreClearAuxiliaryDataFault_       
00011a48  _coreGetAuxiliaryInstructionFault_  
00011a50  _coreClearAuxiliaryInstructionFault_
00011a5c  _disable_interrupt_                 
00011a64  _disable_FIQ_interrupt_             
00011a6c  _disable_IRQ_interrupt_             
00011a74  _enable_interrupt_                  
00011a7c  _esmCcmErrorsClear_                 
00011b04  _errata_CORTEXR4_57_                
00011b14  _errata_CORTEXR4_66_                
00011b24  __TI_PINIT_Base                     
00011b28  __TI_PINIT_Limit                    
00011b2c  vimParityErrorHandler               
00011df8  _c_int00                            
000122f8  vListInitialise                     
00012350  vListInitialiseItem                 
0001236c  vListInsertEnd                      
000123e0  vListInsert                         
000124a4  uxListRemove                        
00012531  logf                                
000128c4  init_PEC15_Table                    
00012984  AE_pec15                            
00012a24  het1HighLevelInterrupt              
00012acc  het1LowLevelInterrupt               
00012c5c  xTaskNotifyStateClear               
00012cd8  esmHighInterrupt                    
00012dec  AE_calculateTemp                    
00012f00  main                                
00012f78  ltcInit                             
00013008  _dabort                             
000130f0  esmGroup1Notification               
00013100  esmGroup2Notification               
00013110  memoryPort0TestFailNotification     
0001312c  memoryPort1TestFailNotification     
00013148  gioNotification                     
0001315c  spiNotification                     
00013170  spiEndNotification                  
00013198  edgeNotification                    
000131ac  hetNotification                     
000131c0  dmaGroupANotification               
000131d4  _pmuInit_                           
00013220  _pmuEnableCountersGlobal_           
00013230  _pmuDisableCountersGlobal_          
00013240  _pmuResetCycleCounter_              
00013250  _pmuResetEventCounters_             
00013260  _pmuResetCounters_                  
00013270  _pmuStartCounters_                  
00013278  _pmuStopCounters_                   
00013280  _pmuSetCountEvent_                  
0001328c  _pmuGetCycleCount_                  
00013294  _pmuGetEventCount_                  
000132a0  _pmuGetOverflow_                    
000132b5  __aeabi_memcpy                      
000132b5  __aeabi_memcpy4                     
000132b5  __aeabi_memcpy8                     
000132b5  memcpy                              
00013351  __aeabi_memclr                      
00013351  __aeabi_memclr4                     
00013351  __aeabi_memclr8                     
00013353  __aeabi_memset                      
00013353  __aeabi_memset4                     
00013353  __aeabi_memset8                     
00013359  memset                              
000133cb  __TI_decompress_lzss                
00013437  __aeabi_idiv0                       
00013437  __aeabi_ldiv0                       
00013438  __aeabi_uidiv                       
00013438  __aeabi_uidivmod                    
00013489  __TI_auto_init_nobinit_nopinit      
000134cd  strlen                              
000134e3  __TI_decompress_none                
000134f1  __TI_zero_init                      
000134fd  __aeabi_errno_addr                  
00013505  C$$EXIT                             
00013505  abort                               
00013508  phantomInterrupt                    
0001350c  handlePLLLockFail                   
080008d0  pxCurrentTCB                        
08001000  __start___llvm_prf_cnts             
08001000  __stop___llvm_prf_cnts              
08003400  pec15Table                          
08003688  uwTick                              
0800368c  returnVarningClose                  
0800368d  status                              
08003690  ltcBat                              
08003800  ulCriticalNesting                   
08003804  ulTaskHasFPUContext                 
08003808  errno                               
ffffffff  __TI_pprof_out_hndl                 
ffffffff  __TI_prof_data_size                 
ffffffff  __TI_prof_data_start                
ffffffff  __binit__                           
ffffffff  __c_args__                          
ffffffff  binit                               
UNDEFED   SHT$$INIT_ARRAY$$Base               
UNDEFED   SHT$$INIT_ARRAY$$Limit              
UNDEFED   _system_post_cinit                  

[359 symbols]
