******************************************************************************
                  TI ARM Linker PC v20.2.5                     
******************************************************************************
>> Linked Mon Feb 19 17:56:40 2024

OUTPUT FILE NAME:   <009_Ltc6812.out>
ENTRY POINT SYMBOL: "_c_int00"  address: 0001224c


MEMORY CONFIGURATION

         name            origin    length      used     unused   attr    fill
----------------------  --------  ---------  --------  --------  ----  --------
  VECTORS               00000000   00000020  00000020  00000000     X
  KERNEL                00000020   00008000  000038cc  00004734  R  X
  FLASH0                00008020   00137fe0  0000bf5c  0012c084  R  X
  STACKS                08000000   00000800  00000000  00000800  RW  
  KRAM                  08000800   00000800  00000104  000006fc  RW  
  RAM                   08001000   0002f000  000028b9  0002c747  RW  


SEGMENT ALLOCATION MAP

run origin  load origin   length   init length attrs members
----------  ----------- ---------- ----------- ----- -------
00000000    00000000    000038f0   000038f0    r-x
  00000000    00000000    00000020   00000020    r-x .intvecs
  00000020    00000020    000037c4   000037c4    r-x .kernelTEXT
  000037e8    000037e8    00000108   00000108    r-- .cinit
00008020    00008020    0000bf5c   0000bf5c    r-x
  00008020    00008020    0000b99c   0000b99c    r-x .text
  000139bc    000139bc    000005c0   000005c0    r-- .const
08000800    08000800    00000104   00000000    rw-
  08000800    08000800    00000104   00000000    rw- .kernelBSS
08001000    08001000    000028bb   00000000    rw-
  08001000    08001000    00002000   00000000    rw- .kernelHEAP
  08003000    08003000    0000068e   00000000    rw- .bss
  08003690    08003690    0000022b   00000000    rw- .data


SECTION ALLOCATION MAP

 output                                  attributes/
section   page    origin      length       input sections
--------  ----  ----------  ----------   ----------------
.intvecs   0    00000000    00000020     
                  00000000    00000020     sys_intvecs.obj (.intvecs)

.kernelTEXT 
*          0    00000020    000037c4     
                  00000020    00002bb8     os_tasks.obj (.kernelTEXT)
                  00002bd8    000004b0     os_portasm.obj (.kernelTEXT)
                  00003088    000003e0     os_port.obj (.kernelTEXT)
                  00003468    0000037c     os_heap.obj (.kernelTEXT)

.cinit     0    000037e8    00000108     
                  000037e8    000000bf     (.cinit..data.load) [load image, compression = lzss]
                  000038a7    00000001     --HOLE-- [fill = 0]
                  000038a8    0000000c     (__TI_handler_table)
                  000038b4    00000009     (.cinit..kernelBSS.load) [load image, compression = lzss]
                  000038bd    00000003     --HOLE-- [fill = 0]
                  000038c0    00000008     (.cinit..bss.load) [load image, compression = zero_init]
                  000038c8    00000008     (.cinit..kernelHEAP.load) [load image, compression = zero_init]
                  000038d0    00000020     (__TI_cinit_table)

.text      0    00008020    0000b99c     
                  00008020    00002cdc     sys_selftest.obj (.text)
                  0000acfc    00002850     ltc6812.obj (.text)
                  0000d54c    00000eec     spi.obj (.text)
                  0000e438    00000b64     system.obj (.text)
                  0000ef9c    00000a58     sys_vim.obj (.text)
                  0000f9f4    000008f0     het.obj (.text)
                  000102e4    000008ac     pinmux.obj (.text)
                  00010b90    00000664     errata_SSWF021_45.obj (.text)
                  000111f4    000005bc     esm.obj (.text)
                  000117b0    00000484     gio.obj (.text)
                  00011c34    0000034c     sys_core.obj (.text)
                  00011f80    000002cc     sys_vim.obj (.text:retain)
                  0001224c    00000288     sys_startup.obj (.text:retain)
                  000124d4    00000278     os_heap.obj (.text)
                  0001274c    00000238     os_list.obj (.text)
                  00012984    000001e4     rtsv7R4_T_be_v3D16_eabi.lib : e_logf.c.obj (.text:logf)
                  00012b68    000001b0     os_port.obj (.text)
                  00012d18    00000160     crc15.obj (.text)
                  00012e78    00000160     sys_main.obj (.text)
                  00012fd8    0000015c     het.obj (.text:retain)
                  00013134    00000158     os_tasks.obj (.text)
                  0001328c    00000114     esm.obj (.text:retain)
                  000133a0    00000114     temperature.obj (.text)
                  000134b4    000000e8     dabort.obj (.text)
                  0001359c    000000e4     notification.obj (.text)
                  00013680    000000e0     sys_pmu.obj (.text)
                  00013760    0000009c     rtsv7R4_T_be_v3D16_eabi.lib : memcpy_t2.asm.obj (.text)
                  000137fc    0000007a                                 : memset_t2.asm.obj (.text)
                  00013876    0000006c                                 : copy_decompress_lzss.c.obj (.text:decompress:lzss:__TI_decompress_lzss)
                  000138e2    00000002                                 : div0.asm.obj (.text)
                  000138e4    00000050                                 : u_div32.asm.obj (.text)
                  00013934    00000044                                 : autoinit.c.obj (.text:__TI_auto_init_nobinit_nopinit:__TI_auto_init_nobinit_nopinit)
                  00013978    00000016                                 : strlen.c.obj (.text:strlen)
                  0001398e    0000000e                                 : copy_decompress_none.c.obj (.text:decompress:none:__TI_decompress_none)
                  0001399c    0000000c                                 : copy_zero_init.c.obj (.text:decompress:ZI:__TI_zero_init)
                  000139a8    00000008                                 : errno.c.obj (.text:__aeabi_errno_addr)
                  000139b0    00000004                                 : exit.c.obj (.text:abort:abort)
                  000139b4    00000004     sys_phantom.obj (.text:retain)
                  000139b8    00000004     sys_startup.obj (.text)

.const     0    000139bc    000005c0     
                  000139bc    000003a0     het.obj (.const:het1PROGRAM)
                  00013d5c    00000200     sys_vim.obj (.const:s_vim_init)
                  00013f5c    00000020     het.obj (.const:s_het1pwmPolarity)

.kernelBSS 
*          0    08000800    00000104     UNINITIALIZED
                  08000800    000000d0     os_tasks.obj (.kernelBSS:uninit)
                  080008d0    00000034     os_tasks.obj (.kernelBSS:init)

.kernelHEAP 
*          0    08001000    00002000     UNINITIALIZED
                  08001000    00002000     os_heap.obj (.kernelHEAP)

.bss       0    08003000    0000068e     UNINITIALIZED
                  08003000    00000200     ltc6812.obj (.bss:rxBuffer)
                  08003200    00000200     ltc6812.obj (.bss:txBuffer)
                  08003400    00000200     (.common:pec15Table)
                  08003600    00000078     spi.obj (.bss:g_spiPacket_t)
                  08003678    00000008     os_heap.obj (.bss:xStart)
                  08003680    00000004     ltc6812.obj (.bss)
                  08003684    00000004     (.common:ltcSpi_ps)
                  08003688    00000004     (.common:uwTick)
                  0800368c    00000001     (.common:returnVarningClose)
                  0800368d    00000001     (.common:status)

.data      0    08003690    0000022b     UNINITIALIZED
                  08003690    00000150     sys_main.obj (.data:ltcBat)
                  080037e0    00000010     os_heap.obj (.data)
                  080037f0    00000008     ltc6812.obj (.data:cmdCLRAUX_pu16)
                  080037f8    00000008     ltc6812.obj (.data:cmdCLRCELL_pu16)
                  08003800    00000008     ltc6812.obj (.data:cmdCLRSTAT_pu16)
                  08003808    00000008     ltc6812.obj (.data:cmdMute_pu16)
                  08003810    00000008     ltc6812.obj (.data:cmdPladc_pu16)
                  08003818    00000008     ltc6812.obj (.data:cmdRDAUXA_pu16)
                  08003820    00000008     ltc6812.obj (.data:cmdRDAUXB_pu16)
                  08003828    00000008     ltc6812.obj (.data:cmdRDAUXC_pu16)
                  08003830    00000008     ltc6812.obj (.data:cmdRDAUXD_pu16)
                  08003838    00000008     ltc6812.obj (.data:cmdRDCFGA_pu16)
                  08003840    00000008     ltc6812.obj (.data:cmdRDCFGB_pu16)
                  08003848    00000008     ltc6812.obj (.data:cmdRDCVA_pu16)
                  08003850    00000008     ltc6812.obj (.data:cmdRDCVB_pu16)
                  08003858    00000008     ltc6812.obj (.data:cmdRDCVC_pu16)
                  08003860    00000008     ltc6812.obj (.data:cmdRDCVD_pu16)
                  08003868    00000008     ltc6812.obj (.data:cmdRDCVE_pu16)
                  08003870    00000008     ltc6812.obj (.data:cmdRDSTATA_pu16)
                  08003878    00000008     ltc6812.obj (.data:cmdRDSTATB_pu16)
                  08003880    00000008     ltc6812.obj (.data:cmdUnMute_pu16)
                  08003888    00000008     ltc6812.obj (.data:cmdWRCFGA_pu16)
                  08003890    00000008     ltc6812.obj (.data:cmdWRCFGB_pu16)
                  08003898    00000008     ltc6812.obj (.data:cmdWRPSB_pu16)
                  080038a0    00000008     ltc6812.obj (.data:cmdWRPWM_pu16)
                  080038a8    00000008     os_port.obj (.data)
                  080038b0    00000004     rtsv7R4_T_be_v3D16_eabi.lib : errno.c.obj (.data)
                  080038b4    00000004     ltc6812.obj (.data:spiDat_s)
                  080038b8    00000003     ltc6812.obj (.data)

__llvm_prf_cnts 
*          0    08001000    00000000     UNINITIALIZED

MODULE SUMMARY

       Module                       code    ro data   rw data
       ------                       ----    -------   -------
    .\009_Ltc6812\source\
       os_tasks.obj                 11536   0         260    
       sys_selftest.obj             11484   0         0      
       os_heap.obj                  1524    0         8216   
       spi.obj                      3820    0         120    
       sys_vim.obj                  3364    512       0      
       het.obj                      2636    960       0      
       system.obj                   2916    0         0      
       pinmux.obj                   2220    0         0      
       esm.obj                      1744    0         0      
       errata_SSWF021_45.obj        1636    0         0      
       os_port.obj                  1424    0         8      
       os_portasm.obj               1200    0         0      
       gio.obj                      1156    0         0      
       sys_core.obj                 844     0         0      
       sys_main.obj                 352     0         338    
       sys_startup.obj              652     0         0      
       os_list.obj                  568     0         0      
       dabort.obj                   232     0         0      
       notification.obj             228     0         0      
       sys_pmu.obj                  224     0         0      
       sys_intvecs.obj              32      0         0      
       sys_phantom.obj              4       0         0      
    +--+----------------------------+-------+---------+---------+
       Total:                       49796   1472      8942   
                                                             
    .\ltc681x\crc\
       crc15.obj                    352     0         512    
    +--+----------------------------+-------+---------+---------+
       Total:                       352     0         512    
                                                             
    .\ltc681x\ltc\
       ltc6812.obj                  10320   0         1227   
    +--+----------------------------+-------+---------+---------+
       Total:                       10320   0         1227   
                                                             
    .\ltc681x\temperature\
       temperature.obj              276     0         0      
    +--+----------------------------+-------+---------+---------+
       Total:                       276     0         0      
                                                             
    C:/ti/ccs1120/ccs/tools/compiler/ti-cgt-arm_20.2.5.LTS/lib/rtsv7R4_T_be_v3D16_eabi.lib
       e_logf.c.obj                 484     0         0      
       memcpy_t2.asm.obj            156     0         0      
       memset_t2.asm.obj            122     0         0      
       copy_decompress_lzss.c.obj   108     0         0      
       u_div32.asm.obj              80      0         0      
       autoinit.c.obj               68      0         0      
       strlen.c.obj                 22      0         0      
       copy_decompress_none.c.obj   14      0         0      
       copy_zero_init.c.obj         12      0         0      
       errno.c.obj                  8       0         4      
       exit.c.obj                   4       0         0      
       div0.asm.obj                 2       0         0      
    +--+----------------------------+-------+---------+---------+
       Total:                       1080    0         4      
                                                             
       Linker Generated:            0       260       0      
    +--+----------------------------+-------+---------+---------+
       Grand Total:                 61824   1732      10685  


LINKER GENERATED COPY TABLES

__TI_cinit_table @ 000038d0 records: 4, size/record: 8, table size: 32
	.data: load addr=000037e8, load size=000000bf bytes, run addr=08003690, run size=0000022b bytes, compression=lzss
	.kernelBSS: load addr=000038b4, load size=00000009 bytes, run addr=08000800, run size=00000104 bytes, compression=lzss
	.bss: load addr=000038c0, load size=00000008 bytes, run addr=08003000, run size=0000068e bytes, compression=zero_init
	.kernelHEAP: load addr=000038c8, load size=00000008 bytes, run addr=08001000, run size=00002000 bytes, compression=zero_init


LINKER GENERATED HANDLER TABLE

__TI_handler_table @ 000038a8 records: 3, size/record: 4, table size: 12
	index: 0, handler: __TI_decompress_lzss
	index: 1, handler: __TI_decompress_none
	index: 2, handler: __TI_zero_init


GLOBAL SYMBOLS: SORTED ALPHABETICALLY BY Name 

address   name                                
-------   ----                                
000133a0  AE_calculateTemp                    
0000d4ac  AE_delayMs                          
0000d4ec  AE_delayTenUs                       
0000bd08  AE_ltcAdcMeasureState               
0000cb9c  AE_ltcBalance                       
0000c788  AE_ltcClearCellAdc                  
0000c818  AE_ltcClearGpioAdc                  
0000c888  AE_ltcClearStatusAdc                
0000b2c8  AE_ltcCmdRead                       
0000b0dc  AE_ltcCmdWrite                      
0000ca00  AE_ltcContinuePwm                   
0000acfc  AE_ltcInit                          
0000ccd8  AE_ltcIsBalanceComplete             
0000ce64  AE_ltcIsCellOpenWire                
0000d11c  AE_ltcIsGpioOpenWire                
0000cdb4  AE_ltcMinCellVolt                   
0000c9ec  AE_ltcPausePwm                      
0000ca1c  AE_ltcPreBalance                    
0000b134  AE_ltcRead                          
0000b4a8  AE_ltcReadCellVoltage               
0000b474  AE_ltcReadConfRegA                  
0000b48c  AE_ltcReadConfRegB                  
0000be70  AE_ltcReadGpioVoltage               
0000c328  AE_ltcReadStatusRegA                
0000c4e4  AE_ltcReadStatusRegB                
0000b8e8  AE_ltcSetUnderOverVoltage           
0000bbbc  AE_ltcStartCellAdc                  
0000bd34  AE_ltcStartGpioAdc                  
0000c8f4  AE_ltcStartPwm                      
0000c1e8  AE_ltcStartStatusAdc                
0000d428  AE_ltcTemperature                   
0000b9f8  AE_ltcUnderOverFlag                 
0000b3b8  AE_ltcWakeUpIdle                    
0000b330  AE_ltcWakeUpSleep                   
0000af04  AE_ltcWrite                         
0000b440  AE_ltcWriteConfRegA                 
0000b458  AE_ltcWriteConfRegB                 
00012dd8  AE_pec15                            
000139b1  C$$EXIT                             
UNDEFED   SHT$$INIT_ARRAY$$Base               
UNDEFED   SHT$$INIT_ARRAY$$Limit              
0000df10  SpiRxStatus                         
0000de84  SpiTxStatus                         
000038d0  __TI_CINIT_Base                     
000038f0  __TI_CINIT_Limit                    
000038a8  __TI_Handler_Table_Base             
000038b4  __TI_Handler_Table_Limit            
00011f78  __TI_PINIT_Base                     
00011f7c  __TI_PINIT_Limit                    
00013935  __TI_auto_init_nobinit_nopinit      
00013877  __TI_decompress_lzss                
0001398f  __TI_decompress_none                
ffffffff  __TI_pprof_out_hndl                 
ffffffff  __TI_prof_data_size                 
ffffffff  __TI_prof_data_start                
00000000  __TI_static_base__                  
0001399d  __TI_zero_init                      
000139a9  __aeabi_errno_addr                  
000138e3  __aeabi_idiv0                       
000138e3  __aeabi_ldiv0                       
000137fd  __aeabi_memclr                      
000137fd  __aeabi_memclr4                     
000137fd  __aeabi_memclr8                     
00013761  __aeabi_memcpy                      
00013761  __aeabi_memcpy4                     
00013761  __aeabi_memcpy8                     
000137ff  __aeabi_memset                      
000137ff  __aeabi_memset4                     
000137ff  __aeabi_memset8                     
000138e4  __aeabi_uidiv                       
000138e4  __aeabi_uidivmod                    
ffffffff  __binit__                           
ffffffff  __c_args__                          
08001000  __start___llvm_prf_cnts             
08001000  __stop___llvm_prf_cnts              
0001224c  _c_int00                            
00011e90  _coreClearAuxiliaryDataFault_       
00011ea4  _coreClearAuxiliaryInstructionFault_
00011e68  _coreClearDataFaultAddress_         
00011e40  _coreClearDataFault_                
00011e7c  _coreClearInstructionFaultAddress_  
00011e54  _coreClearInstructionFault_         
00011dd4  _coreDisableEventBusExport_         
00011e18  _coreDisableFlashEcc_               
00011df4  _coreDisableRamEcc_                 
00011dc4  _coreEnableEventBusExport_          
00011e04  _coreEnableFlashEcc_                
00011e28  _coreEnableIrqVicOffset_            
00011de4  _coreEnableRamEcc_                  
00011dac  _coreEnableVfp_                     
00011e88  _coreGetAuxiliaryDataFault_         
00011e9c  _coreGetAuxiliaryInstructionFault_  
00011e60  _coreGetDataFaultAddress_           
00011e38  _coreGetDataFault_                  
00011e74  _coreGetInstructionFaultAddress_    
00011e4c  _coreGetInstructionFault_           
00011c34  _coreInitRegisters_                 
00011d40  _coreInitStackPointer_              
000134b4  _dabort                             
00011eb8  _disable_FIQ_interrupt_             
00011ec0  _disable_IRQ_interrupt_             
00011eb0  _disable_interrupt_                 
00011ec8  _enable_interrupt_                  
00011f58  _errata_CORTEXR4_57_                
00011f68  _errata_CORTEXR4_66_                
00010b90  _errata_SSWF021_45_both_plls        
00010d84  _errata_SSWF021_45_pll1             
00010efc  _errata_SSWF021_45_pll2             
00011ed0  _esmCcmErrorsClear_                 
00011d8c  _getCPSRValue_                      
00011d94  _gotoCPUIdle_                       
000136dc  _pmuDisableCountersGlobal_          
000136cc  _pmuEnableCountersGlobal_           
00013738  _pmuGetCycleCount_                  
00013740  _pmuGetEventCount_                  
0001374c  _pmuGetOverflow_                    
00013680  _pmuInit_                           
0001370c  _pmuResetCounters_                  
000136ec  _pmuResetCycleCounter_              
000136fc  _pmuResetEventCounters_             
0001372c  _pmuSetCountEvent_                  
0001371c  _pmuStartCounters_                  
00013724  _pmuStopCounters_                   
UNDEFED   _system_post_cinit                  
000139b1  abort                               
0000926c  adc1ParityCheck                     
00009358  adc2ParityCheck                     
ffffffff  binit                               
00009410  can1ParityCheck                     
000094e8  can2ParityCheck                     
000095b0  can3ParityCheck                     
00010000  capGetSignal                        
00008030  ccmSelfCheck                        
0000a6fc  ccmr4GetConfigValue                 
00008938  checkB0RAMECC                       
00008b28  checkB1RAMECC                       
00009c18  checkClockMonitor                   
00008d18  checkFlashECC                       
00009cf4  checkFlashEEPROMECC                 
00009e8c  checkPLL1Slip                       
00009f8c  checkPLL2Slip                       
0000a050  checkRAMAddrParity                  
000099d0  checkRAMECC                         
0000a15c  checkRAMUERRTest                    
000087bc  checkefcSelfTest                    
00008234  cpuSelfTest                         
00008dfc  cpuSelfTestFail                     
0000eec0  customTrimLPO                       
00008df4  custom_dabort                       
0000ab58  disableParity                       
0001366c  dmaGroupANotification               
00008eac  dmaParityCheck                      
00001f00  eTaskConfirmSleepModeStatus         
00000888  eTaskGetState                       
0000ffc0  edgeDisableNotification             
0000ff84  edgeEnableNotification              
0000ff58  edgeGetCounter                      
00013644  edgeNotification                    
0000ff2c  edgeResetCounter                    
00008660  efcCheck                            
0000a660  efcGetConfigValue                   
00008794  efcSelfTest                         
000086e8  efcStuckZeroTest                    
0000aad0  enableParity                        
0000a76c  errata_PBIST_4                      
080038b0  errno                               
00011378  esmActivateNormalOperation          
0001144c  esmClearStatus                      
0001148c  esmClearStatusBuffer                
00011340  esmDisableError                     
000113b0  esmDisableInterrupt                 
00011318  esmEnableError                      
00011388  esmEnableInterrupt                  
00011584  esmEnterSelfTest                    
000112fc  esmError                            
0001165c  esmGetConfigValue                   
000114c8  esmGetStatus                        
0001154c  esmGetStatusBuffer                  
0001359c  esmGroup1Notification               
000135ac  esmGroup2Notification               
0001328c  esmHighInterrupt                    
000111f4  esmInit                             
0001160c  esmSelfTestStatus                   
000114a8  esmSetCounterPreloadValue           
000113d8  esmSetInterruptLevel                
00011368  esmTriggerErrorPinReset             
0000a2c4  fmcBus1ParityCheck                  
0000885c  fmcBus2Check                        
00008898  fmcECCcheck                         
0000d498  getUsTick                           
00011a10  gioDisableNotification              
000119a8  gioEnableNotification               
00011910  gioGetBit                           
00011a78  gioGetConfigValue                   
00011938  gioGetPort                          
000117b0  gioInit                             
000135f4  gioNotification                     
000118a0  gioSetBit                           
00011880  gioSetDirection                     
000118f0  gioSetPort                          
00011950  gioToggleBit                        
000139b8  handlePLLLockFail                   
0001010c  het1GetConfigValue                  
00012fd8  het1HighLevelInterrupt              
00013080  het1LowLevelInterrupt               
00008f58  het1ParityCheck                     
000090c0  het2ParityCheck                     
000100f4  hetGetTimestamp                     
0000f9f4  hetInit                             
00013658  hetNotification                     
000100d8  hetResetTimestamp                   
00009004  htu1ParityCheck                     
000091bc  htu2ParityCheck                     
00012d18  init_PEC15_Table                    
00012985  logf                                
08003690  ltcBat                              
00012ed4  ltcInit                             
08003684  ltcSpi_ps                           
00012e78  main                                
0000e5a0  mapClocks                           
00013761  memcpy                              
00008174  memoryInit                          
000135bc  memoryPort0TestFailNotification     
000135d8  memoryPort1TestFailNotification     
00013805  memset                              
00009684  mibspi1ParityCheck                  
0000978c  mibspi3ParityCheck                  
000098b0  mibspi5ParityCheck                  
000102e4  muxInit                             
0000a3ec  pbistFail                           
0000a470  pbistGetConfigValue                 
000085a8  pbistIsTestCompleted                
000085d4  pbistIsTestPassed                   
00008608  pbistPortTestStatus                 
000084ac  pbistRun                            
000082cc  pbistSelfCheck                      
00008578  pbistStop                           
00001344  pcTaskGetName                       
08003400  pec15Table                          
0000e54c  periphInit                          
000139b4  phantomInterrupt                    
00010780  pinmuxGetConfigValue                
00003060  prvMpuDisable                       
00003048  prvMpuEnable                        
00003030  prvMpuSetRegion                     
00003468  pvPortMalloc                        
00001fe0  pvTaskGetThreadLocalStoragePointer  
0000fefc  pwmDisableNotification              
0000feb4  pwmEnableNotification               
0000fdd4  pwmGetSignal                        
0000d470  pwmNotification                     
0000fb1c  pwmSetDuty                          
0000fc58  pwmSetSignal                        
0000fab4  pwmStart                            
0000fae8  pwmStop                             
080008d0  pxCurrentTCB                        
00003088  pxPortInitialiseStack               
00000000  resetEntry                          
0800368c  returnVarningClose                  
00008020  selftestFailNotification            
0000e50c  setupFlash                          
0000e438  setupPLL                            
0000e048  spi1GetConfigValue                  
0000e1d8  spi3GetConfigValue                  
0000dfd0  spiDisableLoopback                  
0000e01c  spiDisableNotification              
0000df9c  spiEnableLoopback                   
0000dfec  spiEnableNotification               
0001361c  spiEndNotification                  
0000d8ec  spiGetData                          
0000d54c  spiInit                             
00013608  spiNotification                     
0000d7d0  spiReceiveData                      
0000dd44  spiSendAndGetData                   
0000db10  spiSendData                         
0000d7b0  spiSetFunctional                    
0000dc08  spiTransmitAndReceiveData           
0000d9e4  spiTransmitData                     
0000ed84  sramGetConfigValue                  
0800368d  status                              
0000a5bc  stcGetConfigValue                   
000081b8  stcSelfCheck                        
00008df8  stcSelfCheckFail                    
00013979  strlen                              
0000e7c4  systemGetConfigValue                
0000e6c8  systemInit                          
0000e794  systemPowerDown                     
0000ebd8  tcmflashGetConfigValue              
0000e498  trimLPO                             
080038a8  ulCriticalNesting                   
00002f58  ulPortCountLeadingZeros             
080038ac  ulTaskHasFPUContext                 
00002378  ulTaskNotifyTake                    
08003688  uwTick                              
000128f8  uxListRemove                        
00001338  uxTaskGetNumberOfTasks              
00002224  uxTaskGetStackHighWaterMark         
0000098c  uxTaskPriorityGet                   
000009d0  uxTaskPriorityGetFromISR            
0000233c  uxTaskResetEventItemValue           
0001274c  vListInitialise                     
000127a4  vListInitialiseItem                 
00012834  vListInsert                         
000127c0  vListInsertEnd                      
00003434  vPortEndScheduler                   
000036bc  vPortFree                           
000037cc  vPortInitialiseBlocks               
00002f4c  vPortInitialiseFPSCR                
00002e4c  vPortPreemptiveTick                 
00002f60  vPortSWI                            
00002bdc  vPortStartFirstTask                 
0000319c  vPortStoreTaskMPUSettings           
00002d58  vPortYeildWithinAPI                 
00002c6c  vPortYieldProcessor                 
0000204c  vTaskAllocateMPURegions             
00000804  vTaskDelay                          
00000698  vTaskDelayUntil                     
00000530  vTaskDelete                         
00001074  vTaskEndScheduler                   
00001ef0  vTaskMissedYield                    
00002930  vTaskNotifyGiveFromISR              
00001ab8  vTaskPlaceOnEventList               
00001afc  vTaskPlaceOnUnorderedEventList      
00000a18  vTaskPrioritySet                    
00000e14  vTaskResume                         
00001f7c  vTaskSetThreadLocalStoragePointer   
00001d74  vTaskSetTimeOutState                
00000fdc  vTaskStartScheduler                 
00001658  vTaskStepTick                       
00000c10  vTaskSuspend                        
00001090  vTaskSuspendAll                     
000019d8  vTaskSwitchContext                  
0000f070  vimChannelMap                       
0000f2dc  vimDisableInterrupt                 
0000f114  vimEnableInterrupt                  
0000f388  vimGetConfigValue                   
0000ef9c  vimInit                             
00008e00  vimParityCheck                      
00011f80  vimParityErrorHandler               
000037b4  xPortGetFreeHeapSize                
000037c0  xPortGetMinimumEverFreeHeapSize     
00003410  xPortStartScheduler                 
000016b4  xTaskAbortDelay                     
00001db8  xTaskCheckForTimeOut                
000000fc  xTaskCreate                         
00000020  xTaskCreateRestricted               
00002560  xTaskGenericNotify                  
00002730  xTaskGenericNotifyFromISR           
00001518  xTaskGetHandle                      
00001620  xTaskGetIdleTaskHandle              
000022ec  xTaskGetSchedulerState              
000012f8  xTaskGetTickCount                   
00001314  xTaskGetTickCountFromISR            
000017b0  xTaskIncrementTick                  
00013210  xTaskNotifyStateClear               
0000244c  xTaskNotifyWait                     
00001b80  xTaskRemoveFromEventList            
00001c70  xTaskRemoveFromUnorderedEventList   
00001148  xTaskResumeAll                      
00000ef4  xTaskResumeFromISR                  


GLOBAL SYMBOLS: SORTED BY Symbol Address 

address   name                                
-------   ----                                
00000000  __TI_static_base__                  
00000000  resetEntry                          
00000020  xTaskCreateRestricted               
000000fc  xTaskCreate                         
00000530  vTaskDelete                         
00000698  vTaskDelayUntil                     
00000804  vTaskDelay                          
00000888  eTaskGetState                       
0000098c  uxTaskPriorityGet                   
000009d0  uxTaskPriorityGetFromISR            
00000a18  vTaskPrioritySet                    
00000c10  vTaskSuspend                        
00000e14  vTaskResume                         
00000ef4  xTaskResumeFromISR                  
00000fdc  vTaskStartScheduler                 
00001074  vTaskEndScheduler                   
00001090  vTaskSuspendAll                     
00001148  xTaskResumeAll                      
000012f8  xTaskGetTickCount                   
00001314  xTaskGetTickCountFromISR            
00001338  uxTaskGetNumberOfTasks              
00001344  pcTaskGetName                       
00001518  xTaskGetHandle                      
00001620  xTaskGetIdleTaskHandle              
00001658  vTaskStepTick                       
000016b4  xTaskAbortDelay                     
000017b0  xTaskIncrementTick                  
000019d8  vTaskSwitchContext                  
00001ab8  vTaskPlaceOnEventList               
00001afc  vTaskPlaceOnUnorderedEventList      
00001b80  xTaskRemoveFromEventList            
00001c70  xTaskRemoveFromUnorderedEventList   
00001d74  vTaskSetTimeOutState                
00001db8  xTaskCheckForTimeOut                
00001ef0  vTaskMissedYield                    
00001f00  eTaskConfirmSleepModeStatus         
00001f7c  vTaskSetThreadLocalStoragePointer   
00001fe0  pvTaskGetThreadLocalStoragePointer  
0000204c  vTaskAllocateMPURegions             
00002224  uxTaskGetStackHighWaterMark         
000022ec  xTaskGetSchedulerState              
0000233c  uxTaskResetEventItemValue           
00002378  ulTaskNotifyTake                    
0000244c  xTaskNotifyWait                     
00002560  xTaskGenericNotify                  
00002730  xTaskGenericNotifyFromISR           
00002930  vTaskNotifyGiveFromISR              
00002bdc  vPortStartFirstTask                 
00002c6c  vPortYieldProcessor                 
00002d58  vPortYeildWithinAPI                 
00002e4c  vPortPreemptiveTick                 
00002f4c  vPortInitialiseFPSCR                
00002f58  ulPortCountLeadingZeros             
00002f60  vPortSWI                            
00003030  prvMpuSetRegion                     
00003048  prvMpuEnable                        
00003060  prvMpuDisable                       
00003088  pxPortInitialiseStack               
0000319c  vPortStoreTaskMPUSettings           
00003410  xPortStartScheduler                 
00003434  vPortEndScheduler                   
00003468  pvPortMalloc                        
000036bc  vPortFree                           
000037b4  xPortGetFreeHeapSize                
000037c0  xPortGetMinimumEverFreeHeapSize     
000037cc  vPortInitialiseBlocks               
000038a8  __TI_Handler_Table_Base             
000038b4  __TI_Handler_Table_Limit            
000038d0  __TI_CINIT_Base                     
000038f0  __TI_CINIT_Limit                    
00008020  selftestFailNotification            
00008030  ccmSelfCheck                        
00008174  memoryInit                          
000081b8  stcSelfCheck                        
00008234  cpuSelfTest                         
000082cc  pbistSelfCheck                      
000084ac  pbistRun                            
00008578  pbistStop                           
000085a8  pbistIsTestCompleted                
000085d4  pbistIsTestPassed                   
00008608  pbistPortTestStatus                 
00008660  efcCheck                            
000086e8  efcStuckZeroTest                    
00008794  efcSelfTest                         
000087bc  checkefcSelfTest                    
0000885c  fmcBus2Check                        
00008898  fmcECCcheck                         
00008938  checkB0RAMECC                       
00008b28  checkB1RAMECC                       
00008d18  checkFlashECC                       
00008df4  custom_dabort                       
00008df8  stcSelfCheckFail                    
00008dfc  cpuSelfTestFail                     
00008e00  vimParityCheck                      
00008eac  dmaParityCheck                      
00008f58  het1ParityCheck                     
00009004  htu1ParityCheck                     
000090c0  het2ParityCheck                     
000091bc  htu2ParityCheck                     
0000926c  adc1ParityCheck                     
00009358  adc2ParityCheck                     
00009410  can1ParityCheck                     
000094e8  can2ParityCheck                     
000095b0  can3ParityCheck                     
00009684  mibspi1ParityCheck                  
0000978c  mibspi3ParityCheck                  
000098b0  mibspi5ParityCheck                  
000099d0  checkRAMECC                         
00009c18  checkClockMonitor                   
00009cf4  checkFlashEEPROMECC                 
00009e8c  checkPLL1Slip                       
00009f8c  checkPLL2Slip                       
0000a050  checkRAMAddrParity                  
0000a15c  checkRAMUERRTest                    
0000a2c4  fmcBus1ParityCheck                  
0000a3ec  pbistFail                           
0000a470  pbistGetConfigValue                 
0000a5bc  stcGetConfigValue                   
0000a660  efcGetConfigValue                   
0000a6fc  ccmr4GetConfigValue                 
0000a76c  errata_PBIST_4                      
0000aad0  enableParity                        
0000ab58  disableParity                       
0000acfc  AE_ltcInit                          
0000af04  AE_ltcWrite                         
0000b0dc  AE_ltcCmdWrite                      
0000b134  AE_ltcRead                          
0000b2c8  AE_ltcCmdRead                       
0000b330  AE_ltcWakeUpSleep                   
0000b3b8  AE_ltcWakeUpIdle                    
0000b440  AE_ltcWriteConfRegA                 
0000b458  AE_ltcWriteConfRegB                 
0000b474  AE_ltcReadConfRegA                  
0000b48c  AE_ltcReadConfRegB                  
0000b4a8  AE_ltcReadCellVoltage               
0000b8e8  AE_ltcSetUnderOverVoltage           
0000b9f8  AE_ltcUnderOverFlag                 
0000bbbc  AE_ltcStartCellAdc                  
0000bd08  AE_ltcAdcMeasureState               
0000bd34  AE_ltcStartGpioAdc                  
0000be70  AE_ltcReadGpioVoltage               
0000c1e8  AE_ltcStartStatusAdc                
0000c328  AE_ltcReadStatusRegA                
0000c4e4  AE_ltcReadStatusRegB                
0000c788  AE_ltcClearCellAdc                  
0000c818  AE_ltcClearGpioAdc                  
0000c888  AE_ltcClearStatusAdc                
0000c8f4  AE_ltcStartPwm                      
0000c9ec  AE_ltcPausePwm                      
0000ca00  AE_ltcContinuePwm                   
0000ca1c  AE_ltcPreBalance                    
0000cb9c  AE_ltcBalance                       
0000ccd8  AE_ltcIsBalanceComplete             
0000cdb4  AE_ltcMinCellVolt                   
0000ce64  AE_ltcIsCellOpenWire                
0000d11c  AE_ltcIsGpioOpenWire                
0000d428  AE_ltcTemperature                   
0000d470  pwmNotification                     
0000d498  getUsTick                           
0000d4ac  AE_delayMs                          
0000d4ec  AE_delayTenUs                       
0000d54c  spiInit                             
0000d7b0  spiSetFunctional                    
0000d7d0  spiReceiveData                      
0000d8ec  spiGetData                          
0000d9e4  spiTransmitData                     
0000db10  spiSendData                         
0000dc08  spiTransmitAndReceiveData           
0000dd44  spiSendAndGetData                   
0000de84  SpiTxStatus                         
0000df10  SpiRxStatus                         
0000df9c  spiEnableLoopback                   
0000dfd0  spiDisableLoopback                  
0000dfec  spiEnableNotification               
0000e01c  spiDisableNotification              
0000e048  spi1GetConfigValue                  
0000e1d8  spi3GetConfigValue                  
0000e438  setupPLL                            
0000e498  trimLPO                             
0000e50c  setupFlash                          
0000e54c  periphInit                          
0000e5a0  mapClocks                           
0000e6c8  systemInit                          
0000e794  systemPowerDown                     
0000e7c4  systemGetConfigValue                
0000ebd8  tcmflashGetConfigValue              
0000ed84  sramGetConfigValue                  
0000eec0  customTrimLPO                       
0000ef9c  vimInit                             
0000f070  vimChannelMap                       
0000f114  vimEnableInterrupt                  
0000f2dc  vimDisableInterrupt                 
0000f388  vimGetConfigValue                   
0000f9f4  hetInit                             
0000fab4  pwmStart                            
0000fae8  pwmStop                             
0000fb1c  pwmSetDuty                          
0000fc58  pwmSetSignal                        
0000fdd4  pwmGetSignal                        
0000feb4  pwmEnableNotification               
0000fefc  pwmDisableNotification              
0000ff2c  edgeResetCounter                    
0000ff58  edgeGetCounter                      
0000ff84  edgeEnableNotification              
0000ffc0  edgeDisableNotification             
00010000  capGetSignal                        
000100d8  hetResetTimestamp                   
000100f4  hetGetTimestamp                     
0001010c  het1GetConfigValue                  
000102e4  muxInit                             
00010780  pinmuxGetConfigValue                
00010b90  _errata_SSWF021_45_both_plls        
00010d84  _errata_SSWF021_45_pll1             
00010efc  _errata_SSWF021_45_pll2             
000111f4  esmInit                             
000112fc  esmError                            
00011318  esmEnableError                      
00011340  esmDisableError                     
00011368  esmTriggerErrorPinReset             
00011378  esmActivateNormalOperation          
00011388  esmEnableInterrupt                  
000113b0  esmDisableInterrupt                 
000113d8  esmSetInterruptLevel                
0001144c  esmClearStatus                      
0001148c  esmClearStatusBuffer                
000114a8  esmSetCounterPreloadValue           
000114c8  esmGetStatus                        
0001154c  esmGetStatusBuffer                  
00011584  esmEnterSelfTest                    
0001160c  esmSelfTestStatus                   
0001165c  esmGetConfigValue                   
000117b0  gioInit                             
00011880  gioSetDirection                     
000118a0  gioSetBit                           
000118f0  gioSetPort                          
00011910  gioGetBit                           
00011938  gioGetPort                          
00011950  gioToggleBit                        
000119a8  gioEnableNotification               
00011a10  gioDisableNotification              
00011a78  gioGetConfigValue                   
00011c34  _coreInitRegisters_                 
00011d40  _coreInitStackPointer_              
00011d8c  _getCPSRValue_                      
00011d94  _gotoCPUIdle_                       
00011dac  _coreEnableVfp_                     
00011dc4  _coreEnableEventBusExport_          
00011dd4  _coreDisableEventBusExport_         
00011de4  _coreEnableRamEcc_                  
00011df4  _coreDisableRamEcc_                 
00011e04  _coreEnableFlashEcc_                
00011e18  _coreDisableFlashEcc_               
00011e28  _coreEnableIrqVicOffset_            
00011e38  _coreGetDataFault_                  
00011e40  _coreClearDataFault_                
00011e4c  _coreGetInstructionFault_           
00011e54  _coreClearInstructionFault_         
00011e60  _coreGetDataFaultAddress_           
00011e68  _coreClearDataFaultAddress_         
00011e74  _coreGetInstructionFaultAddress_    
00011e7c  _coreClearInstructionFaultAddress_  
00011e88  _coreGetAuxiliaryDataFault_         
00011e90  _coreClearAuxiliaryDataFault_       
00011e9c  _coreGetAuxiliaryInstructionFault_  
00011ea4  _coreClearAuxiliaryInstructionFault_
00011eb0  _disable_interrupt_                 
00011eb8  _disable_FIQ_interrupt_             
00011ec0  _disable_IRQ_interrupt_             
00011ec8  _enable_interrupt_                  
00011ed0  _esmCcmErrorsClear_                 
00011f58  _errata_CORTEXR4_57_                
00011f68  _errata_CORTEXR4_66_                
00011f78  __TI_PINIT_Base                     
00011f7c  __TI_PINIT_Limit                    
00011f80  vimParityErrorHandler               
0001224c  _c_int00                            
0001274c  vListInitialise                     
000127a4  vListInitialiseItem                 
000127c0  vListInsertEnd                      
00012834  vListInsert                         
000128f8  uxListRemove                        
00012985  logf                                
00012d18  init_PEC15_Table                    
00012dd8  AE_pec15                            
00012e78  main                                
00012ed4  ltcInit                             
00012fd8  het1HighLevelInterrupt              
00013080  het1LowLevelInterrupt               
00013210  xTaskNotifyStateClear               
0001328c  esmHighInterrupt                    
000133a0  AE_calculateTemp                    
000134b4  _dabort                             
0001359c  esmGroup1Notification               
000135ac  esmGroup2Notification               
000135bc  memoryPort0TestFailNotification     
000135d8  memoryPort1TestFailNotification     
000135f4  gioNotification                     
00013608  spiNotification                     
0001361c  spiEndNotification                  
00013644  edgeNotification                    
00013658  hetNotification                     
0001366c  dmaGroupANotification               
00013680  _pmuInit_                           
000136cc  _pmuEnableCountersGlobal_           
000136dc  _pmuDisableCountersGlobal_          
000136ec  _pmuResetCycleCounter_              
000136fc  _pmuResetEventCounters_             
0001370c  _pmuResetCounters_                  
0001371c  _pmuStartCounters_                  
00013724  _pmuStopCounters_                   
0001372c  _pmuSetCountEvent_                  
00013738  _pmuGetCycleCount_                  
00013740  _pmuGetEventCount_                  
0001374c  _pmuGetOverflow_                    
00013761  __aeabi_memcpy                      
00013761  __aeabi_memcpy4                     
00013761  __aeabi_memcpy8                     
00013761  memcpy                              
000137fd  __aeabi_memclr                      
000137fd  __aeabi_memclr4                     
000137fd  __aeabi_memclr8                     
000137ff  __aeabi_memset                      
000137ff  __aeabi_memset4                     
000137ff  __aeabi_memset8                     
00013805  memset                              
00013877  __TI_decompress_lzss                
000138e3  __aeabi_idiv0                       
000138e3  __aeabi_ldiv0                       
000138e4  __aeabi_uidiv                       
000138e4  __aeabi_uidivmod                    
00013935  __TI_auto_init_nobinit_nopinit      
00013979  strlen                              
0001398f  __TI_decompress_none                
0001399d  __TI_zero_init                      
000139a9  __aeabi_errno_addr                  
000139b1  C$$EXIT                             
000139b1  abort                               
000139b4  phantomInterrupt                    
000139b8  handlePLLLockFail                   
080008d0  pxCurrentTCB                        
08001000  __start___llvm_prf_cnts             
08001000  __stop___llvm_prf_cnts              
08003400  pec15Table                          
08003684  ltcSpi_ps                           
08003688  uwTick                              
0800368c  returnVarningClose                  
0800368d  status                              
08003690  ltcBat                              
080038a8  ulCriticalNesting                   
080038ac  ulTaskHasFPUContext                 
080038b0  errno                               
ffffffff  __TI_pprof_out_hndl                 
ffffffff  __TI_prof_data_size                 
ffffffff  __TI_prof_data_start                
ffffffff  __binit__                           
ffffffff  __c_args__                          
ffffffff  binit                               
UNDEFED   SHT$$INIT_ARRAY$$Base               
UNDEFED   SHT$$INIT_ARRAY$$Limit              
UNDEFED   _system_post_cinit                  

[360 symbols]
