******************************************************************************
                  TI ARM Linker PC v20.2.5                     
******************************************************************************
>> Linked Tue Feb 20 14:06:50 2024

OUTPUT FILE NAME:   <009_Ltc6812.out>
ENTRY POINT SYMBOL: "_c_int00"  address: 00012310


MEMORY CONFIGURATION

         name            origin    length      used     unused   attr    fill
----------------------  --------  ---------  --------  --------  ----  --------
  VECTORS               00000000   00000020  00000020  00000000     X
  KERNEL                00000020   00008000  000038cc  00004734  R  X
  FLASH0                00008020   00137fe0  0000c010  0012bfd0  R  X
  STACKS                08000000   00000800  00000000  00000800  RW  
  KRAM                  08000800   00000800  00000104  000006fc  RW  
  RAM                   08001000   0002f000  000028e8  0002c718  RW  


SEGMENT ALLOCATION MAP

run origin  load origin   length   init length attrs members
----------  ----------- ---------- ----------- ----- -------
00000000    00000000    000038f0   000038f0    r-x
  00000000    00000000    00000020   00000020    r-x .intvecs
  00000020    00000020    000037c4   000037c4    r-x .kernelTEXT
  000037e8    000037e8    00000108   00000108    r-- .cinit
00008020    00008020    0000c010   0000c010    r-x
  00008020    00008020    0000ba50   0000ba50    r-x .text
  00013a70    00013a70    000005c0   000005c0    r-- .const
08000800    08000800    00000104   00000000    rw-
  08000800    08000800    00000104   00000000    rw- .kernelBSS
08001000    08001000    000028eb   00000000    rw-
  08001000    08001000    00002000   00000000    rw- .kernelHEAP
  08003000    08003000    0000068d   00000000    rw- .bss
  08003690    08003690    0000025b   00000000    rw- .data


SECTION ALLOCATION MAP

 output                                  attributes/
section   page    origin      length       input sections
--------  ----  ----------  ----------   ----------------
.intvecs   0    00000000    00000020     
                  00000000    00000020     sys_intvecs.obj (.intvecs)

.kernelTEXT 
*          0    00000020    000037c4     
                  00000020    00002bb8     os_tasks.obj (.kernelTEXT)
                  00002bd8    000004b0     os_portasm.obj (.kernelTEXT)
                  00003088    000003e0     os_port.obj (.kernelTEXT)
                  00003468    0000037c     os_heap.obj (.kernelTEXT)

.cinit     0    000037e8    00000108     
                  000037e8    000000bf     (.cinit..data.load) [load image, compression = lzss]
                  000038a7    00000001     --HOLE-- [fill = 0]
                  000038a8    0000000c     (__TI_handler_table)
                  000038b4    00000009     (.cinit..kernelBSS.load) [load image, compression = lzss]
                  000038bd    00000003     --HOLE-- [fill = 0]
                  000038c0    00000008     (.cinit..bss.load) [load image, compression = zero_init]
                  000038c8    00000008     (.cinit..kernelHEAP.load) [load image, compression = zero_init]
                  000038d0    00000020     (__TI_cinit_table)

.text      0    00008020    0000ba50     
                  00008020    00002cdc     sys_selftest.obj (.text)
                  0000acfc    00002914     ltc6812.obj (.text)
                  0000d610    00000eec     spi.obj (.text)
                  0000e4fc    00000b64     system.obj (.text)
                  0000f060    00000a58     sys_vim.obj (.text)
                  0000fab8    000008f0     het.obj (.text)
                  000103a8    000008ac     pinmux.obj (.text)
                  00010c54    00000664     errata_SSWF021_45.obj (.text)
                  000112b8    000005bc     esm.obj (.text)
                  00011874    00000484     gio.obj (.text)
                  00011cf8    0000034c     sys_core.obj (.text)
                  00012044    000002cc     sys_vim.obj (.text:retain)
                  00012310    00000288     sys_startup.obj (.text:retain)
                  00012598    00000278     os_heap.obj (.text)
                  00012810    00000238     os_list.obj (.text)
                  00012a48    000001e4     rtsv7R4_T_be_v3D16_eabi.lib : e_logf.c.obj (.text:logf)
                  00012c2c    000001b0     os_port.obj (.text)
                  00012ddc    00000160     crc15.obj (.text)
                  00012f3c    0000015c     het.obj (.text:retain)
                  00013098    00000158     os_tasks.obj (.text)
                  000131f0    00000150     sys_main.obj (.text)
                  00013340    00000114     esm.obj (.text:retain)
                  00013454    00000114     temperature.obj (.text)
                  00013568    000000e8     dabort.obj (.text)
                  00013650    000000e4     notification.obj (.text)
                  00013734    000000e0     sys_pmu.obj (.text)
                  00013814    0000009c     rtsv7R4_T_be_v3D16_eabi.lib : memcpy_t2.asm.obj (.text)
                  000138b0    0000007a                                 : memset_t2.asm.obj (.text)
                  0001392a    0000006c                                 : copy_decompress_lzss.c.obj (.text:decompress:lzss:__TI_decompress_lzss)
                  00013996    00000002                                 : div0.asm.obj (.text)
                  00013998    00000050                                 : u_div32.asm.obj (.text)
                  000139e8    00000044                                 : autoinit.c.obj (.text:__TI_auto_init_nobinit_nopinit:__TI_auto_init_nobinit_nopinit)
                  00013a2c    00000016                                 : strlen.c.obj (.text:strlen)
                  00013a42    0000000e                                 : copy_decompress_none.c.obj (.text:decompress:none:__TI_decompress_none)
                  00013a50    0000000c                                 : copy_zero_init.c.obj (.text:decompress:ZI:__TI_zero_init)
                  00013a5c    00000008                                 : errno.c.obj (.text:__aeabi_errno_addr)
                  00013a64    00000004                                 : exit.c.obj (.text:abort:abort)
                  00013a68    00000004     sys_phantom.obj (.text:retain)
                  00013a6c    00000004     sys_startup.obj (.text)

.const     0    00013a70    000005c0     
                  00013a70    000003a0     het.obj (.const:het1PROGRAM)
                  00013e10    00000200     sys_vim.obj (.const:s_vim_init)
                  00014010    00000020     het.obj (.const:s_het1pwmPolarity)

.kernelBSS 
*          0    08000800    00000104     UNINITIALIZED
                  08000800    000000d0     os_tasks.obj (.kernelBSS:uninit)
                  080008d0    00000034     os_tasks.obj (.kernelBSS:init)

.kernelHEAP 
*          0    08001000    00002000     UNINITIALIZED
                  08001000    00002000     os_heap.obj (.kernelHEAP)

.bss       0    08003000    0000068d     UNINITIALIZED
                  08003000    00000200     ltc6812.obj (.bss:rxBuffer)
                  08003200    00000200     ltc6812.obj (.bss:txBuffer)
                  08003400    00000200     (.common:pec15Table)
                  08003600    00000078     spi.obj (.bss:g_spiPacket_t)
                  08003678    00000008     os_heap.obj (.bss:xStart)
                  08003680    00000004     ltc6812.obj (.bss)
                  08003684    00000004     (.common:ltcSpi_ps)
                  08003688    00000004     (.common:uwTick)
                  0800368c    00000001     (.common:returnVarningClose)

.data      0    08003690    0000025b     UNINITIALIZED
                  08003690    00000180     sys_main.obj (.data:ltcBat)
                  08003810    00000010     os_heap.obj (.data)
                  08003820    00000008     ltc6812.obj (.data:cmdCLRAUX_pu16)
                  08003828    00000008     ltc6812.obj (.data:cmdCLRCELL_pu16)
                  08003830    00000008     ltc6812.obj (.data:cmdCLRSTAT_pu16)
                  08003838    00000008     ltc6812.obj (.data:cmdMute_pu16)
                  08003840    00000008     ltc6812.obj (.data:cmdPladc_pu16)
                  08003848    00000008     ltc6812.obj (.data:cmdRDAUXA_pu16)
                  08003850    00000008     ltc6812.obj (.data:cmdRDAUXB_pu16)
                  08003858    00000008     ltc6812.obj (.data:cmdRDAUXC_pu16)
                  08003860    00000008     ltc6812.obj (.data:cmdRDAUXD_pu16)
                  08003868    00000008     ltc6812.obj (.data:cmdRDCFGA_pu16)
                  08003870    00000008     ltc6812.obj (.data:cmdRDCFGB_pu16)
                  08003878    00000008     ltc6812.obj (.data:cmdRDCVA_pu16)
                  08003880    00000008     ltc6812.obj (.data:cmdRDCVB_pu16)
                  08003888    00000008     ltc6812.obj (.data:cmdRDCVC_pu16)
                  08003890    00000008     ltc6812.obj (.data:cmdRDCVD_pu16)
                  08003898    00000008     ltc6812.obj (.data:cmdRDCVE_pu16)
                  080038a0    00000008     ltc6812.obj (.data:cmdRDSTATA_pu16)
                  080038a8    00000008     ltc6812.obj (.data:cmdRDSTATB_pu16)
                  080038b0    00000008     ltc6812.obj (.data:cmdUnMute_pu16)
                  080038b8    00000008     ltc6812.obj (.data:cmdWRCFGA_pu16)
                  080038c0    00000008     ltc6812.obj (.data:cmdWRCFGB_pu16)
                  080038c8    00000008     ltc6812.obj (.data:cmdWRPSB_pu16)
                  080038d0    00000008     ltc6812.obj (.data:cmdWRPWM_pu16)
                  080038d8    00000008     os_port.obj (.data)
                  080038e0    00000004     rtsv7R4_T_be_v3D16_eabi.lib : errno.c.obj (.data)
                  080038e4    00000004     ltc6812.obj (.data:spiDat_s)
                  080038e8    00000003     ltc6812.obj (.data)

__llvm_prf_cnts 
*          0    08001000    00000000     UNINITIALIZED

MODULE SUMMARY

       Module                       code    ro data   rw data
       ------                       ----    -------   -------
    .\009_Ltc6812\source\
       os_tasks.obj                 11536   0         260    
       sys_selftest.obj             11484   0         0      
       os_heap.obj                  1524    0         8216   
       spi.obj                      3820    0         120    
       sys_vim.obj                  3364    512       0      
       het.obj                      2636    960       0      
       system.obj                   2916    0         0      
       pinmux.obj                   2220    0         0      
       esm.obj                      1744    0         0      
       errata_SSWF021_45.obj        1636    0         0      
       os_port.obj                  1424    0         8      
       os_portasm.obj               1200    0         0      
       gio.obj                      1156    0         0      
       sys_core.obj                 844     0         0      
       sys_main.obj                 336     0         385    
       sys_startup.obj              652     0         0      
       os_list.obj                  568     0         0      
       dabort.obj                   232     0         0      
       notification.obj             228     0         0      
       sys_pmu.obj                  224     0         0      
       sys_intvecs.obj              32      0         0      
       sys_phantom.obj              4       0         0      
    +--+----------------------------+-------+---------+---------+
       Total:                       49780   1472      8989   
                                                             
    .\ltc681x\crc\
       crc15.obj                    352     0         512    
    +--+----------------------------+-------+---------+---------+
       Total:                       352     0         512    
                                                             
    .\ltc681x\ltc\
       ltc6812.obj                  10516   0         1227   
    +--+----------------------------+-------+---------+---------+
       Total:                       10516   0         1227   
                                                             
    .\ltc681x\temperature\
       temperature.obj              276     0         0      
    +--+----------------------------+-------+---------+---------+
       Total:                       276     0         0      
                                                             
    C:/ti/ccs1120/ccs/tools/compiler/ti-cgt-arm_20.2.5.LTS/lib/rtsv7R4_T_be_v3D16_eabi.lib
       e_logf.c.obj                 484     0         0      
       memcpy_t2.asm.obj            156     0         0      
       memset_t2.asm.obj            122     0         0      
       copy_decompress_lzss.c.obj   108     0         0      
       u_div32.asm.obj              80      0         0      
       autoinit.c.obj               68      0         0      
       strlen.c.obj                 22      0         0      
       copy_decompress_none.c.obj   14      0         0      
       copy_zero_init.c.obj         12      0         0      
       errno.c.obj                  8       0         4      
       exit.c.obj                   4       0         0      
       div0.asm.obj                 2       0         0      
    +--+----------------------------+-------+---------+---------+
       Total:                       1080    0         4      
                                                             
       Linker Generated:            0       260       0      
    +--+----------------------------+-------+---------+---------+
       Grand Total:                 62004   1732      10732  


LINKER GENERATED COPY TABLES

__TI_cinit_table @ 000038d0 records: 4, size/record: 8, table size: 32
	.data: load addr=000037e8, load size=000000bf bytes, run addr=08003690, run size=0000025b bytes, compression=lzss
	.kernelBSS: load addr=000038b4, load size=00000009 bytes, run addr=08000800, run size=00000104 bytes, compression=lzss
	.bss: load addr=000038c0, load size=00000008 bytes, run addr=08003000, run size=0000068d bytes, compression=zero_init
	.kernelHEAP: load addr=000038c8, load size=00000008 bytes, run addr=08001000, run size=00002000 bytes, compression=zero_init


LINKER GENERATED HANDLER TABLE

__TI_handler_table @ 000038a8 records: 3, size/record: 4, table size: 12
	index: 0, handler: __TI_decompress_lzss
	index: 1, handler: __TI_decompress_none
	index: 2, handler: __TI_zero_init


GLOBAL SYMBOLS: SORTED ALPHABETICALLY BY Name 

address   name                                
-------   ----                                
00013454  AE_calculateTemp                    
0000d574  AE_delayMs                          
0000d5b0  AE_delayTenUs                       
0000bd70  AE_ltcAdcMeasureState               
0000cc64  AE_ltcBalance                       
0000c814  AE_ltcClearCellAdc                  
0000c8a8  AE_ltcClearGpioAdc                  
0000c914  AE_ltcClearStatusAdc                
0000b310  AE_ltcCmdRead                       
0000b124  AE_ltcCmdWrite                      
0000cac4  AE_ltcContinuePwm                   
0000acfc  AE_ltcInit                          
0000cd9c  AE_ltcIsBalanceComplete             
0000cf28  AE_ltcIsCellOpenWire                
0000d1e0  AE_ltcIsGpioOpenWire                
0000ce7c  AE_ltcMinCellVolt                   
0000cab0  AE_ltcPausePwm                      
0000cae0  AE_ltcPreBalance                    
0000b17c  AE_ltcRead                          
0000b4f0  AE_ltcReadCellVoltage               
0000b4bc  AE_ltcReadConfRegA                  
0000b4d4  AE_ltcReadConfRegB                  
0000becc  AE_ltcReadGpioVoltage               
0000c390  AE_ltcReadStatusRegA                
0000c550  AE_ltcReadStatusRegB                
0000b934  AE_ltcSetUnderOverVoltage           
0000bc24  AE_ltcStartCellAdc                  
0000bd88  AE_ltcStartGpioAdc                  
0000c980  AE_ltcStartPwm                      
0000c248  AE_ltcStartStatusAdc                
0000d4ec  AE_ltcTemperature                   
0000ba44  AE_ltcUnderOverFlag                 
0000b400  AE_ltcWakeUpIdle                    
0000b378  AE_ltcWakeUpSleep                   
0000af30  AE_ltcWrite                         
0000b488  AE_ltcWriteConfRegA                 
0000b4a0  AE_ltcWriteConfRegB                 
00012e9c  AE_pec15                            
00013a65  C$$EXIT                             
UNDEFED   SHT$$INIT_ARRAY$$Base               
UNDEFED   SHT$$INIT_ARRAY$$Limit              
0000dfd4  SpiRxStatus                         
0000df48  SpiTxStatus                         
000038d0  __TI_CINIT_Base                     
000038f0  __TI_CINIT_Limit                    
000038a8  __TI_Handler_Table_Base             
000038b4  __TI_Handler_Table_Limit            
0001203c  __TI_PINIT_Base                     
00012040  __TI_PINIT_Limit                    
000139e9  __TI_auto_init_nobinit_nopinit      
0001392b  __TI_decompress_lzss                
00013a43  __TI_decompress_none                
ffffffff  __TI_pprof_out_hndl                 
ffffffff  __TI_prof_data_size                 
ffffffff  __TI_prof_data_start                
00000000  __TI_static_base__                  
00013a51  __TI_zero_init                      
00013a5d  __aeabi_errno_addr                  
00013997  __aeabi_idiv0                       
00013997  __aeabi_ldiv0                       
000138b1  __aeabi_memclr                      
000138b1  __aeabi_memclr4                     
000138b1  __aeabi_memclr8                     
00013815  __aeabi_memcpy                      
00013815  __aeabi_memcpy4                     
00013815  __aeabi_memcpy8                     
000138b3  __aeabi_memset                      
000138b3  __aeabi_memset4                     
000138b3  __aeabi_memset8                     
00013998  __aeabi_uidiv                       
00013998  __aeabi_uidivmod                    
ffffffff  __binit__                           
ffffffff  __c_args__                          
08001000  __start___llvm_prf_cnts             
08001000  __stop___llvm_prf_cnts              
00012310  _c_int00                            
00011f54  _coreClearAuxiliaryDataFault_       
00011f68  _coreClearAuxiliaryInstructionFault_
00011f2c  _coreClearDataFaultAddress_         
00011f04  _coreClearDataFault_                
00011f40  _coreClearInstructionFaultAddress_  
00011f18  _coreClearInstructionFault_         
00011e98  _coreDisableEventBusExport_         
00011edc  _coreDisableFlashEcc_               
00011eb8  _coreDisableRamEcc_                 
00011e88  _coreEnableEventBusExport_          
00011ec8  _coreEnableFlashEcc_                
00011eec  _coreEnableIrqVicOffset_            
00011ea8  _coreEnableRamEcc_                  
00011e70  _coreEnableVfp_                     
00011f4c  _coreGetAuxiliaryDataFault_         
00011f60  _coreGetAuxiliaryInstructionFault_  
00011f24  _coreGetDataFaultAddress_           
00011efc  _coreGetDataFault_                  
00011f38  _coreGetInstructionFaultAddress_    
00011f10  _coreGetInstructionFault_           
00011cf8  _coreInitRegisters_                 
00011e04  _coreInitStackPointer_              
00013568  _dabort                             
00011f7c  _disable_FIQ_interrupt_             
00011f84  _disable_IRQ_interrupt_             
00011f74  _disable_interrupt_                 
00011f8c  _enable_interrupt_                  
0001201c  _errata_CORTEXR4_57_                
0001202c  _errata_CORTEXR4_66_                
00010c54  _errata_SSWF021_45_both_plls        
00010e48  _errata_SSWF021_45_pll1             
00010fc0  _errata_SSWF021_45_pll2             
00011f94  _esmCcmErrorsClear_                 
00011e50  _getCPSRValue_                      
00011e58  _gotoCPUIdle_                       
00013790  _pmuDisableCountersGlobal_          
00013780  _pmuEnableCountersGlobal_           
000137ec  _pmuGetCycleCount_                  
000137f4  _pmuGetEventCount_                  
00013800  _pmuGetOverflow_                    
00013734  _pmuInit_                           
000137c0  _pmuResetCounters_                  
000137a0  _pmuResetCycleCounter_              
000137b0  _pmuResetEventCounters_             
000137e0  _pmuSetCountEvent_                  
000137d0  _pmuStartCounters_                  
000137d8  _pmuStopCounters_                   
UNDEFED   _system_post_cinit                  
00013a65  abort                               
0000926c  adc1ParityCheck                     
00009358  adc2ParityCheck                     
ffffffff  binit                               
00009410  can1ParityCheck                     
000094e8  can2ParityCheck                     
000095b0  can3ParityCheck                     
000100c4  capGetSignal                        
00008030  ccmSelfCheck                        
0000a6fc  ccmr4GetConfigValue                 
00008938  checkB0RAMECC                       
00008b28  checkB1RAMECC                       
00009c18  checkClockMonitor                   
00008d18  checkFlashECC                       
00009cf4  checkFlashEEPROMECC                 
00009e8c  checkPLL1Slip                       
00009f8c  checkPLL2Slip                       
0000a050  checkRAMAddrParity                  
000099d0  checkRAMECC                         
0000a15c  checkRAMUERRTest                    
000087bc  checkefcSelfTest                    
00008234  cpuSelfTest                         
00008dfc  cpuSelfTestFail                     
0000ef84  customTrimLPO                       
00008df4  custom_dabort                       
0000ab58  disableParity                       
00013720  dmaGroupANotification               
00008eac  dmaParityCheck                      
00001f00  eTaskConfirmSleepModeStatus         
00000888  eTaskGetState                       
00010084  edgeDisableNotification             
00010048  edgeEnableNotification              
0001001c  edgeGetCounter                      
000136f8  edgeNotification                    
0000fff0  edgeResetCounter                    
00008660  efcCheck                            
0000a660  efcGetConfigValue                   
00008794  efcSelfTest                         
000086e8  efcStuckZeroTest                    
0000aad0  enableParity                        
0000a76c  errata_PBIST_4                      
080038e0  errno                               
0001143c  esmActivateNormalOperation          
00011510  esmClearStatus                      
00011550  esmClearStatusBuffer                
00011404  esmDisableError                     
00011474  esmDisableInterrupt                 
000113dc  esmEnableError                      
0001144c  esmEnableInterrupt                  
00011648  esmEnterSelfTest                    
000113c0  esmError                            
00011720  esmGetConfigValue                   
0001158c  esmGetStatus                        
00011610  esmGetStatusBuffer                  
00013650  esmGroup1Notification               
00013660  esmGroup2Notification               
00013340  esmHighInterrupt                    
000112b8  esmInit                             
000116d0  esmSelfTestStatus                   
0001156c  esmSetCounterPreloadValue           
0001149c  esmSetInterruptLevel                
0001142c  esmTriggerErrorPinReset             
0000a2c4  fmcBus1ParityCheck                  
0000885c  fmcBus2Check                        
00008898  fmcECCcheck                         
0000d560  getUsTick                           
00011ad4  gioDisableNotification              
00011a6c  gioEnableNotification               
000119d4  gioGetBit                           
00011b3c  gioGetConfigValue                   
000119fc  gioGetPort                          
00011874  gioInit                             
000136a8  gioNotification                     
00011964  gioSetBit                           
00011944  gioSetDirection                     
000119b4  gioSetPort                          
00011a14  gioToggleBit                        
00013a6c  handlePLLLockFail                   
000101d0  het1GetConfigValue                  
00012f3c  het1HighLevelInterrupt              
00012fe4  het1LowLevelInterrupt               
00008f58  het1ParityCheck                     
000090c0  het2ParityCheck                     
000101b8  hetGetTimestamp                     
0000fab8  hetInit                             
0001370c  hetNotification                     
0001019c  hetResetTimestamp                   
00009004  htu1ParityCheck                     
000091bc  htu2ParityCheck                     
00012ddc  init_PEC15_Table                    
00012a49  logf                                
08003690  ltcBat                              
00013240  ltcInit                             
08003684  ltcSpi_ps                           
000131f0  main                                
0000e664  mapClocks                           
00013815  memcpy                              
00008174  memoryInit                          
00013670  memoryPort0TestFailNotification     
0001368c  memoryPort1TestFailNotification     
000138b9  memset                              
00009684  mibspi1ParityCheck                  
0000978c  mibspi3ParityCheck                  
000098b0  mibspi5ParityCheck                  
000103a8  muxInit                             
0000a3ec  pbistFail                           
0000a470  pbistGetConfigValue                 
000085a8  pbistIsTestCompleted                
000085d4  pbistIsTestPassed                   
00008608  pbistPortTestStatus                 
000084ac  pbistRun                            
000082cc  pbistSelfCheck                      
00008578  pbistStop                           
00001344  pcTaskGetName                       
08003400  pec15Table                          
0000e610  periphInit                          
00013a68  phantomInterrupt                    
00010844  pinmuxGetConfigValue                
00003060  prvMpuDisable                       
00003048  prvMpuEnable                        
00003030  prvMpuSetRegion                     
00003468  pvPortMalloc                        
00001fe0  pvTaskGetThreadLocalStoragePointer  
0000ffc0  pwmDisableNotification              
0000ff78  pwmEnableNotification               
0000fe98  pwmGetSignal                        
0000d534  pwmNotification                     
0000fbe0  pwmSetDuty                          
0000fd1c  pwmSetSignal                        
0000fb78  pwmStart                            
0000fbac  pwmStop                             
080008d0  pxCurrentTCB                        
00003088  pxPortInitialiseStack               
00000000  resetEntry                          
0800368c  returnVarningClose                  
00008020  selftestFailNotification            
0000e5d0  setupFlash                          
0000e4fc  setupPLL                            
0000e10c  spi1GetConfigValue                  
0000e29c  spi3GetConfigValue                  
0000e094  spiDisableLoopback                  
0000e0e0  spiDisableNotification              
0000e060  spiEnableLoopback                   
0000e0b0  spiEnableNotification               
000136d0  spiEndNotification                  
0000d9b0  spiGetData                          
0000d610  spiInit                             
000136bc  spiNotification                     
0000d894  spiReceiveData                      
0000de08  spiSendAndGetData                   
0000dbd4  spiSendData                         
0000d874  spiSetFunctional                    
0000dccc  spiTransmitAndReceiveData           
0000daa8  spiTransmitData                     
0000ee48  sramGetConfigValue                  
0000a5bc  stcGetConfigValue                   
000081b8  stcSelfCheck                        
00008df8  stcSelfCheckFail                    
00013a2d  strlen                              
0000e888  systemGetConfigValue                
0000e78c  systemInit                          
0000e858  systemPowerDown                     
0000ec9c  tcmflashGetConfigValue              
0000e55c  trimLPO                             
080038d8  ulCriticalNesting                   
00002f58  ulPortCountLeadingZeros             
080038dc  ulTaskHasFPUContext                 
00002378  ulTaskNotifyTake                    
08003688  uwTick                              
000129bc  uxListRemove                        
00001338  uxTaskGetNumberOfTasks              
00002224  uxTaskGetStackHighWaterMark         
0000098c  uxTaskPriorityGet                   
000009d0  uxTaskPriorityGetFromISR            
0000233c  uxTaskResetEventItemValue           
00012810  vListInitialise                     
00012868  vListInitialiseItem                 
000128f8  vListInsert                         
00012884  vListInsertEnd                      
00003434  vPortEndScheduler                   
000036bc  vPortFree                           
000037cc  vPortInitialiseBlocks               
00002f4c  vPortInitialiseFPSCR                
00002e4c  vPortPreemptiveTick                 
00002f60  vPortSWI                            
00002bdc  vPortStartFirstTask                 
0000319c  vPortStoreTaskMPUSettings           
00002d58  vPortYeildWithinAPI                 
00002c6c  vPortYieldProcessor                 
0000204c  vTaskAllocateMPURegions             
00000804  vTaskDelay                          
00000698  vTaskDelayUntil                     
00000530  vTaskDelete                         
00001074  vTaskEndScheduler                   
00001ef0  vTaskMissedYield                    
00002930  vTaskNotifyGiveFromISR              
00001ab8  vTaskPlaceOnEventList               
00001afc  vTaskPlaceOnUnorderedEventList      
00000a18  vTaskPrioritySet                    
00000e14  vTaskResume                         
00001f7c  vTaskSetThreadLocalStoragePointer   
00001d74  vTaskSetTimeOutState                
00000fdc  vTaskStartScheduler                 
00001658  vTaskStepTick                       
00000c10  vTaskSuspend                        
00001090  vTaskSuspendAll                     
000019d8  vTaskSwitchContext                  
0000f134  vimChannelMap                       
0000f3a0  vimDisableInterrupt                 
0000f1d8  vimEnableInterrupt                  
0000f44c  vimGetConfigValue                   
0000f060  vimInit                             
00008e00  vimParityCheck                      
00012044  vimParityErrorHandler               
000037b4  xPortGetFreeHeapSize                
000037c0  xPortGetMinimumEverFreeHeapSize     
00003410  xPortStartScheduler                 
000016b4  xTaskAbortDelay                     
00001db8  xTaskCheckForTimeOut                
000000fc  xTaskCreate                         
00000020  xTaskCreateRestricted               
00002560  xTaskGenericNotify                  
00002730  xTaskGenericNotifyFromISR           
00001518  xTaskGetHandle                      
00001620  xTaskGetIdleTaskHandle              
000022ec  xTaskGetSchedulerState              
000012f8  xTaskGetTickCount                   
00001314  xTaskGetTickCountFromISR            
000017b0  xTaskIncrementTick                  
00013174  xTaskNotifyStateClear               
0000244c  xTaskNotifyWait                     
00001b80  xTaskRemoveFromEventList            
00001c70  xTaskRemoveFromUnorderedEventList   
00001148  xTaskResumeAll                      
00000ef4  xTaskResumeFromISR                  


GLOBAL SYMBOLS: SORTED BY Symbol Address 

address   name                                
-------   ----                                
00000000  __TI_static_base__                  
00000000  resetEntry                          
00000020  xTaskCreateRestricted               
000000fc  xTaskCreate                         
00000530  vTaskDelete                         
00000698  vTaskDelayUntil                     
00000804  vTaskDelay                          
00000888  eTaskGetState                       
0000098c  uxTaskPriorityGet                   
000009d0  uxTaskPriorityGetFromISR            
00000a18  vTaskPrioritySet                    
00000c10  vTaskSuspend                        
00000e14  vTaskResume                         
00000ef4  xTaskResumeFromISR                  
00000fdc  vTaskStartScheduler                 
00001074  vTaskEndScheduler                   
00001090  vTaskSuspendAll                     
00001148  xTaskResumeAll                      
000012f8  xTaskGetTickCount                   
00001314  xTaskGetTickCountFromISR            
00001338  uxTaskGetNumberOfTasks              
00001344  pcTaskGetName                       
00001518  xTaskGetHandle                      
00001620  xTaskGetIdleTaskHandle              
00001658  vTaskStepTick                       
000016b4  xTaskAbortDelay                     
000017b0  xTaskIncrementTick                  
000019d8  vTaskSwitchContext                  
00001ab8  vTaskPlaceOnEventList               
00001afc  vTaskPlaceOnUnorderedEventList      
00001b80  xTaskRemoveFromEventList            
00001c70  xTaskRemoveFromUnorderedEventList   
00001d74  vTaskSetTimeOutState                
00001db8  xTaskCheckForTimeOut                
00001ef0  vTaskMissedYield                    
00001f00  eTaskConfirmSleepModeStatus         
00001f7c  vTaskSetThreadLocalStoragePointer   
00001fe0  pvTaskGetThreadLocalStoragePointer  
0000204c  vTaskAllocateMPURegions             
00002224  uxTaskGetStackHighWaterMark         
000022ec  xTaskGetSchedulerState              
0000233c  uxTaskResetEventItemValue           
00002378  ulTaskNotifyTake                    
0000244c  xTaskNotifyWait                     
00002560  xTaskGenericNotify                  
00002730  xTaskGenericNotifyFromISR           
00002930  vTaskNotifyGiveFromISR              
00002bdc  vPortStartFirstTask                 
00002c6c  vPortYieldProcessor                 
00002d58  vPortYeildWithinAPI                 
00002e4c  vPortPreemptiveTick                 
00002f4c  vPortInitialiseFPSCR                
00002f58  ulPortCountLeadingZeros             
00002f60  vPortSWI                            
00003030  prvMpuSetRegion                     
00003048  prvMpuEnable                        
00003060  prvMpuDisable                       
00003088  pxPortInitialiseStack               
0000319c  vPortStoreTaskMPUSettings           
00003410  xPortStartScheduler                 
00003434  vPortEndScheduler                   
00003468  pvPortMalloc                        
000036bc  vPortFree                           
000037b4  xPortGetFreeHeapSize                
000037c0  xPortGetMinimumEverFreeHeapSize     
000037cc  vPortInitialiseBlocks               
000038a8  __TI_Handler_Table_Base             
000038b4  __TI_Handler_Table_Limit            
000038d0  __TI_CINIT_Base                     
000038f0  __TI_CINIT_Limit                    
00008020  selftestFailNotification            
00008030  ccmSelfCheck                        
00008174  memoryInit                          
000081b8  stcSelfCheck                        
00008234  cpuSelfTest                         
000082cc  pbistSelfCheck                      
000084ac  pbistRun                            
00008578  pbistStop                           
000085a8  pbistIsTestCompleted                
000085d4  pbistIsTestPassed                   
00008608  pbistPortTestStatus                 
00008660  efcCheck                            
000086e8  efcStuckZeroTest                    
00008794  efcSelfTest                         
000087bc  checkefcSelfTest                    
0000885c  fmcBus2Check                        
00008898  fmcECCcheck                         
00008938  checkB0RAMECC                       
00008b28  checkB1RAMECC                       
00008d18  checkFlashECC                       
00008df4  custom_dabort                       
00008df8  stcSelfCheckFail                    
00008dfc  cpuSelfTestFail                     
00008e00  vimParityCheck                      
00008eac  dmaParityCheck                      
00008f58  het1ParityCheck                     
00009004  htu1ParityCheck                     
000090c0  het2ParityCheck                     
000091bc  htu2ParityCheck                     
0000926c  adc1ParityCheck                     
00009358  adc2ParityCheck                     
00009410  can1ParityCheck                     
000094e8  can2ParityCheck                     
000095b0  can3ParityCheck                     
00009684  mibspi1ParityCheck                  
0000978c  mibspi3ParityCheck                  
000098b0  mibspi5ParityCheck                  
000099d0  checkRAMECC                         
00009c18  checkClockMonitor                   
00009cf4  checkFlashEEPROMECC                 
00009e8c  checkPLL1Slip                       
00009f8c  checkPLL2Slip                       
0000a050  checkRAMAddrParity                  
0000a15c  checkRAMUERRTest                    
0000a2c4  fmcBus1ParityCheck                  
0000a3ec  pbistFail                           
0000a470  pbistGetConfigValue                 
0000a5bc  stcGetConfigValue                   
0000a660  efcGetConfigValue                   
0000a6fc  ccmr4GetConfigValue                 
0000a76c  errata_PBIST_4                      
0000aad0  enableParity                        
0000ab58  disableParity                       
0000acfc  AE_ltcInit                          
0000af30  AE_ltcWrite                         
0000b124  AE_ltcCmdWrite                      
0000b17c  AE_ltcRead                          
0000b310  AE_ltcCmdRead                       
0000b378  AE_ltcWakeUpSleep                   
0000b400  AE_ltcWakeUpIdle                    
0000b488  AE_ltcWriteConfRegA                 
0000b4a0  AE_ltcWriteConfRegB                 
0000b4bc  AE_ltcReadConfRegA                  
0000b4d4  AE_ltcReadConfRegB                  
0000b4f0  AE_ltcReadCellVoltage               
0000b934  AE_ltcSetUnderOverVoltage           
0000ba44  AE_ltcUnderOverFlag                 
0000bc24  AE_ltcStartCellAdc                  
0000bd70  AE_ltcAdcMeasureState               
0000bd88  AE_ltcStartGpioAdc                  
0000becc  AE_ltcReadGpioVoltage               
0000c248  AE_ltcStartStatusAdc                
0000c390  AE_ltcReadStatusRegA                
0000c550  AE_ltcReadStatusRegB                
0000c814  AE_ltcClearCellAdc                  
0000c8a8  AE_ltcClearGpioAdc                  
0000c914  AE_ltcClearStatusAdc                
0000c980  AE_ltcStartPwm                      
0000cab0  AE_ltcPausePwm                      
0000cac4  AE_ltcContinuePwm                   
0000cae0  AE_ltcPreBalance                    
0000cc64  AE_ltcBalance                       
0000cd9c  AE_ltcIsBalanceComplete             
0000ce7c  AE_ltcMinCellVolt                   
0000cf28  AE_ltcIsCellOpenWire                
0000d1e0  AE_ltcIsGpioOpenWire                
0000d4ec  AE_ltcTemperature                   
0000d534  pwmNotification                     
0000d560  getUsTick                           
0000d574  AE_delayMs                          
0000d5b0  AE_delayTenUs                       
0000d610  spiInit                             
0000d874  spiSetFunctional                    
0000d894  spiReceiveData                      
0000d9b0  spiGetData                          
0000daa8  spiTransmitData                     
0000dbd4  spiSendData                         
0000dccc  spiTransmitAndReceiveData           
0000de08  spiSendAndGetData                   
0000df48  SpiTxStatus                         
0000dfd4  SpiRxStatus                         
0000e060  spiEnableLoopback                   
0000e094  spiDisableLoopback                  
0000e0b0  spiEnableNotification               
0000e0e0  spiDisableNotification              
0000e10c  spi1GetConfigValue                  
0000e29c  spi3GetConfigValue                  
0000e4fc  setupPLL                            
0000e55c  trimLPO                             
0000e5d0  setupFlash                          
0000e610  periphInit                          
0000e664  mapClocks                           
0000e78c  systemInit                          
0000e858  systemPowerDown                     
0000e888  systemGetConfigValue                
0000ec9c  tcmflashGetConfigValue              
0000ee48  sramGetConfigValue                  
0000ef84  customTrimLPO                       
0000f060  vimInit                             
0000f134  vimChannelMap                       
0000f1d8  vimEnableInterrupt                  
0000f3a0  vimDisableInterrupt                 
0000f44c  vimGetConfigValue                   
0000fab8  hetInit                             
0000fb78  pwmStart                            
0000fbac  pwmStop                             
0000fbe0  pwmSetDuty                          
0000fd1c  pwmSetSignal                        
0000fe98  pwmGetSignal                        
0000ff78  pwmEnableNotification               
0000ffc0  pwmDisableNotification              
0000fff0  edgeResetCounter                    
0001001c  edgeGetCounter                      
00010048  edgeEnableNotification              
00010084  edgeDisableNotification             
000100c4  capGetSignal                        
0001019c  hetResetTimestamp                   
000101b8  hetGetTimestamp                     
000101d0  het1GetConfigValue                  
000103a8  muxInit                             
00010844  pinmuxGetConfigValue                
00010c54  _errata_SSWF021_45_both_plls        
00010e48  _errata_SSWF021_45_pll1             
00010fc0  _errata_SSWF021_45_pll2             
000112b8  esmInit                             
000113c0  esmError                            
000113dc  esmEnableError                      
00011404  esmDisableError                     
0001142c  esmTriggerErrorPinReset             
0001143c  esmActivateNormalOperation          
0001144c  esmEnableInterrupt                  
00011474  esmDisableInterrupt                 
0001149c  esmSetInterruptLevel                
00011510  esmClearStatus                      
00011550  esmClearStatusBuffer                
0001156c  esmSetCounterPreloadValue           
0001158c  esmGetStatus                        
00011610  esmGetStatusBuffer                  
00011648  esmEnterSelfTest                    
000116d0  esmSelfTestStatus                   
00011720  esmGetConfigValue                   
00011874  gioInit                             
00011944  gioSetDirection                     
00011964  gioSetBit                           
000119b4  gioSetPort                          
000119d4  gioGetBit                           
000119fc  gioGetPort                          
00011a14  gioToggleBit                        
00011a6c  gioEnableNotification               
00011ad4  gioDisableNotification              
00011b3c  gioGetConfigValue                   
00011cf8  _coreInitRegisters_                 
00011e04  _coreInitStackPointer_              
00011e50  _getCPSRValue_                      
00011e58  _gotoCPUIdle_                       
00011e70  _coreEnableVfp_                     
00011e88  _coreEnableEventBusExport_          
00011e98  _coreDisableEventBusExport_         
00011ea8  _coreEnableRamEcc_                  
00011eb8  _coreDisableRamEcc_                 
00011ec8  _coreEnableFlashEcc_                
00011edc  _coreDisableFlashEcc_               
00011eec  _coreEnableIrqVicOffset_            
00011efc  _coreGetDataFault_                  
00011f04  _coreClearDataFault_                
00011f10  _coreGetInstructionFault_           
00011f18  _coreClearInstructionFault_         
00011f24  _coreGetDataFaultAddress_           
00011f2c  _coreClearDataFaultAddress_         
00011f38  _coreGetInstructionFaultAddress_    
00011f40  _coreClearInstructionFaultAddress_  
00011f4c  _coreGetAuxiliaryDataFault_         
00011f54  _coreClearAuxiliaryDataFault_       
00011f60  _coreGetAuxiliaryInstructionFault_  
00011f68  _coreClearAuxiliaryInstructionFault_
00011f74  _disable_interrupt_                 
00011f7c  _disable_FIQ_interrupt_             
00011f84  _disable_IRQ_interrupt_             
00011f8c  _enable_interrupt_                  
00011f94  _esmCcmErrorsClear_                 
0001201c  _errata_CORTEXR4_57_                
0001202c  _errata_CORTEXR4_66_                
0001203c  __TI_PINIT_Base                     
00012040  __TI_PINIT_Limit                    
00012044  vimParityErrorHandler               
00012310  _c_int00                            
00012810  vListInitialise                     
00012868  vListInitialiseItem                 
00012884  vListInsertEnd                      
000128f8  vListInsert                         
000129bc  uxListRemove                        
00012a49  logf                                
00012ddc  init_PEC15_Table                    
00012e9c  AE_pec15                            
00012f3c  het1HighLevelInterrupt              
00012fe4  het1LowLevelInterrupt               
00013174  xTaskNotifyStateClear               
000131f0  main                                
00013240  ltcInit                             
00013340  esmHighInterrupt                    
00013454  AE_calculateTemp                    
00013568  _dabort                             
00013650  esmGroup1Notification               
00013660  esmGroup2Notification               
00013670  memoryPort0TestFailNotification     
0001368c  memoryPort1TestFailNotification     
000136a8  gioNotification                     
000136bc  spiNotification                     
000136d0  spiEndNotification                  
000136f8  edgeNotification                    
0001370c  hetNotification                     
00013720  dmaGroupANotification               
00013734  _pmuInit_                           
00013780  _pmuEnableCountersGlobal_           
00013790  _pmuDisableCountersGlobal_          
000137a0  _pmuResetCycleCounter_              
000137b0  _pmuResetEventCounters_             
000137c0  _pmuResetCounters_                  
000137d0  _pmuStartCounters_                  
000137d8  _pmuStopCounters_                   
000137e0  _pmuSetCountEvent_                  
000137ec  _pmuGetCycleCount_                  
000137f4  _pmuGetEventCount_                  
00013800  _pmuGetOverflow_                    
00013815  __aeabi_memcpy                      
00013815  __aeabi_memcpy4                     
00013815  __aeabi_memcpy8                     
00013815  memcpy                              
000138b1  __aeabi_memclr                      
000138b1  __aeabi_memclr4                     
000138b1  __aeabi_memclr8                     
000138b3  __aeabi_memset                      
000138b3  __aeabi_memset4                     
000138b3  __aeabi_memset8                     
000138b9  memset                              
0001392b  __TI_decompress_lzss                
00013997  __aeabi_idiv0                       
00013997  __aeabi_ldiv0                       
00013998  __aeabi_uidiv                       
00013998  __aeabi_uidivmod                    
000139e9  __TI_auto_init_nobinit_nopinit      
00013a2d  strlen                              
00013a43  __TI_decompress_none                
00013a51  __TI_zero_init                      
00013a5d  __aeabi_errno_addr                  
00013a65  C$$EXIT                             
00013a65  abort                               
00013a68  phantomInterrupt                    
00013a6c  handlePLLLockFail                   
080008d0  pxCurrentTCB                        
08001000  __start___llvm_prf_cnts             
08001000  __stop___llvm_prf_cnts              
08003400  pec15Table                          
08003684  ltcSpi_ps                           
08003688  uwTick                              
0800368c  returnVarningClose                  
08003690  ltcBat                              
080038d8  ulCriticalNesting                   
080038dc  ulTaskHasFPUContext                 
080038e0  errno                               
ffffffff  __TI_pprof_out_hndl                 
ffffffff  __TI_prof_data_size                 
ffffffff  __TI_prof_data_start                
ffffffff  __binit__                           
ffffffff  __c_args__                          
ffffffff  binit                               
UNDEFED   SHT$$INIT_ARRAY$$Base               
UNDEFED   SHT$$INIT_ARRAY$$Limit              
UNDEFED   _system_post_cinit                  

[359 symbols]
