<?xml version="1.0" encoding="ISO-8859-1" ?>
<link_info>
   <banner>TI ARM Linker PC v20.2.6.LTS</banner>
   <copyright>Copyright (c) 1996-2018 Texas Instruments Incorporated</copyright>
   <link_time>0x65f2ffbe</link_time>
   <link_errors>0x0</link_errors>
   <output_file>009_Ltc6812.out</output_file>
   <entry_point>
      <name>_c_int00</name>
      <address>0x13a4c</address>
   </entry_point>
   <input_file_list>
      <input_file id="fl-2">
         <path>.\009_Ltc6812\source\</path>
         <kind>object</kind>
         <file>dabort.obj</file>
         <name>dabort.obj</name>
      </input_file>
      <input_file id="fl-3">
         <path>.\009_Ltc6812\source\</path>
         <kind>object</kind>
         <file>ecap.obj</file>
         <name>ecap.obj</name>
      </input_file>
      <input_file id="fl-4">
         <path>.\009_Ltc6812\source\</path>
         <kind>object</kind>
         <file>errata_SSWF021_45.obj</file>
         <name>errata_SSWF021_45.obj</name>
      </input_file>
      <input_file id="fl-5">
         <path>.\009_Ltc6812\source\</path>
         <kind>object</kind>
         <file>esm.obj</file>
         <name>esm.obj</name>
      </input_file>
      <input_file id="fl-6">
         <path>.\009_Ltc6812\source\</path>
         <kind>object</kind>
         <file>etpwm.obj</file>
         <name>etpwm.obj</name>
      </input_file>
      <input_file id="fl-7">
         <path>.\009_Ltc6812\source\</path>
         <kind>object</kind>
         <file>gio.obj</file>
         <name>gio.obj</name>
      </input_file>
      <input_file id="fl-8">
         <path>.\009_Ltc6812\source\</path>
         <kind>object</kind>
         <file>het.obj</file>
         <name>het.obj</name>
      </input_file>
      <input_file id="fl-9">
         <path>.\009_Ltc6812\source\</path>
         <kind>object</kind>
         <file>notification.obj</file>
         <name>notification.obj</name>
      </input_file>
      <input_file id="fl-a">
         <path>.\009_Ltc6812\source\</path>
         <kind>object</kind>
         <file>os_croutine.obj</file>
         <name>os_croutine.obj</name>
      </input_file>
      <input_file id="fl-b">
         <path>.\009_Ltc6812\source\</path>
         <kind>object</kind>
         <file>os_event_groups.obj</file>
         <name>os_event_groups.obj</name>
      </input_file>
      <input_file id="fl-c">
         <path>.\009_Ltc6812\source\</path>
         <kind>object</kind>
         <file>os_heap.obj</file>
         <name>os_heap.obj</name>
      </input_file>
      <input_file id="fl-d">
         <path>.\009_Ltc6812\source\</path>
         <kind>object</kind>
         <file>os_list.obj</file>
         <name>os_list.obj</name>
      </input_file>
      <input_file id="fl-e">
         <path>.\009_Ltc6812\source\</path>
         <kind>object</kind>
         <file>os_mpu_wrappers.obj</file>
         <name>os_mpu_wrappers.obj</name>
      </input_file>
      <input_file id="fl-f">
         <path>.\009_Ltc6812\source\</path>
         <kind>object</kind>
         <file>os_port.obj</file>
         <name>os_port.obj</name>
      </input_file>
      <input_file id="fl-10">
         <path>.\009_Ltc6812\source\</path>
         <kind>object</kind>
         <file>os_portasm.obj</file>
         <name>os_portasm.obj</name>
      </input_file>
      <input_file id="fl-11">
         <path>.\009_Ltc6812\source\</path>
         <kind>object</kind>
         <file>os_queue.obj</file>
         <name>os_queue.obj</name>
      </input_file>
      <input_file id="fl-12">
         <path>.\009_Ltc6812\source\</path>
         <kind>object</kind>
         <file>os_tasks.obj</file>
         <name>os_tasks.obj</name>
      </input_file>
      <input_file id="fl-13">
         <path>.\009_Ltc6812\source\</path>
         <kind>object</kind>
         <file>os_timer.obj</file>
         <name>os_timer.obj</name>
      </input_file>
      <input_file id="fl-14">
         <path>.\009_Ltc6812\source\</path>
         <kind>object</kind>
         <file>pinmux.obj</file>
         <name>pinmux.obj</name>
      </input_file>
      <input_file id="fl-15">
         <path>.\009_Ltc6812\source\</path>
         <kind>object</kind>
         <file>spi.obj</file>
         <name>spi.obj</name>
      </input_file>
      <input_file id="fl-16">
         <path>.\009_Ltc6812\source\</path>
         <kind>object</kind>
         <file>sys_core.obj</file>
         <name>sys_core.obj</name>
      </input_file>
      <input_file id="fl-17">
         <path>.\009_Ltc6812\source\</path>
         <kind>object</kind>
         <file>sys_dma.obj</file>
         <name>sys_dma.obj</name>
      </input_file>
      <input_file id="fl-18">
         <path>.\009_Ltc6812\source\</path>
         <kind>object</kind>
         <file>sys_intvecs.obj</file>
         <name>sys_intvecs.obj</name>
      </input_file>
      <input_file id="fl-19">
         <path>.\009_Ltc6812\source\</path>
         <kind>object</kind>
         <file>sys_main.obj</file>
         <name>sys_main.obj</name>
      </input_file>
      <input_file id="fl-1a">
         <path>.\009_Ltc6812\source\</path>
         <kind>object</kind>
         <file>sys_mpu.obj</file>
         <name>sys_mpu.obj</name>
      </input_file>
      <input_file id="fl-1b">
         <path>.\009_Ltc6812\source\</path>
         <kind>object</kind>
         <file>sys_pcr.obj</file>
         <name>sys_pcr.obj</name>
      </input_file>
      <input_file id="fl-1c">
         <path>.\009_Ltc6812\source\</path>
         <kind>object</kind>
         <file>sys_phantom.obj</file>
         <name>sys_phantom.obj</name>
      </input_file>
      <input_file id="fl-1d">
         <path>.\009_Ltc6812\source\</path>
         <kind>object</kind>
         <file>sys_pmm.obj</file>
         <name>sys_pmm.obj</name>
      </input_file>
      <input_file id="fl-1e">
         <path>.\009_Ltc6812\source\</path>
         <kind>object</kind>
         <file>sys_pmu.obj</file>
         <name>sys_pmu.obj</name>
      </input_file>
      <input_file id="fl-1f">
         <path>.\009_Ltc6812\source\</path>
         <kind>object</kind>
         <file>sys_selftest.obj</file>
         <name>sys_selftest.obj</name>
      </input_file>
      <input_file id="fl-20">
         <path>.\009_Ltc6812\source\</path>
         <kind>object</kind>
         <file>sys_startup.obj</file>
         <name>sys_startup.obj</name>
      </input_file>
      <input_file id="fl-21">
         <path>.\009_Ltc6812\source\</path>
         <kind>object</kind>
         <file>sys_vim.obj</file>
         <name>sys_vim.obj</name>
      </input_file>
      <input_file id="fl-22">
         <path>.\009_Ltc6812\source\</path>
         <kind>object</kind>
         <file>system.obj</file>
         <name>system.obj</name>
      </input_file>
      <input_file id="fl-23">
         <path>.\ltc681x\crc\</path>
         <kind>object</kind>
         <file>crc15.obj</file>
         <name>crc15.obj</name>
      </input_file>
      <input_file id="fl-24">
         <path>.\ltc681x\ltc\</path>
         <kind>object</kind>
         <file>ltc6812.obj</file>
         <name>ltc6812.obj</name>
      </input_file>
      <input_file id="fl-25">
         <path>.\ltc681x\temperature\</path>
         <kind>object</kind>
         <file>temperature.obj</file>
         <name>temperature.obj</name>
      </input_file>
      <input_file id="fl-29">
         <kind>object</kind>
         <file>&lt;internal&gt;</file>
         <name>&lt;internal&gt;</name>
      </input_file>
      <input_file id="fl-2a">
         <path>C:\ti\ccs1200\ccs\tools\compiler\ti-cgt-arm_20.2.6.LTS\lib\</path>
         <kind>archive</kind>
         <file>rtsv7R4_T_be_v3D16_eabi.lib</file>
         <name>e_logf.c.obj</name>
      </input_file>
      <input_file id="fl-2b">
         <path>C:\ti\ccs1200\ccs\tools\compiler\ti-cgt-arm_20.2.6.LTS\lib\</path>
         <kind>archive</kind>
         <file>rtsv7R4_T_be_v3D16_eabi.lib</file>
         <name>memcpy_t2.asm.obj</name>
      </input_file>
      <input_file id="fl-2c">
         <path>C:\ti\ccs1200\ccs\tools\compiler\ti-cgt-arm_20.2.6.LTS\lib\</path>
         <kind>archive</kind>
         <file>rtsv7R4_T_be_v3D16_eabi.lib</file>
         <name>memset_t2.asm.obj</name>
      </input_file>
      <input_file id="fl-2d">
         <path>C:\ti\ccs1200\ccs\tools\compiler\ti-cgt-arm_20.2.6.LTS\lib\</path>
         <kind>archive</kind>
         <file>rtsv7R4_T_be_v3D16_eabi.lib</file>
         <name>u_div32.asm.obj</name>
      </input_file>
      <input_file id="fl-2e">
         <path>C:\ti\ccs1200\ccs\tools\compiler\ti-cgt-arm_20.2.6.LTS\lib\</path>
         <kind>archive</kind>
         <file>rtsv7R4_T_be_v3D16_eabi.lib</file>
         <name>autoinit.c.obj</name>
      </input_file>
      <input_file id="fl-2f">
         <path>C:\ti\ccs1200\ccs\tools\compiler\ti-cgt-arm_20.2.6.LTS\lib\</path>
         <kind>archive</kind>
         <file>rtsv7R4_T_be_v3D16_eabi.lib</file>
         <name>cpy_tbl.c.obj</name>
      </input_file>
      <input_file id="fl-30">
         <path>C:\ti\ccs1200\ccs\tools\compiler\ti-cgt-arm_20.2.6.LTS\lib\</path>
         <kind>archive</kind>
         <file>rtsv7R4_T_be_v3D16_eabi.lib</file>
         <name>copy_zero_init.c.obj</name>
      </input_file>
      <input_file id="fl-31">
         <path>C:\ti\ccs1200\ccs\tools\compiler\ti-cgt-arm_20.2.6.LTS\lib\</path>
         <kind>archive</kind>
         <file>rtsv7R4_T_be_v3D16_eabi.lib</file>
         <name>copy_decompress_none.c.obj</name>
      </input_file>
      <input_file id="fl-32">
         <path>C:\ti\ccs1200\ccs\tools\compiler\ti-cgt-arm_20.2.6.LTS\lib\</path>
         <kind>archive</kind>
         <file>rtsv7R4_T_be_v3D16_eabi.lib</file>
         <name>copy_decompress_lzss.c.obj</name>
      </input_file>
      <input_file id="fl-33">
         <path>C:\ti\ccs1200\ccs\tools\compiler\ti-cgt-arm_20.2.6.LTS\lib\</path>
         <kind>archive</kind>
         <file>rtsv7R4_T_be_v3D16_eabi.lib</file>
         <name>exit.c.obj</name>
      </input_file>
      <input_file id="fl-34">
         <path>C:\ti\ccs1200\ccs\tools\compiler\ti-cgt-arm_20.2.6.LTS\lib\</path>
         <kind>archive</kind>
         <file>rtsv7R4_T_be_v3D16_eabi.lib</file>
         <name>_lock.c.obj</name>
      </input_file>
      <input_file id="fl-35">
         <path>C:\ti\ccs1200\ccs\tools\compiler\ti-cgt-arm_20.2.6.LTS\lib\</path>
         <kind>archive</kind>
         <file>rtsv7R4_T_be_v3D16_eabi.lib</file>
         <name>strlen.c.obj</name>
      </input_file>
      <input_file id="fl-36">
         <path>C:\ti\ccs1200\ccs\tools\compiler\ti-cgt-arm_20.2.6.LTS\lib\</path>
         <kind>archive</kind>
         <file>rtsv7R4_T_be_v3D16_eabi.lib</file>
         <name>errno.c.obj</name>
      </input_file>
      <input_file id="fl-37">
         <path>C:\ti\ccs1200\ccs\tools\compiler\ti-cgt-arm_20.2.6.LTS\lib\</path>
         <kind>archive</kind>
         <file>rtsv7R4_T_be_v3D16_eabi.lib</file>
         <name>div0.asm.obj</name>
      </input_file>
   </input_file_list>
   <object_component_list>
      <object_component id="oc-33">
         <name>.intvecs</name>
         <load_address>0x0</load_address>
         <run_address>0x0</run_address>
         <size>0x20</size>
         <input_file_ref idref="fl-18"/>
      </object_component>
      <object_component id="oc-162">
         <name>.kernelTEXT</name>
         <load_address>0x20</load_address>
         <run_address>0x20</run_address>
         <size>0x2bb8</size>
         <input_file_ref idref="fl-12"/>
      </object_component>
      <object_component id="oc-a5">
         <name>.kernelTEXT</name>
         <load_address>0x2bd8</load_address>
         <run_address>0x2bd8</run_address>
         <size>0x4b0</size>
         <input_file_ref idref="fl-10"/>
      </object_component>
      <object_component id="oc-2ab">
         <name>.kernelTEXT</name>
         <load_address>0x3088</load_address>
         <run_address>0x3088</run_address>
         <size>0x3e0</size>
         <input_file_ref idref="fl-f"/>
      </object_component>
      <object_component id="oc-29f">
         <name>.kernelTEXT</name>
         <load_address>0x3468</load_address>
         <run_address>0x3468</run_address>
         <size>0x37c</size>
         <input_file_ref idref="fl-c"/>
      </object_component>
      <object_component id="oc-459">
         <name>.cinit..data.load</name>
         <load_address>0x37e8</load_address>
         <run_address>0x37e8</run_address>
         <size>0xca</size>
      </object_component>
      <object_component id="oc-454">
         <name>__TI_handler_table</name>
         <load_address>0x38b4</load_address>
         <run_address>0x38b4</run_address>
         <size>0xc</size>
      </object_component>
      <object_component id="oc-456">
         <name>.cinit..kernelBSS.load</name>
         <load_address>0x38c0</load_address>
         <run_address>0x38c0</run_address>
         <size>0x9</size>
      </object_component>
      <object_component id="oc-458">
         <name>.cinit..bss.load</name>
         <load_address>0x38d0</load_address>
         <run_address>0x38d0</run_address>
         <size>0x8</size>
      </object_component>
      <object_component id="oc-457">
         <name>.cinit..kernelHEAP.load</name>
         <load_address>0x38d8</load_address>
         <run_address>0x38d8</run_address>
         <size>0x8</size>
      </object_component>
      <object_component id="oc-455">
         <name>__TI_cinit_table</name>
         <load_address>0x38e0</load_address>
         <run_address>0x38e0</run_address>
         <size>0x20</size>
      </object_component>
      <object_component id="oc-ad">
         <name>.text</name>
         <load_address>0x8020</load_address>
         <run_address>0x8020</run_address>
         <size>0x3d1c</size>
         <input_file_ref idref="fl-24"/>
      </object_component>
      <object_component id="oc-84">
         <name>.text</name>
         <load_address>0xbd3c</load_address>
         <run_address>0xbd3c</run_address>
         <size>0x2cdc</size>
         <input_file_ref idref="fl-1f"/>
      </object_component>
      <object_component id="oc-199">
         <name>.text</name>
         <load_address>0xea18</load_address>
         <run_address>0xea18</run_address>
         <size>0xeec</size>
         <input_file_ref idref="fl-15"/>
      </object_component>
      <object_component id="oc-7e">
         <name>.text</name>
         <load_address>0xf904</load_address>
         <run_address>0xf904</run_address>
         <size>0xb64</size>
         <input_file_ref idref="fl-22"/>
      </object_component>
      <object_component id="oc-44">
         <name>.text</name>
         <load_address>0x10468</load_address>
         <run_address>0x10468</run_address>
         <size>0xa58</size>
         <input_file_ref idref="fl-21"/>
      </object_component>
      <object_component id="oc-1a5">
         <name>.text</name>
         <load_address>0x10ec0</load_address>
         <run_address>0x10ec0</run_address>
         <size>0x8f0</size>
         <input_file_ref idref="fl-8"/>
      </object_component>
      <object_component id="oc-ef">
         <name>.text</name>
         <load_address>0x117b0</load_address>
         <run_address>0x117b0</run_address>
         <size>0x8ac</size>
         <input_file_ref idref="fl-14"/>
      </object_component>
      <object_component id="oc-72">
         <name>.text</name>
         <load_address>0x1205c</load_address>
         <run_address>0x1205c</run_address>
         <size>0x664</size>
         <input_file_ref idref="fl-4"/>
      </object_component>
      <object_component id="oc-8a">
         <name>.text</name>
         <load_address>0x126c0</load_address>
         <run_address>0x126c0</run_address>
         <size>0x5bc</size>
         <input_file_ref idref="fl-5"/>
      </object_component>
      <object_component id="oc-135">
         <name>.text</name>
         <load_address>0x12c7c</load_address>
         <run_address>0x12c7c</run_address>
         <size>0x484</size>
         <input_file_ref idref="fl-7"/>
      </object_component>
      <object_component id="oc-6d">
         <name>.text</name>
         <load_address>0x13100</load_address>
         <run_address>0x13100</run_address>
         <size>0x34c</size>
         <input_file_ref idref="fl-16"/>
      </object_component>
      <object_component id="oc-91">
         <name>.text</name>
         <load_address>0x1344c</load_address>
         <run_address>0x1344c</run_address>
         <size>0x334</size>
         <input_file_ref idref="fl-19"/>
      </object_component>
      <object_component id="oc-3e">
         <name>.text:retain</name>
         <load_address>0x13780</load_address>
         <run_address>0x13780</run_address>
         <size>0x2cc</size>
         <input_file_ref idref="fl-21"/>
      </object_component>
      <object_component id="oc-1e">
         <name>.text:retain</name>
         <load_address>0x13a4c</load_address>
         <run_address>0x13a4c</run_address>
         <size>0x288</size>
         <input_file_ref idref="fl-20"/>
      </object_component>
      <object_component id="oc-37a">
         <name>.text</name>
         <load_address>0x13cd4</load_address>
         <run_address>0x13cd4</run_address>
         <size>0x278</size>
         <input_file_ref idref="fl-c"/>
      </object_component>
      <object_component id="oc-2a5">
         <name>.text</name>
         <load_address>0x13f4c</load_address>
         <run_address>0x13f4c</run_address>
         <size>0x238</size>
         <input_file_ref idref="fl-d"/>
      </object_component>
      <object_component id="oc-334">
         <name>.text:logf</name>
         <load_address>0x14184</load_address>
         <run_address>0x14184</run_address>
         <size>0x1e4</size>
         <input_file_ref idref="fl-2a"/>
      </object_component>
      <object_component id="oc-38a">
         <name>.text</name>
         <load_address>0x14368</load_address>
         <run_address>0x14368</run_address>
         <size>0x1b0</size>
         <input_file_ref idref="fl-f"/>
      </object_component>
      <object_component id="oc-19f">
         <name>.text</name>
         <load_address>0x14518</load_address>
         <run_address>0x14518</run_address>
         <size>0x160</size>
         <input_file_ref idref="fl-23"/>
      </object_component>
      <object_component id="oc-2d">
         <name>.text:retain</name>
         <load_address>0x14678</load_address>
         <run_address>0x14678</run_address>
         <size>0x15c</size>
         <input_file_ref idref="fl-8"/>
      </object_component>
      <object_component id="oc-2b1">
         <name>.text</name>
         <load_address>0x147d4</load_address>
         <run_address>0x147d4</run_address>
         <size>0x158</size>
         <input_file_ref idref="fl-12"/>
      </object_component>
      <object_component id="oc-24">
         <name>.text:retain</name>
         <load_address>0x1492c</load_address>
         <run_address>0x1492c</run_address>
         <size>0x114</size>
         <input_file_ref idref="fl-5"/>
      </object_component>
      <object_component id="oc-202">
         <name>.text</name>
         <load_address>0x14a40</load_address>
         <run_address>0x14a40</run_address>
         <size>0x114</size>
         <input_file_ref idref="fl-25"/>
      </object_component>
      <object_component id="oc-b4">
         <name>.text</name>
         <load_address>0x14b54</load_address>
         <run_address>0x14b54</run_address>
         <size>0xe8</size>
         <input_file_ref idref="fl-2"/>
      </object_component>
      <object_component id="oc-99">
         <name>.text</name>
         <load_address>0x14c3c</load_address>
         <run_address>0x14c3c</run_address>
         <size>0xe4</size>
         <input_file_ref idref="fl-9"/>
      </object_component>
      <object_component id="oc-f7">
         <name>.text</name>
         <load_address>0x14d20</load_address>
         <run_address>0x14d20</run_address>
         <size>0xe0</size>
         <input_file_ref idref="fl-1e"/>
      </object_component>
      <object_component id="oc-55">
         <name>.text</name>
         <load_address>0x14e00</load_address>
         <run_address>0x14e00</run_address>
         <size>0x9c</size>
         <input_file_ref idref="fl-2b"/>
      </object_component>
      <object_component id="oc-e1">
         <name>.text</name>
         <load_address>0x14e9c</load_address>
         <run_address>0x14e9c</run_address>
         <size>0x7a</size>
         <input_file_ref idref="fl-2c"/>
      </object_component>
      <object_component id="oc-11">
         <name>.text:decompress:lzss:__TI_decompress_lzss</name>
         <load_address>0x14f16</load_address>
         <run_address>0x14f16</run_address>
         <size>0x6c</size>
         <input_file_ref idref="fl-32"/>
      </object_component>
      <object_component id="oc-3b9">
         <name>.text</name>
         <load_address>0x14f82</load_address>
         <run_address>0x14f82</run_address>
         <size>0x2</size>
         <input_file_ref idref="fl-37"/>
      </object_component>
      <object_component id="oc-2e3">
         <name>.text</name>
         <load_address>0x14f84</load_address>
         <run_address>0x14f84</run_address>
         <size>0x50</size>
         <input_file_ref idref="fl-2d"/>
      </object_component>
      <object_component id="oc-105">
         <name>.text:__TI_auto_init_nobinit_nopinit:__TI_auto_init_nobinit_nopinit</name>
         <load_address>0x14fd4</load_address>
         <run_address>0x14fd4</run_address>
         <size>0x44</size>
         <input_file_ref idref="fl-2e"/>
      </object_component>
      <object_component id="oc-2ba">
         <name>.text:strlen</name>
         <load_address>0x15018</load_address>
         <run_address>0x15018</run_address>
         <size>0x16</size>
         <input_file_ref idref="fl-35"/>
      </object_component>
      <object_component id="oc-17">
         <name>.text:decompress:none:__TI_decompress_none</name>
         <load_address>0x1502e</load_address>
         <run_address>0x1502e</run_address>
         <size>0xe</size>
         <input_file_ref idref="fl-31"/>
      </object_component>
      <object_component id="oc-67">
         <name>.text:decompress:ZI:__TI_zero_init</name>
         <load_address>0x1503c</load_address>
         <run_address>0x1503c</run_address>
         <size>0xc</size>
         <input_file_ref idref="fl-30"/>
      </object_component>
      <object_component id="oc-3c6">
         <name>.text:__aeabi_errno_addr</name>
         <load_address>0x15048</load_address>
         <run_address>0x15048</run_address>
         <size>0x8</size>
         <input_file_ref idref="fl-36"/>
      </object_component>
      <object_component id="oc-14f">
         <name>.text:abort:abort</name>
         <load_address>0x15050</load_address>
         <run_address>0x15050</run_address>
         <size>0x4</size>
         <input_file_ref idref="fl-33"/>
      </object_component>
      <object_component id="oc-38">
         <name>.text:retain</name>
         <load_address>0x15054</load_address>
         <run_address>0x15054</run_address>
         <size>0x4</size>
         <input_file_ref idref="fl-1c"/>
      </object_component>
      <object_component id="oc-78">
         <name>.text</name>
         <load_address>0x15058</load_address>
         <run_address>0x15058</run_address>
         <size>0x4</size>
         <input_file_ref idref="fl-20"/>
      </object_component>
      <object_component id="oc-2e8">
         <name>.const:het1PROGRAM</name>
         <load_address>0x1505c</load_address>
         <run_address>0x1505c</run_address>
         <size>0x3a0</size>
         <input_file_ref idref="fl-8"/>
      </object_component>
      <object_component id="oc-2a">
         <name>.const:s_vim_init</name>
         <load_address>0x153fc</load_address>
         <run_address>0x153fc</run_address>
         <size>0x200</size>
         <input_file_ref idref="fl-21"/>
      </object_component>
      <object_component id="oc-2eb">
         <name>.const:s_het1pwmPolarity</name>
         <load_address>0x155fc</load_address>
         <run_address>0x155fc</run_address>
         <size>0x20</size>
         <input_file_ref idref="fl-8"/>
      </object_component>
      <object_component id="oc-168">
         <name>.kernelBSS:init</name>
         <load_address>0x80008d0</load_address>
         <run_address>0x80008d0</run_address>
         <size>0x34</size>
         <input_file_ref idref="fl-12"/>
      </object_component>
      <object_component id="oc-2b7">
         <name>.kernelBSS:uninit</name>
         <load_address>0x8000800</load_address>
         <run_address>0x8000800</run_address>
         <size>0xd0</size>
         <input_file_ref idref="fl-12"/>
      </object_component>
      <object_component id="oc-3f4">
         <name>.kernelHEAP</name>
         <uninitialized>true</uninitialized>
         <run_address>0x8001000</run_address>
         <size>0x2000</size>
         <input_file_ref idref="fl-c"/>
      </object_component>
      <object_component id="oc-383">
         <name>.bss:xStart</name>
         <uninitialized>true</uninitialized>
         <run_address>0x8003694</run_address>
         <size>0x8</size>
         <input_file_ref idref="fl-c"/>
      </object_component>
      <object_component id="oc-2d5">
         <name>.bss:g_spiPacket_t</name>
         <uninitialized>true</uninitialized>
         <run_address>0x8003600</run_address>
         <size>0x78</size>
         <input_file_ref idref="fl-15"/>
      </object_component>
      <object_component id="oc-1b7">
         <name>.bss:txBuffer</name>
         <uninitialized>true</uninitialized>
         <run_address>0x8003200</run_address>
         <size>0x200</size>
         <input_file_ref idref="fl-24"/>
      </object_component>
      <object_component id="oc-1bd">
         <name>.bss:rxBuffer</name>
         <uninitialized>true</uninitialized>
         <run_address>0x8003000</run_address>
         <size>0x200</size>
         <input_file_ref idref="fl-24"/>
      </object_component>
      <object_component id="oc-1ae">
         <name>.bss</name>
         <uninitialized>true</uninitialized>
         <run_address>0x800369c</run_address>
         <size>0x5</size>
         <input_file_ref idref="fl-24"/>
      </object_component>
      <object_component id="oc-148">
         <name>.common:returnVarningClose</name>
         <uninitialized>true</uninitialized>
         <run_address>0x80036a1</run_address>
         <size>0x1</size>
      </object_component>
      <object_component id="oc-13e">
         <name>.common:status</name>
         <uninitialized>true</uninitialized>
         <run_address>0x80036a2</run_address>
         <size>0x1</size>
      </object_component>
      <object_component id="oc-141">
         <name>.common:minCellVoltages</name>
         <uninitialized>true</uninitialized>
         <run_address>0x8003678</run_address>
         <size>0x1c</size>
      </object_component>
      <object_component id="oc-2df">
         <name>.common:pec15Table</name>
         <uninitialized>true</uninitialized>
         <run_address>0x8003400</run_address>
         <size>0x200</size>
      </object_component>
      <object_component id="oc-208">
         <name>.common:uwTick</name>
         <uninitialized>true</uninitialized>
         <run_address>0x80036a8</run_address>
         <size>0x4</size>
      </object_component>
      <object_component id="oc-1ab">
         <name>.common:ltcSpi_ps</name>
         <uninitialized>true</uninitialized>
         <run_address>0x80036a4</run_address>
         <size>0x4</size>
      </object_component>
      <object_component id="oc-380">
         <name>.data</name>
         <load_address>0x8003c78</load_address>
         <run_address>0x8003c78</run_address>
         <size>0x10</size>
         <input_file_ref idref="fl-c"/>
      </object_component>
      <object_component id="oc-16b">
         <name>.data</name>
         <load_address>0x8003d40</load_address>
         <run_address>0x8003d40</run_address>
         <size>0x8</size>
         <input_file_ref idref="fl-f"/>
      </object_component>
      <object_component id="oc-13b">
         <name>.data:ltcBat</name>
         <load_address>0x80036ac</load_address>
         <run_address>0x80036ac</run_address>
         <size>0x5b0</size>
         <input_file_ref idref="fl-19"/>
      </object_component>
      <object_component id="oc-142">
         <name>.data</name>
         <load_address>0x8003d52</load_address>
         <run_address>0x8003d52</run_address>
         <size>0x2</size>
         <input_file_ref idref="fl-19"/>
      </object_component>
      <object_component id="oc-145">
         <name>.data:minBalanceVoltages</name>
         <load_address>0x8003c5c</load_address>
         <run_address>0x8003c5c</run_address>
         <size>0x1c</size>
         <input_file_ref idref="fl-19"/>
      </object_component>
      <object_component id="oc-1b1">
         <name>.data:cmdWRCFGA_pu16</name>
         <load_address>0x8003d20</load_address>
         <run_address>0x8003d20</run_address>
         <size>0x8</size>
         <input_file_ref idref="fl-24"/>
      </object_component>
      <object_component id="oc-1b4">
         <name>.data:cmdWRCFGB_pu16</name>
         <load_address>0x8003d28</load_address>
         <run_address>0x8003d28</run_address>
         <size>0x8</size>
         <input_file_ref idref="fl-24"/>
      </object_component>
      <object_component id="oc-1c3">
         <name>.data:cmdRDCFGA_pu16</name>
         <load_address>0x8003cd0</load_address>
         <run_address>0x8003cd0</run_address>
         <size>0x8</size>
         <input_file_ref idref="fl-24"/>
      </object_component>
      <object_component id="oc-1c6">
         <name>.data:cmdRDCFGB_pu16</name>
         <load_address>0x8003cd8</load_address>
         <run_address>0x8003cd8</run_address>
         <size>0x8</size>
         <input_file_ref idref="fl-24"/>
      </object_component>
      <object_component id="oc-1c9">
         <name>.data:cmdRDCVA_pu16</name>
         <load_address>0x8003ce0</load_address>
         <run_address>0x8003ce0</run_address>
         <size>0x8</size>
         <input_file_ref idref="fl-24"/>
      </object_component>
      <object_component id="oc-1cc">
         <name>.data:cmdRDCVB_pu16</name>
         <load_address>0x8003ce8</load_address>
         <run_address>0x8003ce8</run_address>
         <size>0x8</size>
         <input_file_ref idref="fl-24"/>
      </object_component>
      <object_component id="oc-1cf">
         <name>.data:cmdRDCVC_pu16</name>
         <load_address>0x8003cf0</load_address>
         <run_address>0x8003cf0</run_address>
         <size>0x8</size>
         <input_file_ref idref="fl-24"/>
      </object_component>
      <object_component id="oc-1d2">
         <name>.data:cmdRDCVD_pu16</name>
         <load_address>0x8003cf8</load_address>
         <run_address>0x8003cf8</run_address>
         <size>0x8</size>
         <input_file_ref idref="fl-24"/>
      </object_component>
      <object_component id="oc-1d5">
         <name>.data:cmdRDCVE_pu16</name>
         <load_address>0x8003d00</load_address>
         <run_address>0x8003d00</run_address>
         <size>0x8</size>
         <input_file_ref idref="fl-24"/>
      </object_component>
      <object_component id="oc-1de">
         <name>.data:cmdRDAUXA_pu16</name>
         <load_address>0x8003cb0</load_address>
         <run_address>0x8003cb0</run_address>
         <size>0x8</size>
         <input_file_ref idref="fl-24"/>
      </object_component>
      <object_component id="oc-1e1">
         <name>.data:cmdRDAUXB_pu16</name>
         <load_address>0x8003cb8</load_address>
         <run_address>0x8003cb8</run_address>
         <size>0x8</size>
         <input_file_ref idref="fl-24"/>
      </object_component>
      <object_component id="oc-1e4">
         <name>.data:cmdRDAUXC_pu16</name>
         <load_address>0x8003cc0</load_address>
         <run_address>0x8003cc0</run_address>
         <size>0x8</size>
         <input_file_ref idref="fl-24"/>
      </object_component>
      <object_component id="oc-1d8">
         <name>.data:cmdRDAUXD_pu16</name>
         <load_address>0x8003cc8</load_address>
         <run_address>0x8003cc8</run_address>
         <size>0x8</size>
         <input_file_ref idref="fl-24"/>
      </object_component>
      <object_component id="oc-1e7">
         <name>.data:cmdRDSTATA_pu16</name>
         <load_address>0x8003d08</load_address>
         <run_address>0x8003d08</run_address>
         <size>0x8</size>
         <input_file_ref idref="fl-24"/>
      </object_component>
      <object_component id="oc-1ea">
         <name>.data:cmdRDSTATB_pu16</name>
         <load_address>0x8003d10</load_address>
         <run_address>0x8003d10</run_address>
         <size>0x8</size>
         <input_file_ref idref="fl-24"/>
      </object_component>
      <object_component id="oc-1f6">
         <name>.data:cmdWRPWM_pu16</name>
         <load_address>0x8003d38</load_address>
         <run_address>0x8003d38</run_address>
         <size>0x8</size>
         <input_file_ref idref="fl-24"/>
      </object_component>
      <object_component id="oc-1f9">
         <name>.data:cmdWRPSB_pu16</name>
         <load_address>0x8003d30</load_address>
         <run_address>0x8003d30</run_address>
         <size>0x8</size>
         <input_file_ref idref="fl-24"/>
      </object_component>
      <object_component id="oc-1ed">
         <name>.data:cmdCLRCELL_pu16</name>
         <load_address>0x8003c90</load_address>
         <run_address>0x8003c90</run_address>
         <size>0x8</size>
         <input_file_ref idref="fl-24"/>
      </object_component>
      <object_component id="oc-1f0">
         <name>.data:cmdCLRAUX_pu16</name>
         <load_address>0x8003c88</load_address>
         <run_address>0x8003c88</run_address>
         <size>0x8</size>
         <input_file_ref idref="fl-24"/>
      </object_component>
      <object_component id="oc-1f3">
         <name>.data:cmdCLRSTAT_pu16</name>
         <load_address>0x8003c98</load_address>
         <run_address>0x8003c98</run_address>
         <size>0x8</size>
         <input_file_ref idref="fl-24"/>
      </object_component>
      <object_component id="oc-1fc">
         <name>.data:cmdMute_pu16</name>
         <load_address>0x8003ca0</load_address>
         <run_address>0x8003ca0</run_address>
         <size>0x8</size>
         <input_file_ref idref="fl-24"/>
      </object_component>
      <object_component id="oc-1ff">
         <name>.data:cmdUnMute_pu16</name>
         <load_address>0x8003d18</load_address>
         <run_address>0x8003d18</run_address>
         <size>0x8</size>
         <input_file_ref idref="fl-24"/>
      </object_component>
      <object_component id="oc-1db">
         <name>.data:cmdPladc_pu16</name>
         <load_address>0x8003ca8</load_address>
         <run_address>0x8003ca8</run_address>
         <size>0x8</size>
         <input_file_ref idref="fl-24"/>
      </object_component>
      <object_component id="oc-1c0">
         <name>.data</name>
         <load_address>0x8003d50</load_address>
         <run_address>0x8003d50</run_address>
         <size>0x2</size>
         <input_file_ref idref="fl-24"/>
      </object_component>
      <object_component id="oc-1ba">
         <name>.data:spiDat_s</name>
         <load_address>0x8003d4c</load_address>
         <run_address>0x8003d4c</run_address>
         <size>0x4</size>
         <input_file_ref idref="fl-24"/>
      </object_component>
      <object_component id="oc-41e">
         <name>.data</name>
         <load_address>0x8003d48</load_address>
         <run_address>0x8003d48</run_address>
         <size>0x4</size>
         <input_file_ref idref="fl-36"/>
      </object_component>
      <object_component id="oc-b5">
         <name>.debug_info</name>
         <load_address>0x0</load_address>
         <run_address>0x0</run_address>
         <size>0x122</size>
         <input_file_ref idref="fl-2"/>
      </object_component>
      <object_component id="oc-210">
         <name>.debug_info</name>
         <load_address>0x122</load_address>
         <run_address>0x122</run_address>
         <size>0x2c8</size>
         <input_file_ref idref="fl-3"/>
      </object_component>
      <object_component id="oc-342">
         <name>.debug_info</name>
         <load_address>0x3ea</load_address>
         <run_address>0x3ea</run_address>
         <size>0x359</size>
         <input_file_ref idref="fl-3"/>
      </object_component>
      <object_component id="oc-171">
         <name>.debug_info</name>
         <load_address>0x743</load_address>
         <run_address>0x743</run_address>
         <size>0x26b</size>
         <input_file_ref idref="fl-3"/>
      </object_component>
      <object_component id="oc-a0">
         <name>.debug_info</name>
         <load_address>0x9ae</load_address>
         <run_address>0x9ae</run_address>
         <size>0x157</size>
         <input_file_ref idref="fl-3"/>
      </object_component>
      <object_component id="oc-c2">
         <name>.debug_info</name>
         <load_address>0xb05</load_address>
         <run_address>0xb05</run_address>
         <size>0x8b</size>
         <input_file_ref idref="fl-3"/>
      </object_component>
      <object_component id="oc-bd">
         <name>.debug_info</name>
         <load_address>0xb90</load_address>
         <run_address>0xb90</run_address>
         <size>0x18c</size>
         <input_file_ref idref="fl-3"/>
      </object_component>
      <object_component id="oc-289">
         <name>.debug_info</name>
         <load_address>0xd1c</load_address>
         <run_address>0xd1c</run_address>
         <size>0x2a4</size>
         <input_file_ref idref="fl-3"/>
      </object_component>
      <object_component id="oc-14a">
         <name>.debug_info</name>
         <load_address>0xfc0</load_address>
         <run_address>0xfc0</run_address>
         <size>0xbb</size>
         <input_file_ref idref="fl-3"/>
      </object_component>
      <object_component id="oc-c7">
         <name>.debug_info</name>
         <load_address>0x107b</load_address>
         <run_address>0x107b</run_address>
         <size>0x86</size>
         <input_file_ref idref="fl-3"/>
      </object_component>
      <object_component id="oc-33d">
         <name>.debug_info</name>
         <load_address>0x1101</load_address>
         <run_address>0x1101</run_address>
         <size>0x152</size>
         <input_file_ref idref="fl-3"/>
      </object_component>
      <object_component id="oc-18f">
         <name>.debug_info</name>
         <load_address>0x1253</load_address>
         <run_address>0x1253</run_address>
         <size>0x2d0</size>
         <input_file_ref idref="fl-3"/>
      </object_component>
      <object_component id="oc-220">
         <name>.debug_info</name>
         <load_address>0x1523</load_address>
         <run_address>0x1523</run_address>
         <size>0x2d5</size>
         <input_file_ref idref="fl-4"/>
      </object_component>
      <object_component id="oc-74">
         <name>.debug_info</name>
         <load_address>0x17f8</load_address>
         <run_address>0x17f8</run_address>
         <size>0x6ce</size>
         <input_file_ref idref="fl-4"/>
      </object_component>
      <object_component id="oc-50">
         <name>.debug_info</name>
         <load_address>0x1ec6</load_address>
         <run_address>0x1ec6</run_address>
         <size>0x84</size>
         <input_file_ref idref="fl-4"/>
      </object_component>
      <object_component id="oc-e9">
         <name>.debug_info</name>
         <load_address>0x1f4a</load_address>
         <run_address>0x1f4a</run_address>
         <size>0x9e7</size>
         <input_file_ref idref="fl-4"/>
      </object_component>
      <object_component id="oc-104">
         <name>.debug_info</name>
         <load_address>0x2931</load_address>
         <run_address>0x2931</run_address>
         <size>0x32d</size>
         <input_file_ref idref="fl-5"/>
      </object_component>
      <object_component id="oc-8c">
         <name>.debug_info</name>
         <load_address>0x2c5e</load_address>
         <run_address>0x2c5e</run_address>
         <size>0xcda</size>
         <input_file_ref idref="fl-5"/>
      </object_component>
      <object_component id="oc-27">
         <name>.debug_info</name>
         <load_address>0x3938</load_address>
         <run_address>0x3938</run_address>
         <size>0x1ba</size>
         <input_file_ref idref="fl-5"/>
      </object_component>
      <object_component id="oc-176">
         <name>.debug_info</name>
         <load_address>0x3af2</load_address>
         <run_address>0x3af2</run_address>
         <size>0x1de</size>
         <input_file_ref idref="fl-5"/>
      </object_component>
      <object_component id="oc-ff">
         <name>.debug_info</name>
         <load_address>0x3cd0</load_address>
         <run_address>0x3cd0</run_address>
         <size>0x129</size>
         <input_file_ref idref="fl-5"/>
      </object_component>
      <object_component id="oc-350">
         <name>.debug_info</name>
         <load_address>0x3df9</load_address>
         <run_address>0x3df9</run_address>
         <size>0x2ca</size>
         <input_file_ref idref="fl-6"/>
      </object_component>
      <object_component id="oc-3d9">
         <name>.debug_info</name>
         <load_address>0x40c3</load_address>
         <run_address>0x40c3</run_address>
         <size>0xc6d</size>
         <input_file_ref idref="fl-6"/>
      </object_component>
      <object_component id="oc-3d4">
         <name>.debug_info</name>
         <load_address>0x4d30</load_address>
         <run_address>0x4d30</run_address>
         <size>0x396</size>
         <input_file_ref idref="fl-6"/>
      </object_component>
      <object_component id="oc-248">
         <name>.debug_info</name>
         <load_address>0x50c6</load_address>
         <run_address>0x50c6</run_address>
         <size>0x508</size>
         <input_file_ref idref="fl-6"/>
      </object_component>
      <object_component id="oc-34b">
         <name>.debug_info</name>
         <load_address>0x55ce</load_address>
         <run_address>0x55ce</run_address>
         <size>0x43c</size>
         <input_file_ref idref="fl-6"/>
      </object_component>
      <object_component id="oc-27b">
         <name>.debug_info</name>
         <load_address>0x5a0a</load_address>
         <run_address>0x5a0a</run_address>
         <size>0x2b0</size>
         <input_file_ref idref="fl-7"/>
      </object_component>
      <object_component id="oc-137">
         <name>.debug_info</name>
         <load_address>0x5cba</load_address>
         <run_address>0x5cba</run_address>
         <size>0x7ea</size>
         <input_file_ref idref="fl-7"/>
      </object_component>
      <object_component id="oc-180">
         <name>.debug_info</name>
         <load_address>0x64a4</load_address>
         <run_address>0x64a4</run_address>
         <size>0x1f9</size>
         <input_file_ref idref="fl-7"/>
      </object_component>
      <object_component id="oc-367">
         <name>.debug_info</name>
         <load_address>0x669d</load_address>
         <run_address>0x669d</run_address>
         <size>0x12a</size>
         <input_file_ref idref="fl-7"/>
      </object_component>
      <object_component id="oc-2ef">
         <name>.debug_info</name>
         <load_address>0x67c7</load_address>
         <run_address>0x67c7</run_address>
         <size>0x37f</size>
         <input_file_ref idref="fl-8"/>
      </object_component>
      <object_component id="oc-2ec">
         <name>.debug_info</name>
         <load_address>0x6b46</load_address>
         <run_address>0x6b46</run_address>
         <size>0x105</size>
         <input_file_ref idref="fl-8"/>
      </object_component>
      <object_component id="oc-2e9">
         <name>.debug_info</name>
         <load_address>0x6c4b</load_address>
         <run_address>0x6c4b</run_address>
         <size>0xf9</size>
         <input_file_ref idref="fl-8"/>
      </object_component>
      <object_component id="oc-1a9">
         <name>.debug_info</name>
         <load_address>0x6d44</load_address>
         <run_address>0x6d44</run_address>
         <size>0xf01</size>
         <input_file_ref idref="fl-8"/>
      </object_component>
      <object_component id="oc-31">
         <name>.debug_info</name>
         <load_address>0x7c45</load_address>
         <run_address>0x7c45</run_address>
         <size>0x28d</size>
         <input_file_ref idref="fl-8"/>
      </object_component>
      <object_component id="oc-218">
         <name>.debug_info</name>
         <load_address>0x7ed2</load_address>
         <run_address>0x7ed2</run_address>
         <size>0x2c</size>
         <input_file_ref idref="fl-8"/>
      </object_component>
      <object_component id="oc-234">
         <name>.debug_info</name>
         <load_address>0x7efe</load_address>
         <run_address>0x7efe</run_address>
         <size>0x35</size>
         <input_file_ref idref="fl-8"/>
      </object_component>
      <object_component id="oc-243">
         <name>.debug_info</name>
         <load_address>0x7f33</load_address>
         <run_address>0x7f33</run_address>
         <size>0x3d3</size>
         <input_file_ref idref="fl-8"/>
      </object_component>
      <object_component id="oc-2f0">
         <name>.debug_info</name>
         <load_address>0x8306</load_address>
         <run_address>0x8306</run_address>
         <size>0x2e3</size>
         <input_file_ref idref="fl-8"/>
      </object_component>
      <object_component id="oc-15c">
         <name>.debug_info</name>
         <load_address>0x85e9</load_address>
         <run_address>0x85e9</run_address>
         <size>0x4bd</size>
         <input_file_ref idref="fl-9"/>
      </object_component>
      <object_component id="oc-9b">
         <name>.debug_info</name>
         <load_address>0x8aa6</load_address>
         <run_address>0x8aa6</run_address>
         <size>0xb3d</size>
         <input_file_ref idref="fl-9"/>
      </object_component>
      <object_component id="oc-225">
         <name>.debug_info</name>
         <load_address>0x95e3</load_address>
         <run_address>0x95e3</run_address>
         <size>0x791</size>
         <input_file_ref idref="fl-9"/>
      </object_component>
      <object_component id="oc-22a">
         <name>.debug_info</name>
         <load_address>0x9d74</load_address>
         <run_address>0x9d74</run_address>
         <size>0x4de</size>
         <input_file_ref idref="fl-9"/>
      </object_component>
      <object_component id="oc-22f">
         <name>.debug_info</name>
         <load_address>0xa252</load_address>
         <run_address>0xa252</run_address>
         <size>0x3ce</size>
         <input_file_ref idref="fl-9"/>
      </object_component>
      <object_component id="oc-29a">
         <name>.debug_info</name>
         <load_address>0xa620</load_address>
         <run_address>0xa620</run_address>
         <size>0x7cd</size>
         <input_file_ref idref="fl-9"/>
      </object_component>
      <object_component id="oc-15d">
         <name>.debug_info</name>
         <load_address>0xaded</load_address>
         <run_address>0xaded</run_address>
         <size>0x673</size>
         <input_file_ref idref="fl-9"/>
      </object_component>
      <object_component id="oc-2da">
         <name>.debug_info</name>
         <load_address>0xb460</load_address>
         <run_address>0xb460</run_address>
         <size>0x375</size>
         <input_file_ref idref="fl-9"/>
      </object_component>
      <object_component id="oc-239">
         <name>.debug_info</name>
         <load_address>0xb7d5</load_address>
         <run_address>0xb7d5</run_address>
         <size>0x437</size>
         <input_file_ref idref="fl-9"/>
      </object_component>
      <object_component id="oc-264">
         <name>.debug_info</name>
         <load_address>0xbc0c</load_address>
         <run_address>0xbc0c</run_address>
         <size>0x37b</size>
         <input_file_ref idref="fl-9"/>
      </object_component>
      <object_component id="oc-23e">
         <name>.debug_info</name>
         <load_address>0xbf87</load_address>
         <run_address>0xbf87</run_address>
         <size>0x1ca</size>
         <input_file_ref idref="fl-9"/>
      </object_component>
      <object_component id="oc-17b">
         <name>.debug_info</name>
         <load_address>0xc151</load_address>
         <run_address>0xc151</run_address>
         <size>0x435</size>
         <input_file_ref idref="fl-9"/>
      </object_component>
      <object_component id="oc-257">
         <name>.debug_info</name>
         <load_address>0xc586</load_address>
         <run_address>0xc586</run_address>
         <size>0x551</size>
         <input_file_ref idref="fl-9"/>
      </object_component>
      <object_component id="oc-24d">
         <name>.debug_info</name>
         <load_address>0xcad7</load_address>
         <run_address>0xcad7</run_address>
         <size>0x1de</size>
         <input_file_ref idref="fl-9"/>
      </object_component>
      <object_component id="oc-280">
         <name>.debug_info</name>
         <load_address>0xccb5</load_address>
         <run_address>0xccb5</run_address>
         <size>0x26c</size>
         <input_file_ref idref="fl-9"/>
      </object_component>
      <object_component id="oc-25c">
         <name>.debug_info</name>
         <load_address>0xcf21</load_address>
         <run_address>0xcf21</run_address>
         <size>0x17a</size>
         <input_file_ref idref="fl-9"/>
      </object_component>
      <object_component id="oc-185">
         <name>.debug_info</name>
         <load_address>0xd09b</load_address>
         <run_address>0xd09b</run_address>
         <size>0x6a6</size>
         <input_file_ref idref="fl-9"/>
      </object_component>
      <object_component id="oc-18a">
         <name>.debug_info</name>
         <load_address>0xd741</load_address>
         <run_address>0xd741</run_address>
         <size>0x13e</size>
         <input_file_ref idref="fl-9"/>
      </object_component>
      <object_component id="oc-39c">
         <name>.debug_info</name>
         <load_address>0xd87f</load_address>
         <run_address>0xd87f</run_address>
         <size>0x1ee</size>
         <input_file_ref idref="fl-a"/>
      </object_component>
      <object_component id="oc-2cc">
         <name>.debug_info</name>
         <load_address>0xda6d</load_address>
         <run_address>0xda6d</run_address>
         <size>0x30c</size>
         <input_file_ref idref="fl-a"/>
      </object_component>
      <object_component id="oc-3a9">
         <name>.debug_info</name>
         <load_address>0xdd79</load_address>
         <run_address>0xdd79</run_address>
         <size>0x37f</size>
         <input_file_ref idref="fl-a"/>
      </object_component>
      <object_component id="oc-2c1">
         <name>.debug_info</name>
         <load_address>0xe0f8</load_address>
         <run_address>0xe0f8</run_address>
         <size>0xe1</size>
         <input_file_ref idref="fl-a"/>
      </object_component>
      <object_component id="oc-40c">
         <name>.debug_info</name>
         <load_address>0xe1d9</load_address>
         <run_address>0xe1d9</run_address>
         <size>0xcc</size>
         <input_file_ref idref="fl-a"/>
      </object_component>
      <object_component id="oc-2c7">
         <name>.debug_info</name>
         <load_address>0xe2a5</load_address>
         <run_address>0xe2a5</run_address>
         <size>0x2c</size>
         <input_file_ref idref="fl-a"/>
      </object_component>
      <object_component id="oc-395">
         <name>.debug_info</name>
         <load_address>0xe2d1</load_address>
         <run_address>0xe2d1</run_address>
         <size>0x14c</size>
         <input_file_ref idref="fl-a"/>
      </object_component>
      <object_component id="oc-3c5">
         <name>.debug_info</name>
         <load_address>0xe41d</load_address>
         <run_address>0xe41d</run_address>
         <size>0x693</size>
         <input_file_ref idref="fl-b"/>
      </object_component>
      <object_component id="oc-2f7">
         <name>.debug_info</name>
         <load_address>0xeab0</load_address>
         <run_address>0xeab0</run_address>
         <size>0x110</size>
         <input_file_ref idref="fl-b"/>
      </object_component>
      <object_component id="oc-414">
         <name>.debug_info</name>
         <load_address>0xebc0</load_address>
         <run_address>0xebc0</run_address>
         <size>0x39</size>
         <input_file_ref idref="fl-b"/>
      </object_component>
      <object_component id="oc-39f">
         <name>.debug_info</name>
         <load_address>0xebf9</load_address>
         <run_address>0xebf9</run_address>
         <size>0x46</size>
         <input_file_ref idref="fl-b"/>
      </object_component>
      <object_component id="oc-419">
         <name>.debug_info</name>
         <load_address>0xec3f</load_address>
         <run_address>0xec3f</run_address>
         <size>0x62</size>
         <input_file_ref idref="fl-b"/>
      </object_component>
      <object_component id="oc-387">
         <name>.debug_info</name>
         <load_address>0xeca1</load_address>
         <run_address>0xeca1</run_address>
         <size>0x43b</size>
         <input_file_ref idref="fl-c"/>
      </object_component>
      <object_component id="oc-3f5">
         <name>.debug_info</name>
         <load_address>0xf0dc</load_address>
         <run_address>0xf0dc</run_address>
         <size>0xf3</size>
         <input_file_ref idref="fl-c"/>
      </object_component>
      <object_component id="oc-384">
         <name>.debug_info</name>
         <load_address>0xf1cf</load_address>
         <run_address>0xf1cf</run_address>
         <size>0xf3</size>
         <input_file_ref idref="fl-c"/>
      </object_component>
      <object_component id="oc-381">
         <name>.debug_info</name>
         <load_address>0xf2c2</load_address>
         <run_address>0xf2c2</run_address>
         <size>0x1a7</size>
         <input_file_ref idref="fl-c"/>
      </object_component>
      <object_component id="oc-2a0">
         <name>.debug_info</name>
         <load_address>0xf469</load_address>
         <run_address>0xf469</run_address>
         <size>0x5c8</size>
         <input_file_ref idref="fl-c"/>
      </object_component>
      <object_component id="oc-37b">
         <name>.debug_info</name>
         <load_address>0xfa31</load_address>
         <run_address>0xfa31</run_address>
         <size>0x2fa</size>
         <input_file_ref idref="fl-c"/>
      </object_component>
      <object_component id="oc-3fc">
         <name>.debug_info</name>
         <load_address>0xfd2b</load_address>
         <run_address>0xfd2b</run_address>
         <size>0x62</size>
         <input_file_ref idref="fl-c"/>
      </object_component>
      <object_component id="oc-389">
         <name>.debug_info</name>
         <load_address>0xfd8d</load_address>
         <run_address>0xfd8d</run_address>
         <size>0x376</size>
         <input_file_ref idref="fl-d"/>
      </object_component>
      <object_component id="oc-2a7">
         <name>.debug_info</name>
         <load_address>0x10103</load_address>
         <run_address>0x10103</run_address>
         <size>0x549</size>
         <input_file_ref idref="fl-d"/>
      </object_component>
      <object_component id="oc-391">
         <name>.debug_info</name>
         <load_address>0x1064c</load_address>
         <run_address>0x1064c</run_address>
         <size>0x48e</size>
         <input_file_ref idref="fl-f"/>
      </object_component>
      <object_component id="oc-16c">
         <name>.debug_info</name>
         <load_address>0x10ada</load_address>
         <run_address>0x10ada</run_address>
         <size>0x141</size>
         <input_file_ref idref="fl-f"/>
      </object_component>
      <object_component id="oc-2ac">
         <name>.debug_info</name>
         <load_address>0x10c1b</load_address>
         <run_address>0x10c1b</run_address>
         <size>0x635</size>
         <input_file_ref idref="fl-f"/>
      </object_component>
      <object_component id="oc-38b">
         <name>.debug_info</name>
         <load_address>0x11250</load_address>
         <run_address>0x11250</run_address>
         <size>0x3c2</size>
         <input_file_ref idref="fl-f"/>
      </object_component>
      <object_component id="oc-a8">
         <name>.debug_info</name>
         <load_address>0x11612</load_address>
         <run_address>0x11612</run_address>
         <size>0x5b7</size>
         <input_file_ref idref="fl-10"/>
      </object_component>
      <object_component id="oc-2c6">
         <name>.debug_info</name>
         <load_address>0x11bc9</load_address>
         <run_address>0x11bc9</run_address>
         <size>0x86a</size>
         <input_file_ref idref="fl-12"/>
      </object_component>
      <object_component id="oc-169">
         <name>.debug_info</name>
         <load_address>0x12433</load_address>
         <run_address>0x12433</run_address>
         <size>0x364</size>
         <input_file_ref idref="fl-12"/>
      </object_component>
      <object_component id="oc-2b8">
         <name>.debug_info</name>
         <load_address>0x12797</load_address>
         <run_address>0x12797</run_address>
         <size>0x290</size>
         <input_file_ref idref="fl-12"/>
      </object_component>
      <object_component id="oc-163">
         <name>.debug_info</name>
         <load_address>0x12a27</load_address>
         <run_address>0x12a27</run_address>
         <size>0x50cc</size>
         <input_file_ref idref="fl-12"/>
      </object_component>
      <object_component id="oc-2b2">
         <name>.debug_info</name>
         <load_address>0x17af3</load_address>
         <run_address>0x17af3</run_address>
         <size>0x45a</size>
         <input_file_ref idref="fl-12"/>
      </object_component>
      <object_component id="oc-3a4">
         <name>.debug_info</name>
         <load_address>0x17f4d</load_address>
         <run_address>0x17f4d</run_address>
         <size>0x14e</size>
         <input_file_ref idref="fl-12"/>
      </object_component>
      <object_component id="oc-222">
         <name>.debug_info</name>
         <load_address>0x1809b</load_address>
         <run_address>0x1809b</run_address>
         <size>0x297</size>
         <input_file_ref idref="fl-14"/>
      </object_component>
      <object_component id="oc-f2">
         <name>.debug_info</name>
         <load_address>0x18332</load_address>
         <run_address>0x18332</run_address>
         <size>0x230</size>
         <input_file_ref idref="fl-14"/>
      </object_component>
      <object_component id="oc-2d9">
         <name>.debug_info</name>
         <load_address>0x18562</load_address>
         <run_address>0x18562</run_address>
         <size>0x2e7</size>
         <input_file_ref idref="fl-15"/>
      </object_component>
      <object_component id="oc-2d6">
         <name>.debug_info</name>
         <load_address>0x18849</load_address>
         <run_address>0x18849</run_address>
         <size>0xfd</size>
         <input_file_ref idref="fl-15"/>
      </object_component>
      <object_component id="oc-19a">
         <name>.debug_info</name>
         <load_address>0x18946</load_address>
         <run_address>0x18946</run_address>
         <size>0x11d6</size>
         <input_file_ref idref="fl-15"/>
      </object_component>
      <object_component id="oc-3b2">
         <name>.debug_info</name>
         <load_address>0x19b1c</load_address>
         <run_address>0x19b1c</run_address>
         <size>0xb9</size>
         <input_file_ref idref="fl-15"/>
      </object_component>
      <object_component id="oc-6e">
         <name>.debug_info</name>
         <load_address>0x19bd5</load_address>
         <run_address>0x19bd5</run_address>
         <size>0x97f</size>
         <input_file_ref idref="fl-16"/>
      </object_component>
      <object_component id="oc-34">
         <name>.debug_info</name>
         <load_address>0x1a554</load_address>
         <run_address>0x1a554</run_address>
         <size>0x12a</size>
         <input_file_ref idref="fl-18"/>
      </object_component>
      <object_component id="oc-13f">
         <name>.debug_info</name>
         <load_address>0x1a67e</load_address>
         <run_address>0x1a67e</run_address>
         <size>0x77c</size>
         <input_file_ref idref="fl-19"/>
      </object_component>
      <object_component id="oc-13c">
         <name>.debug_info</name>
         <load_address>0x1adfa</load_address>
         <run_address>0x1adfa</run_address>
         <size>0xf5</size>
         <input_file_ref idref="fl-19"/>
      </object_component>
      <object_component id="oc-143">
         <name>.debug_info</name>
         <load_address>0x1aeef</load_address>
         <run_address>0x1aeef</run_address>
         <size>0x11c</size>
         <input_file_ref idref="fl-19"/>
      </object_component>
      <object_component id="oc-146">
         <name>.debug_info</name>
         <load_address>0x1b00b</load_address>
         <run_address>0x1b00b</run_address>
         <size>0x10d</size>
         <input_file_ref idref="fl-19"/>
      </object_component>
      <object_component id="oc-92">
         <name>.debug_info</name>
         <load_address>0x1b118</load_address>
         <run_address>0x1b118</run_address>
         <size>0x4a3</size>
         <input_file_ref idref="fl-19"/>
      </object_component>
      <object_component id="oc-20a">
         <name>.debug_info</name>
         <load_address>0x1b5bb</load_address>
         <run_address>0x1b5bb</run_address>
         <size>0x13bb</size>
         <input_file_ref idref="fl-19"/>
      </object_component>
      <object_component id="oc-351">
         <name>.debug_info</name>
         <load_address>0x1c976</load_address>
         <run_address>0x1c976</run_address>
         <size>0x2b6</size>
         <input_file_ref idref="fl-1b"/>
      </object_component>
      <object_component id="oc-3e0">
         <name>.debug_info</name>
         <load_address>0x1cc2c</load_address>
         <run_address>0x1cc2c</run_address>
         <size>0x242</size>
         <input_file_ref idref="fl-1b"/>
      </object_component>
      <object_component id="oc-252">
         <name>.debug_info</name>
         <load_address>0x1ce6e</load_address>
         <run_address>0x1ce6e</run_address>
         <size>0x2af</size>
         <input_file_ref idref="fl-1b"/>
      </object_component>
      <object_component id="oc-39">
         <name>.debug_info</name>
         <load_address>0x1d11d</load_address>
         <run_address>0x1d11d</run_address>
         <size>0x16b</size>
         <input_file_ref idref="fl-1c"/>
      </object_component>
      <object_component id="oc-f8">
         <name>.debug_info</name>
         <load_address>0x1d288</load_address>
         <run_address>0x1d288</run_address>
         <size>0x40d</size>
         <input_file_ref idref="fl-1e"/>
      </object_component>
      <object_component id="oc-fd">
         <name>.debug_info</name>
         <load_address>0x1d695</load_address>
         <run_address>0x1d695</run_address>
         <size>0x68c</size>
         <input_file_ref idref="fl-1f"/>
      </object_component>
      <object_component id="oc-85">
         <name>.debug_info</name>
         <load_address>0x1dd21</load_address>
         <run_address>0x1dd21</run_address>
         <size>0x339d</size>
         <input_file_ref idref="fl-1f"/>
      </object_component>
      <object_component id="oc-1f">
         <name>.debug_info</name>
         <load_address>0x210be</load_address>
         <run_address>0x210be</run_address>
         <size>0x611</size>
         <input_file_ref idref="fl-20"/>
      </object_component>
      <object_component id="oc-79">
         <name>.debug_info</name>
         <load_address>0x216cf</load_address>
         <run_address>0x216cf</run_address>
         <size>0x164</size>
         <input_file_ref idref="fl-20"/>
      </object_component>
      <object_component id="oc-ac">
         <name>.debug_info</name>
         <load_address>0x21833</load_address>
         <run_address>0x21833</run_address>
         <size>0x524</size>
         <input_file_ref idref="fl-21"/>
      </object_component>
      <object_component id="oc-2b">
         <name>.debug_info</name>
         <load_address>0x21d57</load_address>
         <run_address>0x21d57</run_address>
         <size>0xfb</size>
         <input_file_ref idref="fl-21"/>
      </object_component>
      <object_component id="oc-45">
         <name>.debug_info</name>
         <load_address>0x21e52</load_address>
         <run_address>0x21e52</run_address>
         <size>0x505</size>
         <input_file_ref idref="fl-21"/>
      </object_component>
      <object_component id="oc-3f">
         <name>.debug_info</name>
         <load_address>0x22357</load_address>
         <run_address>0x22357</run_address>
         <size>0x22e</size>
         <input_file_ref idref="fl-21"/>
      </object_component>
      <object_component id="oc-194">
         <name>.debug_info</name>
         <load_address>0x22585</load_address>
         <run_address>0x22585</run_address>
         <size>0x4f</size>
         <input_file_ref idref="fl-21"/>
      </object_component>
      <object_component id="oc-f6">
         <name>.debug_info</name>
         <load_address>0x225d4</load_address>
         <run_address>0x225d4</run_address>
         <size>0x539</size>
         <input_file_ref idref="fl-22"/>
      </object_component>
      <object_component id="oc-80">
         <name>.debug_info</name>
         <load_address>0x22b0d</load_address>
         <run_address>0x22b0d</run_address>
         <size>0x8f8</size>
         <input_file_ref idref="fl-22"/>
      </object_component>
      <object_component id="oc-2e0">
         <name>.debug_info</name>
         <load_address>0x23405</load_address>
         <run_address>0x23405</run_address>
         <size>0x2b4</size>
         <input_file_ref idref="fl-23"/>
      </object_component>
      <object_component id="oc-1a0">
         <name>.debug_info</name>
         <load_address>0x236b9</load_address>
         <run_address>0x236b9</run_address>
         <size>0x25e</size>
         <input_file_ref idref="fl-23"/>
      </object_component>
      <object_component id="oc-1ac">
         <name>.debug_info</name>
         <load_address>0x23917</load_address>
         <run_address>0x23917</run_address>
         <size>0x5bf</size>
         <input_file_ref idref="fl-24"/>
      </object_component>
      <object_component id="oc-1b2">
         <name>.debug_info</name>
         <load_address>0x23ed6</load_address>
         <run_address>0x23ed6</run_address>
         <size>0xfd</size>
         <input_file_ref idref="fl-24"/>
      </object_component>
      <object_component id="oc-1b5">
         <name>.debug_info</name>
         <load_address>0x23fd3</load_address>
         <run_address>0x23fd3</run_address>
         <size>0xfd</size>
         <input_file_ref idref="fl-24"/>
      </object_component>
      <object_component id="oc-1c4">
         <name>.debug_info</name>
         <load_address>0x240d0</load_address>
         <run_address>0x240d0</run_address>
         <size>0xfd</size>
         <input_file_ref idref="fl-24"/>
      </object_component>
      <object_component id="oc-1c7">
         <name>.debug_info</name>
         <load_address>0x241cd</load_address>
         <run_address>0x241cd</run_address>
         <size>0xfd</size>
         <input_file_ref idref="fl-24"/>
      </object_component>
      <object_component id="oc-1ca">
         <name>.debug_info</name>
         <load_address>0x242ca</load_address>
         <run_address>0x242ca</run_address>
         <size>0xfb</size>
         <input_file_ref idref="fl-24"/>
      </object_component>
      <object_component id="oc-1cd">
         <name>.debug_info</name>
         <load_address>0x243c5</load_address>
         <run_address>0x243c5</run_address>
         <size>0xfb</size>
         <input_file_ref idref="fl-24"/>
      </object_component>
      <object_component id="oc-1d0">
         <name>.debug_info</name>
         <load_address>0x244c0</load_address>
         <run_address>0x244c0</run_address>
         <size>0xfb</size>
         <input_file_ref idref="fl-24"/>
      </object_component>
      <object_component id="oc-1d3">
         <name>.debug_info</name>
         <load_address>0x245bb</load_address>
         <run_address>0x245bb</run_address>
         <size>0xfb</size>
         <input_file_ref idref="fl-24"/>
      </object_component>
      <object_component id="oc-1d6">
         <name>.debug_info</name>
         <load_address>0x246b6</load_address>
         <run_address>0x246b6</run_address>
         <size>0xfb</size>
         <input_file_ref idref="fl-24"/>
      </object_component>
      <object_component id="oc-1df">
         <name>.debug_info</name>
         <load_address>0x247b1</load_address>
         <run_address>0x247b1</run_address>
         <size>0xfd</size>
         <input_file_ref idref="fl-24"/>
      </object_component>
      <object_component id="oc-1e2">
         <name>.debug_info</name>
         <load_address>0x248ae</load_address>
         <run_address>0x248ae</run_address>
         <size>0xfd</size>
         <input_file_ref idref="fl-24"/>
      </object_component>
      <object_component id="oc-1e5">
         <name>.debug_info</name>
         <load_address>0x249ab</load_address>
         <run_address>0x249ab</run_address>
         <size>0xfd</size>
         <input_file_ref idref="fl-24"/>
      </object_component>
      <object_component id="oc-1d9">
         <name>.debug_info</name>
         <load_address>0x24aa8</load_address>
         <run_address>0x24aa8</run_address>
         <size>0xfd</size>
         <input_file_ref idref="fl-24"/>
      </object_component>
      <object_component id="oc-1e8">
         <name>.debug_info</name>
         <load_address>0x24ba5</load_address>
         <run_address>0x24ba5</run_address>
         <size>0xff</size>
         <input_file_ref idref="fl-24"/>
      </object_component>
      <object_component id="oc-1eb">
         <name>.debug_info</name>
         <load_address>0x24ca4</load_address>
         <run_address>0x24ca4</run_address>
         <size>0xff</size>
         <input_file_ref idref="fl-24"/>
      </object_component>
      <object_component id="oc-1f7">
         <name>.debug_info</name>
         <load_address>0x24da3</load_address>
         <run_address>0x24da3</run_address>
         <size>0xfb</size>
         <input_file_ref idref="fl-24"/>
      </object_component>
      <object_component id="oc-1fa">
         <name>.debug_info</name>
         <load_address>0x24e9e</load_address>
         <run_address>0x24e9e</run_address>
         <size>0xfb</size>
         <input_file_ref idref="fl-24"/>
      </object_component>
      <object_component id="oc-1ee">
         <name>.debug_info</name>
         <load_address>0x24f99</load_address>
         <run_address>0x24f99</run_address>
         <size>0xff</size>
         <input_file_ref idref="fl-24"/>
      </object_component>
      <object_component id="oc-1f1">
         <name>.debug_info</name>
         <load_address>0x25098</load_address>
         <run_address>0x25098</run_address>
         <size>0xfd</size>
         <input_file_ref idref="fl-24"/>
      </object_component>
      <object_component id="oc-1f4">
         <name>.debug_info</name>
         <load_address>0x25195</load_address>
         <run_address>0x25195</run_address>
         <size>0xff</size>
         <input_file_ref idref="fl-24"/>
      </object_component>
      <object_component id="oc-1fd">
         <name>.debug_info</name>
         <load_address>0x25294</load_address>
         <run_address>0x25294</run_address>
         <size>0xf9</size>
         <input_file_ref idref="fl-24"/>
      </object_component>
      <object_component id="oc-200">
         <name>.debug_info</name>
         <load_address>0x2538d</load_address>
         <run_address>0x2538d</run_address>
         <size>0xfd</size>
         <input_file_ref idref="fl-24"/>
      </object_component>
      <object_component id="oc-1dc">
         <name>.debug_info</name>
         <load_address>0x2548a</load_address>
         <run_address>0x2548a</run_address>
         <size>0xfb</size>
         <input_file_ref idref="fl-24"/>
      </object_component>
      <object_component id="oc-1b8">
         <name>.debug_info</name>
         <load_address>0x25585</load_address>
         <run_address>0x25585</run_address>
         <size>0xf0</size>
         <input_file_ref idref="fl-24"/>
      </object_component>
      <object_component id="oc-1be">
         <name>.debug_info</name>
         <load_address>0x25675</load_address>
         <run_address>0x25675</run_address>
         <size>0xf0</size>
         <input_file_ref idref="fl-24"/>
      </object_component>
      <object_component id="oc-1af">
         <name>.debug_info</name>
         <load_address>0x25765</load_address>
         <run_address>0x25765</run_address>
         <size>0x148</size>
         <input_file_ref idref="fl-24"/>
      </object_component>
      <object_component id="oc-1c1">
         <name>.debug_info</name>
         <load_address>0x258ad</load_address>
         <run_address>0x258ad</run_address>
         <size>0xf2</size>
         <input_file_ref idref="fl-24"/>
      </object_component>
      <object_component id="oc-1bb">
         <name>.debug_info</name>
         <load_address>0x2599f</load_address>
         <run_address>0x2599f</run_address>
         <size>0xf0</size>
         <input_file_ref idref="fl-24"/>
      </object_component>
      <object_component id="oc-ae">
         <name>.debug_info</name>
         <load_address>0x25a8f</load_address>
         <run_address>0x25a8f</run_address>
         <size>0x3099</size>
         <input_file_ref idref="fl-24"/>
      </object_component>
      <object_component id="oc-203">
         <name>.debug_info</name>
         <load_address>0x28b28</load_address>
         <run_address>0x28b28</run_address>
         <size>0x241</size>
         <input_file_ref idref="fl-25"/>
      </object_component>
      <object_component id="oc-335">
         <name>.debug_info</name>
         <load_address>0x28d69</load_address>
         <run_address>0x28d69</run_address>
         <size>0x20f</size>
         <input_file_ref idref="fl-2a"/>
      </object_component>
      <object_component id="oc-423">
         <name>.debug_info</name>
         <load_address>0x28f78</load_address>
         <run_address>0x28f78</run_address>
         <size>0x39</size>
         <input_file_ref idref="fl-2a"/>
      </object_component>
      <object_component id="oc-3cd">
         <name>.debug_info</name>
         <load_address>0x28fb1</load_address>
         <run_address>0x28fb1</run_address>
         <size>0x2c</size>
         <input_file_ref idref="fl-2a"/>
      </object_component>
      <object_component id="oc-57">
         <name>.debug_info</name>
         <load_address>0x28fdd</load_address>
         <run_address>0x28fdd</run_address>
         <size>0x119</size>
         <input_file_ref idref="fl-2b"/>
      </object_component>
      <object_component id="oc-e3">
         <name>.debug_info</name>
         <load_address>0x290f6</load_address>
         <run_address>0x290f6</run_address>
         <size>0x147</size>
         <input_file_ref idref="fl-2c"/>
      </object_component>
      <object_component id="oc-2e4">
         <name>.debug_info</name>
         <load_address>0x2923d</load_address>
         <run_address>0x2923d</run_address>
         <size>0x151</size>
         <input_file_ref idref="fl-2d"/>
      </object_component>
      <object_component id="oc-26c">
         <name>.debug_info</name>
         <load_address>0x2938e</load_address>
         <run_address>0x2938e</run_address>
         <size>0x4b3</size>
         <input_file_ref idref="fl-2e"/>
      </object_component>
      <object_component id="oc-106">
         <name>.debug_info</name>
         <load_address>0x29841</load_address>
         <run_address>0x29841</run_address>
         <size>0x1a6</size>
         <input_file_ref idref="fl-2e"/>
      </object_component>
      <object_component id="oc-354">
         <name>.debug_info</name>
         <load_address>0x299e7</load_address>
         <run_address>0x299e7</run_address>
         <size>0x39</size>
         <input_file_ref idref="fl-2e"/>
      </object_component>
      <object_component id="oc-3e5">
         <name>.debug_info</name>
         <load_address>0x29a20</load_address>
         <run_address>0x29a20</run_address>
         <size>0x39</size>
         <input_file_ref idref="fl-2e"/>
      </object_component>
      <object_component id="oc-359">
         <name>.debug_info</name>
         <load_address>0x29a59</load_address>
         <run_address>0x29a59</run_address>
         <size>0x39</size>
         <input_file_ref idref="fl-2e"/>
      </object_component>
      <object_component id="oc-35e">
         <name>.debug_info</name>
         <load_address>0x29a92</load_address>
         <run_address>0x29a92</run_address>
         <size>0xcd</size>
         <input_file_ref idref="fl-2e"/>
      </object_component>
      <object_component id="oc-e0">
         <name>.debug_info</name>
         <load_address>0x29b5f</load_address>
         <run_address>0x29b5f</run_address>
         <size>0x2d4</size>
         <input_file_ref idref="fl-30"/>
      </object_component>
      <object_component id="oc-68">
         <name>.debug_info</name>
         <load_address>0x29e33</load_address>
         <run_address>0x29e33</run_address>
         <size>0x1b5</size>
         <input_file_ref idref="fl-30"/>
      </object_component>
      <object_component id="oc-db">
         <name>.debug_info</name>
         <load_address>0x29fe8</load_address>
         <run_address>0x29fe8</run_address>
         <size>0x46</size>
         <input_file_ref idref="fl-30"/>
      </object_component>
      <object_component id="oc-60">
         <name>.debug_info</name>
         <load_address>0x2a02e</load_address>
         <run_address>0x2a02e</run_address>
         <size>0x2a3</size>
         <input_file_ref idref="fl-31"/>
      </object_component>
      <object_component id="oc-18">
         <name>.debug_info</name>
         <load_address>0x2a2d1</load_address>
         <run_address>0x2a2d1</run_address>
         <size>0x1d5</size>
         <input_file_ref idref="fl-31"/>
      </object_component>
      <object_component id="oc-5b">
         <name>.debug_info</name>
         <load_address>0x2a4a6</load_address>
         <run_address>0x2a4a6</run_address>
         <size>0x46</size>
         <input_file_ref idref="fl-31"/>
      </object_component>
      <object_component id="oc-d3">
         <name>.debug_info</name>
         <load_address>0x2a4ec</load_address>
         <run_address>0x2a4ec</run_address>
         <size>0x2c</size>
         <input_file_ref idref="fl-31"/>
      </object_component>
      <object_component id="oc-d1">
         <name>.debug_info</name>
         <load_address>0x2a518</load_address>
         <run_address>0x2a518</run_address>
         <size>0x29e</size>
         <input_file_ref idref="fl-32"/>
      </object_component>
      <object_component id="oc-12">
         <name>.debug_info</name>
         <load_address>0x2a7b6</load_address>
         <run_address>0x2a7b6</run_address>
         <size>0x250</size>
         <input_file_ref idref="fl-32"/>
      </object_component>
      <object_component id="oc-4b">
         <name>.debug_info</name>
         <load_address>0x2aa06</load_address>
[...]
         <name>cpuSelfTestFail</name>
         <value>0xcb18</value>
         <object_component_ref idref="oc-84"/>
      </symbol>
      <symbol id="sm-964">
         <name>checkPLL1Slip</name>
         <value>0xdba8</value>
         <object_component_ref idref="oc-84"/>
      </symbol>
      <symbol id="sm-965">
         <name>mibspi1ParityCheck</name>
         <value>0xd3a0</value>
         <object_component_ref idref="oc-84"/>
      </symbol>
      <symbol id="sm-966">
         <name>ccmr4GetConfigValue</name>
         <value>0xe418</value>
         <object_component_ref idref="oc-84"/>
      </symbol>
      <symbol id="sm-967">
         <name>htu2ParityCheck</name>
         <value>0xced8</value>
         <object_component_ref idref="oc-84"/>
      </symbol>
      <symbol id="sm-968">
         <name>pbistPortTestStatus</name>
         <value>0xc324</value>
         <object_component_ref idref="oc-84"/>
      </symbol>
      <symbol id="sm-969">
         <name>checkFlashEEPROMECC</name>
         <value>0xda10</value>
         <object_component_ref idref="oc-84"/>
      </symbol>
      <symbol id="sm-96a">
         <name>pbistGetConfigValue</name>
         <value>0xe18c</value>
         <object_component_ref idref="oc-84"/>
      </symbol>
      <symbol id="sm-96b">
         <name>vimParityCheck</name>
         <value>0xcb1c</value>
         <object_component_ref idref="oc-84"/>
      </symbol>
      <symbol id="sm-96c">
         <name>pbistIsTestCompleted</name>
         <value>0xc2c4</value>
         <object_component_ref idref="oc-84"/>
      </symbol>
      <symbol id="sm-96d">
         <name>disableParity</name>
         <value>0xe874</value>
         <object_component_ref idref="oc-84"/>
      </symbol>
      <symbol id="sm-96e">
         <name>pbistRun</name>
         <value>0xc1c8</value>
         <object_component_ref idref="oc-84"/>
      </symbol>
      <symbol id="sm-96f">
         <name>pbistFail</name>
         <value>0xe108</value>
         <object_component_ref idref="oc-84"/>
      </symbol>
      <symbol id="sm-970">
         <name>selftestFailNotification</name>
         <value>0xbd3c</value>
         <object_component_ref idref="oc-84"/>
      </symbol>
      <symbol id="sm-971">
         <name>errata_PBIST_4</name>
         <value>0xe488</value>
         <object_component_ref idref="oc-84"/>
      </symbol>
      <symbol id="sm-972">
         <name>mibspi3ParityCheck</name>
         <value>0xd4a8</value>
         <object_component_ref idref="oc-84"/>
      </symbol>
      <symbol id="sm-973">
         <name>efcSelfTest</name>
         <value>0xc4b0</value>
         <object_component_ref idref="oc-84"/>
      </symbol>
      <symbol id="sm-974">
         <name>checkB1RAMECC</name>
         <value>0xc844</value>
         <object_component_ref idref="oc-84"/>
      </symbol>
      <symbol id="sm-975">
         <name>pbistStop</name>
         <value>0xc294</value>
         <object_component_ref idref="oc-84"/>
      </symbol>
      <symbol id="sm-976">
         <name>can3ParityCheck</name>
         <value>0xd2cc</value>
         <object_component_ref idref="oc-84"/>
      </symbol>
      <symbol id="sm-977">
         <name>checkRAMAddrParity</name>
         <value>0xdd6c</value>
         <object_component_ref idref="oc-84"/>
      </symbol>
      <symbol id="sm-978">
         <name>mibspi5ParityCheck</name>
         <value>0xd5cc</value>
         <object_component_ref idref="oc-84"/>
      </symbol>
      <symbol id="sm-979">
         <name>checkB0RAMECC</name>
         <value>0xc654</value>
         <object_component_ref idref="oc-84"/>
      </symbol>
      <symbol id="sm-97a">
         <name>stcGetConfigValue</name>
         <value>0xe2d8</value>
         <object_component_ref idref="oc-84"/>
      </symbol>
      <symbol id="sm-97b">
         <name>pbistIsTestPassed</name>
         <value>0xc2f0</value>
         <object_component_ref idref="oc-84"/>
      </symbol>
      <symbol id="sm-97c">
         <name>checkClockMonitor</name>
         <value>0xd934</value>
         <object_component_ref idref="oc-84"/>
      </symbol>
      <symbol id="sm-97d">
         <name>fmcECCcheck</name>
         <value>0xc5b4</value>
         <object_component_ref idref="oc-84"/>
      </symbol>
      <symbol id="sm-97e">
         <name>fmcBus2Check</name>
         <value>0xc578</value>
         <object_component_ref idref="oc-84"/>
      </symbol>
      <symbol id="sm-97f">
         <name>checkRAMUERRTest</name>
         <value>0xde78</value>
         <object_component_ref idref="oc-84"/>
      </symbol>
      <symbol id="sm-980">
         <name>efcStuckZeroTest</name>
         <value>0xc404</value>
         <object_component_ref idref="oc-84"/>
      </symbol>
      <symbol id="sm-981">
         <name>checkPLL2Slip</name>
         <value>0xdca8</value>
         <object_component_ref idref="oc-84"/>
      </symbol>
      <symbol id="sm-9b3">
         <name>_c_int00</name>
         <value>0x13a4c</value>
         <object_component_ref idref="oc-1e"/>
      </symbol>
      <symbol id="sm-9b4">
         <name>handlePLLLockFail</name>
         <value>0x15058</value>
         <object_component_ref idref="oc-78"/>
      </symbol>
      <symbol id="sm-a64">
         <name>vimChannelMap</name>
         <value>0x1053c</value>
         <object_component_ref idref="oc-44"/>
      </symbol>
      <symbol id="sm-a65">
         <name>vimInit</name>
         <value>0x10468</value>
         <object_component_ref idref="oc-44"/>
      </symbol>
      <symbol id="sm-a66">
         <name>vimEnableInterrupt</name>
         <value>0x105e0</value>
         <object_component_ref idref="oc-44"/>
      </symbol>
      <symbol id="sm-a67">
         <name>vimDisableInterrupt</name>
         <value>0x107a8</value>
         <object_component_ref idref="oc-44"/>
      </symbol>
      <symbol id="sm-a68">
         <name>vimGetConfigValue</name>
         <value>0x10854</value>
         <object_component_ref idref="oc-44"/>
      </symbol>
      <symbol id="sm-a69">
         <name>vimParityErrorHandler</name>
         <value>0x13780</value>
         <object_component_ref idref="oc-3e"/>
      </symbol>
      <symbol id="sm-ac4">
         <name>systemGetConfigValue</name>
         <value>0xfc90</value>
         <object_component_ref idref="oc-7e"/>
      </symbol>
      <symbol id="sm-ac5">
         <name>trimLPO</name>
         <value>0xf964</value>
         <object_component_ref idref="oc-7e"/>
      </symbol>
      <symbol id="sm-ac6">
         <name>systemInit</name>
         <value>0xfb94</value>
         <object_component_ref idref="oc-7e"/>
      </symbol>
      <symbol id="sm-ac7">
         <name>customTrimLPO</name>
         <value>0x1038c</value>
         <object_component_ref idref="oc-7e"/>
      </symbol>
      <symbol id="sm-ac8">
         <name>tcmflashGetConfigValue</name>
         <value>0x100a4</value>
         <object_component_ref idref="oc-7e"/>
      </symbol>
      <symbol id="sm-ac9">
         <name>sramGetConfigValue</name>
         <value>0x10250</value>
         <object_component_ref idref="oc-7e"/>
      </symbol>
      <symbol id="sm-aca">
         <name>periphInit</name>
         <value>0xfa18</value>
         <object_component_ref idref="oc-7e"/>
      </symbol>
      <symbol id="sm-acb">
         <name>setupFlash</name>
         <value>0xf9d8</value>
         <object_component_ref idref="oc-7e"/>
      </symbol>
      <symbol id="sm-acc">
         <name>setupPLL</name>
         <value>0xf904</value>
         <object_component_ref idref="oc-7e"/>
      </symbol>
      <symbol id="sm-acd">
         <name>mapClocks</name>
         <value>0xfa6c</value>
         <object_component_ref idref="oc-7e"/>
      </symbol>
      <symbol id="sm-ace">
         <name>systemPowerDown</name>
         <value>0xfc60</value>
         <object_component_ref idref="oc-7e"/>
      </symbol>
      <symbol id="sm-ae7">
         <name>pec15Table</name>
         <value>0x8003400</value>
      </symbol>
      <symbol id="sm-ae8">
         <name>init_PEC15_Table</name>
         <value>0x14518</value>
         <object_component_ref idref="oc-19f"/>
      </symbol>
      <symbol id="sm-ae9">
         <name>AE_pec15</name>
         <value>0x145d8</value>
         <object_component_ref idref="oc-19f"/>
      </symbol>
      <symbol id="sm-cf6">
         <name>uwTick</name>
         <value>0x80036a8</value>
      </symbol>
      <symbol id="sm-cf7">
         <name>ltcSpi_ps</name>
         <value>0x80036a4</value>
      </symbol>
      <symbol id="sm-cf8">
         <name>AE_ltcStartPwm</name>
         <value>0xa8b0</value>
         <object_component_ref idref="oc-ad"/>
      </symbol>
      <symbol id="sm-cf9">
         <name>pwmNotification</name>
         <value>0xbc94</value>
         <object_component_ref idref="oc-ad"/>
      </symbol>
      <symbol id="sm-cfa">
         <name>AE_ltcClearCellAdc</name>
         <value>0xa614</value>
         <object_component_ref idref="oc-ad"/>
      </symbol>
      <symbol id="sm-cfb">
         <name>AE_ltcAdcMeasureState</name>
         <value>0x95e0</value>
         <object_component_ref idref="oc-ad"/>
      </symbol>
      <symbol id="sm-cfc">
         <name>AE_delayMs</name>
         <value>0xbccc</value>
         <object_component_ref idref="oc-ad"/>
      </symbol>
      <symbol id="sm-cfd">
         <name>AE_ltcStartGpioAdc</name>
         <value>0x95fc</value>
         <object_component_ref idref="oc-ad"/>
      </symbol>
      <symbol id="sm-cfe">
         <name>AE_ltcReadGpioVoltage</name>
         <value>0x9734</value>
         <object_component_ref idref="oc-ad"/>
      </symbol>
      <symbol id="sm-cff">
         <name>AE_ltcWakeUpIdle</name>
         <value>0x871c</value>
         <object_component_ref idref="oc-ad"/>
      </symbol>
      <symbol id="sm-d00">
         <name>AE_ltcPausePwm</name>
         <value>0xaa08</value>
         <object_component_ref idref="oc-ad"/>
      </symbol>
      <symbol id="sm-d01">
         <name>AE_ltcIsBalanceComplete</name>
         <value>0xb194</value>
         <object_component_ref idref="oc-ad"/>
      </symbol>
      <symbol id="sm-d02">
         <name>AE_ltcInit</name>
         <value>0x8020</value>
         <object_component_ref idref="oc-ad"/>
      </symbol>
      <symbol id="sm-d03">
         <name>AE_ltcIsGpioOpenWire</name>
         <value>0xb89c</value>
         <object_component_ref idref="oc-ad"/>
      </symbol>
      <symbol id="sm-d04">
         <name>AE_ltcBatteryMinCellVolt</name>
         <value>0xb44c</value>
         <object_component_ref idref="oc-ad"/>
      </symbol>
      <symbol id="sm-d05">
         <name>AE_ltcReadStatusRegB</name>
         <value>0x9ec0</value>
         <object_component_ref idref="oc-ad"/>
      </symbol>
      <symbol id="sm-d06">
         <name>AE_ltcReadStatusRegA</name>
         <value>0x9ce4</value>
         <object_component_ref idref="oc-ad"/>
      </symbol>
      <symbol id="sm-d07">
         <name>AE_ltcContinuePwm</name>
         <value>0xaa1c</value>
         <object_component_ref idref="oc-ad"/>
      </symbol>
      <symbol id="sm-d08">
         <name>AE_ltcWakeUpSleep</name>
         <value>0x8694</value>
         <object_component_ref idref="oc-ad"/>
      </symbol>
      <symbol id="sm-d09">
         <name>AE_ltcPreBalance</name>
         <value>0xaa30</value>
         <object_component_ref idref="oc-ad"/>
      </symbol>
      <symbol id="sm-d0a">
         <name>AE_ltcIsSystemInBalance</name>
         <value>0xb164</value>
         <object_component_ref idref="oc-ad"/>
      </symbol>
      <symbol id="sm-d0b">
         <name>AE_ltcWriteConfRegA</name>
         <value>0x87a4</value>
         <object_component_ref idref="oc-ad"/>
      </symbol>
      <symbol id="sm-d0c">
         <name>AE_ltcWriteConfRegB</name>
         <value>0x87bc</value>
         <object_component_ref idref="oc-ad"/>
      </symbol>
      <symbol id="sm-d0d">
         <name>AE_ltcIsCellOpenWire</name>
         <value>0xb4f8</value>
         <object_component_ref idref="oc-ad"/>
      </symbol>
      <symbol id="sm-d0e">
         <name>AE_ltcReadConfRegB</name>
         <value>0x88b8</value>
         <object_component_ref idref="oc-ad"/>
      </symbol>
      <symbol id="sm-d0f">
         <name>AE_ltcReadConfRegA</name>
         <value>0x87d8</value>
         <object_component_ref idref="oc-ad"/>
      </symbol>
      <symbol id="sm-d10">
         <name>AE_ltcWrite</name>
         <value>0x8244</value>
         <object_component_ref idref="oc-ad"/>
      </symbol>
      <symbol id="sm-d11">
         <name>AE_balanceStop</name>
         <value>0xb064</value>
         <object_component_ref idref="oc-ad"/>
      </symbol>
      <symbol id="sm-d12">
         <name>AE_ltcTemperature</name>
         <value>0xbbd4</value>
         <object_component_ref idref="oc-ad"/>
      </symbol>
      <symbol id="sm-d13">
         <name>AE_ltcStartCellAdc</name>
         <value>0x94a0</value>
         <object_component_ref idref="oc-ad"/>
      </symbol>
      <symbol id="sm-d14">
         <name>AE_ltcUnderOverFlag</name>
         <value>0x91bc</value>
         <object_component_ref idref="oc-ad"/>
      </symbol>
      <symbol id="sm-d15">
         <name>AE_ltcStartStatusAdc</name>
         <value>0x9bb4</value>
         <object_component_ref idref="oc-ad"/>
      </symbol>
      <symbol id="sm-d16">
         <name>AE_ltcSetUnderOverVoltage</name>
         <value>0x8f40</value>
         <object_component_ref idref="oc-ad"/>
      </symbol>
      <symbol id="sm-d17">
         <name>AE_ltcRead</name>
         <value>0x8498</value>
         <object_component_ref idref="oc-ad"/>
      </symbol>
      <symbol id="sm-d18">
         <name>AE_ltcMinCellVolt</name>
         <value>0xb34c</value>
         <object_component_ref idref="oc-ad"/>
      </symbol>
      <symbol id="sm-d19">
         <name>AE_ltcClearStatusAdc</name>
         <value>0xa7ac</value>
         <object_component_ref idref="oc-ad"/>
      </symbol>
      <symbol id="sm-d1a">
         <name>AE_ltcCmdRead</name>
         <value>0x862c</value>
         <object_component_ref idref="oc-ad"/>
      </symbol>
      <symbol id="sm-d1b">
         <name>AE_ltcReadCellVoltage</name>
         <value>0x899c</value>
         <object_component_ref idref="oc-ad"/>
      </symbol>
      <symbol id="sm-d1c">
         <name>AE_ltcResetSystemBalance</name>
         <value>0xb184</value>
         <object_component_ref idref="oc-ad"/>
      </symbol>
      <symbol id="sm-d1d">
         <name>AE_ltcClearGpioAdc</name>
         <value>0xa6e0</value>
         <object_component_ref idref="oc-ad"/>
      </symbol>
      <symbol id="sm-d1e">
         <name>getUsTick</name>
         <value>0xbcc0</value>
         <object_component_ref idref="oc-ad"/>
      </symbol>
      <symbol id="sm-d1f">
         <name>AE_delayTenUs</name>
         <value>0xbd08</value>
         <object_component_ref idref="oc-ad"/>
      </symbol>
      <symbol id="sm-d20">
         <name>AE_ltcCmdWrite</name>
         <value>0x8440</value>
         <object_component_ref idref="oc-ad"/>
      </symbol>
      <symbol id="sm-d21">
         <name>AE_ltcBalance</name>
         <value>0xacdc</value>
         <object_component_ref idref="oc-ad"/>
      </symbol>
      <symbol id="sm-d32">
         <name>AE_calculateTemp</name>
         <value>0x14a40</value>
         <object_component_ref idref="oc-202"/>
      </symbol>
      <symbol id="sm-d63">
         <name>logf</name>
         <value>0x14185</value>
         <object_component_ref idref="oc-334"/>
      </symbol>
      <symbol id="sm-d7e">
         <name>memcpy</name>
         <value>0x14e01</value>
         <object_component_ref idref="oc-55"/>
      </symbol>
      <symbol id="sm-d7f">
         <name>__aeabi_memcpy</name>
         <value>0x14e01</value>
         <object_component_ref idref="oc-55"/>
      </symbol>
      <symbol id="sm-d80">
         <name>__aeabi_memcpy8</name>
         <value>0x14e01</value>
         <object_component_ref idref="oc-55"/>
      </symbol>
      <symbol id="sm-d81">
         <name>__aeabi_memcpy4</name>
         <value>0x14e01</value>
         <object_component_ref idref="oc-55"/>
      </symbol>
      <symbol id="sm-d90">
         <name>__aeabi_memset</name>
         <value>0x14e9f</value>
         <object_component_ref idref="oc-e1"/>
      </symbol>
      <symbol id="sm-d91">
         <name>memset</name>
         <value>0x14ea5</value>
         <object_component_ref idref="oc-e1"/>
      </symbol>
      <symbol id="sm-d92">
         <name>__aeabi_memset8</name>
         <value>0x14e9f</value>
         <object_component_ref idref="oc-e1"/>
      </symbol>
      <symbol id="sm-d93">
         <name>__aeabi_memset4</name>
         <value>0x14e9f</value>
         <object_component_ref idref="oc-e1"/>
      </symbol>
      <symbol id="sm-d94">
         <name>__aeabi_memclr8</name>
         <value>0x14e9d</value>
         <object_component_ref idref="oc-e1"/>
      </symbol>
      <symbol id="sm-d95">
         <name>__aeabi_memclr4</name>
         <value>0x14e9d</value>
         <object_component_ref idref="oc-e1"/>
      </symbol>
      <symbol id="sm-d96">
         <name>__aeabi_memclr</name>
         <value>0x14e9d</value>
         <object_component_ref idref="oc-e1"/>
      </symbol>
      <symbol id="sm-da2">
         <name>__aeabi_uidivmod</name>
         <value>0x14f84</value>
         <object_component_ref idref="oc-2e3"/>
      </symbol>
      <symbol id="sm-da3">
         <name>__aeabi_uidiv</name>
         <value>0x14f84</value>
         <object_component_ref idref="oc-2e3"/>
      </symbol>
      <symbol id="sm-dcb">
         <name>__TI_auto_init_nobinit_nopinit</name>
         <value>0x14fd5</value>
         <object_component_ref idref="oc-105"/>
      </symbol>
      <symbol id="sm-dde">
         <name>__TI_zero_init</name>
         <value>0x1503d</value>
         <object_component_ref idref="oc-67"/>
      </symbol>
      <symbol id="sm-df5">
         <name>__TI_decompress_none</name>
         <value>0x1502f</value>
         <object_component_ref idref="oc-17"/>
      </symbol>
      <symbol id="sm-e18">
         <name>__TI_decompress_lzss</name>
         <value>0x14f17</value>
         <object_component_ref idref="oc-11"/>
      </symbol>
      <symbol id="sm-e23">
         <name>C$$EXIT</name>
         <value>0x15051</value>
         <object_component_ref idref="oc-14f"/>
      </symbol>
      <symbol id="sm-e24">
         <name>abort</name>
         <value>0x15051</value>
         <object_component_ref idref="oc-14f"/>
      </symbol>
      <symbol id="sm-e33">
         <name>strlen</name>
         <value>0x15019</value>
         <object_component_ref idref="oc-2ba"/>
      </symbol>
      <symbol id="sm-e49">
         <name>__aeabi_errno_addr</name>
         <value>0x15049</value>
         <object_component_ref idref="oc-3c6"/>
      </symbol>
      <symbol id="sm-e4a">
         <name>errno</name>
         <value>0x8003d48</value>
         <object_component_ref idref="oc-41e"/>
      </symbol>
      <symbol id="sm-e54">
         <name>__aeabi_idiv0</name>
         <value>0x14f83</value>
         <object_component_ref idref="oc-3b9"/>
      </symbol>
      <symbol id="sm-e55">
         <name>__aeabi_ldiv0</name>
         <value>0x14f83</value>
         <object_component_ref idref="oc-3b9"/>
      </symbol>
      <symbol id="sm-e56">
         <name>__TI_static_base__</name>
         <value>0x0</value>
      </symbol>
      <symbol id="sm-e5a">
         <name>SHT$$INIT_ARRAY$$Base</name>
         <value>0x0</value>
      </symbol>
      <symbol id="sm-e5b">
         <name>SHT$$INIT_ARRAY$$Limit</name>
         <value>0x0</value>
      </symbol>
      <symbol id="sm-e5c">
         <name>_system_post_cinit</name>
         <value>0x0</value>
      </symbol>
   </symbol_table>
   <title>Link successful</title>
</link_info>
