******************************************************************************
                  TI ARM Linker PC v20.2.5                     
******************************************************************************
>> Linked Tue Jan 30 08:31:34 2024

OUTPUT FILE NAME:   <009_Ltc6812.out>
ENTRY POINT SYMBOL: "_c_int00"  address: 0001131c


MEMORY CONFIGURATION

         name            origin    length      used     unused   attr    fill
----------------------  --------  ---------  --------  --------  ----  --------
  VECTORS               00000000   00000020  00000020  00000000     X
  KERNEL                00000020   00008000  000038a4  0000475c  R  X
  FLASH0                00008020   00137fe0  0000ad6c  0012d274  R  X
  STACKS                08000000   00000800  00000000  00000800  RW  
  KRAM                  08000800   00000800  00000104  000006fc  RW  
  RAM                   08001000   0002f000  000027ee  0002c812  RW  


SEGMENT ALLOCATION MAP

run origin  load origin   length   init length attrs members
----------  ----------- ---------- ----------- ----- -------
00000000    00000000    000038c8   000038c8    r-x
  00000000    00000000    00000020   00000020    r-x .intvecs
  00000020    00000020    000037c4   000037c4    r-x .kernelTEXT
  000037e8    000037e8    000000e0   000000e0    r-- .cinit
00008020    00008020    0000ad6c   0000ad6c    r-x
  00008020    00008020    0000a7a4   0000a7a4    r-x .text
  000127c4    000127c4    000005c8   000005c8    r-- .const
08000800    08000800    00000104   00000000    rw-
  08000800    08000800    00000104   00000000    rw- .kernelBSS
08001000    08001000    000027ee   00000000    rw-
  08001000    08001000    00002000   00000000    rw- .kernelHEAP
  08003000    08003000    0000068c   00000000    rw- .bss
  0800368c    0800368c    00000162   00000000    rw- .data


SECTION ALLOCATION MAP

 output                                  attributes/
section   page    origin      length       input sections
--------  ----  ----------  ----------   ----------------
.intvecs   0    00000000    00000020     
                  00000000    00000020     sys_intvecs.obj (.intvecs)

.kernelTEXT 
*          0    00000020    000037c4     
                  00000020    00002bb8     os_tasks.obj (.kernelTEXT)
                  00002bd8    000004b0     os_portasm.obj (.kernelTEXT)
                  00003088    000003e0     os_port.obj (.kernelTEXT)
                  00003468    0000037c     os_heap.obj (.kernelTEXT)

.cinit     0    000037e8    000000e0     
                  000037e8    00000097     (.cinit..data.load) [load image, compression = lzss]
                  0000387f    00000001     --HOLE-- [fill = 0]
                  00003880    0000000c     (__TI_handler_table)
                  0000388c    00000009     (.cinit..kernelBSS.load) [load image, compression = lzss]
                  00003895    00000003     --HOLE-- [fill = 0]
                  00003898    00000008     (.cinit..bss.load) [load image, compression = zero_init]
                  000038a0    00000008     (.cinit..kernelHEAP.load) [load image, compression = zero_init]
                  000038a8    00000020     (__TI_cinit_table)

.text      0    00008020    0000a7a4     
                  00008020    00002cdc     sys_selftest.obj (.text)
                  0000acfc    00001924     ltc6812.obj (.text)
                  0000c620    00000ee8     spi.obj (.text)
                  0000d508    00000b64     system.obj (.text)
                  0000e06c    00000a58     sys_vim.obj (.text)
                  0000eac4    000008f0     het.obj (.text)
                  0000f3b4    000008ac     pinmux.obj (.text)
                  0000fc60    00000664     errata_SSWF021_45.obj (.text)
                  000102c4    000005bc     esm.obj (.text)
                  00010880    00000484     gio.obj (.text)
                  00010d04    0000034c     sys_core.obj (.text)
                  00011050    000002cc     sys_vim.obj (.text:retain)
                  0001131c    00000288     sys_startup.obj (.text:retain)
                  000115a4    00000278     os_heap.obj (.text)
                  0001181c    00000238     os_list.obj (.text)
                  00011a54    000001b0     os_port.obj (.text)
                  00011c04    00000198     sys_main.obj (.text)
                  00011d9c    00000160     crc15.obj (.text)
                  00011efc    0000015c     het.obj (.text:retain)
                  00012058    00000158     os_tasks.obj (.text)
                  000121b0    00000114     esm.obj (.text:retain)
                  000122c4    000000e8     dabort.obj (.text)
                  000123ac    000000e4     notification.obj (.text)
                  00012490    000000e0     sys_pmu.obj (.text)
                  00012570    0000009c     rtsv7R4_T_be_v3D16_eabi.lib : memcpy_t2.asm.obj (.text)
                  0001260c    0000007a                                 : memset_t2.asm.obj (.text)
                  00012686    0000006c                                 : copy_decompress_lzss.c.obj (.text:decompress:lzss:__TI_decompress_lzss)
                  000126f2    00000002                                 : div0.asm.obj (.text)
                  000126f4    00000050                                 : u_div32.asm.obj (.text)
                  00012744    00000044                                 : autoinit.c.obj (.text:__TI_auto_init_nobinit_nopinit:__TI_auto_init_nobinit_nopinit)
                  00012788    00000016                                 : strlen.c.obj (.text:strlen)
                  0001279e    0000000e                                 : copy_decompress_none.c.obj (.text:decompress:none:__TI_decompress_none)
                  000127ac    0000000c                                 : copy_zero_init.c.obj (.text:decompress:ZI:__TI_zero_init)
                  000127b8    00000004                                 : exit.c.obj (.text:abort:abort)
                  000127bc    00000004     sys_phantom.obj (.text:retain)
                  000127c0    00000004     sys_startup.obj (.text)

.const     0    000127c4    000005c8     
                  000127c4    000003a0     het.obj (.const:het1PROGRAM)
                  00012b64    00000200     sys_vim.obj (.const:s_vim_init)
                  00012d64    00000020     het.obj (.const:s_het1pwmPolarity)
                  00012d84    00000008     ltc6812.obj (.const:$P$T10$1)

.kernelBSS 
*          0    08000800    00000104     UNINITIALIZED
                  08000800    000000d0     os_tasks.obj (.kernelBSS:uninit)
                  080008d0    00000034     os_tasks.obj (.kernelBSS:init)

.kernelHEAP 
*          0    08001000    00002000     UNINITIALIZED
                  08001000    00002000     os_heap.obj (.kernelHEAP)

.bss       0    08003000    0000068c     UNINITIALIZED
                  08003000    00000200     (.common:pec15Table)
                  08003200    00000200     (.common:rxBuffer)
                  08003400    00000200     (.common:txBuffer)
                  08003600    00000078     spi.obj (.bss:g_spiPacket_t)
                  08003678    00000008     os_heap.obj (.bss:xStart)
                  08003680    00000006     ltc6812.obj (.bss)
                  08003686    00000001     (.common:returnVarningClose)
                  08003687    00000001     (.common:slaveNumber)
                  08003688    00000004     (.common:uwTick)

.data      0    0800368c    00000162     UNINITIALIZED
                  0800368c    000000b4     sys_main.obj (.data:ltcBat)
                  08003740    00000010     os_heap.obj (.data)
                  08003750    00000008     ltc6812.obj (.data:cmdCLRAUX_pu16)
                  08003758    00000008     ltc6812.obj (.data:cmdCLRCELL_pu16)
                  08003760    00000008     ltc6812.obj (.data:cmdCLRSTAT_pu16)
                  08003768    00000008     ltc6812.obj (.data:cmdRDAUXA_pu16)
                  08003770    00000008     ltc6812.obj (.data:cmdRDAUXB_pu16)
                  08003778    00000008     ltc6812.obj (.data:cmdRDAUXC_pu16)
                  08003780    00000008     ltc6812.obj (.data:cmdRDAUXD_pu16)
                  08003788    00000008     ltc6812.obj (.data:cmdRDCVA_pu16)
                  08003790    00000008     ltc6812.obj (.data:cmdRDCVB_pu16)
                  08003798    00000008     ltc6812.obj (.data:cmdRDCVC_pu16)
                  080037a0    00000008     ltc6812.obj (.data:cmdRDCVD_pu16)
                  080037a8    00000008     ltc6812.obj (.data:cmdRDCVE_pu16)
                  080037b0    00000008     ltc6812.obj (.data:cmdRDSTATA_pu16)
                  080037b8    00000008     ltc6812.obj (.data:cmdRDSTATB_pu16)
                  080037c0    00000008     ltc6812.obj (.data:cmdWRCFGA_pu16)
                  080037c8    00000008     ltc6812.obj (.data:cmdWRCFGB_pu16)
                  080037d0    00000008     ltc6812.obj (.data:cmdWRPSB_pu16)
                  080037d8    00000008     ltc6812.obj (.data:cmdWRPWM_pu16)
                  080037e0    00000008     os_port.obj (.data)
                  080037e8    00000004     ltc6812.obj (.data:spiDat_s)
                  080037ec    00000002     ltc6812.obj (.data)

__llvm_prf_cnts 
*          0    08001000    00000000     UNINITIALIZED

MODULE SUMMARY

       Module                       code    ro data   rw data
       ------                       ----    -------   -------
    .\009_Ltc6812\source\
       os_tasks.obj                 11536   0         260    
       sys_selftest.obj             11484   0         0      
       os_heap.obj                  1524    0         8216   
       spi.obj                      3816    0         120    
       sys_vim.obj                  3364    512       0      
       het.obj                      2636    960       0      
       system.obj                   2916    0         0      
       pinmux.obj                   2220    0         0      
       esm.obj                      1744    0         0      
       errata_SSWF021_45.obj        1636    0         0      
       os_port.obj                  1424    0         8      
       os_portasm.obj               1200    0         0      
       gio.obj                      1156    0         0      
       sys_core.obj                 844     0         0      
       sys_startup.obj              652     0         0      
       sys_main.obj                 408     0         181    
       os_list.obj                  568     0         0      
       dabort.obj                   232     0         0      
       notification.obj             228     0         0      
       sys_pmu.obj                  224     0         0      
       sys_intvecs.obj              32      0         0      
       sys_phantom.obj              4       0         0      
    +--+----------------------------+-------+---------+---------+
       Total:                       49848   1472      8785   
                                                             
    .\ltc681x\crc\
       crc15.obj                    352     0         512    
    +--+----------------------------+-------+---------+---------+
       Total:                       352     0         512    
                                                             
    .\ltc681x\ltc\
       ltc6812.obj                  6436    8         1185   
    +--+----------------------------+-------+---------+---------+
       Total:                       6436    8         1185   
                                                             
    C:/ti/ccs1120/ccs/tools/compiler/ti-cgt-arm_20.2.5.LTS/lib/rtsv7R4_T_be_v3D16_eabi.lib
       memcpy_t2.asm.obj            156     0         0      
       memset_t2.asm.obj            122     0         0      
       copy_decompress_lzss.c.obj   108     0         0      
       u_div32.asm.obj              80      0         0      
       autoinit.c.obj               68      0         0      
       strlen.c.obj                 22      0         0      
       copy_decompress_none.c.obj   14      0         0      
       copy_zero_init.c.obj         12      0         0      
       exit.c.obj                   4       0         0      
       div0.asm.obj                 2       0         0      
    +--+----------------------------+-------+---------+---------+
       Total:                       588     0         0      
                                                             
       Linker Generated:            0       220       0      
    +--+----------------------------+-------+---------+---------+
       Grand Total:                 57224   1700      10482  


LINKER GENERATED COPY TABLES

__TI_cinit_table @ 000038a8 records: 4, size/record: 8, table size: 32
	.data: load addr=000037e8, load size=00000097 bytes, run addr=0800368c, run size=00000162 bytes, compression=lzss
	.kernelBSS: load addr=0000388c, load size=00000009 bytes, run addr=08000800, run size=00000104 bytes, compression=lzss
	.bss: load addr=00003898, load size=00000008 bytes, run addr=08003000, run size=0000068c bytes, compression=zero_init
	.kernelHEAP: load addr=000038a0, load size=00000008 bytes, run addr=08001000, run size=00002000 bytes, compression=zero_init


LINKER GENERATED HANDLER TABLE

__TI_handler_table @ 00003880 records: 3, size/record: 4, table size: 12
	index: 0, handler: __TI_decompress_lzss
	index: 1, handler: __TI_decompress_none
	index: 2, handler: __TI_zero_init


GLOBAL SYMBOLS: SORTED ALPHABETICALLY BY Name 

address   name                                
-------   ----                                
0000c560  AE_delayMs                          
0000c59c  AE_delayTenUs                       
0000b7f8  AE_ltcAdcMeasureState               
0000c3a8  AE_ltcBalance                       
0000c0c0  AE_ltcClearCellAdc                  
0000c14c  AE_ltcClearGpioAdc                  
0000c1ec  AE_ltcClearStatusAdc                
0000acfc  AE_ltcInit                          
0000c488  AE_ltcMinCellVolt                   
0000b090  AE_ltcRead                          
0000b300  AE_ltcReadCellVoltage               
0000b968  AE_ltcReadGPIOVoltage               
0000c388  AE_ltcReadStatusPwm                 
0000bda4  AE_ltcReadStatusRegA                
0000bef4  AE_ltcReadStatusRegB                
0000c290  AE_ltcSetPwm                        
0000b6e0  AE_ltcStartCellAdc                  
0000b864  AE_ltcStartGpioAdc                  
0000bc90  AE_ltcStartStatusAdc                
0000b288  AE_ltcWakeUpIdle                    
0000b208  AE_ltcWakeUpSleep                   
0000aeb8  AE_ltcWrite                         
00011e5c  AE_pec15                            
000127b9  C$$EXIT                             
UNDEFED   SHT$$INIT_ARRAY$$Base               
UNDEFED   SHT$$INIT_ARRAY$$Limit              
0000cfe0  SpiRxStatus                         
0000cf54  SpiTxStatus                         
000038a8  __TI_CINIT_Base                     
000038c8  __TI_CINIT_Limit                    
00003880  __TI_Handler_Table_Base             
0000388c  __TI_Handler_Table_Limit            
00011048  __TI_PINIT_Base                     
0001104c  __TI_PINIT_Limit                    
00012745  __TI_auto_init_nobinit_nopinit      
00012687  __TI_decompress_lzss                
0001279f  __TI_decompress_none                
ffffffff  __TI_pprof_out_hndl                 
ffffffff  __TI_prof_data_size                 
ffffffff  __TI_prof_data_start                
00000000  __TI_static_base__                  
000127ad  __TI_zero_init                      
000126f3  __aeabi_idiv0                       
000126f3  __aeabi_ldiv0                       
0001260d  __aeabi_memclr                      
0001260d  __aeabi_memclr4                     
0001260d  __aeabi_memclr8                     
00012571  __aeabi_memcpy                      
00012571  __aeabi_memcpy4                     
00012571  __aeabi_memcpy8                     
0001260f  __aeabi_memset                      
0001260f  __aeabi_memset4                     
0001260f  __aeabi_memset8                     
000126f4  __aeabi_uidiv                       
000126f4  __aeabi_uidivmod                    
ffffffff  __binit__                           
ffffffff  __c_args__                          
08001000  __start___llvm_prf_cnts             
08001000  __stop___llvm_prf_cnts              
0001131c  _c_int00                            
00010f60  _coreClearAuxiliaryDataFault_       
00010f74  _coreClearAuxiliaryInstructionFault_
00010f38  _coreClearDataFaultAddress_         
00010f10  _coreClearDataFault_                
00010f4c  _coreClearInstructionFaultAddress_  
00010f24  _coreClearInstructionFault_         
00010ea4  _coreDisableEventBusExport_         
00010ee8  _coreDisableFlashEcc_               
00010ec4  _coreDisableRamEcc_                 
00010e94  _coreEnableEventBusExport_          
00010ed4  _coreEnableFlashEcc_                
00010ef8  _coreEnableIrqVicOffset_            
00010eb4  _coreEnableRamEcc_                  
00010e7c  _coreEnableVfp_                     
00010f58  _coreGetAuxiliaryDataFault_         
00010f6c  _coreGetAuxiliaryInstructionFault_  
00010f30  _coreGetDataFaultAddress_           
00010f08  _coreGetDataFault_                  
00010f44  _coreGetInstructionFaultAddress_    
00010f1c  _coreGetInstructionFault_           
00010d04  _coreInitRegisters_                 
00010e10  _coreInitStackPointer_              
000122c4  _dabort                             
00010f88  _disable_FIQ_interrupt_             
00010f90  _disable_IRQ_interrupt_             
00010f80  _disable_interrupt_                 
00010f98  _enable_interrupt_                  
00011028  _errata_CORTEXR4_57_                
00011038  _errata_CORTEXR4_66_                
0000fc60  _errata_SSWF021_45_both_plls        
0000fe54  _errata_SSWF021_45_pll1             
0000ffcc  _errata_SSWF021_45_pll2             
00010fa0  _esmCcmErrorsClear_                 
00010e5c  _getCPSRValue_                      
00010e64  _gotoCPUIdle_                       
000124ec  _pmuDisableCountersGlobal_          
000124dc  _pmuEnableCountersGlobal_           
00012548  _pmuGetCycleCount_                  
00012550  _pmuGetEventCount_                  
0001255c  _pmuGetOverflow_                    
00012490  _pmuInit_                           
0001251c  _pmuResetCounters_                  
000124fc  _pmuResetCycleCounter_              
0001250c  _pmuResetEventCounters_             
0001253c  _pmuSetCountEvent_                  
0001252c  _pmuStartCounters_                  
00012534  _pmuStopCounters_                   
UNDEFED   _system_post_cinit                  
000127b9  abort                               
0000926c  adc1ParityCheck                     
00009358  adc2ParityCheck                     
ffffffff  binit                               
00009410  can1ParityCheck                     
000094e8  can2ParityCheck                     
000095b0  can3ParityCheck                     
0000f0d0  capGetSignal                        
00008030  ccmSelfCheck                        
0000a6fc  ccmr4GetConfigValue                 
00008938  checkB0RAMECC                       
00008b28  checkB1RAMECC                       
00009c18  checkClockMonitor                   
00008d18  checkFlashECC                       
00009cf4  checkFlashEEPROMECC                 
00009e8c  checkPLL1Slip                       
00009f8c  checkPLL2Slip                       
0000a050  checkRAMAddrParity                  
000099d0  checkRAMECC                         
0000a15c  checkRAMUERRTest                    
000087bc  checkefcSelfTest                    
00008234  cpuSelfTest                         
00008dfc  cpuSelfTestFail                     
0000df90  customTrimLPO                       
00008df4  custom_dabort                       
0000ab58  disableParity                       
0001247c  dmaGroupANotification               
00008eac  dmaParityCheck                      
080037ec  dummy_u16                           
00001f00  eTaskConfirmSleepModeStatus         
00000888  eTaskGetState                       
0000f090  edgeDisableNotification             
0000f054  edgeEnableNotification              
0000f028  edgeGetCounter                      
00012454  edgeNotification                    
0000effc  edgeResetCounter                    
00008660  efcCheck                            
0000a660  efcGetConfigValue                   
00008794  efcSelfTest                         
000086e8  efcStuckZeroTest                    
0000aad0  enableParity                        
0000a76c  errata_PBIST_4                      
00010448  esmActivateNormalOperation          
0001051c  esmClearStatus                      
0001055c  esmClearStatusBuffer                
00010410  esmDisableError                     
00010480  esmDisableInterrupt                 
000103e8  esmEnableError                      
00010458  esmEnableInterrupt                  
00010654  esmEnterSelfTest                    
000103cc  esmError                            
0001072c  esmGetConfigValue                   
00010598  esmGetStatus                        
0001061c  esmGetStatusBuffer                  
000123ac  esmGroup1Notification               
000123bc  esmGroup2Notification               
000121b0  esmHighInterrupt                    
000102c4  esmInit                             
000106dc  esmSelfTestStatus                   
00010578  esmSetCounterPreloadValue           
000104a8  esmSetInterruptLevel                
00010438  esmTriggerErrorPinReset             
0000a2c4  fmcBus1ParityCheck                  
0000885c  fmcBus2Check                        
00008898  fmcECCcheck                         
0000c554  getUsTick                           
00010ae0  gioDisableNotification              
00010a78  gioEnableNotification               
000109e0  gioGetBit                           
00010b48  gioGetConfigValue                   
00010a08  gioGetPort                          
00010880  gioInit                             
00012404  gioNotification                     
00010970  gioSetBit                           
00010950  gioSetDirection                     
000109c0  gioSetPort                          
00010a20  gioToggleBit                        
000127c0  handlePLLLockFail                   
0000f1dc  het1GetConfigValue                  
00011efc  het1HighLevelInterrupt              
00011fa4  het1LowLevelInterrupt               
00008f58  het1ParityCheck                     
000090c0  het2ParityCheck                     
0000f1c4  hetGetTimestamp                     
0000eac4  hetInit                             
00012468  hetNotification                     
0000f1a8  hetResetTimestamp                   
00009004  htu1ParityCheck                     
000091bc  htu2ParityCheck                     
00011d9c  init_PEC15_Table                    
0800368c  ltcBat                              
00011ca0  ltcInit                             
00011c04  main                                
0000d670  mapClocks                           
00012571  memcpy                              
00008174  memoryInit                          
000123cc  memoryPort0TestFailNotification     
000123e8  memoryPort1TestFailNotification     
00012615  memset                              
00009684  mibspi1ParityCheck                  
0000978c  mibspi3ParityCheck                  
000098b0  mibspi5ParityCheck                  
0000f3b4  muxInit                             
0000a3ec  pbistFail                           
0000a470  pbistGetConfigValue                 
000085a8  pbistIsTestCompleted                
000085d4  pbistIsTestPassed                   
00008608  pbistPortTestStatus                 
000084ac  pbistRun                            
000082cc  pbistSelfCheck                      
00008578  pbistStop                           
00001344  pcTaskGetName                       
08003000  pec15Table                          
0000d61c  periphInit                          
000127bc  phantomInterrupt                    
0000f850  pinmuxGetConfigValue                
00003060  prvMpuDisable                       
00003048  prvMpuEnable                        
00003030  prvMpuSetRegion                     
00003468  pvPortMalloc                        
00001fe0  pvTaskGetThreadLocalStoragePointer  
0000efcc  pwmDisableNotification              
0000ef84  pwmEnableNotification               
0000eea4  pwmGetSignal                        
0000c52c  pwmNotification                     
0000ebec  pwmSetDuty                          
0000ed28  pwmSetSignal                        
0000eb84  pwmStart                            
0000ebb8  pwmStop                             
080008d0  pxCurrentTCB                        
00003088  pxPortInitialiseStack               
00000000  resetEntry                          
08003686  returnVarningClose                  
08003200  rxBuffer                            
00008020  selftestFailNotification            
0000d5dc  setupFlash                          
0000d508  setupPLL                            
08003687  slaveNumber                         
0000d118  spi1GetConfigValue                  
0000d2a8  spi3GetConfigValue                  
080037e8  spiDat_s                            
0000d0a0  spiDisableLoopback                  
0000d0ec  spiDisableNotification              
0000d06c  spiEnableLoopback                   
0000d0bc  spiEnableNotification               
0001242c  spiEndNotification                  
0000c9bc  spiGetData                          
0000c620  spiInit                             
00012418  spiNotification                     
0000c8a0  spiReceiveData                      
0000ce14  spiSendAndGetData                   
0000cbe0  spiSendData                         
0000c880  spiSetFunctional                    
0000ccd8  spiTransmitAndReceiveData           
0000cab4  spiTransmitData                     
0000de54  sramGetConfigValue                  
0000a5bc  stcGetConfigValue                   
000081b8  stcSelfCheck                        
00008df8  stcSelfCheckFail                    
00012789  strlen                              
0000d894  systemGetConfigValue                
0000d798  systemInit                          
0000d864  systemPowerDown                     
0000dca8  tcmflashGetConfigValue              
0000d568  trimLPO                             
08003400  txBuffer                            
080037e0  ulCriticalNesting                   
00002f58  ulPortCountLeadingZeros             
080037e4  ulTaskHasFPUContext                 
00002378  ulTaskNotifyTake                    
08003688  uwTick                              
000119c8  uxListRemove                        
00001338  uxTaskGetNumberOfTasks              
00002224  uxTaskGetStackHighWaterMark         
0000098c  uxTaskPriorityGet                   
000009d0  uxTaskPriorityGetFromISR            
0000233c  uxTaskResetEventItemValue           
0001181c  vListInitialise                     
00011874  vListInitialiseItem                 
00011904  vListInsert                         
00011890  vListInsertEnd                      
00003434  vPortEndScheduler                   
000036bc  vPortFree                           
000037cc  vPortInitialiseBlocks               
00002f4c  vPortInitialiseFPSCR                
00002e4c  vPortPreemptiveTick                 
00002f60  vPortSWI                            
00002bdc  vPortStartFirstTask                 
0000319c  vPortStoreTaskMPUSettings           
00002d58  vPortYeildWithinAPI                 
00002c6c  vPortYieldProcessor                 
0000204c  vTaskAllocateMPURegions             
00000804  vTaskDelay                          
00000698  vTaskDelayUntil                     
00000530  vTaskDelete                         
00001074  vTaskEndScheduler                   
00001ef0  vTaskMissedYield                    
00002930  vTaskNotifyGiveFromISR              
00001ab8  vTaskPlaceOnEventList               
00001afc  vTaskPlaceOnUnorderedEventList      
00000a18  vTaskPrioritySet                    
00000e14  vTaskResume                         
00001f7c  vTaskSetThreadLocalStoragePointer   
00001d74  vTaskSetTimeOutState                
00000fdc  vTaskStartScheduler                 
00001658  vTaskStepTick                       
00000c10  vTaskSuspend                        
00001090  vTaskSuspendAll                     
000019d8  vTaskSwitchContext                  
0000e140  vimChannelMap                       
0000e3ac  vimDisableInterrupt                 
0000e1e4  vimEnableInterrupt                  
0000e458  vimGetConfigValue                   
0000e06c  vimInit                             
00008e00  vimParityCheck                      
00011050  vimParityErrorHandler               
000037b4  xPortGetFreeHeapSize                
000037c0  xPortGetMinimumEverFreeHeapSize     
00003410  xPortStartScheduler                 
000016b4  xTaskAbortDelay                     
00001db8  xTaskCheckForTimeOut                
000000fc  xTaskCreate                         
00000020  xTaskCreateRestricted               
00002560  xTaskGenericNotify                  
00002730  xTaskGenericNotifyFromISR           
00001518  xTaskGetHandle                      
00001620  xTaskGetIdleTaskHandle              
000022ec  xTaskGetSchedulerState              
000012f8  xTaskGetTickCount                   
00001314  xTaskGetTickCountFromISR            
000017b0  xTaskIncrementTick                  
00012134  xTaskNotifyStateClear               
0000244c  xTaskNotifyWait                     
00001b80  xTaskRemoveFromEventList            
00001c70  xTaskRemoveFromUnorderedEventList   
00001148  xTaskResumeAll                      
00000ef4  xTaskResumeFromISR                  


GLOBAL SYMBOLS: SORTED BY Symbol Address 

address   name                                
-------   ----                                
00000000  __TI_static_base__                  
00000000  resetEntry                          
00000020  xTaskCreateRestricted               
000000fc  xTaskCreate                         
00000530  vTaskDelete                         
00000698  vTaskDelayUntil                     
00000804  vTaskDelay                          
00000888  eTaskGetState                       
0000098c  uxTaskPriorityGet                   
000009d0  uxTaskPriorityGetFromISR            
00000a18  vTaskPrioritySet                    
00000c10  vTaskSuspend                        
00000e14  vTaskResume                         
00000ef4  xTaskResumeFromISR                  
00000fdc  vTaskStartScheduler                 
00001074  vTaskEndScheduler                   
00001090  vTaskSuspendAll                     
00001148  xTaskResumeAll                      
000012f8  xTaskGetTickCount                   
00001314  xTaskGetTickCountFromISR            
00001338  uxTaskGetNumberOfTasks              
00001344  pcTaskGetName                       
00001518  xTaskGetHandle                      
00001620  xTaskGetIdleTaskHandle              
00001658  vTaskStepTick                       
000016b4  xTaskAbortDelay                     
000017b0  xTaskIncrementTick                  
000019d8  vTaskSwitchContext                  
00001ab8  vTaskPlaceOnEventList               
00001afc  vTaskPlaceOnUnorderedEventList      
00001b80  xTaskRemoveFromEventList            
00001c70  xTaskRemoveFromUnorderedEventList   
00001d74  vTaskSetTimeOutState                
00001db8  xTaskCheckForTimeOut                
00001ef0  vTaskMissedYield                    
00001f00  eTaskConfirmSleepModeStatus         
00001f7c  vTaskSetThreadLocalStoragePointer   
00001fe0  pvTaskGetThreadLocalStoragePointer  
0000204c  vTaskAllocateMPURegions             
00002224  uxTaskGetStackHighWaterMark         
000022ec  xTaskGetSchedulerState              
0000233c  uxTaskResetEventItemValue           
00002378  ulTaskNotifyTake                    
0000244c  xTaskNotifyWait                     
00002560  xTaskGenericNotify                  
00002730  xTaskGenericNotifyFromISR           
00002930  vTaskNotifyGiveFromISR              
00002bdc  vPortStartFirstTask                 
00002c6c  vPortYieldProcessor                 
00002d58  vPortYeildWithinAPI                 
00002e4c  vPortPreemptiveTick                 
00002f4c  vPortInitialiseFPSCR                
00002f58  ulPortCountLeadingZeros             
00002f60  vPortSWI                            
00003030  prvMpuSetRegion                     
00003048  prvMpuEnable                        
00003060  prvMpuDisable                       
00003088  pxPortInitialiseStack               
0000319c  vPortStoreTaskMPUSettings           
00003410  xPortStartScheduler                 
00003434  vPortEndScheduler                   
00003468  pvPortMalloc                        
000036bc  vPortFree                           
000037b4  xPortGetFreeHeapSize                
000037c0  xPortGetMinimumEverFreeHeapSize     
000037cc  vPortInitialiseBlocks               
00003880  __TI_Handler_Table_Base             
0000388c  __TI_Handler_Table_Limit            
000038a8  __TI_CINIT_Base                     
000038c8  __TI_CINIT_Limit                    
00008020  selftestFailNotification            
00008030  ccmSelfCheck                        
00008174  memoryInit                          
000081b8  stcSelfCheck                        
00008234  cpuSelfTest                         
000082cc  pbistSelfCheck                      
000084ac  pbistRun                            
00008578  pbistStop                           
000085a8  pbistIsTestCompleted                
000085d4  pbistIsTestPassed                   
00008608  pbistPortTestStatus                 
00008660  efcCheck                            
000086e8  efcStuckZeroTest                    
00008794  efcSelfTest                         
000087bc  checkefcSelfTest                    
0000885c  fmcBus2Check                        
00008898  fmcECCcheck                         
00008938  checkB0RAMECC                       
00008b28  checkB1RAMECC                       
00008d18  checkFlashECC                       
00008df4  custom_dabort                       
00008df8  stcSelfCheckFail                    
00008dfc  cpuSelfTestFail                     
00008e00  vimParityCheck                      
00008eac  dmaParityCheck                      
00008f58  het1ParityCheck                     
00009004  htu1ParityCheck                     
000090c0  het2ParityCheck                     
000091bc  htu2ParityCheck                     
0000926c  adc1ParityCheck                     
00009358  adc2ParityCheck                     
00009410  can1ParityCheck                     
000094e8  can2ParityCheck                     
000095b0  can3ParityCheck                     
00009684  mibspi1ParityCheck                  
0000978c  mibspi3ParityCheck                  
000098b0  mibspi5ParityCheck                  
000099d0  checkRAMECC                         
00009c18  checkClockMonitor                   
00009cf4  checkFlashEEPROMECC                 
00009e8c  checkPLL1Slip                       
00009f8c  checkPLL2Slip                       
0000a050  checkRAMAddrParity                  
0000a15c  checkRAMUERRTest                    
0000a2c4  fmcBus1ParityCheck                  
0000a3ec  pbistFail                           
0000a470  pbistGetConfigValue                 
0000a5bc  stcGetConfigValue                   
0000a660  efcGetConfigValue                   
0000a6fc  ccmr4GetConfigValue                 
0000a76c  errata_PBIST_4                      
0000aad0  enableParity                        
0000ab58  disableParity                       
0000acfc  AE_ltcInit                          
0000aeb8  AE_ltcWrite                         
0000b090  AE_ltcRead                          
0000b208  AE_ltcWakeUpSleep                   
0000b288  AE_ltcWakeUpIdle                    
0000b300  AE_ltcReadCellVoltage               
0000b6e0  AE_ltcStartCellAdc                  
0000b7f8  AE_ltcAdcMeasureState               
0000b864  AE_ltcStartGpioAdc                  
0000b968  AE_ltcReadGPIOVoltage               
0000bc90  AE_ltcStartStatusAdc                
0000bda4  AE_ltcReadStatusRegA                
0000bef4  AE_ltcReadStatusRegB                
0000c0c0  AE_ltcClearCellAdc                  
0000c14c  AE_ltcClearGpioAdc                  
0000c1ec  AE_ltcClearStatusAdc                
0000c290  AE_ltcSetPwm                        
0000c388  AE_ltcReadStatusPwm                 
0000c3a8  AE_ltcBalance                       
0000c488  AE_ltcMinCellVolt                   
0000c52c  pwmNotification                     
0000c554  getUsTick                           
0000c560  AE_delayMs                          
0000c59c  AE_delayTenUs                       
0000c620  spiInit                             
0000c880  spiSetFunctional                    
0000c8a0  spiReceiveData                      
0000c9bc  spiGetData                          
0000cab4  spiTransmitData                     
0000cbe0  spiSendData                         
0000ccd8  spiTransmitAndReceiveData           
0000ce14  spiSendAndGetData                   
0000cf54  SpiTxStatus                         
0000cfe0  SpiRxStatus                         
0000d06c  spiEnableLoopback                   
0000d0a0  spiDisableLoopback                  
0000d0bc  spiEnableNotification               
0000d0ec  spiDisableNotification              
0000d118  spi1GetConfigValue                  
0000d2a8  spi3GetConfigValue                  
0000d508  setupPLL                            
0000d568  trimLPO                             
0000d5dc  setupFlash                          
0000d61c  periphInit                          
0000d670  mapClocks                           
0000d798  systemInit                          
0000d864  systemPowerDown                     
0000d894  systemGetConfigValue                
0000dca8  tcmflashGetConfigValue              
0000de54  sramGetConfigValue                  
0000df90  customTrimLPO                       
0000e06c  vimInit                             
0000e140  vimChannelMap                       
0000e1e4  vimEnableInterrupt                  
0000e3ac  vimDisableInterrupt                 
0000e458  vimGetConfigValue                   
0000eac4  hetInit                             
0000eb84  pwmStart                            
0000ebb8  pwmStop                             
0000ebec  pwmSetDuty                          
0000ed28  pwmSetSignal                        
0000eea4  pwmGetSignal                        
0000ef84  pwmEnableNotification               
0000efcc  pwmDisableNotification              
0000effc  edgeResetCounter                    
0000f028  edgeGetCounter                      
0000f054  edgeEnableNotification              
0000f090  edgeDisableNotification             
0000f0d0  capGetSignal                        
0000f1a8  hetResetTimestamp                   
0000f1c4  hetGetTimestamp                     
0000f1dc  het1GetConfigValue                  
0000f3b4  muxInit                             
0000f850  pinmuxGetConfigValue                
0000fc60  _errata_SSWF021_45_both_plls        
0000fe54  _errata_SSWF021_45_pll1             
0000ffcc  _errata_SSWF021_45_pll2             
000102c4  esmInit                             
000103cc  esmError                            
000103e8  esmEnableError                      
00010410  esmDisableError                     
00010438  esmTriggerErrorPinReset             
00010448  esmActivateNormalOperation          
00010458  esmEnableInterrupt                  
00010480  esmDisableInterrupt                 
000104a8  esmSetInterruptLevel                
0001051c  esmClearStatus                      
0001055c  esmClearStatusBuffer                
00010578  esmSetCounterPreloadValue           
00010598  esmGetStatus                        
0001061c  esmGetStatusBuffer                  
00010654  esmEnterSelfTest                    
000106dc  esmSelfTestStatus                   
0001072c  esmGetConfigValue                   
00010880  gioInit                             
00010950  gioSetDirection                     
00010970  gioSetBit                           
000109c0  gioSetPort                          
000109e0  gioGetBit                           
00010a08  gioGetPort                          
00010a20  gioToggleBit                        
00010a78  gioEnableNotification               
00010ae0  gioDisableNotification              
00010b48  gioGetConfigValue                   
00010d04  _coreInitRegisters_                 
00010e10  _coreInitStackPointer_              
00010e5c  _getCPSRValue_                      
00010e64  _gotoCPUIdle_                       
00010e7c  _coreEnableVfp_                     
00010e94  _coreEnableEventBusExport_          
00010ea4  _coreDisableEventBusExport_         
00010eb4  _coreEnableRamEcc_                  
00010ec4  _coreDisableRamEcc_                 
00010ed4  _coreEnableFlashEcc_                
00010ee8  _coreDisableFlashEcc_               
00010ef8  _coreEnableIrqVicOffset_            
00010f08  _coreGetDataFault_                  
00010f10  _coreClearDataFault_                
00010f1c  _coreGetInstructionFault_           
00010f24  _coreClearInstructionFault_         
00010f30  _coreGetDataFaultAddress_           
00010f38  _coreClearDataFaultAddress_         
00010f44  _coreGetInstructionFaultAddress_    
00010f4c  _coreClearInstructionFaultAddress_  
00010f58  _coreGetAuxiliaryDataFault_         
00010f60  _coreClearAuxiliaryDataFault_       
00010f6c  _coreGetAuxiliaryInstructionFault_  
00010f74  _coreClearAuxiliaryInstructionFault_
00010f80  _disable_interrupt_                 
00010f88  _disable_FIQ_interrupt_             
00010f90  _disable_IRQ_interrupt_             
00010f98  _enable_interrupt_                  
00010fa0  _esmCcmErrorsClear_                 
00011028  _errata_CORTEXR4_57_                
00011038  _errata_CORTEXR4_66_                
00011048  __TI_PINIT_Base                     
0001104c  __TI_PINIT_Limit                    
00011050  vimParityErrorHandler               
0001131c  _c_int00                            
0001181c  vListInitialise                     
00011874  vListInitialiseItem                 
00011890  vListInsertEnd                      
00011904  vListInsert                         
000119c8  uxListRemove                        
00011c04  main                                
00011ca0  ltcInit                             
00011d9c  init_PEC15_Table                    
00011e5c  AE_pec15                            
00011efc  het1HighLevelInterrupt              
00011fa4  het1LowLevelInterrupt               
00012134  xTaskNotifyStateClear               
000121b0  esmHighInterrupt                    
000122c4  _dabort                             
000123ac  esmGroup1Notification               
000123bc  esmGroup2Notification               
000123cc  memoryPort0TestFailNotification     
000123e8  memoryPort1TestFailNotification     
00012404  gioNotification                     
00012418  spiNotification                     
0001242c  spiEndNotification                  
00012454  edgeNotification                    
00012468  hetNotification                     
0001247c  dmaGroupANotification               
00012490  _pmuInit_                           
000124dc  _pmuEnableCountersGlobal_           
000124ec  _pmuDisableCountersGlobal_          
000124fc  _pmuResetCycleCounter_              
0001250c  _pmuResetEventCounters_             
0001251c  _pmuResetCounters_                  
0001252c  _pmuStartCounters_                  
00012534  _pmuStopCounters_                   
0001253c  _pmuSetCountEvent_                  
00012548  _pmuGetCycleCount_                  
00012550  _pmuGetEventCount_                  
0001255c  _pmuGetOverflow_                    
00012571  __aeabi_memcpy                      
00012571  __aeabi_memcpy4                     
00012571  __aeabi_memcpy8                     
00012571  memcpy                              
0001260d  __aeabi_memclr                      
0001260d  __aeabi_memclr4                     
0001260d  __aeabi_memclr8                     
0001260f  __aeabi_memset                      
0001260f  __aeabi_memset4                     
0001260f  __aeabi_memset8                     
00012615  memset                              
00012687  __TI_decompress_lzss                
000126f3  __aeabi_idiv0                       
000126f3  __aeabi_ldiv0                       
000126f4  __aeabi_uidiv                       
000126f4  __aeabi_uidivmod                    
00012745  __TI_auto_init_nobinit_nopinit      
00012789  strlen                              
0001279f  __TI_decompress_none                
000127ad  __TI_zero_init                      
000127b9  C$$EXIT                             
000127b9  abort                               
000127bc  phantomInterrupt                    
000127c0  handlePLLLockFail                   
080008d0  pxCurrentTCB                        
08001000  __start___llvm_prf_cnts             
08001000  __stop___llvm_prf_cnts              
08003000  pec15Table                          
08003200  rxBuffer                            
08003400  txBuffer                            
08003686  returnVarningClose                  
08003687  slaveNumber                         
08003688  uwTick                              
0800368c  ltcBat                              
080037e0  ulCriticalNesting                   
080037e4  ulTaskHasFPUContext                 
080037e8  spiDat_s                            
080037ec  dummy_u16                           
ffffffff  __TI_pprof_out_hndl                 
ffffffff  __TI_prof_data_size                 
ffffffff  __TI_prof_data_start                
ffffffff  __binit__                           
ffffffff  __c_args__                          
ffffffff  binit                               
UNDEFED   SHT$$INIT_ARRAY$$Base               
UNDEFED   SHT$$INIT_ARRAY$$Limit              
UNDEFED   _system_post_cinit                  

[345 symbols]
