******************************************************************************
                  TI ARM Linker PC v20.2.5                     
******************************************************************************
>> Linked Wed Jan 31 17:27:14 2024

OUTPUT FILE NAME:   <009_Ltc6812.out>
ENTRY POINT SYMBOL: "_c_int00"  address: 00011934


MEMORY CONFIGURATION

         name            origin    length      used     unused   attr    fill
----------------------  --------  ---------  --------  --------  ----  --------
  VECTORS               00000000   00000020  00000020  00000000     X
  KERNEL                00000020   00008000  000038bc  00004744  R  X
  FLASH0                00008020   00137fe0  0000b648  0012c998  R  X
  STACKS                08000000   00000800  00000000  00000800  RW  
  KRAM                  08000800   00000800  00000104  000006fc  RW  
  RAM                   08001000   0002f000  000027fe  0002c802  RW  


SEGMENT ALLOCATION MAP

run origin  load origin   length   init length attrs members
----------  ----------- ---------- ----------- ----- -------
00000000    00000000    000038e0   000038e0    r-x
  00000000    00000000    00000020   00000020    r-x .intvecs
  00000020    00000020    000037c4   000037c4    r-x .kernelTEXT
  000037e8    000037e8    000000f8   000000f8    r-- .cinit
00008020    00008020    0000b648   0000b648    r-x
  00008020    00008020    0000b088   0000b088    r-x .text
  000130a8    000130a8    000005c0   000005c0    r-- .const
08000800    08000800    00000104   00000000    rw-
  08000800    08000800    00000104   00000000    rw- .kernelBSS
08001000    08001000    000027fe   00000000    rw-
  08001000    08001000    00002000   00000000    rw- .kernelHEAP
  08003000    08003000    0000068c   00000000    rw- .bss
  0800368c    0800368c    00000172   00000000    rw- .data


SECTION ALLOCATION MAP

 output                                  attributes/
section   page    origin      length       input sections
--------  ----  ----------  ----------   ----------------
.intvecs   0    00000000    00000020     
                  00000000    00000020     sys_intvecs.obj (.intvecs)

.kernelTEXT 
*          0    00000020    000037c4     
                  00000020    00002bb8     os_tasks.obj (.kernelTEXT)
                  00002bd8    000004b0     os_portasm.obj (.kernelTEXT)
                  00003088    000003e0     os_port.obj (.kernelTEXT)
                  00003468    0000037c     os_heap.obj (.kernelTEXT)

.cinit     0    000037e8    000000f8     
                  000037e8    000000ae     (.cinit..data.load) [load image, compression = lzss]
                  00003896    00000002     --HOLE-- [fill = 0]
                  00003898    0000000c     (__TI_handler_table)
                  000038a4    00000009     (.cinit..kernelBSS.load) [load image, compression = lzss]
                  000038ad    00000003     --HOLE-- [fill = 0]
                  000038b0    00000008     (.cinit..bss.load) [load image, compression = zero_init]
                  000038b8    00000008     (.cinit..kernelHEAP.load) [load image, compression = zero_init]
                  000038c0    00000020     (__TI_cinit_table)

.text      0    00008020    0000b088     
                  00008020    00002cdc     sys_selftest.obj (.text)
                  0000acfc    00001f3c     ltc6812.obj (.text)
                  0000cc38    00000ee8     spi.obj (.text)
                  0000db20    00000b64     system.obj (.text)
                  0000e684    00000a58     sys_vim.obj (.text)
                  0000f0dc    000008f0     het.obj (.text)
                  0000f9cc    000008ac     pinmux.obj (.text)
                  00010278    00000664     errata_SSWF021_45.obj (.text)
                  000108dc    000005bc     esm.obj (.text)
                  00010e98    00000484     gio.obj (.text)
                  0001131c    0000034c     sys_core.obj (.text)
                  00011668    000002cc     sys_vim.obj (.text:retain)
                  00011934    00000288     sys_startup.obj (.text:retain)
                  00011bbc    00000278     os_heap.obj (.text)
                  00011e34    00000238     os_list.obj (.text)
                  0001206c    000001e4     rtsv7R4_T_be_v3D16_eabi.lib : e_logf.c.obj (.text:logf)
                  00012250    000001b0     os_port.obj (.text)
                  00012400    00000164     sys_main.obj (.text)
                  00012564    00000160     crc15.obj (.text)
                  000126c4    0000015c     het.obj (.text:retain)
                  00012820    00000158     os_tasks.obj (.text)
                  00012978    00000114     esm.obj (.text:retain)
                  00012a8c    00000114     temperature.obj (.text)
                  00012ba0    000000e8     dabort.obj (.text)
                  00012c88    000000e4     notification.obj (.text)
                  00012d6c    000000e0     sys_pmu.obj (.text)
                  00012e4c    0000009c     rtsv7R4_T_be_v3D16_eabi.lib : memcpy_t2.asm.obj (.text)
                  00012ee8    0000007a                                 : memset_t2.asm.obj (.text)
                  00012f62    0000006c                                 : copy_decompress_lzss.c.obj (.text:decompress:lzss:__TI_decompress_lzss)
                  00012fce    00000002                                 : div0.asm.obj (.text)
                  00012fd0    00000050                                 : u_div32.asm.obj (.text)
                  00013020    00000044                                 : autoinit.c.obj (.text:__TI_auto_init_nobinit_nopinit:__TI_auto_init_nobinit_nopinit)
                  00013064    00000016                                 : strlen.c.obj (.text:strlen)
                  0001307a    0000000e                                 : copy_decompress_none.c.obj (.text:decompress:none:__TI_decompress_none)
                  00013088    0000000c                                 : copy_zero_init.c.obj (.text:decompress:ZI:__TI_zero_init)
                  00013094    00000008                                 : errno.c.obj (.text:__aeabi_errno_addr)
                  0001309c    00000004                                 : exit.c.obj (.text:abort:abort)
                  000130a0    00000004     sys_phantom.obj (.text:retain)
                  000130a4    00000004     sys_startup.obj (.text)

.const     0    000130a8    000005c0     
                  000130a8    000003a0     het.obj (.const:het1PROGRAM)
                  00013448    00000200     sys_vim.obj (.const:s_vim_init)
                  00013648    00000020     het.obj (.const:s_het1pwmPolarity)

.kernelBSS 
*          0    08000800    00000104     UNINITIALIZED
                  08000800    000000d0     os_tasks.obj (.kernelBSS:uninit)
                  080008d0    00000034     os_tasks.obj (.kernelBSS:init)

.kernelHEAP 
*          0    08001000    00002000     UNINITIALIZED
                  08001000    00002000     os_heap.obj (.kernelHEAP)

.bss       0    08003000    0000068c     UNINITIALIZED
                  08003000    00000200     (.common:pec15Table)
                  08003200    00000200     (.common:rxBuffer)
                  08003400    00000200     (.common:txBuffer)
                  08003600    00000078     spi.obj (.bss:g_spiPacket_t)
                  08003678    00000008     os_heap.obj (.bss:xStart)
                  08003680    00000006     ltc6812.obj (.bss)
                  08003686    00000001     (.common:returnVarningClose)
                  08003687    00000001     (.common:slaveNumber)
                  08003688    00000004     (.common:uwTick)

.data      0    0800368c    00000172     UNINITIALIZED
                  0800368c    000000a8     sys_main.obj (.data:ltcBat)
                  08003734    00000010     os_heap.obj (.data)
                  08003744    00000008     ltc6812.obj (.data:cmdCLRAUX_pu16)
                  0800374c    00000008     ltc6812.obj (.data:cmdCLRCELL_pu16)
                  08003754    00000008     ltc6812.obj (.data:cmdCLRSTAT_pu16)
                  0800375c    00000008     ltc6812.obj (.data:cmdMute_pu16)
                  08003764    00000008     ltc6812.obj (.data:cmdPladc_pu16)
                  0800376c    00000008     ltc6812.obj (.data:cmdRDAUXA_pu16)
                  08003774    00000008     ltc6812.obj (.data:cmdRDAUXB_pu16)
                  0800377c    00000008     ltc6812.obj (.data:cmdRDAUXC_pu16)
                  08003784    00000008     ltc6812.obj (.data:cmdRDAUXD_pu16)
                  0800378c    00000008     ltc6812.obj (.data:cmdRDCVA_pu16)
                  08003794    00000008     ltc6812.obj (.data:cmdRDCVB_pu16)
                  0800379c    00000008     ltc6812.obj (.data:cmdRDCVC_pu16)
                  080037a4    00000008     ltc6812.obj (.data:cmdRDCVD_pu16)
                  080037ac    00000008     ltc6812.obj (.data:cmdRDCVE_pu16)
                  080037b4    00000008     ltc6812.obj (.data:cmdRDSTATA_pu16)
                  080037bc    00000008     ltc6812.obj (.data:cmdRDSTATB_pu16)
                  080037c4    00000008     ltc6812.obj (.data:cmdUnMute_pu16)
                  080037cc    00000008     ltc6812.obj (.data:cmdWRCFGA_pu16)
                  080037d4    00000008     ltc6812.obj (.data:cmdWRCFGB_pu16)
                  080037dc    00000008     ltc6812.obj (.data:cmdWRPSB_pu16)
                  080037e4    00000008     ltc6812.obj (.data:cmdWRPWM_pu16)
                  080037ec    00000008     os_port.obj (.data)
                  080037f4    00000004     rtsv7R4_T_be_v3D16_eabi.lib : errno.c.obj (.data)
                  080037f8    00000004     ltc6812.obj (.data:spiDat_s)
                  080037fc    00000002     ltc6812.obj (.data)

__llvm_prf_cnts 
*          0    08001000    00000000     UNINITIALIZED

MODULE SUMMARY

       Module                       code    ro data   rw data
       ------                       ----    -------   -------
    .\009_Ltc6812\source\
       os_tasks.obj                 11536   0         260    
       sys_selftest.obj             11484   0         0      
       os_heap.obj                  1524    0         8216   
       spi.obj                      3816    0         120    
       sys_vim.obj                  3364    512       0      
       het.obj                      2636    960       0      
       system.obj                   2916    0         0      
       pinmux.obj                   2220    0         0      
       esm.obj                      1744    0         0      
       errata_SSWF021_45.obj        1636    0         0      
       os_port.obj                  1424    0         8      
       os_portasm.obj               1200    0         0      
       gio.obj                      1156    0         0      
       sys_core.obj                 844     0         0      
       sys_startup.obj              652     0         0      
       os_list.obj                  568     0         0      
       sys_main.obj                 356     0         169    
       dabort.obj                   232     0         0      
       notification.obj             228     0         0      
       sys_pmu.obj                  224     0         0      
       sys_intvecs.obj              32      0         0      
       sys_phantom.obj              4       0         0      
    +--+----------------------------+-------+---------+---------+
       Total:                       49796   1472      8773   
                                                             
    .\ltc681x\crc\
       crc15.obj                    352     0         512    
    +--+----------------------------+-------+---------+---------+
       Total:                       352     0         512    
                                                             
    .\ltc681x\ltc\
       ltc6812.obj                  7996    0         1209   
    +--+----------------------------+-------+---------+---------+
       Total:                       7996    0         1209   
                                                             
    .\ltc681x\temperature\
       temperature.obj              276     0         0      
    +--+----------------------------+-------+---------+---------+
       Total:                       276     0         0      
                                                             
    C:/ti/ccs1120/ccs/tools/compiler/ti-cgt-arm_20.2.5.LTS/lib/rtsv7R4_T_be_v3D16_eabi.lib
       e_logf.c.obj                 484     0         0      
       memcpy_t2.asm.obj            156     0         0      
       memset_t2.asm.obj            122     0         0      
       copy_decompress_lzss.c.obj   108     0         0      
       u_div32.asm.obj              80      0         0      
       autoinit.c.obj               68      0         0      
       strlen.c.obj                 22      0         0      
       copy_decompress_none.c.obj   14      0         0      
       copy_zero_init.c.obj         12      0         0      
       errno.c.obj                  8       0         4      
       exit.c.obj                   4       0         0      
       div0.asm.obj                 2       0         0      
    +--+----------------------------+-------+---------+---------+
       Total:                       1080    0         4      
                                                             
       Linker Generated:            0       243       0      
    +--+----------------------------+-------+---------+---------+
       Grand Total:                 59500   1715      10498  


LINKER GENERATED COPY TABLES

__TI_cinit_table @ 000038c0 records: 4, size/record: 8, table size: 32
	.data: load addr=000037e8, load size=000000ae bytes, run addr=0800368c, run size=00000172 bytes, compression=lzss
	.kernelBSS: load addr=000038a4, load size=00000009 bytes, run addr=08000800, run size=00000104 bytes, compression=lzss
	.bss: load addr=000038b0, load size=00000008 bytes, run addr=08003000, run size=0000068c bytes, compression=zero_init
	.kernelHEAP: load addr=000038b8, load size=00000008 bytes, run addr=08001000, run size=00002000 bytes, compression=zero_init


LINKER GENERATED HANDLER TABLE

__TI_handler_table @ 00003898 records: 3, size/record: 4, table size: 12
	index: 0, handler: __TI_decompress_lzss
	index: 1, handler: __TI_decompress_none
	index: 2, handler: __TI_zero_init


GLOBAL SYMBOLS: SORTED ALPHABETICALLY BY Name 

address   name                                
-------   ----                                
00012a8c  AE_calculateTemp                    
0000cb90  AE_delayMs                          
0000cbcc  AE_delayTenUs                       
0000b8e0  AE_ltcAdcMeasureState               
0000c0f8  AE_ltcClearCellAdc                  
0000c150  AE_ltcClearGpioAdc                  
0000c1a8  AE_ltcClearStatusAdc                
0000b1c8  AE_ltcCmdRead                       
0000b000  AE_ltcCmdWrite                      
0000c338  AE_ltcContinuePwm                   
0000acfc  AE_ltcInit                          
0000c554  AE_ltcIsCellOpenWire                
0000c80c  AE_ltcIsGpioOpenWire                
0000c4ac  AE_ltcMinCellVolt                   
0000c320  AE_ltcPausePwm                      
0000b050  AE_ltcRead                          
0000b328  AE_ltcReadCellVoltage               
0000b9d4  AE_ltcReadGPIOVoltage               
0000bddc  AE_ltcReadStatusRegA                
0000bf30  AE_ltcReadStatusRegB                
0000c350  AE_ltcSetBalance                    
0000b708  AE_ltcSetUnderOverVoltage           
0000b7f8  AE_ltcStartCellAdc                  
0000b8f8  AE_ltcStartGpioAdc                  
0000c228  AE_ltcStartPwm                      
0000bcfc  AE_ltcStartStatusAdc                
0000cb08  AE_ltcTemperature                   
0000b2a8  AE_ltcWakeUpIdle                    
0000b228  AE_ltcWakeUpSleep                   
0000ae30  AE_ltcWrite                         
00012624  AE_pec15                            
0001309d  C$$EXIT                             
UNDEFED   SHT$$INIT_ARRAY$$Base               
UNDEFED   SHT$$INIT_ARRAY$$Limit              
0000d5f8  SpiRxStatus                         
0000d56c  SpiTxStatus                         
000038c0  __TI_CINIT_Base                     
000038e0  __TI_CINIT_Limit                    
00003898  __TI_Handler_Table_Base             
000038a4  __TI_Handler_Table_Limit            
00011660  __TI_PINIT_Base                     
00011664  __TI_PINIT_Limit                    
00013021  __TI_auto_init_nobinit_nopinit      
00012f63  __TI_decompress_lzss                
0001307b  __TI_decompress_none                
ffffffff  __TI_pprof_out_hndl                 
ffffffff  __TI_prof_data_size                 
ffffffff  __TI_prof_data_start                
00000000  __TI_static_base__                  
00013089  __TI_zero_init                      
00013095  __aeabi_errno_addr                  
00012fcf  __aeabi_idiv0                       
00012fcf  __aeabi_ldiv0                       
00012ee9  __aeabi_memclr                      
00012ee9  __aeabi_memclr4                     
00012ee9  __aeabi_memclr8                     
00012e4d  __aeabi_memcpy                      
00012e4d  __aeabi_memcpy4                     
00012e4d  __aeabi_memcpy8                     
00012eeb  __aeabi_memset                      
00012eeb  __aeabi_memset4                     
00012eeb  __aeabi_memset8                     
00012fd0  __aeabi_uidiv                       
00012fd0  __aeabi_uidivmod                    
ffffffff  __binit__                           
ffffffff  __c_args__                          
08001000  __start___llvm_prf_cnts             
08001000  __stop___llvm_prf_cnts              
00011934  _c_int00                            
00011578  _coreClearAuxiliaryDataFault_       
0001158c  _coreClearAuxiliaryInstructionFault_
00011550  _coreClearDataFaultAddress_         
00011528  _coreClearDataFault_                
00011564  _coreClearInstructionFaultAddress_  
0001153c  _coreClearInstructionFault_         
000114bc  _coreDisableEventBusExport_         
00011500  _coreDisableFlashEcc_               
000114dc  _coreDisableRamEcc_                 
000114ac  _coreEnableEventBusExport_          
000114ec  _coreEnableFlashEcc_                
00011510  _coreEnableIrqVicOffset_            
000114cc  _coreEnableRamEcc_                  
00011494  _coreEnableVfp_                     
00011570  _coreGetAuxiliaryDataFault_         
00011584  _coreGetAuxiliaryInstructionFault_  
00011548  _coreGetDataFaultAddress_           
00011520  _coreGetDataFault_                  
0001155c  _coreGetInstructionFaultAddress_    
00011534  _coreGetInstructionFault_           
0001131c  _coreInitRegisters_                 
00011428  _coreInitStackPointer_              
00012ba0  _dabort                             
000115a0  _disable_FIQ_interrupt_             
000115a8  _disable_IRQ_interrupt_             
00011598  _disable_interrupt_                 
000115b0  _enable_interrupt_                  
00011640  _errata_CORTEXR4_57_                
00011650  _errata_CORTEXR4_66_                
00010278  _errata_SSWF021_45_both_plls        
0001046c  _errata_SSWF021_45_pll1             
000105e4  _errata_SSWF021_45_pll2             
000115b8  _esmCcmErrorsClear_                 
00011474  _getCPSRValue_                      
0001147c  _gotoCPUIdle_                       
00012dc8  _pmuDisableCountersGlobal_          
00012db8  _pmuEnableCountersGlobal_           
00012e24  _pmuGetCycleCount_                  
00012e2c  _pmuGetEventCount_                  
00012e38  _pmuGetOverflow_                    
00012d6c  _pmuInit_                           
00012df8  _pmuResetCounters_                  
00012dd8  _pmuResetCycleCounter_              
00012de8  _pmuResetEventCounters_             
00012e18  _pmuSetCountEvent_                  
00012e08  _pmuStartCounters_                  
00012e10  _pmuStopCounters_                   
UNDEFED   _system_post_cinit                  
0001309d  abort                               
0000926c  adc1ParityCheck                     
00009358  adc2ParityCheck                     
ffffffff  binit                               
00009410  can1ParityCheck                     
000094e8  can2ParityCheck                     
000095b0  can3ParityCheck                     
0000f6e8  capGetSignal                        
00008030  ccmSelfCheck                        
0000a6fc  ccmr4GetConfigValue                 
00008938  checkB0RAMECC                       
00008b28  checkB1RAMECC                       
00009c18  checkClockMonitor                   
00008d18  checkFlashECC                       
00009cf4  checkFlashEEPROMECC                 
00009e8c  checkPLL1Slip                       
00009f8c  checkPLL2Slip                       
0000a050  checkRAMAddrParity                  
000099d0  checkRAMECC                         
0000a15c  checkRAMUERRTest                    
000087bc  checkefcSelfTest                    
00008234  cpuSelfTest                         
00008dfc  cpuSelfTestFail                     
0000e5a8  customTrimLPO                       
00008df4  custom_dabort                       
0000ab58  disableParity                       
00012d58  dmaGroupANotification               
00008eac  dmaParityCheck                      
080037fc  dummy_u16                           
00001f00  eTaskConfirmSleepModeStatus         
00000888  eTaskGetState                       
0000f6a8  edgeDisableNotification             
0000f66c  edgeEnableNotification              
0000f640  edgeGetCounter                      
00012d30  edgeNotification                    
0000f614  edgeResetCounter                    
00008660  efcCheck                            
0000a660  efcGetConfigValue                   
00008794  efcSelfTest                         
000086e8  efcStuckZeroTest                    
0000aad0  enableParity                        
0000a76c  errata_PBIST_4                      
080037f4  errno                               
00010a60  esmActivateNormalOperation          
00010b34  esmClearStatus                      
00010b74  esmClearStatusBuffer                
00010a28  esmDisableError                     
00010a98  esmDisableInterrupt                 
00010a00  esmEnableError                      
00010a70  esmEnableInterrupt                  
00010c6c  esmEnterSelfTest                    
000109e4  esmError                            
00010d44  esmGetConfigValue                   
00010bb0  esmGetStatus                        
00010c34  esmGetStatusBuffer                  
00012c88  esmGroup1Notification               
00012c98  esmGroup2Notification               
00012978  esmHighInterrupt                    
000108dc  esmInit                             
00010cf4  esmSelfTestStatus                   
00010b90  esmSetCounterPreloadValue           
00010ac0  esmSetInterruptLevel                
00010a50  esmTriggerErrorPinReset             
0000a2c4  fmcBus1ParityCheck                  
0000885c  fmcBus2Check                        
00008898  fmcECCcheck                         
0000cb7c  getUsTick                           
000110f8  gioDisableNotification              
00011090  gioEnableNotification               
00010ff8  gioGetBit                           
00011160  gioGetConfigValue                   
00011020  gioGetPort                          
00010e98  gioInit                             
00012ce0  gioNotification                     
00010f88  gioSetBit                           
00010f68  gioSetDirection                     
00010fd8  gioSetPort                          
00011038  gioToggleBit                        
000130a4  handlePLLLockFail                   
0000f7f4  het1GetConfigValue                  
000126c4  het1HighLevelInterrupt              
0001276c  het1LowLevelInterrupt               
00008f58  het1ParityCheck                     
000090c0  het2ParityCheck                     
0000f7dc  hetGetTimestamp                     
0000f0dc  hetInit                             
00012d44  hetNotification                     
0000f7c0  hetResetTimestamp                   
00009004  htu1ParityCheck                     
000091bc  htu2ParityCheck                     
00012564  init_PEC15_Table                    
0001206d  logf                                
0800368c  ltcBat                              
000124c4  ltcInit                             
00012400  main                                
0000dc88  mapClocks                           
00012e4d  memcpy                              
00008174  memoryInit                          
00012ca8  memoryPort0TestFailNotification     
00012cc4  memoryPort1TestFailNotification     
00012ef1  memset                              
00009684  mibspi1ParityCheck                  
0000978c  mibspi3ParityCheck                  
000098b0  mibspi5ParityCheck                  
0000f9cc  muxInit                             
0000a3ec  pbistFail                           
0000a470  pbistGetConfigValue                 
000085a8  pbistIsTestCompleted                
000085d4  pbistIsTestPassed                   
00008608  pbistPortTestStatus                 
000084ac  pbistRun                            
000082cc  pbistSelfCheck                      
00008578  pbistStop                           
00001344  pcTaskGetName                       
08003000  pec15Table                          
0000dc34  periphInit                          
000130a0  phantomInterrupt                    
0000fe68  pinmuxGetConfigValue                
00003060  prvMpuDisable                       
00003048  prvMpuEnable                        
00003030  prvMpuSetRegion                     
00003468  pvPortMalloc                        
00001fe0  pvTaskGetThreadLocalStoragePointer  
0000f5e4  pwmDisableNotification              
0000f59c  pwmEnableNotification               
0000f4bc  pwmGetSignal                        
0000cb54  pwmNotification                     
0000f204  pwmSetDuty                          
0000f340  pwmSetSignal                        
0000f19c  pwmStart                            
0000f1d0  pwmStop                             
080008d0  pxCurrentTCB                        
00003088  pxPortInitialiseStack               
00000000  resetEntry                          
08003686  returnVarningClose                  
08003200  rxBuffer                            
00008020  selftestFailNotification            
0000dbf4  setupFlash                          
0000db20  setupPLL                            
08003687  slaveNumber                         
0000d730  spi1GetConfigValue                  
0000d8c0  spi3GetConfigValue                  
080037f8  spiDat_s                            
0000d6b8  spiDisableLoopback                  
0000d704  spiDisableNotification              
0000d684  spiEnableLoopback                   
0000d6d4  spiEnableNotification               
00012d08  spiEndNotification                  
0000cfd4  spiGetData                          
0000cc38  spiInit                             
00012cf4  spiNotification                     
0000ceb8  spiReceiveData                      
0000d42c  spiSendAndGetData                   
0000d1f8  spiSendData                         
0000ce98  spiSetFunctional                    
0000d2f0  spiTransmitAndReceiveData           
0000d0cc  spiTransmitData                     
0000e46c  sramGetConfigValue                  
0000a5bc  stcGetConfigValue                   
000081b8  stcSelfCheck                        
00008df8  stcSelfCheckFail                    
00013065  strlen                              
0000deac  systemGetConfigValue                
0000ddb0  systemInit                          
0000de7c  systemPowerDown                     
0000e2c0  tcmflashGetConfigValue              
0000db80  trimLPO                             
08003400  txBuffer                            
080037ec  ulCriticalNesting                   
00002f58  ulPortCountLeadingZeros             
080037f0  ulTaskHasFPUContext                 
00002378  ulTaskNotifyTake                    
08003688  uwTick                              
00011fe0  uxListRemove                        
00001338  uxTaskGetNumberOfTasks              
00002224  uxTaskGetStackHighWaterMark         
0000098c  uxTaskPriorityGet                   
000009d0  uxTaskPriorityGetFromISR            
0000233c  uxTaskResetEventItemValue           
00011e34  vListInitialise                     
00011e8c  vListInitialiseItem                 
00011f1c  vListInsert                         
00011ea8  vListInsertEnd                      
00003434  vPortEndScheduler                   
000036bc  vPortFree                           
000037cc  vPortInitialiseBlocks               
00002f4c  vPortInitialiseFPSCR                
00002e4c  vPortPreemptiveTick                 
00002f60  vPortSWI                            
00002bdc  vPortStartFirstTask                 
0000319c  vPortStoreTaskMPUSettings           
00002d58  vPortYeildWithinAPI                 
00002c6c  vPortYieldProcessor                 
0000204c  vTaskAllocateMPURegions             
00000804  vTaskDelay                          
00000698  vTaskDelayUntil                     
00000530  vTaskDelete                         
00001074  vTaskEndScheduler                   
00001ef0  vTaskMissedYield                    
00002930  vTaskNotifyGiveFromISR              
00001ab8  vTaskPlaceOnEventList               
00001afc  vTaskPlaceOnUnorderedEventList      
00000a18  vTaskPrioritySet                    
00000e14  vTaskResume                         
00001f7c  vTaskSetThreadLocalStoragePointer   
00001d74  vTaskSetTimeOutState                
00000fdc  vTaskStartScheduler                 
00001658  vTaskStepTick                       
00000c10  vTaskSuspend                        
00001090  vTaskSuspendAll                     
000019d8  vTaskSwitchContext                  
0000e758  vimChannelMap                       
0000e9c4  vimDisableInterrupt                 
0000e7fc  vimEnableInterrupt                  
0000ea70  vimGetConfigValue                   
0000e684  vimInit                             
00008e00  vimParityCheck                      
00011668  vimParityErrorHandler               
000037b4  xPortGetFreeHeapSize                
000037c0  xPortGetMinimumEverFreeHeapSize     
00003410  xPortStartScheduler                 
000016b4  xTaskAbortDelay                     
00001db8  xTaskCheckForTimeOut                
000000fc  xTaskCreate                         
00000020  xTaskCreateRestricted               
00002560  xTaskGenericNotify                  
00002730  xTaskGenericNotifyFromISR           
00001518  xTaskGetHandle                      
00001620  xTaskGetIdleTaskHandle              
000022ec  xTaskGetSchedulerState              
000012f8  xTaskGetTickCount                   
00001314  xTaskGetTickCountFromISR            
000017b0  xTaskIncrementTick                  
000128fc  xTaskNotifyStateClear               
0000244c  xTaskNotifyWait                     
00001b80  xTaskRemoveFromEventList            
00001c70  xTaskRemoveFromUnorderedEventList   
00001148  xTaskResumeAll                      
00000ef4  xTaskResumeFromISR                  


GLOBAL SYMBOLS: SORTED BY Symbol Address 

address   name                                
-------   ----                                
00000000  __TI_static_base__                  
00000000  resetEntry                          
00000020  xTaskCreateRestricted               
000000fc  xTaskCreate                         
00000530  vTaskDelete                         
00000698  vTaskDelayUntil                     
00000804  vTaskDelay                          
00000888  eTaskGetState                       
0000098c  uxTaskPriorityGet                   
000009d0  uxTaskPriorityGetFromISR            
00000a18  vTaskPrioritySet                    
00000c10  vTaskSuspend                        
00000e14  vTaskResume                         
00000ef4  xTaskResumeFromISR                  
00000fdc  vTaskStartScheduler                 
00001074  vTaskEndScheduler                   
00001090  vTaskSuspendAll                     
00001148  xTaskResumeAll                      
000012f8  xTaskGetTickCount                   
00001314  xTaskGetTickCountFromISR            
00001338  uxTaskGetNumberOfTasks              
00001344  pcTaskGetName                       
00001518  xTaskGetHandle                      
00001620  xTaskGetIdleTaskHandle              
00001658  vTaskStepTick                       
000016b4  xTaskAbortDelay                     
000017b0  xTaskIncrementTick                  
000019d8  vTaskSwitchContext                  
00001ab8  vTaskPlaceOnEventList               
00001afc  vTaskPlaceOnUnorderedEventList      
00001b80  xTaskRemoveFromEventList            
00001c70  xTaskRemoveFromUnorderedEventList   
00001d74  vTaskSetTimeOutState                
00001db8  xTaskCheckForTimeOut                
00001ef0  vTaskMissedYield                    
00001f00  eTaskConfirmSleepModeStatus         
00001f7c  vTaskSetThreadLocalStoragePointer   
00001fe0  pvTaskGetThreadLocalStoragePointer  
0000204c  vTaskAllocateMPURegions             
00002224  uxTaskGetStackHighWaterMark         
000022ec  xTaskGetSchedulerState              
0000233c  uxTaskResetEventItemValue           
00002378  ulTaskNotifyTake                    
0000244c  xTaskNotifyWait                     
00002560  xTaskGenericNotify                  
00002730  xTaskGenericNotifyFromISR           
00002930  vTaskNotifyGiveFromISR              
00002bdc  vPortStartFirstTask                 
00002c6c  vPortYieldProcessor                 
00002d58  vPortYeildWithinAPI                 
00002e4c  vPortPreemptiveTick                 
00002f4c  vPortInitialiseFPSCR                
00002f58  ulPortCountLeadingZeros             
00002f60  vPortSWI                            
00003030  prvMpuSetRegion                     
00003048  prvMpuEnable                        
00003060  prvMpuDisable                       
00003088  pxPortInitialiseStack               
0000319c  vPortStoreTaskMPUSettings           
00003410  xPortStartScheduler                 
00003434  vPortEndScheduler                   
00003468  pvPortMalloc                        
000036bc  vPortFree                           
000037b4  xPortGetFreeHeapSize                
000037c0  xPortGetMinimumEverFreeHeapSize     
000037cc  vPortInitialiseBlocks               
00003898  __TI_Handler_Table_Base             
000038a4  __TI_Handler_Table_Limit            
000038c0  __TI_CINIT_Base                     
000038e0  __TI_CINIT_Limit                    
00008020  selftestFailNotification            
00008030  ccmSelfCheck                        
00008174  memoryInit                          
000081b8  stcSelfCheck                        
00008234  cpuSelfTest                         
000082cc  pbistSelfCheck                      
000084ac  pbistRun                            
00008578  pbistStop                           
000085a8  pbistIsTestCompleted                
000085d4  pbistIsTestPassed                   
00008608  pbistPortTestStatus                 
00008660  efcCheck                            
000086e8  efcStuckZeroTest                    
00008794  efcSelfTest                         
000087bc  checkefcSelfTest                    
0000885c  fmcBus2Check                        
00008898  fmcECCcheck                         
00008938  checkB0RAMECC                       
00008b28  checkB1RAMECC                       
00008d18  checkFlashECC                       
00008df4  custom_dabort                       
00008df8  stcSelfCheckFail                    
00008dfc  cpuSelfTestFail                     
00008e00  vimParityCheck                      
00008eac  dmaParityCheck                      
00008f58  het1ParityCheck                     
00009004  htu1ParityCheck                     
000090c0  het2ParityCheck                     
000091bc  htu2ParityCheck                     
0000926c  adc1ParityCheck                     
00009358  adc2ParityCheck                     
00009410  can1ParityCheck                     
000094e8  can2ParityCheck                     
000095b0  can3ParityCheck                     
00009684  mibspi1ParityCheck                  
0000978c  mibspi3ParityCheck                  
000098b0  mibspi5ParityCheck                  
000099d0  checkRAMECC                         
00009c18  checkClockMonitor                   
00009cf4  checkFlashEEPROMECC                 
00009e8c  checkPLL1Slip                       
00009f8c  checkPLL2Slip                       
0000a050  checkRAMAddrParity                  
0000a15c  checkRAMUERRTest                    
0000a2c4  fmcBus1ParityCheck                  
0000a3ec  pbistFail                           
0000a470  pbistGetConfigValue                 
0000a5bc  stcGetConfigValue                   
0000a660  efcGetConfigValue                   
0000a6fc  ccmr4GetConfigValue                 
0000a76c  errata_PBIST_4                      
0000aad0  enableParity                        
0000ab58  disableParity                       
0000acfc  AE_ltcInit                          
0000ae30  AE_ltcWrite                         
0000b000  AE_ltcCmdWrite                      
0000b050  AE_ltcRead                          
0000b1c8  AE_ltcCmdRead                       
0000b228  AE_ltcWakeUpSleep                   
0000b2a8  AE_ltcWakeUpIdle                    
0000b328  AE_ltcReadCellVoltage               
0000b708  AE_ltcSetUnderOverVoltage           
0000b7f8  AE_ltcStartCellAdc                  
0000b8e0  AE_ltcAdcMeasureState               
0000b8f8  AE_ltcStartGpioAdc                  
0000b9d4  AE_ltcReadGPIOVoltage               
0000bcfc  AE_ltcStartStatusAdc                
0000bddc  AE_ltcReadStatusRegA                
0000bf30  AE_ltcReadStatusRegB                
0000c0f8  AE_ltcClearCellAdc                  
0000c150  AE_ltcClearGpioAdc                  
0000c1a8  AE_ltcClearStatusAdc                
0000c228  AE_ltcStartPwm                      
0000c320  AE_ltcPausePwm                      
0000c338  AE_ltcContinuePwm                   
0000c350  AE_ltcSetBalance                    
0000c4ac  AE_ltcMinCellVolt                   
0000c554  AE_ltcIsCellOpenWire                
0000c80c  AE_ltcIsGpioOpenWire                
0000cb08  AE_ltcTemperature                   
0000cb54  pwmNotification                     
0000cb7c  getUsTick                           
0000cb90  AE_delayMs                          
0000cbcc  AE_delayTenUs                       
0000cc38  spiInit                             
0000ce98  spiSetFunctional                    
0000ceb8  spiReceiveData                      
0000cfd4  spiGetData                          
0000d0cc  spiTransmitData                     
0000d1f8  spiSendData                         
0000d2f0  spiTransmitAndReceiveData           
0000d42c  spiSendAndGetData                   
0000d56c  SpiTxStatus                         
0000d5f8  SpiRxStatus                         
0000d684  spiEnableLoopback                   
0000d6b8  spiDisableLoopback                  
0000d6d4  spiEnableNotification               
0000d704  spiDisableNotification              
0000d730  spi1GetConfigValue                  
0000d8c0  spi3GetConfigValue                  
0000db20  setupPLL                            
0000db80  trimLPO                             
0000dbf4  setupFlash                          
0000dc34  periphInit                          
0000dc88  mapClocks                           
0000ddb0  systemInit                          
0000de7c  systemPowerDown                     
0000deac  systemGetConfigValue                
0000e2c0  tcmflashGetConfigValue              
0000e46c  sramGetConfigValue                  
0000e5a8  customTrimLPO                       
0000e684  vimInit                             
0000e758  vimChannelMap                       
0000e7fc  vimEnableInterrupt                  
0000e9c4  vimDisableInterrupt                 
0000ea70  vimGetConfigValue                   
0000f0dc  hetInit                             
0000f19c  pwmStart                            
0000f1d0  pwmStop                             
0000f204  pwmSetDuty                          
0000f340  pwmSetSignal                        
0000f4bc  pwmGetSignal                        
0000f59c  pwmEnableNotification               
0000f5e4  pwmDisableNotification              
0000f614  edgeResetCounter                    
0000f640  edgeGetCounter                      
0000f66c  edgeEnableNotification              
0000f6a8  edgeDisableNotification             
0000f6e8  capGetSignal                        
0000f7c0  hetResetTimestamp                   
0000f7dc  hetGetTimestamp                     
0000f7f4  het1GetConfigValue                  
0000f9cc  muxInit                             
0000fe68  pinmuxGetConfigValue                
00010278  _errata_SSWF021_45_both_plls        
0001046c  _errata_SSWF021_45_pll1             
000105e4  _errata_SSWF021_45_pll2             
000108dc  esmInit                             
000109e4  esmError                            
00010a00  esmEnableError                      
00010a28  esmDisableError                     
00010a50  esmTriggerErrorPinReset             
00010a60  esmActivateNormalOperation          
00010a70  esmEnableInterrupt                  
00010a98  esmDisableInterrupt                 
00010ac0  esmSetInterruptLevel                
00010b34  esmClearStatus                      
00010b74  esmClearStatusBuffer                
00010b90  esmSetCounterPreloadValue           
00010bb0  esmGetStatus                        
00010c34  esmGetStatusBuffer                  
00010c6c  esmEnterSelfTest                    
00010cf4  esmSelfTestStatus                   
00010d44  esmGetConfigValue                   
00010e98  gioInit                             
00010f68  gioSetDirection                     
00010f88  gioSetBit                           
00010fd8  gioSetPort                          
00010ff8  gioGetBit                           
00011020  gioGetPort                          
00011038  gioToggleBit                        
00011090  gioEnableNotification               
000110f8  gioDisableNotification              
00011160  gioGetConfigValue                   
0001131c  _coreInitRegisters_                 
00011428  _coreInitStackPointer_              
00011474  _getCPSRValue_                      
0001147c  _gotoCPUIdle_                       
00011494  _coreEnableVfp_                     
000114ac  _coreEnableEventBusExport_          
000114bc  _coreDisableEventBusExport_         
000114cc  _coreEnableRamEcc_                  
000114dc  _coreDisableRamEcc_                 
000114ec  _coreEnableFlashEcc_                
00011500  _coreDisableFlashEcc_               
00011510  _coreEnableIrqVicOffset_            
00011520  _coreGetDataFault_                  
00011528  _coreClearDataFault_                
00011534  _coreGetInstructionFault_           
0001153c  _coreClearInstructionFault_         
00011548  _coreGetDataFaultAddress_           
00011550  _coreClearDataFaultAddress_         
0001155c  _coreGetInstructionFaultAddress_    
00011564  _coreClearInstructionFaultAddress_  
00011570  _coreGetAuxiliaryDataFault_         
00011578  _coreClearAuxiliaryDataFault_       
00011584  _coreGetAuxiliaryInstructionFault_  
0001158c  _coreClearAuxiliaryInstructionFault_
00011598  _disable_interrupt_                 
000115a0  _disable_FIQ_interrupt_             
000115a8  _disable_IRQ_interrupt_             
000115b0  _enable_interrupt_                  
000115b8  _esmCcmErrorsClear_                 
00011640  _errata_CORTEXR4_57_                
00011650  _errata_CORTEXR4_66_                
00011660  __TI_PINIT_Base                     
00011664  __TI_PINIT_Limit                    
00011668  vimParityErrorHandler               
00011934  _c_int00                            
00011e34  vListInitialise                     
00011e8c  vListInitialiseItem                 
00011ea8  vListInsertEnd                      
00011f1c  vListInsert                         
00011fe0  uxListRemove                        
0001206d  logf                                
00012400  main                                
000124c4  ltcInit                             
00012564  init_PEC15_Table                    
00012624  AE_pec15                            
000126c4  het1HighLevelInterrupt              
0001276c  het1LowLevelInterrupt               
000128fc  xTaskNotifyStateClear               
00012978  esmHighInterrupt                    
00012a8c  AE_calculateTemp                    
00012ba0  _dabort                             
00012c88  esmGroup1Notification               
00012c98  esmGroup2Notification               
00012ca8  memoryPort0TestFailNotification     
00012cc4  memoryPort1TestFailNotification     
00012ce0  gioNotification                     
00012cf4  spiNotification                     
00012d08  spiEndNotification                  
00012d30  edgeNotification                    
00012d44  hetNotification                     
00012d58  dmaGroupANotification               
00012d6c  _pmuInit_                           
00012db8  _pmuEnableCountersGlobal_           
00012dc8  _pmuDisableCountersGlobal_          
00012dd8  _pmuResetCycleCounter_              
00012de8  _pmuResetEventCounters_             
00012df8  _pmuResetCounters_                  
00012e08  _pmuStartCounters_                  
00012e10  _pmuStopCounters_                   
00012e18  _pmuSetCountEvent_                  
00012e24  _pmuGetCycleCount_                  
00012e2c  _pmuGetEventCount_                  
00012e38  _pmuGetOverflow_                    
00012e4d  __aeabi_memcpy                      
00012e4d  __aeabi_memcpy4                     
00012e4d  __aeabi_memcpy8                     
00012e4d  memcpy                              
00012ee9  __aeabi_memclr                      
00012ee9  __aeabi_memclr4                     
00012ee9  __aeabi_memclr8                     
00012eeb  __aeabi_memset                      
00012eeb  __aeabi_memset4                     
00012eeb  __aeabi_memset8                     
00012ef1  memset                              
00012f63  __TI_decompress_lzss                
00012fcf  __aeabi_idiv0                       
00012fcf  __aeabi_ldiv0                       
00012fd0  __aeabi_uidiv                       
00012fd0  __aeabi_uidivmod                    
00013021  __TI_auto_init_nobinit_nopinit      
00013065  strlen                              
0001307b  __TI_decompress_none                
00013089  __TI_zero_init                      
00013095  __aeabi_errno_addr                  
0001309d  C$$EXIT                             
0001309d  abort                               
000130a0  phantomInterrupt                    
000130a4  handlePLLLockFail                   
080008d0  pxCurrentTCB                        
08001000  __start___llvm_prf_cnts             
08001000  __stop___llvm_prf_cnts              
08003000  pec15Table                          
08003200  rxBuffer                            
08003400  txBuffer                            
08003686  returnVarningClose                  
08003687  slaveNumber                         
08003688  uwTick                              
0800368c  ltcBat                              
080037ec  ulCriticalNesting                   
080037f0  ulTaskHasFPUContext                 
080037f4  errno                               
080037f8  spiDat_s                            
080037fc  dummy_u16                           
ffffffff  __TI_pprof_out_hndl                 
ffffffff  __TI_prof_data_size                 
ffffffff  __TI_prof_data_start                
ffffffff  __binit__                           
ffffffff  __c_args__                          
ffffffff  binit                               
UNDEFED   SHT$$INIT_ARRAY$$Base               
UNDEFED   SHT$$INIT_ARRAY$$Limit              
UNDEFED   _system_post_cinit                  

[356 symbols]
