<?xml version="1.0" encoding="ISO-8859-1" ?>
<link_info>
   <banner>TI ARM Linker PC v20.2.5.LTS</banner>
   <copyright>Copyright (c) 1996-2018 Texas Instruments Incorporated</copyright>
   <link_time>0x65b904ee</link_time>
   <link_errors>0x0</link_errors>
   <output_file>009_Ltc6812.out</output_file>
   <entry_point>
      <name>_c_int00</name>
      <address>0x11a08</address>
   </entry_point>
   <input_file_list>
      <input_file id="fl-2">
         <path>.\009_Ltc6812\source\</path>
         <kind>object</kind>
         <file>dabort.obj</file>
         <name>dabort.obj</name>
      </input_file>
      <input_file id="fl-3">
         <path>.\009_Ltc6812\source\</path>
         <kind>object</kind>
         <file>ecap.obj</file>
         <name>ecap.obj</name>
      </input_file>
      <input_file id="fl-4">
         <path>.\009_Ltc6812\source\</path>
         <kind>object</kind>
         <file>errata_SSWF021_45.obj</file>
         <name>errata_SSWF021_45.obj</name>
      </input_file>
      <input_file id="fl-5">
         <path>.\009_Ltc6812\source\</path>
         <kind>object</kind>
         <file>esm.obj</file>
         <name>esm.obj</name>
      </input_file>
      <input_file id="fl-6">
         <path>.\009_Ltc6812\source\</path>
         <kind>object</kind>
         <file>etpwm.obj</file>
         <name>etpwm.obj</name>
      </input_file>
      <input_file id="fl-7">
         <path>.\009_Ltc6812\source\</path>
         <kind>object</kind>
         <file>gio.obj</file>
         <name>gio.obj</name>
      </input_file>
      <input_file id="fl-8">
         <path>.\009_Ltc6812\source\</path>
         <kind>object</kind>
         <file>het.obj</file>
         <name>het.obj</name>
      </input_file>
      <input_file id="fl-9">
         <path>.\009_Ltc6812\source\</path>
         <kind>object</kind>
         <file>notification.obj</file>
         <name>notification.obj</name>
      </input_file>
      <input_file id="fl-a">
         <path>.\009_Ltc6812\source\</path>
         <kind>object</kind>
         <file>os_croutine.obj</file>
         <name>os_croutine.obj</name>
      </input_file>
      <input_file id="fl-b">
         <path>.\009_Ltc6812\source\</path>
         <kind>object</kind>
         <file>os_event_groups.obj</file>
         <name>os_event_groups.obj</name>
      </input_file>
      <input_file id="fl-c">
         <path>.\009_Ltc6812\source\</path>
         <kind>object</kind>
         <file>os_heap.obj</file>
         <name>os_heap.obj</name>
      </input_file>
      <input_file id="fl-d">
         <path>.\009_Ltc6812\source\</path>
         <kind>object</kind>
         <file>os_list.obj</file>
         <name>os_list.obj</name>
      </input_file>
      <input_file id="fl-e">
         <path>.\009_Ltc6812\source\</path>
         <kind>object</kind>
         <file>os_mpu_wrappers.obj</file>
         <name>os_mpu_wrappers.obj</name>
      </input_file>
      <input_file id="fl-f">
         <path>.\009_Ltc6812\source\</path>
         <kind>object</kind>
         <file>os_port.obj</file>
         <name>os_port.obj</name>
      </input_file>
      <input_file id="fl-10">
         <path>.\009_Ltc6812\source\</path>
         <kind>object</kind>
         <file>os_portasm.obj</file>
         <name>os_portasm.obj</name>
      </input_file>
      <input_file id="fl-11">
         <path>.\009_Ltc6812\source\</path>
         <kind>object</kind>
         <file>os_queue.obj</file>
         <name>os_queue.obj</name>
      </input_file>
      <input_file id="fl-12">
         <path>.\009_Ltc6812\source\</path>
         <kind>object</kind>
         <file>os_tasks.obj</file>
         <name>os_tasks.obj</name>
      </input_file>
      <input_file id="fl-13">
         <path>.\009_Ltc6812\source\</path>
         <kind>object</kind>
         <file>os_timer.obj</file>
         <name>os_timer.obj</name>
      </input_file>
      <input_file id="fl-14">
         <path>.\009_Ltc6812\source\</path>
         <kind>object</kind>
         <file>pinmux.obj</file>
         <name>pinmux.obj</name>
      </input_file>
      <input_file id="fl-15">
         <path>.\009_Ltc6812\source\</path>
         <kind>object</kind>
         <file>spi.obj</file>
         <name>spi.obj</name>
      </input_file>
      <input_file id="fl-16">
         <path>.\009_Ltc6812\source\</path>
         <kind>object</kind>
         <file>sys_core.obj</file>
         <name>sys_core.obj</name>
      </input_file>
      <input_file id="fl-17">
         <path>.\009_Ltc6812\source\</path>
         <kind>object</kind>
         <file>sys_dma.obj</file>
         <name>sys_dma.obj</name>
      </input_file>
      <input_file id="fl-18">
         <path>.\009_Ltc6812\source\</path>
         <kind>object</kind>
         <file>sys_intvecs.obj</file>
         <name>sys_intvecs.obj</name>
      </input_file>
      <input_file id="fl-19">
         <path>.\009_Ltc6812\source\</path>
         <kind>object</kind>
         <file>sys_main.obj</file>
         <name>sys_main.obj</name>
      </input_file>
      <input_file id="fl-1a">
         <path>.\009_Ltc6812\source\</path>
         <kind>object</kind>
         <file>sys_mpu.obj</file>
         <name>sys_mpu.obj</name>
      </input_file>
      <input_file id="fl-1b">
         <path>.\009_Ltc6812\source\</path>
         <kind>object</kind>
         <file>sys_pcr.obj</file>
         <name>sys_pcr.obj</name>
      </input_file>
      <input_file id="fl-1c">
         <path>.\009_Ltc6812\source\</path>
         <kind>object</kind>
         <file>sys_phantom.obj</file>
         <name>sys_phantom.obj</name>
      </input_file>
      <input_file id="fl-1d">
         <path>.\009_Ltc6812\source\</path>
         <kind>object</kind>
         <file>sys_pmm.obj</file>
         <name>sys_pmm.obj</name>
      </input_file>
      <input_file id="fl-1e">
         <path>.\009_Ltc6812\source\</path>
         <kind>object</kind>
         <file>sys_pmu.obj</file>
         <name>sys_pmu.obj</name>
      </input_file>
      <input_file id="fl-1f">
         <path>.\009_Ltc6812\source\</path>
         <kind>object</kind>
         <file>sys_selftest.obj</file>
         <name>sys_selftest.obj</name>
      </input_file>
      <input_file id="fl-20">
         <path>.\009_Ltc6812\source\</path>
         <kind>object</kind>
         <file>sys_startup.obj</file>
         <name>sys_startup.obj</name>
      </input_file>
      <input_file id="fl-21">
         <path>.\009_Ltc6812\source\</path>
         <kind>object</kind>
         <file>sys_vim.obj</file>
         <name>sys_vim.obj</name>
      </input_file>
      <input_file id="fl-22">
         <path>.\009_Ltc6812\source\</path>
         <kind>object</kind>
         <file>system.obj</file>
         <name>system.obj</name>
      </input_file>
      <input_file id="fl-23">
         <path>.\ltc681x\crc\</path>
         <kind>object</kind>
         <file>crc15.obj</file>
         <name>crc15.obj</name>
      </input_file>
      <input_file id="fl-24">
         <path>.\ltc681x\ltc\</path>
         <kind>object</kind>
         <file>ltc6812.obj</file>
         <name>ltc6812.obj</name>
      </input_file>
      <input_file id="fl-28">
         <kind>object</kind>
         <file>&lt;internal&gt;</file>
         <name>&lt;internal&gt;</name>
      </input_file>
      <input_file id="fl-29">
         <path>C:\ti\ccs1120\ccs\tools\compiler\ti-cgt-arm_20.2.5.LTS\lib\</path>
         <kind>archive</kind>
         <file>rtsv7R4_T_be_v3D16_eabi.lib</file>
         <name>memcpy_t2.asm.obj</name>
      </input_file>
      <input_file id="fl-2a">
         <path>C:\ti\ccs1120\ccs\tools\compiler\ti-cgt-arm_20.2.5.LTS\lib\</path>
         <kind>archive</kind>
         <file>rtsv7R4_T_be_v3D16_eabi.lib</file>
         <name>u_div32.asm.obj</name>
      </input_file>
      <input_file id="fl-2b">
         <path>C:\ti\ccs1120\ccs\tools\compiler\ti-cgt-arm_20.2.5.LTS\lib\</path>
         <kind>archive</kind>
         <file>rtsv7R4_T_be_v3D16_eabi.lib</file>
         <name>memset_t2.asm.obj</name>
      </input_file>
      <input_file id="fl-2c">
         <path>C:\ti\ccs1120\ccs\tools\compiler\ti-cgt-arm_20.2.5.LTS\lib\</path>
         <kind>archive</kind>
         <file>rtsv7R4_T_be_v3D16_eabi.lib</file>
         <name>autoinit.c.obj</name>
      </input_file>
      <input_file id="fl-2d">
         <path>C:\ti\ccs1120\ccs\tools\compiler\ti-cgt-arm_20.2.5.LTS\lib\</path>
         <kind>archive</kind>
         <file>rtsv7R4_T_be_v3D16_eabi.lib</file>
         <name>cpy_tbl.c.obj</name>
      </input_file>
      <input_file id="fl-2e">
         <path>C:\ti\ccs1120\ccs\tools\compiler\ti-cgt-arm_20.2.5.LTS\lib\</path>
         <kind>archive</kind>
         <file>rtsv7R4_T_be_v3D16_eabi.lib</file>
         <name>copy_zero_init.c.obj</name>
      </input_file>
      <input_file id="fl-2f">
         <path>C:\ti\ccs1120\ccs\tools\compiler\ti-cgt-arm_20.2.5.LTS\lib\</path>
         <kind>archive</kind>
         <file>rtsv7R4_T_be_v3D16_eabi.lib</file>
         <name>copy_decompress_none.c.obj</name>
      </input_file>
      <input_file id="fl-30">
         <path>C:\ti\ccs1120\ccs\tools\compiler\ti-cgt-arm_20.2.5.LTS\lib\</path>
         <kind>archive</kind>
         <file>rtsv7R4_T_be_v3D16_eabi.lib</file>
         <name>copy_decompress_lzss.c.obj</name>
      </input_file>
      <input_file id="fl-31">
         <path>C:\ti\ccs1120\ccs\tools\compiler\ti-cgt-arm_20.2.5.LTS\lib\</path>
         <kind>archive</kind>
         <file>rtsv7R4_T_be_v3D16_eabi.lib</file>
         <name>exit.c.obj</name>
      </input_file>
      <input_file id="fl-32">
         <path>C:\ti\ccs1120\ccs\tools\compiler\ti-cgt-arm_20.2.5.LTS\lib\</path>
         <kind>archive</kind>
         <file>rtsv7R4_T_be_v3D16_eabi.lib</file>
         <name>_lock.c.obj</name>
      </input_file>
      <input_file id="fl-33">
         <path>C:\ti\ccs1120\ccs\tools\compiler\ti-cgt-arm_20.2.5.LTS\lib\</path>
         <kind>archive</kind>
         <file>rtsv7R4_T_be_v3D16_eabi.lib</file>
         <name>strlen.c.obj</name>
      </input_file>
      <input_file id="fl-34">
         <path>C:\ti\ccs1120\ccs\tools\compiler\ti-cgt-arm_20.2.5.LTS\lib\</path>
         <kind>archive</kind>
         <file>rtsv7R4_T_be_v3D16_eabi.lib</file>
         <name>div0.asm.obj</name>
      </input_file>
   </input_file_list>
   <object_component_list>
      <object_component id="oc-33">
         <name>.intvecs</name>
         <load_address>0x0</load_address>
         <run_address>0x0</run_address>
         <size>0x20</size>
         <input_file_ref idref="fl-18"/>
      </object_component>
      <object_component id="oc-15f">
         <name>.kernelTEXT</name>
         <load_address>0x20</load_address>
         <run_address>0x20</run_address>
         <size>0x2bb8</size>
         <input_file_ref idref="fl-12"/>
      </object_component>
      <object_component id="oc-a5">
         <name>.kernelTEXT</name>
         <load_address>0x2bd8</load_address>
         <run_address>0x2bd8</run_address>
         <size>0x4b0</size>
         <input_file_ref idref="fl-10"/>
      </object_component>
      <object_component id="oc-294">
         <name>.kernelTEXT</name>
         <load_address>0x3088</load_address>
         <run_address>0x3088</run_address>
         <size>0x3e0</size>
         <input_file_ref idref="fl-f"/>
      </object_component>
      <object_component id="oc-288">
         <name>.kernelTEXT</name>
         <load_address>0x3468</load_address>
         <run_address>0x3468</run_address>
         <size>0x37c</size>
         <input_file_ref idref="fl-c"/>
      </object_component>
      <object_component id="oc-419">
         <name>.cinit..data.load</name>
         <load_address>0x37e8</load_address>
         <run_address>0x37e8</run_address>
         <size>0xa7</size>
      </object_component>
      <object_component id="oc-414">
         <name>__TI_handler_table</name>
         <load_address>0x3890</load_address>
         <run_address>0x3890</run_address>
         <size>0xc</size>
      </object_component>
      <object_component id="oc-416">
         <name>.cinit..kernelBSS.load</name>
         <load_address>0x389c</load_address>
         <run_address>0x389c</run_address>
         <size>0x9</size>
      </object_component>
      <object_component id="oc-418">
         <name>.cinit..bss.load</name>
         <load_address>0x38a8</load_address>
         <run_address>0x38a8</run_address>
         <size>0x8</size>
      </object_component>
      <object_component id="oc-417">
         <name>.cinit..kernelHEAP.load</name>
         <load_address>0x38b0</load_address>
         <run_address>0x38b0</run_address>
         <size>0x8</size>
      </object_component>
      <object_component id="oc-415">
         <name>__TI_cinit_table</name>
         <load_address>0x38b8</load_address>
         <run_address>0x38b8</run_address>
         <size>0x20</size>
      </object_component>
      <object_component id="oc-84">
         <name>.text</name>
         <load_address>0x8020</load_address>
         <run_address>0x8020</run_address>
         <size>0x2cdc</size>
         <input_file_ref idref="fl-1f"/>
      </object_component>
      <object_component id="oc-ad">
         <name>.text</name>
         <load_address>0xacfc</load_address>
         <run_address>0xacfc</run_address>
         <size>0x2010</size>
         <input_file_ref idref="fl-24"/>
      </object_component>
      <object_component id="oc-196">
         <name>.text</name>
         <load_address>0xcd0c</load_address>
         <run_address>0xcd0c</run_address>
         <size>0xee8</size>
         <input_file_ref idref="fl-15"/>
      </object_component>
      <object_component id="oc-7e">
         <name>.text</name>
         <load_address>0xdbf4</load_address>
         <run_address>0xdbf4</run_address>
         <size>0xb64</size>
         <input_file_ref idref="fl-22"/>
      </object_component>
      <object_component id="oc-3f">
         <name>.text</name>
         <load_address>0xe758</load_address>
         <run_address>0xe758</run_address>
         <size>0xa58</size>
         <input_file_ref idref="fl-21"/>
      </object_component>
      <object_component id="oc-1a2">
         <name>.text</name>
         <load_address>0xf1b0</load_address>
         <run_address>0xf1b0</run_address>
         <size>0x8f0</size>
         <input_file_ref idref="fl-8"/>
      </object_component>
      <object_component id="oc-ef">
         <name>.text</name>
         <load_address>0xfaa0</load_address>
         <run_address>0xfaa0</run_address>
         <size>0x8ac</size>
         <input_file_ref idref="fl-14"/>
      </object_component>
      <object_component id="oc-72">
         <name>.text</name>
         <load_address>0x1034c</load_address>
         <run_address>0x1034c</run_address>
         <size>0x664</size>
         <input_file_ref idref="fl-4"/>
      </object_component>
      <object_component id="oc-8a">
         <name>.text</name>
         <load_address>0x109b0</load_address>
         <run_address>0x109b0</run_address>
         <size>0x5bc</size>
         <input_file_ref idref="fl-5"/>
      </object_component>
      <object_component id="oc-135">
         <name>.text</name>
         <load_address>0x10f6c</load_address>
         <run_address>0x10f6c</run_address>
         <size>0x484</size>
         <input_file_ref idref="fl-7"/>
      </object_component>
      <object_component id="oc-6d">
         <name>.text</name>
         <load_address>0x113f0</load_address>
         <run_address>0x113f0</run_address>
         <size>0x34c</size>
         <input_file_ref idref="fl-16"/>
      </object_component>
      <object_component id="oc-3e">
         <name>.text:retain</name>
         <load_address>0x1173c</load_address>
         <run_address>0x1173c</run_address>
         <size>0x2cc</size>
         <input_file_ref idref="fl-21"/>
      </object_component>
      <object_component id="oc-1e">
         <name>.text:retain</name>
         <load_address>0x11a08</load_address>
         <run_address>0x11a08</run_address>
         <size>0x288</size>
         <input_file_ref idref="fl-20"/>
      </object_component>
      <object_component id="oc-354">
         <name>.text</name>
         <load_address>0x11c90</load_address>
         <run_address>0x11c90</run_address>
         <size>0x278</size>
         <input_file_ref idref="fl-c"/>
      </object_component>
      <object_component id="oc-28e">
         <name>.text</name>
         <load_address>0x11f08</load_address>
         <run_address>0x11f08</run_address>
         <size>0x238</size>
         <input_file_ref idref="fl-d"/>
      </object_component>
      <object_component id="oc-364">
         <name>.text</name>
         <load_address>0x12140</load_address>
         <run_address>0x12140</run_address>
         <size>0x1b0</size>
         <input_file_ref idref="fl-f"/>
      </object_component>
      <object_component id="oc-19c">
         <name>.text</name>
         <load_address>0x122f0</load_address>
         <run_address>0x122f0</run_address>
         <size>0x160</size>
         <input_file_ref idref="fl-23"/>
      </object_component>
      <object_component id="oc-2d">
         <name>.text:retain</name>
         <load_address>0x12450</load_address>
         <run_address>0x12450</run_address>
         <size>0x15c</size>
         <input_file_ref idref="fl-8"/>
      </object_component>
      <object_component id="oc-29a">
         <name>.text</name>
         <load_address>0x125ac</load_address>
         <run_address>0x125ac</run_address>
         <size>0x158</size>
         <input_file_ref idref="fl-12"/>
      </object_component>
      <object_component id="oc-91">
         <name>.text</name>
         <load_address>0x12704</load_address>
         <run_address>0x12704</run_address>
         <size>0x134</size>
         <input_file_ref idref="fl-19"/>
      </object_component>
      <object_component id="oc-24">
         <name>.text:retain</name>
         <load_address>0x12838</load_address>
         <run_address>0x12838</run_address>
         <size>0x114</size>
         <input_file_ref idref="fl-5"/>
      </object_component>
      <object_component id="oc-b4">
         <name>.text</name>
         <load_address>0x1294c</load_address>
         <run_address>0x1294c</run_address>
         <size>0xe8</size>
         <input_file_ref idref="fl-2"/>
      </object_component>
      <object_component id="oc-99">
         <name>.text</name>
         <load_address>0x12a34</load_address>
         <run_address>0x12a34</run_address>
         <size>0xe4</size>
         <input_file_ref idref="fl-9"/>
      </object_component>
      <object_component id="oc-f7">
         <name>.text</name>
         <load_address>0x12b18</load_address>
         <run_address>0x12b18</run_address>
         <size>0xe0</size>
         <input_file_ref idref="fl-1e"/>
      </object_component>
      <object_component id="oc-55">
         <name>.text</name>
         <load_address>0x12bf8</load_address>
         <run_address>0x12bf8</run_address>
         <size>0x9c</size>
         <input_file_ref idref="fl-29"/>
      </object_component>
      <object_component id="oc-e1">
         <name>.text</name>
         <load_address>0x12c94</load_address>
         <run_address>0x12c94</run_address>
         <size>0x7a</size>
         <input_file_ref idref="fl-2b"/>
      </object_component>
      <object_component id="oc-11">
         <name>.text:decompress:lzss:__TI_decompress_lzss</name>
         <load_address>0x12d0e</load_address>
         <run_address>0x12d0e</run_address>
         <size>0x6c</size>
         <input_file_ref idref="fl-30"/>
      </object_component>
      <object_component id="oc-393">
         <name>.text</name>
         <load_address>0x12d7a</load_address>
         <run_address>0x12d7a</run_address>
         <size>0x2</size>
         <input_file_ref idref="fl-34"/>
      </object_component>
      <object_component id="oc-2cc">
         <name>.text</name>
         <load_address>0x12d7c</load_address>
         <run_address>0x12d7c</run_address>
         <size>0x50</size>
         <input_file_ref idref="fl-2a"/>
      </object_component>
      <object_component id="oc-105">
         <name>.text:__TI_auto_init_nobinit_nopinit:__TI_auto_init_nobinit_nopinit</name>
         <load_address>0x12dcc</load_address>
         <run_address>0x12dcc</run_address>
         <size>0x44</size>
         <input_file_ref idref="fl-2c"/>
      </object_component>
      <object_component id="oc-2a3">
         <name>.text:strlen</name>
         <load_address>0x12e10</load_address>
         <run_address>0x12e10</run_address>
         <size>0x16</size>
         <input_file_ref idref="fl-33"/>
      </object_component>
      <object_component id="oc-17">
         <name>.text:decompress:none:__TI_decompress_none</name>
         <load_address>0x12e26</load_address>
         <run_address>0x12e26</run_address>
         <size>0xe</size>
         <input_file_ref idref="fl-2f"/>
      </object_component>
      <object_component id="oc-67">
         <name>.text:decompress:ZI:__TI_zero_init</name>
         <load_address>0x12e34</load_address>
         <run_address>0x12e34</run_address>
         <size>0xc</size>
         <input_file_ref idref="fl-2e"/>
      </object_component>
      <object_component id="oc-147">
         <name>.text:abort:abort</name>
         <load_address>0x12e40</load_address>
         <run_address>0x12e40</run_address>
         <size>0x4</size>
         <input_file_ref idref="fl-31"/>
      </object_component>
      <object_component id="oc-38">
         <name>.text:retain</name>
         <load_address>0x12e44</load_address>
         <run_address>0x12e44</run_address>
         <size>0x4</size>
         <input_file_ref idref="fl-1c"/>
      </object_component>
      <object_component id="oc-78">
         <name>.text</name>
         <load_address>0x12e48</load_address>
         <run_address>0x12e48</run_address>
         <size>0x4</size>
         <input_file_ref idref="fl-20"/>
      </object_component>
      <object_component id="oc-2d1">
         <name>.const:het1PROGRAM</name>
         <load_address>0x12e4c</load_address>
         <run_address>0x12e4c</run_address>
         <size>0x3a0</size>
         <input_file_ref idref="fl-8"/>
      </object_component>
      <object_component id="oc-2a">
         <name>.const:s_vim_init</name>
         <load_address>0x131ec</load_address>
         <run_address>0x131ec</run_address>
         <size>0x200</size>
         <input_file_ref idref="fl-21"/>
      </object_component>
      <object_component id="oc-2d4">
         <name>.const:s_het1pwmPolarity</name>
         <load_address>0x133ec</load_address>
         <run_address>0x133ec</run_address>
         <size>0x20</size>
         <input_file_ref idref="fl-8"/>
      </object_component>
      <object_component id="oc-1cb">
         <name>.const:$P$T10$1</name>
         <load_address>0x1340c</load_address>
         <run_address>0x1340c</run_address>
         <size>0x8</size>
         <input_file_ref idref="fl-24"/>
      </object_component>
      <object_component id="oc-165">
         <name>.kernelBSS:init</name>
         <load_address>0x80008d0</load_address>
         <run_address>0x80008d0</run_address>
         <size>0x34</size>
         <input_file_ref idref="fl-12"/>
      </object_component>
      <object_component id="oc-2a0">
         <name>.kernelBSS:uninit</name>
         <load_address>0x8000800</load_address>
         <run_address>0x8000800</run_address>
         <size>0xd0</size>
         <input_file_ref idref="fl-12"/>
      </object_component>
      <object_component id="oc-3c2">
         <name>.kernelHEAP</name>
         <uninitialized>true</uninitialized>
         <run_address>0x8001000</run_address>
         <size>0x2000</size>
         <input_file_ref idref="fl-c"/>
      </object_component>
      <object_component id="oc-35d">
         <name>.bss:xStart</name>
         <uninitialized>true</uninitialized>
         <run_address>0x8003678</run_address>
         <size>0x8</size>
         <input_file_ref idref="fl-c"/>
      </object_component>
      <object_component id="oc-2be">
         <name>.bss:g_spiPacket_t</name>
         <uninitialized>true</uninitialized>
         <run_address>0x8003600</run_address>
         <size>0x78</size>
         <input_file_ref idref="fl-15"/>
      </object_component>
      <object_component id="oc-1a8">
         <name>.bss</name>
         <uninitialized>true</uninitialized>
         <run_address>0x8003680</run_address>
         <size>0x6</size>
         <input_file_ref idref="fl-24"/>
      </object_component>
      <object_component id="oc-13e">
         <name>.common:returnVarningClose</name>
         <uninitialized>true</uninitialized>
         <run_address>0x8003686</run_address>
         <size>0x1</size>
      </object_component>
      <object_component id="oc-2c8">
         <name>.common:pec15Table</name>
         <uninitialized>true</uninitialized>
         <run_address>0x8003000</run_address>
         <size>0x200</size>
      </object_component>
      <object_component id="oc-1b4">
         <name>.common:txBuffer</name>
         <uninitialized>true</uninitialized>
         <run_address>0x8003400</run_address>
         <size>0x200</size>
      </object_component>
      <object_component id="oc-1b8">
         <name>.common:rxBuffer</name>
         <uninitialized>true</uninitialized>
         <run_address>0x8003200</run_address>
         <size>0x200</size>
      </object_component>
      <object_component id="oc-1f5">
         <name>.common:uwTick</name>
         <uninitialized>true</uninitialized>
         <run_address>0x8003688</run_address>
         <size>0x4</size>
      </object_component>
      <object_component id="oc-1ab">
         <name>.common:slaveNumber</name>
         <uninitialized>true</uninitialized>
         <run_address>0x8003687</run_address>
         <size>0x1</size>
      </object_component>
      <object_component id="oc-35a">
         <name>.data</name>
         <load_address>0x8003730</load_address>
         <run_address>0x8003730</run_address>
         <size>0x10</size>
         <input_file_ref idref="fl-c"/>
      </object_component>
      <object_component id="oc-168">
         <name>.data</name>
         <load_address>0x80037e0</load_address>
         <run_address>0x80037e0</run_address>
         <size>0x8</size>
         <input_file_ref idref="fl-f"/>
      </object_component>
      <object_component id="oc-13b">
         <name>.data:ltcBat</name>
         <load_address>0x800368c</load_address>
         <run_address>0x800368c</run_address>
         <size>0xa4</size>
         <input_file_ref idref="fl-19"/>
      </object_component>
      <object_component id="oc-1ae">
         <name>.data:cmdWRCFGA_pu16</name>
         <load_address>0x80037c0</load_address>
         <run_address>0x80037c0</run_address>
         <size>0x8</size>
         <input_file_ref idref="fl-24"/>
      </object_component>
      <object_component id="oc-1b1">
         <name>.data:cmdWRCFGB_pu16</name>
         <load_address>0x80037c8</load_address>
         <run_address>0x80037c8</run_address>
         <size>0x8</size>
         <input_file_ref idref="fl-24"/>
      </object_component>
      <object_component id="oc-1bc">
         <name>.data:cmdRDCVA_pu16</name>
         <load_address>0x8003780</load_address>
         <run_address>0x8003780</run_address>
         <size>0x8</size>
         <input_file_ref idref="fl-24"/>
      </object_component>
      <object_component id="oc-1bf">
         <name>.data:cmdRDCVB_pu16</name>
         <load_address>0x8003788</load_address>
         <run_address>0x8003788</run_address>
         <size>0x8</size>
         <input_file_ref idref="fl-24"/>
      </object_component>
      <object_component id="oc-1c2">
         <name>.data:cmdRDCVC_pu16</name>
         <load_address>0x8003790</load_address>
         <run_address>0x8003790</run_address>
         <size>0x8</size>
         <input_file_ref idref="fl-24"/>
      </object_component>
      <object_component id="oc-1c5">
         <name>.data:cmdRDCVD_pu16</name>
         <load_address>0x8003798</load_address>
         <run_address>0x8003798</run_address>
         <size>0x8</size>
         <input_file_ref idref="fl-24"/>
      </object_component>
      <object_component id="oc-1c8">
         <name>.data:cmdRDCVE_pu16</name>
         <load_address>0x80037a0</load_address>
         <run_address>0x80037a0</run_address>
         <size>0x8</size>
         <input_file_ref idref="fl-24"/>
      </object_component>
      <object_component id="oc-1ce">
         <name>.data:cmdRDAUXA_pu16</name>
         <load_address>0x8003760</load_address>
         <run_address>0x8003760</run_address>
         <size>0x8</size>
         <input_file_ref idref="fl-24"/>
      </object_component>
      <object_component id="oc-1d1">
         <name>.data:cmdRDAUXB_pu16</name>
         <load_address>0x8003768</load_address>
         <run_address>0x8003768</run_address>
         <size>0x8</size>
         <input_file_ref idref="fl-24"/>
      </object_component>
      <object_component id="oc-1d4">
         <name>.data:cmdRDAUXC_pu16</name>
         <load_address>0x8003770</load_address>
         <run_address>0x8003770</run_address>
         <size>0x8</size>
         <input_file_ref idref="fl-24"/>
      </object_component>
      <object_component id="oc-1d7">
         <name>.data:cmdRDAUXD_pu16</name>
         <load_address>0x8003778</load_address>
         <run_address>0x8003778</run_address>
         <size>0x8</size>
         <input_file_ref idref="fl-24"/>
      </object_component>
      <object_component id="oc-1da">
         <name>.data:cmdRDSTATA_pu16</name>
         <load_address>0x80037a8</load_address>
         <run_address>0x80037a8</run_address>
         <size>0x8</size>
         <input_file_ref idref="fl-24"/>
      </object_component>
      <object_component id="oc-1dd">
         <name>.data:cmdRDSTATB_pu16</name>
         <load_address>0x80037b0</load_address>
         <run_address>0x80037b0</run_address>
         <size>0x8</size>
         <input_file_ref idref="fl-24"/>
      </object_component>
      <object_component id="oc-1e9">
         <name>.data:cmdWRPWM_pu16</name>
         <load_address>0x80037d8</load_address>
         <run_address>0x80037d8</run_address>
         <size>0x8</size>
         <input_file_ref idref="fl-24"/>
      </object_component>
      <object_component id="oc-1ec">
         <name>.data:cmdWRPSB_pu16</name>
         <load_address>0x80037d0</load_address>
         <run_address>0x80037d0</run_address>
         <size>0x8</size>
         <input_file_ref idref="fl-24"/>
      </object_component>
      <object_component id="oc-1e0">
         <name>.data:cmdCLRCELL_pu16</name>
         <load_address>0x8003748</load_address>
         <run_address>0x8003748</run_address>
         <size>0x8</size>
         <input_file_ref idref="fl-24"/>
      </object_component>
      <object_component id="oc-1e3">
         <name>.data:cmdCLRAUX_pu16</name>
         <load_address>0x8003740</load_address>
         <run_address>0x8003740</run_address>
         <size>0x8</size>
         <input_file_ref idref="fl-24"/>
      </object_component>
      <object_component id="oc-1e6">
         <name>.data:cmdCLRSTAT_pu16</name>
         <load_address>0x8003750</load_address>
         <run_address>0x8003750</run_address>
         <size>0x8</size>
         <input_file_ref idref="fl-24"/>
      </object_component>
      <object_component id="oc-1ef">
         <name>.data:cmdMute_pu16</name>
         <load_address>0x8003758</load_address>
         <run_address>0x8003758</run_address>
         <size>0x8</size>
         <input_file_ref idref="fl-24"/>
      </object_component>
      <object_component id="oc-1f2">
         <name>.data:cmdUnMute_pu16</name>
         <load_address>0x80037b8</load_address>
         <run_address>0x80037b8</run_address>
         <size>0x8</size>
         <input_file_ref idref="fl-24"/>
      </object_component>
      <object_component id="oc-1b9">
         <name>.data</name>
         <load_address>0x80037ec</load_address>
         <run_address>0x80037ec</run_address>
         <size>0x2</size>
         <input_file_ref idref="fl-24"/>
      </object_component>
      <object_component id="oc-1b5">
         <name>.data:spiDat_s</name>
         <load_address>0x80037e8</load_address>
         <run_address>0x80037e8</run_address>
         <size>0x4</size>
         <input_file_ref idref="fl-24"/>
      </object_component>
      <object_component id="oc-b5">
         <name>.debug_info</name>
         <load_address>0x0</load_address>
         <run_address>0x0</run_address>
         <size>0x124</size>
         <input_file_ref idref="fl-2"/>
      </object_component>
      <object_component id="oc-1fd">
         <name>.debug_info</name>
         <load_address>0x124</load_address>
         <run_address>0x124</run_address>
         <size>0x2ca</size>
         <input_file_ref idref="fl-3"/>
      </object_component>
      <object_component id="oc-31c">
         <name>.debug_info</name>
         <load_address>0x3ee</load_address>
         <run_address>0x3ee</run_address>
         <size>0x359</size>
         <input_file_ref idref="fl-3"/>
      </object_component>
      <object_component id="oc-16e">
         <name>.debug_info</name>
         <load_address>0x747</load_address>
         <run_address>0x747</run_address>
         <size>0x26b</size>
         <input_file_ref idref="fl-3"/>
      </object_component>
      <object_component id="oc-a0">
         <name>.debug_info</name>
         <load_address>0x9b2</load_address>
         <run_address>0x9b2</run_address>
         <size>0x157</size>
         <input_file_ref idref="fl-3"/>
      </object_component>
      <object_component id="oc-c1">
         <name>.debug_info</name>
         <load_address>0xb09</load_address>
         <run_address>0xb09</run_address>
         <size>0x8b</size>
         <input_file_ref idref="fl-3"/>
      </object_component>
      <object_component id="oc-bc">
         <name>.debug_info</name>
         <load_address>0xb94</load_address>
         <run_address>0xb94</run_address>
         <size>0x18c</size>
         <input_file_ref idref="fl-3"/>
      </object_component>
      <object_component id="oc-283">
         <name>.debug_info</name>
         <load_address>0xd20</load_address>
         <run_address>0xd20</run_address>
         <size>0x2a4</size>
         <input_file_ref idref="fl-3"/>
      </object_component>
      <object_component id="oc-15a">
         <name>.debug_info</name>
         <load_address>0xfc4</load_address>
         <run_address>0xfc4</run_address>
         <size>0xbb</size>
         <input_file_ref idref="fl-3"/>
      </object_component>
      <object_component id="oc-c6">
         <name>.debug_info</name>
         <load_address>0x107f</load_address>
         <run_address>0x107f</run_address>
         <size>0x86</size>
         <input_file_ref idref="fl-3"/>
      </object_component>
      <object_component id="oc-317">
         <name>.debug_info</name>
         <load_address>0x1105</load_address>
         <run_address>0x1105</run_address>
         <size>0x152</size>
         <input_file_ref idref="fl-3"/>
      </object_component>
      <object_component id="oc-18c">
         <name>.debug_info</name>
         <load_address>0x1257</load_address>
         <run_address>0x1257</run_address>
         <size>0x2d0</size>
         <input_file_ref idref="fl-3"/>
      </object_component>
      <object_component id="oc-20d">
         <name>.debug_info</name>
         <load_address>0x1527</load_address>
         <run_address>0x1527</run_address>
         <size>0x2d7</size>
         <input_file_ref idref="fl-4"/>
      </object_component>
      <object_component id="oc-73">
         <name>.debug_info</name>
         <load_address>0x17fe</load_address>
         <run_address>0x17fe</run_address>
         <size>0x6d0</size>
         <input_file_ref idref="fl-4"/>
      </object_component>
      <object_component id="oc-50">
         <name>.debug_info</name>
         <load_address>0x1ece</load_address>
         <run_address>0x1ece</run_address>
         <size>0x84</size>
         <input_file_ref idref="fl-4"/>
      </object_component>
      <object_component id="oc-e9">
         <name>.debug_info</name>
         <load_address>0x1f52</load_address>
         <run_address>0x1f52</run_address>
         <size>0x9e7</size>
         <input_file_ref idref="fl-4"/>
      </object_component>
      <object_component id="oc-104">
         <name>.debug_info</name>
         <load_address>0x2939</load_address>
         <run_address>0x2939</run_address>
         <size>0x32f</size>
         <input_file_ref idref="fl-5"/>
      </object_component>
      <object_component id="oc-8c">
         <name>.debug_info</name>
         <load_address>0x2c68</load_address>
         <run_address>0x2c68</run_address>
         <size>0xcdc</size>
         <input_file_ref idref="fl-5"/>
      </object_component>
      <object_component id="oc-25">
         <name>.debug_info</name>
         <load_address>0x3944</load_address>
         <run_address>0x3944</run_address>
         <size>0x1bc</size>
         <input_file_ref idref="fl-5"/>
      </object_component>
      <object_component id="oc-173">
         <name>.debug_info</name>
         <load_address>0x3b00</load_address>
         <run_address>0x3b00</run_address>
         <size>0x1de</size>
         <input_file_ref idref="fl-5"/>
      </object_component>
      <object_component id="oc-ff">
         <name>.debug_info</name>
         <load_address>0x3cde</load_address>
         <run_address>0x3cde</run_address>
         <size>0x129</size>
         <input_file_ref idref="fl-5"/>
      </object_component>
      <object_component id="oc-32a">
         <name>.debug_info</name>
         <load_address>0x3e07</load_address>
         <run_address>0x3e07</run_address>
         <size>0x2cc</size>
         <input_file_ref idref="fl-6"/>
      </object_component>
      <object_component id="oc-3a7">
         <name>.debug_info</name>
         <load_address>0x40d3</load_address>
         <run_address>0x40d3</run_address>
         <size>0xc6d</size>
         <input_file_ref idref="fl-6"/>
      </object_component>
      <object_component id="oc-3a2">
         <name>.debug_info</name>
         <load_address>0x4d40</load_address>
         <run_address>0x4d40</run_address>
         <size>0x396</size>
         <input_file_ref idref="fl-6"/>
      </object_component>
      <object_component id="oc-235">
         <name>.debug_info</name>
         <load_address>0x50d6</load_address>
         <run_address>0x50d6</run_address>
         <size>0x508</size>
         <input_file_ref idref="fl-6"/>
      </object_component>
      <object_component id="oc-325">
         <name>.debug_info</name>
         <load_address>0x55de</load_address>
         <run_address>0x55de</run_address>
         <size>0x43c</size>
         <input_file_ref idref="fl-6"/>
      </object_component>
      <object_component id="oc-268">
         <name>.debug_info</name>
         <load_address>0x5a1a</load_address>
         <run_address>0x5a1a</run_address>
         <size>0x2b2</size>
         <input_file_ref idref="fl-7"/>
      </object_component>
      <object_component id="oc-137">
         <name>.debug_info</name>
         <load_address>0x5ccc</load_address>
         <run_address>0x5ccc</run_address>
         <size>0x7ec</size>
         <input_file_ref idref="fl-7"/>
      </object_component>
      <object_component id="oc-17d">
         <name>.debug_info</name>
         <load_address>0x64b8</load_address>
         <run_address>0x64b8</run_address>
         <size>0x1f9</size>
         <input_file_ref idref="fl-7"/>
      </object_component>
      <object_component id="oc-341">
         <name>.debug_info</name>
         <load_address>0x66b1</load_address>
         <run_address>0x66b1</run_address>
         <size>0x12a</size>
         <input_file_ref idref="fl-7"/>
      </object_component>
      <object_component id="oc-2d8">
         <name>.debug_info</name>
         <load_address>0x67db</load_address>
         <run_address>0x67db</run_address>
         <size>0x381</size>
         <input_file_ref idref="fl-8"/>
      </object_component>
      <object_component id="oc-2d5">
         <name>.debug_info</name>
         <load_address>0x6b5c</load_address>
         <run_address>0x6b5c</run_address>
         <size>0x107</size>
         <input_file_ref idref="fl-8"/>
      </object_component>
      <object_component id="oc-2d2">
         <name>.debug_info</name>
         <load_address>0x6c63</load_address>
         <run_address>0x6c63</run_address>
         <size>0xfb</size>
         <input_file_ref idref="fl-8"/>
      </object_component>
      <object_component id="oc-1a6">
         <name>.debug_info</name>
         <load_address>0x6d5e</load_address>
         <run_address>0x6d5e</run_address>
         <size>0xf03</size>
         <input_file_ref idref="fl-8"/>
      </object_component>
      <object_component id="oc-30">
         <name>.debug_info</name>
         <load_address>0x7c61</load_address>
         <run_address>0x7c61</run_address>
         <size>0x28f</size>
         <input_file_ref idref="fl-8"/>
      </object_component>
      <object_component id="oc-205">
         <name>.debug_info</name>
         <load_address>0x7ef0</load_address>
         <run_address>0x7ef0</run_address>
         <size>0x2c</size>
         <input_file_ref idref="fl-8"/>
      </object_component>
      <object_component id="oc-221">
         <name>.debug_info</name>
         <load_address>0x7f1c</load_address>
         <run_address>0x7f1c</run_address>
         <size>0x35</size>
         <input_file_ref idref="fl-8"/>
      </object_component>
      <object_component id="oc-230">
         <name>.debug_info</name>
         <load_address>0x7f51</load_address>
         <run_address>0x7f51</run_address>
         <size>0x3d3</size>
         <input_file_ref idref="fl-8"/>
      </object_component>
      <object_component id="oc-2d9">
         <name>.debug_info</name>
         <load_address>0x8324</load_address>
         <run_address>0x8324</run_address>
         <size>0x2e3</size>
         <input_file_ref idref="fl-8"/>
      </object_component>
      <object_component id="oc-154">
         <name>.debug_info</name>
         <load_address>0x8607</load_address>
         <run_address>0x8607</run_address>
         <size>0x4bf</size>
         <input_file_ref idref="fl-9"/>
      </object_component>
      <object_component id="oc-9a">
         <name>.debug_info</name>
         <load_address>0x8ac6</load_address>
         <run_address>0x8ac6</run_address>
         <size>0xb3f</size>
         <input_file_ref idref="fl-9"/>
      </object_component>
      <object_component id="oc-212">
         <name>.debug_info</name>
         <load_address>0x9605</load_address>
         <run_address>0x9605</run_address>
         <size>0x791</size>
         <input_file_ref idref="fl-9"/>
      </object_component>
      <object_component id="oc-217">
         <name>.debug_info</name>
         <load_address>0x9d96</load_address>
         <run_address>0x9d96</run_address>
         <size>0x4de</size>
         <input_file_ref idref="fl-9"/>
      </object_component>
      <object_component id="oc-21c">
         <name>.debug_info</name>
         <load_address>0xa274</load_address>
         <run_address>0xa274</run_address>
         <size>0x3ce</size>
         <input_file_ref idref="fl-9"/>
      </object_component>
      <object_component id="oc-27e">
         <name>.debug_info</name>
         <load_address>0xa642</load_address>
         <run_address>0xa642</run_address>
         <size>0x7cd</size>
         <input_file_ref idref="fl-9"/>
      </object_component>
      <object_component id="oc-155">
         <name>.debug_info</name>
         <load_address>0xae0f</load_address>
         <run_address>0xae0f</run_address>
         <size>0x673</size>
         <input_file_ref idref="fl-9"/>
      </object_component>
      <object_component id="oc-2c3">
         <name>.debug_info</name>
         <load_address>0xb482</load_address>
         <run_address>0xb482</run_address>
         <size>0x375</size>
         <input_file_ref idref="fl-9"/>
      </object_component>
      <object_component id="oc-226">
         <name>.debug_info</name>
         <load_address>0xb7f7</load_address>
         <run_address>0xb7f7</run_address>
         <size>0x437</size>
         <input_file_ref idref="fl-9"/>
      </object_component>
      <object_component id="oc-251">
         <name>.debug_info</name>
         <load_address>0xbc2e</load_address>
         <run_address>0xbc2e</run_address>
         <size>0x37b</size>
         <input_file_ref idref="fl-9"/>
      </object_component>
      <object_component id="oc-22b">
         <name>.debug_info</name>
         <load_address>0xbfa9</load_address>
         <run_address>0xbfa9</run_address>
         <size>0x1ca</size>
         <input_file_ref idref="fl-9"/>
      </object_component>
      <object_component id="oc-178">
         <name>.debug_info</name>
         <load_address>0xc173</load_address>
         <run_address>0xc173</run_address>
         <size>0x435</size>
         <input_file_ref idref="fl-9"/>
      </object_component>
      <object_component id="oc-244">
         <name>.debug_info</name>
         <load_address>0xc5a8</load_address>
         <run_address>0xc5a8</run_address>
         <size>0x551</size>
         <input_file_ref idref="fl-9"/>
      </object_component>
      <object_component id="oc-23a">
         <name>.debug_info</name>
         <load_address>0xcaf9</load_address>
         <run_address>0xcaf9</run_address>
         <size>0x1de</size>
         <input_file_ref idref="fl-9"/>
      </object_component>
      <object_component id="oc-26d">
         <name>.debug_info</name>
         <load_address>0xccd7</load_address>
         <run_address>0xccd7</run_address>
         <size>0x26c</size>
         <input_file_ref idref="fl-9"/>
      </object_component>
      <object_component id="oc-249">
         <name>.debug_info</name>
         <load_address>0xcf43</load_address>
         <run_address>0xcf43</run_address>
         <size>0x17a</size>
         <input_file_ref idref="fl-9"/>
      </object_component>
      <object_component id="oc-182">
         <name>.debug_info</name>
         <load_address>0xd0bd</load_address>
         <run_address>0xd0bd</run_address>
         <size>0x6a6</size>
         <input_file_ref idref="fl-9"/>
      </object_component>
      <object_component id="oc-187">
         <name>.debug_info</name>
         <load_address>0xd763</load_address>
         <run_address>0xd763</run_address>
         <size>0x13e</size>
         <input_file_ref idref="fl-9"/>
      </object_component>
      <object_component id="oc-376">
         <name>.debug_info</name>
         <load_address>0xd8a1</load_address>
         <run_address>0xd8a1</run_address>
         <size>0x1f0</size>
         <input_file_ref idref="fl-a"/>
      </object_component>
      <object_component id="oc-2b5">
         <name>.debug_info</name>
         <load_address>0xda91</load_address>
         <run_address>0xda91</run_address>
         <size>0x30c</size>
         <input_file_ref idref="fl-a"/>
      </object_component>
      <object_component id="oc-383">
         <name>.debug_info</name>
         <load_address>0xdd9d</load_address>
         <run_address>0xdd9d</run_address>
         <size>0x37f</size>
         <input_file_ref idref="fl-a"/>
      </object_component>
      <object_component id="oc-2aa">
         <name>.debug_info</name>
         <load_address>0xe11c</load_address>
         <run_address>0xe11c</run_address>
         <size>0xe1</size>
         <input_file_ref idref="fl-a"/>
      </object_component>
      <object_component id="oc-3da">
         <name>.debug_info</name>
         <load_address>0xe1fd</load_address>
         <run_address>0xe1fd</run_address>
         <size>0xcc</size>
         <input_file_ref idref="fl-a"/>
      </object_component>
      <object_component id="oc-2b0">
         <name>.debug_info</name>
         <load_address>0xe2c9</load_address>
         <run_address>0xe2c9</run_address>
         <size>0x2c</size>
         <input_file_ref idref="fl-a"/>
      </object_component>
      <object_component id="oc-36f">
         <name>.debug_info</name>
         <load_address>0xe2f5</load_address>
         <run_address>0xe2f5</run_address>
         <size>0x14c</size>
         <input_file_ref idref="fl-a"/>
      </object_component>
      <object_component id="oc-39f">
         <name>.debug_info</name>
         <load_address>0xe441</load_address>
         <run_address>0xe441</run_address>
         <size>0x695</size>
         <input_file_ref idref="fl-b"/>
      </object_component>
      <object_component id="oc-2e2">
         <name>.debug_info</name>
         <load_address>0xead6</load_address>
         <run_address>0xead6</run_address>
         <size>0x110</size>
         <input_file_ref idref="fl-b"/>
      </object_component>
      <object_component id="oc-3e2">
         <name>.debug_info</name>
         <load_address>0xebe6</load_address>
         <run_address>0xebe6</run_address>
         <size>0x39</size>
         <input_file_ref idref="fl-b"/>
      </object_component>
      <object_component id="oc-379">
         <name>.debug_info</name>
         <load_address>0xec1f</load_address>
         <run_address>0xec1f</run_address>
         <size>0x46</size>
         <input_file_ref idref="fl-b"/>
      </object_component>
      <object_component id="oc-3e7">
         <name>.debug_info</name>
         <load_address>0xec65</load_address>
         <run_address>0xec65</run_address>
         <size>0x62</size>
         <input_file_ref idref="fl-b"/>
      </object_component>
      <object_component id="oc-361">
         <name>.debug_info</name>
         <load_address>0xecc7</load_address>
         <run_address>0xecc7</run_address>
         <size>0x43d</size>
         <input_file_ref idref="fl-c"/>
      </object_component>
      <object_component id="oc-3c3">
         <name>.debug_info</name>
         <load_address>0xf104</load_address>
         <run_address>0xf104</run_address>
         <size>0xf5</size>
         <input_file_ref idref="fl-c"/>
      </object_component>
      <object_component id="oc-35e">
         <name>.debug_info</name>
         <load_address>0xf1f9</load_address>
         <run_address>0xf1f9</run_address>
         <size>0xf5</size>
         <input_file_ref idref="fl-c"/>
      </object_component>
      <object_component id="oc-35b">
         <name>.debug_info</name>
         <load_address>0xf2ee</load_address>
         <run_address>0xf2ee</run_address>
         <size>0x1a9</size>
         <input_file_ref idref="fl-c"/>
      </object_component>
      <object_component id="oc-289">
         <name>.debug_info</name>
         <load_address>0xf497</load_address>
         <run_address>0xf497</run_address>
         <size>0x5ca</size>
         <input_file_ref idref="fl-c"/>
      </object_component>
      <object_component id="oc-355">
         <name>.debug_info</name>
         <load_address>0xfa61</load_address>
         <run_address>0xfa61</run_address>
         <size>0x2fc</size>
         <input_file_ref idref="fl-c"/>
      </object_component>
      <object_component id="oc-3ca">
         <name>.debug_info</name>
         <load_address>0xfd5d</load_address>
         <run_address>0xfd5d</run_address>
         <size>0x62</size>
         <input_file_ref idref="fl-c"/>
      </object_component>
      <object_component id="oc-363">
         <name>.debug_info</name>
         <load_address>0xfdbf</load_address>
         <run_address>0xfdbf</run_address>
         <size>0x378</size>
         <input_file_ref idref="fl-d"/>
      </object_component>
      <object_component id="oc-291">
         <name>.debug_info</name>
         <load_address>0x10137</load_address>
         <run_address>0x10137</run_address>
         <size>0x54b</size>
         <input_file_ref idref="fl-d"/>
      </object_component>
      <object_component id="oc-36b">
         <name>.debug_info</name>
         <load_address>0x10682</load_address>
         <run_address>0x10682</run_address>
         <size>0x490</size>
         <input_file_ref idref="fl-f"/>
      </object_component>
      <object_component id="oc-169">
         <name>.debug_info</name>
         <load_address>0x10b12</load_address>
         <run_address>0x10b12</run_address>
         <size>0x143</size>
         <input_file_ref idref="fl-f"/>
      </object_component>
      <object_component id="oc-297">
         <name>.debug_info</name>
         <load_address>0x10c55</load_address>
         <run_address>0x10c55</run_address>
         <size>0x637</size>
         <input_file_ref idref="fl-f"/>
      </object_component>
      <object_component id="oc-368">
         <name>.debug_info</name>
         <load_address>0x1128c</load_address>
         <run_address>0x1128c</run_address>
         <size>0x3c4</size>
         <input_file_ref idref="fl-f"/>
      </object_component>
      <object_component id="oc-a8">
         <name>.debug_info</name>
         <load_address>0x11650</load_address>
         <run_address>0x11650</run_address>
         <size>0x5b9</size>
         <input_file_ref idref="fl-10"/>
      </object_component>
      <object_component id="oc-2af">
         <name>.debug_info</name>
         <load_address>0x11c09</load_address>
         <run_address>0x11c09</run_address>
         <size>0x86c</size>
         <input_file_ref idref="fl-12"/>
      </object_component>
      <object_component id="oc-166">
         <name>.debug_info</name>
         <load_address>0x12475</load_address>
         <run_address>0x12475</run_address>
         <size>0x366</size>
         <input_file_ref idref="fl-12"/>
      </object_component>
      <object_component id="oc-2a1">
         <name>.debug_info</name>
         <load_address>0x127db</load_address>
         <run_address>0x127db</run_address>
         <size>0x292</size>
         <input_file_ref idref="fl-12"/>
      </object_component>
      <object_component id="oc-160">
         <name>.debug_info</name>
         <load_address>0x12a6d</load_address>
         <run_address>0x12a6d</run_address>
         <size>0x50ce</size>
         <input_file_ref idref="fl-12"/>
      </object_component>
      <object_component id="oc-29b">
         <name>.debug_info</name>
         <load_address>0x17b3b</load_address>
         <run_address>0x17b3b</run_address>
         <size>0x45c</size>
         <input_file_ref idref="fl-12"/>
      </object_component>
      <object_component id="oc-37e">
         <name>.debug_info</name>
         <load_address>0x17f97</load_address>
         <run_address>0x17f97</run_address>
         <size>0x14e</size>
         <input_file_ref idref="fl-12"/>
      </object_component>
      <object_component id="oc-20f">
         <name>.debug_info</name>
         <load_address>0x180e5</load_address>
         <run_address>0x180e5</run_address>
         <size>0x299</size>
         <input_file_ref idref="fl-14"/>
      </object_component>
      <object_component id="oc-f2">
         <name>.debug_info</name>
         <load_address>0x1837e</load_address>
         <run_address>0x1837e</run_address>
         <size>0x232</size>
         <input_file_ref idref="fl-14"/>
      </object_component>
      <object_component id="oc-2c2">
         <name>.debug_info</name>
         <load_address>0x185b0</load_address>
         <run_address>0x185b0</run_address>
         <size>0x2e9</size>
         <input_file_ref idref="fl-15"/>
      </object_component>
      <object_component id="oc-2bf">
         <name>.debug_info</name>
         <load_address>0x18899</load_address>
         <run_address>0x18899</run_address>
         <size>0xff</size>
         <input_file_ref idref="fl-15"/>
      </object_component>
      <object_component id="oc-197">
         <name>.debug_info</name>
         <load_address>0x18998</load_address>
         <run_address>0x18998</run_address>
         <size>0x11d8</size>
         <input_file_ref idref="fl-15"/>
      </object_component>
      <object_component id="oc-38c">
         <name>.debug_info</name>
         <load_address>0x19b70</load_address>
         <run_address>0x19b70</run_address>
         <size>0xb9</size>
         <input_file_ref idref="fl-15"/>
      </object_component>
      <object_component id="oc-6e">
         <name>.debug_info</name>
         <load_address>0x19c29</load_address>
         <run_address>0x19c29</run_address>
         <size>0x981</size>
         <input_file_ref idref="fl-16"/>
      </object_component>
      <object_component id="oc-35">
         <name>.debug_info</name>
         <load_address>0x1a5aa</load_address>
         <run_address>0x1a5aa</run_address>
         <size>0x12c</size>
         <input_file_ref idref="fl-18"/>
      </object_component>
      <object_component id="oc-13f">
         <name>.debug_info</name>
         <load_address>0x1a6d6</load_address>
         <run_address>0x1a6d6</run_address>
         <size>0x547</size>
         <input_file_ref idref="fl-19"/>
      </object_component>
      <object_component id="oc-13c">
         <name>.debug_info</name>
         <load_address>0x1ac1d</load_address>
         <run_address>0x1ac1d</run_address>
         <size>0xf7</size>
         <input_file_ref idref="fl-19"/>
      </object_component>
      <object_component id="oc-92">
         <name>.debug_info</name>
         <load_address>0x1ad14</load_address>
         <run_address>0x1ad14</run_address>
         <size>0x300</size>
         <input_file_ref idref="fl-19"/>
      </object_component>
      <object_component id="oc-142">
         <name>.debug_info</name>
         <load_address>0x1b014</load_address>
         <run_address>0x1b014</run_address>
         <size>0x12ce</size>
         <input_file_ref idref="fl-19"/>
      </object_component>
      <object_component id="oc-32b">
         <name>.debug_info</name>
         <load_address>0x1c2e2</load_address>
         <run_address>0x1c2e2</run_address>
         <size>0x2b8</size>
         <input_file_ref idref="fl-1b"/>
      </object_component>
      <object_component id="oc-3ae">
         <name>.debug_info</name>
         <load_address>0x1c59a</load_address>
         <run_address>0x1c59a</run_address>
         <size>0x242</size>
         <input_file_ref idref="fl-1b"/>
      </object_component>
      <object_component id="oc-23f">
         <name>.debug_info</name>
         <load_address>0x1c7dc</load_address>
         <run_address>0x1c7dc</run_address>
         <size>0x2af</size>
         <input_file_ref idref="fl-1b"/>
      </object_component>
      <object_component id="oc-3b">
         <name>.debug_info</name>
         <load_address>0x1ca8b</load_address>
         <run_address>0x1ca8b</run_address>
         <size>0x16d</size>
         <input_file_ref idref="fl-1c"/>
      </object_component>
      <object_component id="oc-f9">
         <name>.debug_info</name>
         <load_address>0x1cbf8</load_address>
         <run_address>0x1cbf8</run_address>
         <size>0x40f</size>
         <input_file_ref idref="fl-1e"/>
      </object_component>
      <object_component id="oc-fd">
         <name>.debug_info</name>
         <load_address>0x1d007</load_address>
         <run_address>0x1d007</run_address>
         <size>0x68e</size>
         <input_file_ref idref="fl-1f"/>
      </object_component>
      <object_component id="oc-85">
         <name>.debug_info</name>
         <load_address>0x1d695</load_address>
         <run_address>0x1d695</run_address>
         <size>0x339f</size>
         <input_file_ref idref="fl-1f"/>
      </object_component>
      <object_component id="oc-1f">
         <name>.debug_info</name>
         <load_address>0x20a34</load_address>
         <run_address>0x20a34</run_address>
         <size>0x613</size>
         <input_file_ref idref="fl-20"/>
      </object_component>
      <object_component id="oc-79">
         <name>.debug_info</name>
         <load_address>0x21047</load_address>
         <run_address>0x21047</run_address>
         <size>0x166</size>
         <input_file_ref idref="fl-20"/>
      </object_component>
      <object_component id="oc-ac">
         <name>.debug_info</name>
         <load_address>0x211ad</load_address>
         <run_address>0x211ad</run_address>
         <size>0x526</size>
         <input_file_ref idref="fl-21"/>
      </object_component>
      <object_component id="oc-2b">
         <name>.debug_info</name>
         <load_address>0x216d3</load_address>
         <run_address>0x216d3</run_address>
         <size>0xfd</size>
         <input_file_ref idref="fl-21"/>
      </object_component>
      <object_component id="oc-40">
         <name>.debug_info</name>
         <load_address>0x217d0</load_address>
         <run_address>0x217d0</run_address>
         <size>0x507</size>
         <input_file_ref idref="fl-21"/>
      </object_component>
      <object_component id="oc-47">
         <name>.debug_info</name>
         <load_address>0x21cd7</load_address>
         <run_address>0x21cd7</run_address>
         <size>0x230</size>
         <input_file_ref idref="fl-21"/>
      </object_component>
      <object_component id="oc-191">
         <name>.debug_info</name>
         <load_address>0x21f07</load_address>
         <run_address>0x21f07</run_address>
         <size>0x4f</size>
         <input_file_ref idref="fl-21"/>
      </object_component>
      <object_component id="oc-f6">
         <name>.debug_info</name>
         <load_address>0x21f56</load_address>
         <run_address>0x21f56</run_address>
         <size>0x53b</size>
         <input_file_ref idref="fl-22"/>
      </object_component>
      <object_component id="oc-81">
         <name>.debug_info</name>
         <load_address>0x22491</load_address>
         <run_address>0x22491</run_address>
         <size>0x8fa</size>
         <input_file_ref idref="fl-22"/>
      </object_component>
      <object_component id="oc-2c9">
         <name>.debug_info</name>
         <load_address>0x22d8b</load_address>
         <run_address>0x22d8b</run_address>
         <size>0x2b6</size>
         <input_file_ref idref="fl-23"/>
      </object_component>
      <object_component id="oc-19f">
         <name>.debug_info</name>
         <load_address>0x23041</load_address>
         <run_address>0x23041</run_address>
         <size>0x260</size>
         <input_file_ref idref="fl-23"/>
      </object_component>
      <object_component id="oc-1ac">
         <name>.debug_info</name>
         <load_address>0x232a1</load_address>
         <run_address>0x232a1</run_address>
         <size>0x5b8</size>
         <input_file_ref idref="fl-24"/>
      </object_component>
      <object_component id="oc-1af">
         <name>.debug_info</name>
         <load_address>0x23859</load_address>
         <run_address>0x23859</run_address>
         <size>0xff</size>
         <input_file_ref idref="fl-24"/>
      </object_component>
      <object_component id="oc-1b2">
         <name>.debug_info</name>
         <load_address>0x23958</load_address>
         <run_address>0x23958</run_address>
         <size>0xff</size>
         <input_file_ref idref="fl-24"/>
      </object_component>
      <object_component id="oc-1bd">
         <name>.debug_info</name>
         <load_address>0x23a57</load_address>
         <run_address>0x23a57</run_address>
         <size>0xfd</size>
         <input_file_ref idref="fl-24"/>
      </object_component>
      <object_component id="oc-1c0">
         <name>.debug_info</name>
         <load_address>0x23b54</load_address>
         <run_address>0x23b54</run_address>
         <size>0xfd</size>
         <input_file_ref idref="fl-24"/>
      </object_component>
      <object_component id="oc-1c3">
         <name>.debug_info</name>
         <load_address>0x23c51</load_address>
         <run_address>0x23c51</run_address>
         <size>0xfd</size>
         <input_file_ref idref="fl-24"/>
      </object_component>
      <object_component id="oc-1c6">
         <name>.debug_info</name>
         <load_address>0x23d4e</load_address>
         <run_address>0x23d4e</run_address>
         <size>0xfd</size>
         <input_file_ref idref="fl-24"/>
      </object_component>
      <object_component id="oc-1c9">
         <name>.debug_info</name>
         <load_address>0x23e4b</load_address>
         <run_address>0x23e4b</run_address>
         <size>0xfd</size>
         <input_file_ref idref="fl-24"/>
      </object_component>
      <object_component id="oc-1cf">
         <name>.debug_info</name>
         <load_address>0x23f48</load_address>
         <run_address>0x23f48</run_address>
         <size>0xff</size>
         <input_file_ref idref="fl-24"/>
      </object_component>
      <object_component id="oc-1d2">
         <name>.debug_info</name>
         <load_address>0x24047</load_address>
         <run_address>0x24047</run_address>
         <size>0xff</size>
         <input_file_ref idref="fl-24"/>
      </object_component>
      <object_component id="oc-1d5">
         <name>.debug_info</name>
         <load_address>0x24146</load_address>
         <run_address>0x24146</run_address>
         <size>0xff</size>
         <input_file_ref idref="fl-24"/>
      </object_component>
      <object_component id="oc-1d8">
         <name>.debug_info</name>
         <load_address>0x24245</load_address>
         <run_address>0x24245</run_address>
         <size>0xff</size>
         <input_file_ref idref="fl-24"/>
      </object_component>
      <object_component id="oc-1db">
         <name>.debug_info</name>
         <load_address>0x24344</load_address>
         <run_address>0x24344</run_address>
         <size>0x101</size>
         <input_file_ref idref="fl-24"/>
      </object_component>
      <object_component id="oc-1de">
         <name>.debug_info</name>
         <load_address>0x24445</load_address>
         <run_address>0x24445</run_address>
         <size>0x101</size>
         <input_file_ref idref="fl-24"/>
      </object_component>
      <object_component id="oc-1ea">
         <name>.debug_info</name>
         <load_address>0x24546</load_address>
         <run_address>0x24546</run_address>
         <size>0xfd</size>
         <input_file_ref idref="fl-24"/>
      </object_component>
      <object_component id="oc-1ed">
         <name>.debug_info</name>
         <load_address>0x24643</load_address>
         <run_address>0x24643</run_address>
         <size>0xfd</size>
         <input_file_ref idref="fl-24"/>
      </object_component>
      <object_component id="oc-1e1">
         <name>.debug_info</name>
         <load_address>0x24740</load_address>
         <run_address>0x24740</run_address>
         <size>0x101</size>
         <input_file_ref idref="fl-24"/>
      </object_component>
      <object_component id="oc-1e4">
         <name>.debug_info</name>
         <load_address>0x24841</load_address>
         <run_address>0x24841</run_address>
         <size>0xff</size>
         <input_file_ref idref="fl-24"/>
      </object_component>
      <object_component id="oc-1e7">
         <name>.debug_info</name>
         <load_address>0x24940</load_address>
         <run_address>0x24940</run_address>
         <size>0x101</size>
         <input_file_ref idref="fl-24"/>
      </object_component>
      <object_component id="oc-1f0">
         <name>.debug_info</name>
         <load_address>0x24a41</load_address>
         <run_address>0x24a41</run_address>
         <size>0xfb</size>
         <input_file_ref idref="fl-24"/>
      </object_component>
      <object_component id="oc-1f3">
         <name>.debug_info</name>
         <load_address>0x24b3c</load_address>
         <run_address>0x24b3c</run_address>
         <size>0xff</size>
         <input_file_ref idref="fl-24"/>
      </object_component>
      <object_component id="oc-1a9">
         <name>.debug_info</name>
         <load_address>0x24c3b</load_address>
         <run_address>0x24c3b</run_address>
         <size>0x108</size>
         <input_file_ref idref="fl-24"/>
      </object_component>
      <object_component id="oc-1ba">
         <name>.debug_info</name>
         <load_address>0x24d43</load_address>
         <run_address>0x24d43</run_address>
         <size>0xf5</size>
         <input_file_ref idref="fl-24"/>
      </object_component>
      <object_component id="oc-1b6">
         <name>.debug_info</name>
         <load_address>0x24e38</load_address>
         <run_address>0x24e38</run_address>
         <size>0xf3</size>
         <input_file_ref idref="fl-24"/>
      </object_component>
      <object_component id="oc-1cc">
         <name>.debug_info</name>
         <load_address>0x24f2b</load_address>
         <run_address>0x24f2b</run_address>
         <size>0xf3</size>
         <input_file_ref idref="fl-24"/>
      </object_component>
      <object_component id="oc-ae">
         <name>.debug_info</name>
         <load_address>0x2501e</load_address>
         <run_address>0x2501e</run_address>
         <size>0x218c</size>
         <input_file_ref idref="fl-24"/>
      </object_component>
      <object_component id="oc-1f7">
         <name>.debug_info</name>
         <load_address>0x271aa</load_address>
         <run_address>0x271aa</run_address>
         <size>0x12ce</size>
         <input_file_ref idref="fl-24"/>
      </object_component>
      <object_component id="oc-57">
         <name>.debug_info</name>
         <load_address>0x28478</load_address>
         <run_address>0x28478</run_address>
         <size>0x119</size>
         <input_file_ref idref="fl-29"/>
      </object_component>
      <object_component id="oc-2cf">
         <name>.debug_info</name>
         <load_address>0x28591</load_address>
         <run_address>0x28591</run_address>
         <size>0x151</size>
         <input_file_ref idref="fl-2a"/>
      </object_component>
      <object_component id="oc-e4">
         <name>.debug_info</name>
         <load_address>0x286e2</load_address>
         <run_address>0x286e2</run_address>
         <size>0x147</size>
         <input_file_ref idref="fl-2b"/>
      </object_component>
      <object_component id="oc-259">
         <name>.debug_info</name>
         <load_address>0x28829</load_address>
         <run_address>0x28829</run_address>
         <size>0x4b3</size>
         <input_file_ref idref="fl-2c"/>
      </object_component>
      <object_component id="oc-106">
         <name>.debug_info</name>
         <load_address>0x28cdc</load_address>
         <run_address>0x28cdc</run_address>
         <size>0x1a6</size>
         <input_file_ref idref="fl-2c"/>
      </object_component>
      <object_component id="oc-32e">
         <name>.debug_info</name>
         <load_address>0x28e82</load_address>
         <run_address>0x28e82</run_address>
         <size>0x39</size>
         <input_file_ref idref="fl-2c"/>
      </object_component>
      <object_component id="oc-3b3">
         <name>.debug_info</name>
         <load_address>0x28ebb</load_address>
         <run_address>0x28ebb</run_address>
         <size>0x39</size>
         <input_file_ref idref="fl-2c"/>
      </object_component>
      <object_component id="oc-333">
         <name>.debug_info</name>
         <load_address>0x28ef4</load_address>
         <run_address>0x28ef4</run_address>
         <size>0x39</size>
         <input_file_ref idref="fl-2c"/>
      </object_component>
      <object_component id="oc-338">
         <name>.debug_info</name>
         <load_address>0x28f2d</load_address>
         <run_address>0x28f2d</run_address>
         <size>0xcd</size>
         <input_file_ref idref="fl-2c"/>
      </object_component>
      <object_component id="oc-e0">
         <name>.debug_info</name>
         <load_address>0x28ffa</load_address>
         <run_address>0x28ffa</run_address>
         <size>0x2d4</size>
         <input_file_ref idref="fl-2e"/>
      </object_component>
      <object_component id="oc-69">
         <name>.debug_info</name>
         <load_address>0x292ce</load_address>
         <run_address>0x292ce</run_address>
         <size>0x1b5</size>
         <input_file_ref idref="fl-2e"/>
      </object_component>
      <object_component id="oc-db">
         <name>.debug_info</name>
         <load_address>0x29483</load_address>
         <run_address>0x29483</run_address>
         <size>0x46</size>
         <input_file_ref idref="fl-2e"/>
      </object_component>
      <object_component id="oc-60">
         <name>.debug_info</name>
         <load_address>0x294c9</load_address>
         <run_address>0x294c9</run_address>
         <size>0x2a3</size>
         <input_file_ref idref="fl-2f"/>
      </object_component>
      <object_component id="oc-18">
         <name>.debug_info</name>
         <load_address>0x2976c</load_address>
         <run_address>0x2976c</run_address>
         <size>0x1d5</size>
         <input_file_ref idref="fl-2f"/>
      </object_component>
      <object_component id="oc-5b">
         <name>.debug_info</name>
         <load_address>0x29941</load_address>
         <run_address>0x29941</run_address>
         <size>0x46</size>
         <input_file_ref idref="fl-2f"/>
      </object_component>
      <object_component id="oc-d3">
         <name>.debug_info</name>
         <load_address>0x29987</load_address>
         <run_address>0x29987</run_address>
         <size>0x2c</size>
         <input_file_ref idref="fl-2f"/>
      </object_component>
      <object_component id="oc-d1">
         <name>.debug_info</name>
         <load_address>0x299b3</load_address>
         <run_address>0x299b3</run_address>
         <size>0x29e</size>
         <input_file_ref idref="fl-30"/>
      </object_component>
      <object_component id="oc-12">
         <name>.debug_info</name>
         <load_address>0x29c51</load_address>
         <run_address>0x29c51</run_address>
         <size>0x250</size>
         <input_file_ref idref="fl-30"/>
      </object_component>
      <object_component id="oc-4b">
         <name>.debug_info</name>
         <load_address>0x29ea1</load_address>
         <run_address>0x29ea1</run_address>
         <size>0x60</size>
         <input_file_ref idref="fl-30"/>
      </object_component>
      <object_component id="oc-1fe">
         <name>.debug_info</name>
         <load_address>0x29f01</load_address>
         <run_address>0x29f01</run_address>
         <size>0x46</size>
         <input_file_ref idref="fl-30"/>
      </object_component>
      <object_component id="oc-cc">
         <name>.debug_info</name>
         <load_address>0x29f47</load_address>
         <run_address>0x29f47</run_address>
         <size>0x39</size>
         <input_file_ref idref="fl-30"/>
      </object_component>
      <object_component id="oc-148">
         <name>.debug_info</name>
         <load_address>0x29f80</load_address>
         <run_address>0x29f80</run_address>
         <size>0x122</size>
         <input_file_ref idref="fl-31"/>
      </object_component>
      <object_component id="oc-375">
         <name>.debug_info</name>
         <load_address>0x2a0a2</load_address>
         <run_address>0x2a0a2</run_address>
         <size>0x28f</size>
         <input_file_ref idref="fl-33"/>
      </object_component>
      <object_component id="oc-2a7">
         <name>.debug_info</name>
         <load_address>0x2a331</load_address>
         <run_address>0x2a331</run_address>
         <size>0x245</size>
         <input_file_ref idref="fl-33"/>
      </object_component>
      <object_component id="oc-396">
         <name>.debug_info</name>
         <load_address>0x2a576</load_address>
         <run_address>0x2a576</run_address>
         <size>0x115</size>
         <input_file_ref idref="fl-34"/>
      </object_component>
      <object_component id="oc-41b">
         <name>.debug_info</name>
         <load_address>0x2a68b</load_address>
         <run_address>0x2a68b</run_address>
         <size>0xb3</size>
      </object_component>
      <object_component id="oc-b8">
         <name>.debug_line</name>
         <load_address>0x0</load_address>
         <run_address>0x0</run_address>
         <size>0x84</size>
         <input_file_ref idref="fl-2"/>
      </object_component>
      <object_component id="oc-316">
         <name>.debug_line</name>
         <load_address>0x84</load_address>
         <run_address>0x84</run_address>
         <size>0x20</size>
         <input_file_ref idref="fl-3"/>
      </object_component>
      <object_component id="oc-31f">
         <name>.debug_line</name>
         <load_address>0xa4</load_address>
         <run_address>0xa4</run_address>
         <size>0x7d</size>
         <input_file_ref idref="fl-3"/>
      </object_component>
      <object_component id="oc-171">
         <name>.debug_line</name>
         <load_address>0x121</load_address>
         <run_address>0x121</run_address>
         <size>0x6f</size>
         <input_file_ref idref="fl-3"/>
      </object_component>
      <object_component id="oc-a3">
         <name>.debug_line</name>
         <load_address>0x190</load_address>
         <run_address>0x190</run_address>
         <size>0x85</size>
         <input_file_ref idref="fl-3"/>
      </object_component>
      <object_component id="oc-c4">
         <name>.debug_line</name>
         <load_address>0x215</load_address>
         <run_address>0x215</run_address>
         <size>0x20</size>
         <input_file_ref idref="fl-3"/>
      </object_component>
      <object_component id="oc-bf">
         <name>.debug_line</name>
         <load_address>0x235</load_address>
         <run_address>0x235</run_address>
         <size>0x80</size>
         <input_file_ref idref="fl-3"/>
      </object_component>
      <object_component id="oc-286">
         <name>.debug_line</name>
         <load_address>0x2b5</load_address>
         <run_address>0x2b5</run_address>
         <size>0x73</size>
         <input_file_ref idref="fl-3"/>
      </object_component>
      <object_component id="oc-15d">
         <name>.debug_line</name>
         <load_address>0x328</load_address>
         <run_address>0x328</run_address>
         <size>0x70</size>
         <input_file_ref idref="fl-3"/>
      </object_component>
      <object_component id="oc-c9">
         <name>.debug_line</name>
         <load_address>0x398</load_address>
         <run_address>0x398</run_address>
         <size>0x83</size>
         <input_file_ref idref="fl-3"/>
      </object_component>
      <object_component id="oc-31a">
         <name>.debug_line</name>
         <load_address>0x41b</load_address>
         <run_address>0x41b</run_address>
         <size>0x81</size>
         <input_file_ref idref="fl-3"/>
      </object_component>
      <object_component id="oc-18f">
         <name>.debug_line</name>
         <load_address>0x49c</load_address>
         <run_address>0x49c</run_address>
         <size>0x80</size>
         <input_file_ref idref="fl-3"/>
      </object_component>
      <object_component id="oc-322">
         <name>.debug_line</name>
         <load_address>0x51c</load_address>
         <run_address>0x51c</run_address>
         <size>0x20</size>
         <input_file_ref idref="fl-4"/>
      </object_component>
      <object_component id="oc-76">
         <name>.debug_line</name>
         <load_address>0x53c</load_address>
         <run_address>0x53c</run_address>
         <size>0x1f6</size>
         <input_file_ref idref="fl-4"/>
      </object_component>
      <object_component id="oc-53">
         <name>.debug_line</name>
         <load_address>0x732</load_address>
         <run_address>0x732</run_address>
         <size>0x20</size>
         <input_file_ref idref="fl-4"/>
[...]
      <symbol id="sm-928">
         <name>stcSelfCheck</name>
         <value>0x81b8</value>
         <object_component_ref idref="oc-84"/>
      </symbol>
      <symbol id="sm-929">
         <name>efcGetConfigValue</name>
         <value>0xa660</value>
         <object_component_ref idref="oc-84"/>
      </symbol>
      <symbol id="sm-92a">
         <name>can2ParityCheck</name>
         <value>0x94e8</value>
         <object_component_ref idref="oc-84"/>
      </symbol>
      <symbol id="sm-92b">
         <name>het1ParityCheck</name>
         <value>0x8f58</value>
         <object_component_ref idref="oc-84"/>
      </symbol>
      <symbol id="sm-92c">
         <name>adc1ParityCheck</name>
         <value>0x926c</value>
         <object_component_ref idref="oc-84"/>
      </symbol>
      <symbol id="sm-92d">
         <name>checkefcSelfTest</name>
         <value>0x87bc</value>
         <object_component_ref idref="oc-84"/>
      </symbol>
      <symbol id="sm-92e">
         <name>checkRAMECC</name>
         <value>0x99d0</value>
         <object_component_ref idref="oc-84"/>
      </symbol>
      <symbol id="sm-92f">
         <name>stcSelfCheckFail</name>
         <value>0x8df8</value>
         <object_component_ref idref="oc-84"/>
      </symbol>
      <symbol id="sm-930">
         <name>ccmSelfCheck</name>
         <value>0x8030</value>
         <object_component_ref idref="oc-84"/>
      </symbol>
      <symbol id="sm-931">
         <name>efcCheck</name>
         <value>0x8660</value>
         <object_component_ref idref="oc-84"/>
      </symbol>
      <symbol id="sm-932">
         <name>het2ParityCheck</name>
         <value>0x90c0</value>
         <object_component_ref idref="oc-84"/>
      </symbol>
      <symbol id="sm-933">
         <name>adc2ParityCheck</name>
         <value>0x9358</value>
         <object_component_ref idref="oc-84"/>
      </symbol>
      <symbol id="sm-934">
         <name>cpuSelfTest</name>
         <value>0x8234</value>
         <object_component_ref idref="oc-84"/>
      </symbol>
      <symbol id="sm-935">
         <name>htu1ParityCheck</name>
         <value>0x9004</value>
         <object_component_ref idref="oc-84"/>
      </symbol>
      <symbol id="sm-936">
         <name>checkFlashECC</name>
         <value>0x8d18</value>
         <object_component_ref idref="oc-84"/>
      </symbol>
      <symbol id="sm-937">
         <name>cpuSelfTestFail</name>
         <value>0x8dfc</value>
         <object_component_ref idref="oc-84"/>
      </symbol>
      <symbol id="sm-938">
         <name>checkPLL1Slip</name>
         <value>0x9e8c</value>
         <object_component_ref idref="oc-84"/>
      </symbol>
      <symbol id="sm-939">
         <name>mibspi1ParityCheck</name>
         <value>0x9684</value>
         <object_component_ref idref="oc-84"/>
      </symbol>
      <symbol id="sm-93a">
         <name>ccmr4GetConfigValue</name>
         <value>0xa6fc</value>
         <object_component_ref idref="oc-84"/>
      </symbol>
      <symbol id="sm-93b">
         <name>htu2ParityCheck</name>
         <value>0x91bc</value>
         <object_component_ref idref="oc-84"/>
      </symbol>
      <symbol id="sm-93c">
         <name>pbistPortTestStatus</name>
         <value>0x8608</value>
         <object_component_ref idref="oc-84"/>
      </symbol>
      <symbol id="sm-93d">
         <name>checkFlashEEPROMECC</name>
         <value>0x9cf4</value>
         <object_component_ref idref="oc-84"/>
      </symbol>
      <symbol id="sm-93e">
         <name>pbistGetConfigValue</name>
         <value>0xa470</value>
         <object_component_ref idref="oc-84"/>
      </symbol>
      <symbol id="sm-93f">
         <name>vimParityCheck</name>
         <value>0x8e00</value>
         <object_component_ref idref="oc-84"/>
      </symbol>
      <symbol id="sm-940">
         <name>pbistIsTestCompleted</name>
         <value>0x85a8</value>
         <object_component_ref idref="oc-84"/>
      </symbol>
      <symbol id="sm-941">
         <name>disableParity</name>
         <value>0xab58</value>
         <object_component_ref idref="oc-84"/>
      </symbol>
      <symbol id="sm-942">
         <name>pbistRun</name>
         <value>0x84ac</value>
         <object_component_ref idref="oc-84"/>
      </symbol>
      <symbol id="sm-943">
         <name>pbistFail</name>
         <value>0xa3ec</value>
         <object_component_ref idref="oc-84"/>
      </symbol>
      <symbol id="sm-944">
         <name>selftestFailNotification</name>
         <value>0x8020</value>
         <object_component_ref idref="oc-84"/>
      </symbol>
      <symbol id="sm-945">
         <name>errata_PBIST_4</name>
         <value>0xa76c</value>
         <object_component_ref idref="oc-84"/>
      </symbol>
      <symbol id="sm-946">
         <name>mibspi3ParityCheck</name>
         <value>0x978c</value>
         <object_component_ref idref="oc-84"/>
      </symbol>
      <symbol id="sm-947">
         <name>efcSelfTest</name>
         <value>0x8794</value>
         <object_component_ref idref="oc-84"/>
      </symbol>
      <symbol id="sm-948">
         <name>checkB1RAMECC</name>
         <value>0x8b28</value>
         <object_component_ref idref="oc-84"/>
      </symbol>
      <symbol id="sm-949">
         <name>pbistStop</name>
         <value>0x8578</value>
         <object_component_ref idref="oc-84"/>
      </symbol>
      <symbol id="sm-94a">
         <name>can3ParityCheck</name>
         <value>0x95b0</value>
         <object_component_ref idref="oc-84"/>
      </symbol>
      <symbol id="sm-94b">
         <name>checkRAMAddrParity</name>
         <value>0xa050</value>
         <object_component_ref idref="oc-84"/>
      </symbol>
      <symbol id="sm-94c">
         <name>mibspi5ParityCheck</name>
         <value>0x98b0</value>
         <object_component_ref idref="oc-84"/>
      </symbol>
      <symbol id="sm-94d">
         <name>checkB0RAMECC</name>
         <value>0x8938</value>
         <object_component_ref idref="oc-84"/>
      </symbol>
      <symbol id="sm-94e">
         <name>stcGetConfigValue</name>
         <value>0xa5bc</value>
         <object_component_ref idref="oc-84"/>
      </symbol>
      <symbol id="sm-94f">
         <name>pbistIsTestPassed</name>
         <value>0x85d4</value>
         <object_component_ref idref="oc-84"/>
      </symbol>
      <symbol id="sm-950">
         <name>checkClockMonitor</name>
         <value>0x9c18</value>
         <object_component_ref idref="oc-84"/>
      </symbol>
      <symbol id="sm-951">
         <name>fmcECCcheck</name>
         <value>0x8898</value>
         <object_component_ref idref="oc-84"/>
      </symbol>
      <symbol id="sm-952">
         <name>fmcBus2Check</name>
         <value>0x885c</value>
         <object_component_ref idref="oc-84"/>
      </symbol>
      <symbol id="sm-953">
         <name>checkRAMUERRTest</name>
         <value>0xa15c</value>
         <object_component_ref idref="oc-84"/>
      </symbol>
      <symbol id="sm-954">
         <name>efcStuckZeroTest</name>
         <value>0x86e8</value>
         <object_component_ref idref="oc-84"/>
      </symbol>
      <symbol id="sm-955">
         <name>checkPLL2Slip</name>
         <value>0x9f8c</value>
         <object_component_ref idref="oc-84"/>
      </symbol>
      <symbol id="sm-987">
         <name>_c_int00</name>
         <value>0x11a08</value>
         <object_component_ref idref="oc-1e"/>
      </symbol>
      <symbol id="sm-988">
         <name>handlePLLLockFail</name>
         <value>0x12e48</value>
         <object_component_ref idref="oc-78"/>
      </symbol>
      <symbol id="sm-a38">
         <name>vimChannelMap</name>
         <value>0xe82c</value>
         <object_component_ref idref="oc-3f"/>
      </symbol>
      <symbol id="sm-a39">
         <name>vimInit</name>
         <value>0xe758</value>
         <object_component_ref idref="oc-3f"/>
      </symbol>
      <symbol id="sm-a3a">
         <name>vimEnableInterrupt</name>
         <value>0xe8d0</value>
         <object_component_ref idref="oc-3f"/>
      </symbol>
      <symbol id="sm-a3b">
         <name>vimDisableInterrupt</name>
         <value>0xea98</value>
         <object_component_ref idref="oc-3f"/>
      </symbol>
      <symbol id="sm-a3c">
         <name>vimGetConfigValue</name>
         <value>0xeb44</value>
         <object_component_ref idref="oc-3f"/>
      </symbol>
      <symbol id="sm-a3d">
         <name>vimParityErrorHandler</name>
         <value>0x1173c</value>
         <object_component_ref idref="oc-3e"/>
      </symbol>
      <symbol id="sm-a98">
         <name>systemGetConfigValue</name>
         <value>0xdf80</value>
         <object_component_ref idref="oc-7e"/>
      </symbol>
      <symbol id="sm-a99">
         <name>trimLPO</name>
         <value>0xdc54</value>
         <object_component_ref idref="oc-7e"/>
      </symbol>
      <symbol id="sm-a9a">
         <name>systemInit</name>
         <value>0xde84</value>
         <object_component_ref idref="oc-7e"/>
      </symbol>
      <symbol id="sm-a9b">
         <name>customTrimLPO</name>
         <value>0xe67c</value>
         <object_component_ref idref="oc-7e"/>
      </symbol>
      <symbol id="sm-a9c">
         <name>tcmflashGetConfigValue</name>
         <value>0xe394</value>
         <object_component_ref idref="oc-7e"/>
      </symbol>
      <symbol id="sm-a9d">
         <name>sramGetConfigValue</name>
         <value>0xe540</value>
         <object_component_ref idref="oc-7e"/>
      </symbol>
      <symbol id="sm-a9e">
         <name>periphInit</name>
         <value>0xdd08</value>
         <object_component_ref idref="oc-7e"/>
      </symbol>
      <symbol id="sm-a9f">
         <name>setupFlash</name>
         <value>0xdcc8</value>
         <object_component_ref idref="oc-7e"/>
      </symbol>
      <symbol id="sm-aa0">
         <name>setupPLL</name>
         <value>0xdbf4</value>
         <object_component_ref idref="oc-7e"/>
      </symbol>
      <symbol id="sm-aa1">
         <name>mapClocks</name>
         <value>0xdd5c</value>
         <object_component_ref idref="oc-7e"/>
      </symbol>
      <symbol id="sm-aa2">
         <name>systemPowerDown</name>
         <value>0xdf50</value>
         <object_component_ref idref="oc-7e"/>
      </symbol>
      <symbol id="sm-abb">
         <name>pec15Table</name>
         <value>0x8003000</value>
      </symbol>
      <symbol id="sm-abc">
         <name>init_PEC15_Table</name>
         <value>0x122f0</value>
         <object_component_ref idref="oc-19c"/>
      </symbol>
      <symbol id="sm-abd">
         <name>AE_pec15</name>
         <value>0x123b0</value>
         <object_component_ref idref="oc-19c"/>
      </symbol>
      <symbol id="sm-c2f">
         <name>txBuffer</name>
         <value>0x8003400</value>
      </symbol>
      <symbol id="sm-c30">
         <name>rxBuffer</name>
         <value>0x8003200</value>
      </symbol>
      <symbol id="sm-c31">
         <name>uwTick</name>
         <value>0x8003688</value>
      </symbol>
      <symbol id="sm-c32">
         <name>slaveNumber</name>
         <value>0x8003687</value>
      </symbol>
      <symbol id="sm-c33">
         <name>AE_ltcStartPwm</name>
         <value>0xc20c</value>
         <object_component_ref idref="oc-ad"/>
      </symbol>
      <symbol id="sm-c34">
         <name>pwmNotification</name>
         <value>0xcc2c</value>
         <object_component_ref idref="oc-ad"/>
      </symbol>
      <symbol id="sm-c35">
         <name>AE_ltcClearCellAdc</name>
         <value>0xc03c</value>
         <object_component_ref idref="oc-ad"/>
      </symbol>
      <symbol id="sm-c36">
         <name>AE_ltcAdcMeasureState</name>
         <value>0xb774</value>
         <object_component_ref idref="oc-ad"/>
      </symbol>
      <symbol id="sm-c37">
         <name>AE_delayMs</name>
         <value>0xcc60</value>
         <object_component_ref idref="oc-ad"/>
      </symbol>
      <symbol id="sm-c38">
         <name>AE_ltcStartGpioAdc</name>
         <value>0xb7e0</value>
         <object_component_ref idref="oc-ad"/>
      </symbol>
      <symbol id="sm-c39">
         <name>AE_ltcWakeUpIdle</name>
         <value>0xb204</value>
         <object_component_ref idref="oc-ad"/>
      </symbol>
      <symbol id="sm-c3a">
         <name>AE_ltcPausePwm</name>
         <value>0xc324</value>
         <object_component_ref idref="oc-ad"/>
      </symbol>
      <symbol id="sm-c3b">
         <name>AE_ltcInit</name>
         <value>0xacfc</value>
         <object_component_ref idref="oc-ad"/>
      </symbol>
      <symbol id="sm-c3c">
         <name>AE_ltcIsGpioOpenWire</name>
         <value>0xc930</value>
         <object_component_ref idref="oc-ad"/>
      </symbol>
      <symbol id="sm-c3d">
         <name>AE_ltcReadStatusRegB</name>
         <value>0xbe70</value>
         <object_component_ref idref="oc-ad"/>
      </symbol>
      <symbol id="sm-c3e">
         <name>AE_ltcReadStatusRegA</name>
         <value>0xbd20</value>
         <object_component_ref idref="oc-ad"/>
      </symbol>
      <symbol id="sm-c3f">
         <name>AE_ltcContinuePwm</name>
         <value>0xc36c</value>
         <object_component_ref idref="oc-ad"/>
      </symbol>
      <symbol id="sm-c40">
         <name>AE_ltcWakeUpSleep</name>
         <value>0xb184</value>
         <object_component_ref idref="oc-ad"/>
      </symbol>
      <symbol id="sm-c41">
         <name>AE_ltcIsCellOpenWire</name>
         <value>0xc628</value>
         <object_component_ref idref="oc-ad"/>
      </symbol>
      <symbol id="sm-c42">
         <name>AE_ltcWrite</name>
         <value>0xae34</value>
         <object_component_ref idref="oc-ad"/>
      </symbol>
      <symbol id="sm-c43">
         <name>AE_ltcStartCellAdc</name>
         <value>0xb65c</value>
         <object_component_ref idref="oc-ad"/>
      </symbol>
      <symbol id="sm-c44">
         <name>AE_ltcReadGPIOVoltage</name>
         <value>0xb8e4</value>
         <object_component_ref idref="oc-ad"/>
      </symbol>
      <symbol id="sm-c45">
         <name>AE_ltcStartStatusAdc</name>
         <value>0xbbfc</value>
         <object_component_ref idref="oc-ad"/>
      </symbol>
      <symbol id="sm-c46">
         <name>AE_ltcRead</name>
         <value>0xb00c</value>
         <object_component_ref idref="oc-ad"/>
      </symbol>
      <symbol id="sm-c47">
         <name>AE_ltcMinCellVolt</name>
         <value>0xc574</value>
         <object_component_ref idref="oc-ad"/>
      </symbol>
      <symbol id="sm-c48">
         <name>AE_ltcSetBalance</name>
         <value>0xc3bc</value>
         <object_component_ref idref="oc-ad"/>
      </symbol>
      <symbol id="sm-c49">
         <name>AE_ltcClearStatusAdc</name>
         <value>0xc168</value>
         <object_component_ref idref="oc-ad"/>
      </symbol>
      <symbol id="sm-c4a">
         <name>AE_ltcReadCellVoltage</name>
         <value>0xb27c</value>
         <object_component_ref idref="oc-ad"/>
      </symbol>
      <symbol id="sm-c4b">
         <name>spiDat_s</name>
         <value>0x80037e8</value>
         <object_component_ref idref="oc-1b5"/>
      </symbol>
      <symbol id="sm-c4c">
         <name>AE_ltcClearGpioAdc</name>
         <value>0xc0c8</value>
         <object_component_ref idref="oc-ad"/>
      </symbol>
      <symbol id="sm-c4d">
         <name>getUsTick</name>
         <value>0xcc54</value>
         <object_component_ref idref="oc-ad"/>
      </symbol>
      <symbol id="sm-c4e">
         <name>AE_delayTenUs</name>
         <value>0xcc9c</value>
         <object_component_ref idref="oc-ad"/>
      </symbol>
      <symbol id="sm-c4f">
         <name>AE_ltcReadStatusPwm</name>
         <value>0xc304</value>
         <object_component_ref idref="oc-ad"/>
      </symbol>
      <symbol id="sm-c50">
         <name>dummy_u16</name>
         <value>0x80037ec</value>
         <object_component_ref idref="oc-1b9"/>
      </symbol>
      <symbol id="sm-c6b">
         <name>memcpy</name>
         <value>0x12bf9</value>
         <object_component_ref idref="oc-55"/>
      </symbol>
      <symbol id="sm-c6c">
         <name>__aeabi_memcpy</name>
         <value>0x12bf9</value>
         <object_component_ref idref="oc-55"/>
      </symbol>
      <symbol id="sm-c6d">
         <name>__aeabi_memcpy8</name>
         <value>0x12bf9</value>
         <object_component_ref idref="oc-55"/>
      </symbol>
      <symbol id="sm-c6e">
         <name>__aeabi_memcpy4</name>
         <value>0x12bf9</value>
         <object_component_ref idref="oc-55"/>
      </symbol>
      <symbol id="sm-c7a">
         <name>__aeabi_uidivmod</name>
         <value>0x12d7c</value>
         <object_component_ref idref="oc-2cc"/>
      </symbol>
      <symbol id="sm-c7b">
         <name>__aeabi_uidiv</name>
         <value>0x12d7c</value>
         <object_component_ref idref="oc-2cc"/>
      </symbol>
      <symbol id="sm-c8a">
         <name>__aeabi_memset</name>
         <value>0x12c97</value>
         <object_component_ref idref="oc-e1"/>
      </symbol>
      <symbol id="sm-c8b">
         <name>memset</name>
         <value>0x12c9d</value>
         <object_component_ref idref="oc-e1"/>
      </symbol>
      <symbol id="sm-c8c">
         <name>__aeabi_memset8</name>
         <value>0x12c97</value>
         <object_component_ref idref="oc-e1"/>
      </symbol>
      <symbol id="sm-c8d">
         <name>__aeabi_memset4</name>
         <value>0x12c97</value>
         <object_component_ref idref="oc-e1"/>
      </symbol>
      <symbol id="sm-c8e">
         <name>__aeabi_memclr8</name>
         <value>0x12c95</value>
         <object_component_ref idref="oc-e1"/>
      </symbol>
      <symbol id="sm-c8f">
         <name>__aeabi_memclr4</name>
         <value>0x12c95</value>
         <object_component_ref idref="oc-e1"/>
      </symbol>
      <symbol id="sm-c90">
         <name>__aeabi_memclr</name>
         <value>0x12c95</value>
         <object_component_ref idref="oc-e1"/>
      </symbol>
      <symbol id="sm-cb8">
         <name>__TI_auto_init_nobinit_nopinit</name>
         <value>0x12dcd</value>
         <object_component_ref idref="oc-105"/>
      </symbol>
      <symbol id="sm-ccb">
         <name>__TI_zero_init</name>
         <value>0x12e35</value>
         <object_component_ref idref="oc-67"/>
      </symbol>
      <symbol id="sm-ce2">
         <name>__TI_decompress_none</name>
         <value>0x12e27</value>
         <object_component_ref idref="oc-17"/>
      </symbol>
      <symbol id="sm-d05">
         <name>__TI_decompress_lzss</name>
         <value>0x12d0f</value>
         <object_component_ref idref="oc-11"/>
      </symbol>
      <symbol id="sm-d10">
         <name>C$$EXIT</name>
         <value>0x12e41</value>
         <object_component_ref idref="oc-147"/>
      </symbol>
      <symbol id="sm-d11">
         <name>abort</name>
         <value>0x12e41</value>
         <object_component_ref idref="oc-147"/>
      </symbol>
      <symbol id="sm-d20">
         <name>strlen</name>
         <value>0x12e11</value>
         <object_component_ref idref="oc-2a3"/>
      </symbol>
      <symbol id="sm-d2a">
         <name>__aeabi_idiv0</name>
         <value>0x12d7b</value>
         <object_component_ref idref="oc-393"/>
      </symbol>
      <symbol id="sm-d2b">
         <name>__aeabi_ldiv0</name>
         <value>0x12d7b</value>
         <object_component_ref idref="oc-393"/>
      </symbol>
      <symbol id="sm-d2c">
         <name>__TI_static_base__</name>
         <value>0x0</value>
      </symbol>
      <symbol id="sm-d30">
         <name>SHT$$INIT_ARRAY$$Base</name>
         <value>0x0</value>
      </symbol>
      <symbol id="sm-d31">
         <name>SHT$$INIT_ARRAY$$Limit</name>
         <value>0x0</value>
      </symbol>
      <symbol id="sm-d32">
         <name>_system_post_cinit</name>
         <value>0x0</value>
      </symbol>
   </symbol_table>
   <title>Link successful</title>
</link_info>
