******************************************************************************
                  TI ARM Linker PC v20.2.5                     
******************************************************************************
>> Linked Wed Feb 21 17:13:14 2024

OUTPUT FILE NAME:   <009_Ltc6812.out>
ENTRY POINT SYMBOL: "_c_int00"  address: 0001306c


MEMORY CONFIGURATION

         name            origin    length      used     unused   attr    fill
----------------------  --------  ---------  --------  --------  ----  --------
  VECTORS               00000000   00000020  00000020  00000000     X
  KERNEL                00000020   00008000  000038d4  0000472c  R  X
  FLASH0                00008020   00137fe0  0000cdcc  0012b214  R  X
  STACKS                08000000   00000800  00000000  00000800  RW  
  KRAM                  08000800   00000800  00000104  000006fc  RW  
  RAM                   08001000   0002f000  00002910  0002c6f0  RW  


SEGMENT ALLOCATION MAP

run origin  load origin   length   init length attrs members
----------  ----------- ---------- ----------- ----- -------
00000000    00000000    000038f8   000038f8    r-x
  00000000    00000000    00000020   00000020    r-x .intvecs
  00000020    00000020    000037c4   000037c4    r-x .kernelTEXT
  000037e8    000037e8    00000110   00000110    r-- .cinit
00008020    00008020    0000cdcc   0000cdcc    r-x
  00008020    00008020    0000c80c   0000c80c    r-x .text
  0001482c    0001482c    000005c0   000005c0    r-- .const
08000800    08000800    00000104   00000000    rw-
  08000800    08000800    00000104   00000000    rw- .kernelBSS
08001000    08001000    00002912   00000000    rw-
  08001000    08001000    00002000   00000000    rw- .kernelHEAP
  08003000    08003000    00000696   00000000    rw- .bss
  08003698    08003698    0000027a   00000000    rw- .data


SECTION ALLOCATION MAP

 output                                  attributes/
section   page    origin      length       input sections
--------  ----  ----------  ----------   ----------------
.intvecs   0    00000000    00000020     
                  00000000    00000020     sys_intvecs.obj (.intvecs)

.kernelTEXT 
*          0    00000020    000037c4     
                  00000020    00002bb8     os_tasks.obj (.kernelTEXT)
                  00002bd8    000004b0     os_portasm.obj (.kernelTEXT)
                  00003088    000003e0     os_port.obj (.kernelTEXT)
                  00003468    0000037c     os_heap.obj (.kernelTEXT)

.cinit     0    000037e8    00000110     
                  000037e8    000000c7     (.cinit..data.load) [load image, compression = lzss]
                  000038af    00000001     --HOLE-- [fill = 0]
                  000038b0    0000000c     (__TI_handler_table)
                  000038bc    00000009     (.cinit..kernelBSS.load) [load image, compression = lzss]
                  000038c5    00000003     --HOLE-- [fill = 0]
                  000038c8    00000008     (.cinit..bss.load) [load image, compression = zero_init]
                  000038d0    00000008     (.cinit..kernelHEAP.load) [load image, compression = zero_init]
                  000038d8    00000020     (__TI_cinit_table)

.text      0    00008020    0000c80c     
                  00008020    00003670     ltc6812.obj (.text)
                  0000b690    00002cdc     sys_selftest.obj (.text)
                  0000e36c    00000eec     spi.obj (.text)
                  0000f258    00000b64     system.obj (.text)
                  0000fdbc    00000a58     sys_vim.obj (.text)
                  00010814    000008f0     het.obj (.text)
                  00011104    000008ac     pinmux.obj (.text)
                  000119b0    00000664     errata_SSWF021_45.obj (.text)
                  00012014    000005bc     esm.obj (.text)
                  000125d0    00000484     gio.obj (.text)
                  00012a54    0000034c     sys_core.obj (.text)
                  00012da0    000002cc     sys_vim.obj (.text:retain)
                  0001306c    00000288     sys_startup.obj (.text:retain)
                  000132f4    00000278     os_heap.obj (.text)
                  0001356c    00000238     os_list.obj (.text)
                  000137a4    000001e4     rtsv7R4_T_be_v3D16_eabi.lib : e_logf.c.obj (.text:logf)
                  00013988    000001b0     os_port.obj (.text)
                  00013b38    000001b0     sys_main.obj (.text)
                  00013ce8    00000160     crc15.obj (.text)
                  00013e48    0000015c     het.obj (.text:retain)
                  00013fa4    00000158     os_tasks.obj (.text)
                  000140fc    00000114     esm.obj (.text:retain)
                  00014210    00000114     temperature.obj (.text)
                  00014324    000000e8     dabort.obj (.text)
                  0001440c    000000e4     notification.obj (.text)
                  000144f0    000000e0     sys_pmu.obj (.text)
                  000145d0    0000009c     rtsv7R4_T_be_v3D16_eabi.lib : memcpy_t2.asm.obj (.text)
                  0001466c    0000007a                                 : memset_t2.asm.obj (.text)
                  000146e6    0000006c                                 : copy_decompress_lzss.c.obj (.text:decompress:lzss:__TI_decompress_lzss)
                  00014752    00000002                                 : div0.asm.obj (.text)
                  00014754    00000050                                 : u_div32.asm.obj (.text)
                  000147a4    00000044                                 : autoinit.c.obj (.text:__TI_auto_init_nobinit_nopinit:__TI_auto_init_nobinit_nopinit)
                  000147e8    00000016                                 : strlen.c.obj (.text:strlen)
                  000147fe    0000000e                                 : copy_decompress_none.c.obj (.text:decompress:none:__TI_decompress_none)
                  0001480c    0000000c                                 : copy_zero_init.c.obj (.text:decompress:ZI:__TI_zero_init)
                  00014818    00000008                                 : errno.c.obj (.text:__aeabi_errno_addr)
                  00014820    00000004                                 : exit.c.obj (.text:abort:abort)
                  00014824    00000004     sys_phantom.obj (.text:retain)
                  00014828    00000004     sys_startup.obj (.text)

.const     0    0001482c    000005c0     
                  0001482c    000003a0     het.obj (.const:het1PROGRAM)
                  00014bcc    00000200     sys_vim.obj (.const:s_vim_init)
                  00014dcc    00000020     het.obj (.const:s_het1pwmPolarity)

.kernelBSS 
*          0    08000800    00000104     UNINITIALIZED
                  08000800    000000d0     os_tasks.obj (.kernelBSS:uninit)
                  080008d0    00000034     os_tasks.obj (.kernelBSS:init)

.kernelHEAP 
*          0    08001000    00002000     UNINITIALIZED
                  08001000    00002000     os_heap.obj (.kernelHEAP)

.bss       0    08003000    00000696     UNINITIALIZED
                  08003000    00000200     ltc6812.obj (.bss:rxBuffer)
                  08003200    00000200     ltc6812.obj (.bss:txBuffer)
                  08003400    00000200     (.common:pec15Table)
                  08003600    00000078     spi.obj (.bss:g_spiPacket_t)
                  08003678    00000008     os_heap.obj (.bss:xStart)
                  08003680    00000008     (.common:minCellVoltages)
                  08003688    00000004     ltc6812.obj (.bss)
                  0800368c    00000004     (.common:ltcSpi_ps)
                  08003690    00000004     (.common:uwTick)
                  08003694    00000001     (.common:returnVarningClose)
                  08003695    00000001     (.common:status)

.data      0    08003698    0000027a     UNINITIALIZED
                  08003698    00000198     sys_main.obj (.data:ltcBat)
                  08003830    00000010     os_heap.obj (.data)
                  08003840    00000008     ltc6812.obj (.data:cmdCLRAUX_pu16)
                  08003848    00000008     ltc6812.obj (.data:cmdCLRCELL_pu16)
                  08003850    00000008     ltc6812.obj (.data:cmdCLRSTAT_pu16)
                  08003858    00000008     ltc6812.obj (.data:cmdMute_pu16)
                  08003860    00000008     ltc6812.obj (.data:cmdPladc_pu16)
                  08003868    00000008     ltc6812.obj (.data:cmdRDAUXA_pu16)
                  08003870    00000008     ltc6812.obj (.data:cmdRDAUXB_pu16)
                  08003878    00000008     ltc6812.obj (.data:cmdRDAUXC_pu16)
                  08003880    00000008     ltc6812.obj (.data:cmdRDAUXD_pu16)
                  08003888    00000008     ltc6812.obj (.data:cmdRDCFGA_pu16)
                  08003890    00000008     ltc6812.obj (.data:cmdRDCFGB_pu16)
                  08003898    00000008     ltc6812.obj (.data:cmdRDCVA_pu16)
                  080038a0    00000008     ltc6812.obj (.data:cmdRDCVB_pu16)
                  080038a8    00000008     ltc6812.obj (.data:cmdRDCVC_pu16)
                  080038b0    00000008     ltc6812.obj (.data:cmdRDCVD_pu16)
                  080038b8    00000008     ltc6812.obj (.data:cmdRDCVE_pu16)
                  080038c0    00000008     ltc6812.obj (.data:cmdRDSTATA_pu16)
                  080038c8    00000008     ltc6812.obj (.data:cmdRDSTATB_pu16)
                  080038d0    00000008     ltc6812.obj (.data:cmdUnMute_pu16)
                  080038d8    00000008     ltc6812.obj (.data:cmdWRCFGA_pu16)
                  080038e0    00000008     ltc6812.obj (.data:cmdWRCFGB_pu16)
                  080038e8    00000008     ltc6812.obj (.data:cmdWRPSB_pu16)
                  080038f0    00000008     ltc6812.obj (.data:cmdWRPWM_pu16)
                  080038f8    00000008     sys_main.obj (.data:minBalanceVoltages)
                  08003900    00000008     os_port.obj (.data)
                  08003908    00000004     rtsv7R4_T_be_v3D16_eabi.lib : errno.c.obj (.data)
                  0800390c    00000004     ltc6812.obj (.data:spiDat_s)
                  08003910    00000002     ltc6812.obj (.data)

__llvm_prf_cnts 
*          0    08001000    00000000     UNINITIALIZED

MODULE SUMMARY

       Module                       code    ro data   rw data
       ------                       ----    -------   -------
    .\009_Ltc6812\source\
       os_tasks.obj                 11536   0         260    
       sys_selftest.obj             11484   0         0      
       os_heap.obj                  1524    0         8216   
       spi.obj                      3820    0         120    
       sys_vim.obj                  3364    512       0      
       het.obj                      2636    960       0      
       system.obj                   2916    0         0      
       pinmux.obj                   2220    0         0      
       esm.obj                      1744    0         0      
       errata_SSWF021_45.obj        1636    0         0      
       os_port.obj                  1424    0         8      
       os_portasm.obj               1200    0         0      
       gio.obj                      1156    0         0      
       sys_main.obj                 432     0         426    
       sys_core.obj                 844     0         0      
       sys_startup.obj              652     0         0      
       os_list.obj                  568     0         0      
       dabort.obj                   232     0         0      
       notification.obj             228     0         0      
       sys_pmu.obj                  224     0         0      
       sys_intvecs.obj              32      0         0      
       sys_phantom.obj              4       0         0      
    +--+----------------------------+-------+---------+---------+
       Total:                       49876   1472      9030   
                                                             
    .\ltc681x\crc\
       crc15.obj                    352     0         512    
    +--+----------------------------+-------+---------+---------+
       Total:                       352     0         512    
                                                             
    .\ltc681x\ltc\
       ltc6812.obj                  13936   0         1226   
    +--+----------------------------+-------+---------+---------+
       Total:                       13936   0         1226   
                                                             
    .\ltc681x\temperature\
       temperature.obj              276     0         0      
    +--+----------------------------+-------+---------+---------+
       Total:                       276     0         0      
                                                             
    C:/ti/ccs1120/ccs/tools/compiler/ti-cgt-arm_20.2.5.LTS/lib/rtsv7R4_T_be_v3D16_eabi.lib
       e_logf.c.obj                 484     0         0      
       memcpy_t2.asm.obj            156     0         0      
       memset_t2.asm.obj            122     0         0      
       copy_decompress_lzss.c.obj   108     0         0      
       u_div32.asm.obj              80      0         0      
       autoinit.c.obj               68      0         0      
       strlen.c.obj                 22      0         0      
       copy_decompress_none.c.obj   14      0         0      
       copy_zero_init.c.obj         12      0         0      
       errno.c.obj                  8       0         4      
       exit.c.obj                   4       0         0      
       div0.asm.obj                 2       0         0      
    +--+----------------------------+-------+---------+---------+
       Total:                       1080    0         4      
                                                             
       Linker Generated:            0       268       0      
    +--+----------------------------+-------+---------+---------+
       Grand Total:                 65520   1740      10772  


LINKER GENERATED COPY TABLES

__TI_cinit_table @ 000038d8 records: 4, size/record: 8, table size: 32
	.data: load addr=000037e8, load size=000000c7 bytes, run addr=08003698, run size=0000027a bytes, compression=lzss
	.kernelBSS: load addr=000038bc, load size=00000009 bytes, run addr=08000800, run size=00000104 bytes, compression=lzss
	.bss: load addr=000038c8, load size=00000008 bytes, run addr=08003000, run size=00000696 bytes, compression=zero_init
	.kernelHEAP: load addr=000038d0, load size=00000008 bytes, run addr=08001000, run size=00002000 bytes, compression=zero_init


LINKER GENERATED HANDLER TABLE

__TI_handler_table @ 000038b0 records: 3, size/record: 4, table size: 12
	index: 0, handler: __TI_decompress_lzss
	index: 1, handler: __TI_decompress_none
	index: 2, handler: __TI_zero_init


GLOBAL SYMBOLS: SORTED ALPHABETICALLY BY Name 

address   name                                
-------   ----                                
00014210  AE_calculateTemp                    
0000b614  AE_delayMs                          
0000b650  AE_delayTenUs                       
000092dc  AE_ltcAdcMeasureState               
0000a8e0  AE_ltcBalance                       
0000a218  AE_ltcClearCellAdc                  
0000a2e4  AE_ltcClearGpioAdc                  
0000a3b0  AE_ltcClearStatusAdc                
00008610  AE_ltcCmdRead                       
00008424  AE_ltcCmdWrite                      
0000a624  AE_ltcContinuePwm                   
00008020  AE_ltcInit                          
0000ab50  AE_ltcIsBalanceComplete             
0000ae38  AE_ltcIsCellOpenWire                
0000b1dc  AE_ltcIsGpioOpenWire                
0000ad34  AE_ltcMinCellVolt                   
0000a610  AE_ltcPausePwm                      
0000a638  AE_ltcPreBalance                    
0000847c  AE_ltcRead                          
000087f0  AE_ltcReadCellVoltage               
000087bc  AE_ltcReadConfRegA                  
000087d4  AE_ltcReadConfRegB                  
00009428  AE_ltcReadGpioVoltage               
000098e8  AE_ltcReadStatusRegA                
00009ac4  AE_ltcReadStatusRegB                
00008c30  AE_ltcSetUnderOverVoltage           
0000919c  AE_ltcStartCellAdc                  
000092f8  AE_ltcStartGpioAdc                  
0000a4b8  AE_ltcStartPwm                      
000097ac  AE_ltcStartStatusAdc                
0000b514  AE_ltcTemperature                   
00008eb0  AE_ltcUnderOverFlag                 
00008700  AE_ltcWakeUpIdle                    
00008678  AE_ltcWakeUpSleep                   
00008228  AE_ltcWrite                         
00008788  AE_ltcWriteConfRegA                 
000087a0  AE_ltcWriteConfRegB                 
00013da8  AE_pec15                            
00014821  C$$EXIT                             
UNDEFED   SHT$$INIT_ARRAY$$Base               
UNDEFED   SHT$$INIT_ARRAY$$Limit              
0000ed30  SpiRxStatus                         
0000eca4  SpiTxStatus                         
000038d8  __TI_CINIT_Base                     
000038f8  __TI_CINIT_Limit                    
000038b0  __TI_Handler_Table_Base             
000038bc  __TI_Handler_Table_Limit            
00012d98  __TI_PINIT_Base                     
00012d9c  __TI_PINIT_Limit                    
000147a5  __TI_auto_init_nobinit_nopinit      
000146e7  __TI_decompress_lzss                
000147ff  __TI_decompress_none                
ffffffff  __TI_pprof_out_hndl                 
ffffffff  __TI_prof_data_size                 
ffffffff  __TI_prof_data_start                
00000000  __TI_static_base__                  
0001480d  __TI_zero_init                      
00014819  __aeabi_errno_addr                  
00014753  __aeabi_idiv0                       
00014753  __aeabi_ldiv0                       
0001466d  __aeabi_memclr                      
0001466d  __aeabi_memclr4                     
0001466d  __aeabi_memclr8                     
000145d1  __aeabi_memcpy                      
000145d1  __aeabi_memcpy4                     
000145d1  __aeabi_memcpy8                     
0001466f  __aeabi_memset                      
0001466f  __aeabi_memset4                     
0001466f  __aeabi_memset8                     
00014754  __aeabi_uidiv                       
00014754  __aeabi_uidivmod                    
ffffffff  __binit__                           
ffffffff  __c_args__                          
08001000  __start___llvm_prf_cnts             
08001000  __stop___llvm_prf_cnts              
0001306c  _c_int00                            
00012cb0  _coreClearAuxiliaryDataFault_       
00012cc4  _coreClearAuxiliaryInstructionFault_
00012c88  _coreClearDataFaultAddress_         
00012c60  _coreClearDataFault_                
00012c9c  _coreClearInstructionFaultAddress_  
00012c74  _coreClearInstructionFault_         
00012bf4  _coreDisableEventBusExport_         
00012c38  _coreDisableFlashEcc_               
00012c14  _coreDisableRamEcc_                 
00012be4  _coreEnableEventBusExport_          
00012c24  _coreEnableFlashEcc_                
00012c48  _coreEnableIrqVicOffset_            
00012c04  _coreEnableRamEcc_                  
00012bcc  _coreEnableVfp_                     
00012ca8  _coreGetAuxiliaryDataFault_         
00012cbc  _coreGetAuxiliaryInstructionFault_  
00012c80  _coreGetDataFaultAddress_           
00012c58  _coreGetDataFault_                  
00012c94  _coreGetInstructionFaultAddress_    
00012c6c  _coreGetInstructionFault_           
00012a54  _coreInitRegisters_                 
00012b60  _coreInitStackPointer_              
00014324  _dabort                             
00012cd8  _disable_FIQ_interrupt_             
00012ce0  _disable_IRQ_interrupt_             
00012cd0  _disable_interrupt_                 
00012ce8  _enable_interrupt_                  
00012d78  _errata_CORTEXR4_57_                
00012d88  _errata_CORTEXR4_66_                
000119b0  _errata_SSWF021_45_both_plls        
00011ba4  _errata_SSWF021_45_pll1             
00011d1c  _errata_SSWF021_45_pll2             
00012cf0  _esmCcmErrorsClear_                 
00012bac  _getCPSRValue_                      
00012bb4  _gotoCPUIdle_                       
0001454c  _pmuDisableCountersGlobal_          
0001453c  _pmuEnableCountersGlobal_           
000145a8  _pmuGetCycleCount_                  
000145b0  _pmuGetEventCount_                  
000145bc  _pmuGetOverflow_                    
000144f0  _pmuInit_                           
0001457c  _pmuResetCounters_                  
0001455c  _pmuResetCycleCounter_              
0001456c  _pmuResetEventCounters_             
0001459c  _pmuSetCountEvent_                  
0001458c  _pmuStartCounters_                  
00014594  _pmuStopCounters_                   
UNDEFED   _system_post_cinit                  
00014821  abort                               
0000c8dc  adc1ParityCheck                     
0000c9c8  adc2ParityCheck                     
ffffffff  binit                               
0000ca80  can1ParityCheck                     
0000cb58  can2ParityCheck                     
0000cc20  can3ParityCheck                     
00010e20  capGetSignal                        
0000b6a0  ccmSelfCheck                        
0000dd6c  ccmr4GetConfigValue                 
0000bfa8  checkB0RAMECC                       
0000c198  checkB1RAMECC                       
0000d288  checkClockMonitor                   
0000c388  checkFlashECC                       
0000d364  checkFlashEEPROMECC                 
0000d4fc  checkPLL1Slip                       
0000d5fc  checkPLL2Slip                       
0000d6c0  checkRAMAddrParity                  
0000d040  checkRAMECC                         
0000d7cc  checkRAMUERRTest                    
0000be2c  checkefcSelfTest                    
0000b8a4  cpuSelfTest                         
0000c46c  cpuSelfTestFail                     
0000fce0  customTrimLPO                       
0000c464  custom_dabort                       
0000e1c8  disableParity                       
000144dc  dmaGroupANotification               
0000c51c  dmaParityCheck                      
00001f00  eTaskConfirmSleepModeStatus         
00000888  eTaskGetState                       
00010de0  edgeDisableNotification             
00010da4  edgeEnableNotification              
00010d78  edgeGetCounter                      
000144b4  edgeNotification                    
00010d4c  edgeResetCounter                    
0000bcd0  efcCheck                            
0000dcd0  efcGetConfigValue                   
0000be04  efcSelfTest                         
0000bd58  efcStuckZeroTest                    
0000e140  enableParity                        
0000dddc  errata_PBIST_4                      
08003908  errno                               
00012198  esmActivateNormalOperation          
0001226c  esmClearStatus                      
000122ac  esmClearStatusBuffer                
00012160  esmDisableError                     
000121d0  esmDisableInterrupt                 
00012138  esmEnableError                      
000121a8  esmEnableInterrupt                  
000123a4  esmEnterSelfTest                    
0001211c  esmError                            
0001247c  esmGetConfigValue                   
000122e8  esmGetStatus                        
0001236c  esmGetStatusBuffer                  
0001440c  esmGroup1Notification               
0001441c  esmGroup2Notification               
000140fc  esmHighInterrupt                    
00012014  esmInit                             
0001242c  esmSelfTestStatus                   
000122c8  esmSetCounterPreloadValue           
000121f8  esmSetInterruptLevel                
00012188  esmTriggerErrorPinReset             
0000d934  fmcBus1ParityCheck                  
0000becc  fmcBus2Check                        
0000bf08  fmcECCcheck                         
0000b600  getUsTick                           
00012830  gioDisableNotification              
000127c8  gioEnableNotification               
00012730  gioGetBit                           
00012898  gioGetConfigValue                   
00012758  gioGetPort                          
000125d0  gioInit                             
00014464  gioNotification                     
000126c0  gioSetBit                           
000126a0  gioSetDirection                     
00012710  gioSetPort                          
00012770  gioToggleBit                        
00014828  handlePLLLockFail                   
00010f2c  het1GetConfigValue                  
00013e48  het1HighLevelInterrupt              
00013ef0  het1LowLevelInterrupt               
0000c5c8  het1ParityCheck                     
0000c730  het2ParityCheck                     
00010f14  hetGetTimestamp                     
00010814  hetInit                             
000144c8  hetNotification                     
00010ef8  hetResetTimestamp                   
0000c674  htu1ParityCheck                     
0000c82c  htu2ParityCheck                     
00013ce8  init_PEC15_Table                    
000137a5  logf                                
08003698  ltcBat                              
00013bd0  ltcInit                             
0800368c  ltcSpi_ps                           
00013b38  main                                
0000f3c0  mapClocks                           
000145d1  memcpy                              
0000b7e4  memoryInit                          
0001442c  memoryPort0TestFailNotification     
00014448  memoryPort1TestFailNotification     
00014675  memset                              
0000ccf4  mibspi1ParityCheck                  
0000cdfc  mibspi3ParityCheck                  
0000cf20  mibspi5ParityCheck                  
080038f8  minBalanceVoltages                  
08003680  minCellVoltages                     
00011104  muxInit                             
0000da5c  pbistFail                           
0000dae0  pbistGetConfigValue                 
0000bc18  pbistIsTestCompleted                
0000bc44  pbistIsTestPassed                   
0000bc78  pbistPortTestStatus                 
0000bb1c  pbistRun                            
0000b93c  pbistSelfCheck                      
0000bbe8  pbistStop                           
00001344  pcTaskGetName                       
08003400  pec15Table                          
0000f36c  periphInit                          
00014824  phantomInterrupt                    
000115a0  pinmuxGetConfigValue                
00003060  prvMpuDisable                       
00003048  prvMpuEnable                        
00003030  prvMpuSetRegion                     
00003468  pvPortMalloc                        
00001fe0  pvTaskGetThreadLocalStoragePointer  
00010d1c  pwmDisableNotification              
00010cd4  pwmEnableNotification               
00010bf4  pwmGetSignal                        
0000b5d4  pwmNotification                     
0001093c  pwmSetDuty                          
00010a78  pwmSetSignal                        
000108d4  pwmStart                            
00010908  pwmStop                             
080008d0  pxCurrentTCB                        
00003088  pxPortInitialiseStack               
00000000  resetEntry                          
08003694  returnVarningClose                  
0000b690  selftestFailNotification            
0000f32c  setupFlash                          
0000f258  setupPLL                            
0000ee68  spi1GetConfigValue                  
0000eff8  spi3GetConfigValue                  
0000edf0  spiDisableLoopback                  
0000ee3c  spiDisableNotification              
0000edbc  spiEnableLoopback                   
0000ee0c  spiEnableNotification               
0001448c  spiEndNotification                  
0000e70c  spiGetData                          
0000e36c  spiInit                             
00014478  spiNotification                     
0000e5f0  spiReceiveData                      
0000eb64  spiSendAndGetData                   
0000e930  spiSendData                         
0000e5d0  spiSetFunctional                    
0000ea28  spiTransmitAndReceiveData           
0000e804  spiTransmitData                     
0000fba4  sramGetConfigValue                  
08003695  status                              
0000dc2c  stcGetConfigValue                   
0000b828  stcSelfCheck                        
0000c468  stcSelfCheckFail                    
000147e9  strlen                              
0000f5e4  systemGetConfigValue                
0000f4e8  systemInit                          
0000f5b4  systemPowerDown                     
0000f9f8  tcmflashGetConfigValue              
0000f2b8  trimLPO                             
08003900  ulCriticalNesting                   
00002f58  ulPortCountLeadingZeros             
08003904  ulTaskHasFPUContext                 
00002378  ulTaskNotifyTake                    
08003690  uwTick                              
00013718  uxListRemove                        
00001338  uxTaskGetNumberOfTasks              
00002224  uxTaskGetStackHighWaterMark         
0000098c  uxTaskPriorityGet                   
000009d0  uxTaskPriorityGetFromISR            
0000233c  uxTaskResetEventItemValue           
0001356c  vListInitialise                     
000135c4  vListInitialiseItem                 
00013654  vListInsert                         
000135e0  vListInsertEnd                      
00003434  vPortEndScheduler                   
000036bc  vPortFree                           
000037cc  vPortInitialiseBlocks               
00002f4c  vPortInitialiseFPSCR                
00002e4c  vPortPreemptiveTick                 
00002f60  vPortSWI                            
00002bdc  vPortStartFirstTask                 
0000319c  vPortStoreTaskMPUSettings           
00002d58  vPortYeildWithinAPI                 
00002c6c  vPortYieldProcessor                 
0000204c  vTaskAllocateMPURegions             
00000804  vTaskDelay                          
00000698  vTaskDelayUntil                     
00000530  vTaskDelete                         
00001074  vTaskEndScheduler                   
00001ef0  vTaskMissedYield                    
00002930  vTaskNotifyGiveFromISR              
00001ab8  vTaskPlaceOnEventList               
00001afc  vTaskPlaceOnUnorderedEventList      
00000a18  vTaskPrioritySet                    
00000e14  vTaskResume                         
00001f7c  vTaskSetThreadLocalStoragePointer   
00001d74  vTaskSetTimeOutState                
00000fdc  vTaskStartScheduler                 
00001658  vTaskStepTick                       
00000c10  vTaskSuspend                        
00001090  vTaskSuspendAll                     
000019d8  vTaskSwitchContext                  
0000fe90  vimChannelMap                       
000100fc  vimDisableInterrupt                 
0000ff34  vimEnableInterrupt                  
000101a8  vimGetConfigValue                   
0000fdbc  vimInit                             
0000c470  vimParityCheck                      
00012da0  vimParityErrorHandler               
000037b4  xPortGetFreeHeapSize                
000037c0  xPortGetMinimumEverFreeHeapSize     
00003410  xPortStartScheduler                 
000016b4  xTaskAbortDelay                     
00001db8  xTaskCheckForTimeOut                
000000fc  xTaskCreate                         
00000020  xTaskCreateRestricted               
00002560  xTaskGenericNotify                  
00002730  xTaskGenericNotifyFromISR           
00001518  xTaskGetHandle                      
00001620  xTaskGetIdleTaskHandle              
000022ec  xTaskGetSchedulerState              
000012f8  xTaskGetTickCount                   
00001314  xTaskGetTickCountFromISR            
000017b0  xTaskIncrementTick                  
00014080  xTaskNotifyStateClear               
0000244c  xTaskNotifyWait                     
00001b80  xTaskRemoveFromEventList            
00001c70  xTaskRemoveFromUnorderedEventList   
00001148  xTaskResumeAll                      
00000ef4  xTaskResumeFromISR                  


GLOBAL SYMBOLS: SORTED BY Symbol Address 

address   name                                
-------   ----                                
00000000  __TI_static_base__                  
00000000  resetEntry                          
00000020  xTaskCreateRestricted               
000000fc  xTaskCreate                         
00000530  vTaskDelete                         
00000698  vTaskDelayUntil                     
00000804  vTaskDelay                          
00000888  eTaskGetState                       
0000098c  uxTaskPriorityGet                   
000009d0  uxTaskPriorityGetFromISR            
00000a18  vTaskPrioritySet                    
00000c10  vTaskSuspend                        
00000e14  vTaskResume                         
00000ef4  xTaskResumeFromISR                  
00000fdc  vTaskStartScheduler                 
00001074  vTaskEndScheduler                   
00001090  vTaskSuspendAll                     
00001148  xTaskResumeAll                      
000012f8  xTaskGetTickCount                   
00001314  xTaskGetTickCountFromISR            
00001338  uxTaskGetNumberOfTasks              
00001344  pcTaskGetName                       
00001518  xTaskGetHandle                      
00001620  xTaskGetIdleTaskHandle              
00001658  vTaskStepTick                       
000016b4  xTaskAbortDelay                     
000017b0  xTaskIncrementTick                  
000019d8  vTaskSwitchContext                  
00001ab8  vTaskPlaceOnEventList               
00001afc  vTaskPlaceOnUnorderedEventList      
00001b80  xTaskRemoveFromEventList            
00001c70  xTaskRemoveFromUnorderedEventList   
00001d74  vTaskSetTimeOutState                
00001db8  xTaskCheckForTimeOut                
00001ef0  vTaskMissedYield                    
00001f00  eTaskConfirmSleepModeStatus         
00001f7c  vTaskSetThreadLocalStoragePointer   
00001fe0  pvTaskGetThreadLocalStoragePointer  
0000204c  vTaskAllocateMPURegions             
00002224  uxTaskGetStackHighWaterMark         
000022ec  xTaskGetSchedulerState              
0000233c  uxTaskResetEventItemValue           
00002378  ulTaskNotifyTake                    
0000244c  xTaskNotifyWait                     
00002560  xTaskGenericNotify                  
00002730  xTaskGenericNotifyFromISR           
00002930  vTaskNotifyGiveFromISR              
00002bdc  vPortStartFirstTask                 
00002c6c  vPortYieldProcessor                 
00002d58  vPortYeildWithinAPI                 
00002e4c  vPortPreemptiveTick                 
00002f4c  vPortInitialiseFPSCR                
00002f58  ulPortCountLeadingZeros             
00002f60  vPortSWI                            
00003030  prvMpuSetRegion                     
00003048  prvMpuEnable                        
00003060  prvMpuDisable                       
00003088  pxPortInitialiseStack               
0000319c  vPortStoreTaskMPUSettings           
00003410  xPortStartScheduler                 
00003434  vPortEndScheduler                   
00003468  pvPortMalloc                        
000036bc  vPortFree                           
000037b4  xPortGetFreeHeapSize                
000037c0  xPortGetMinimumEverFreeHeapSize     
000037cc  vPortInitialiseBlocks               
000038b0  __TI_Handler_Table_Base             
000038bc  __TI_Handler_Table_Limit            
000038d8  __TI_CINIT_Base                     
000038f8  __TI_CINIT_Limit                    
00008020  AE_ltcInit                          
00008228  AE_ltcWrite                         
00008424  AE_ltcCmdWrite                      
0000847c  AE_ltcRead                          
00008610  AE_ltcCmdRead                       
00008678  AE_ltcWakeUpSleep                   
00008700  AE_ltcWakeUpIdle                    
00008788  AE_ltcWriteConfRegA                 
000087a0  AE_ltcWriteConfRegB                 
000087bc  AE_ltcReadConfRegA                  
000087d4  AE_ltcReadConfRegB                  
000087f0  AE_ltcReadCellVoltage               
00008c30  AE_ltcSetUnderOverVoltage           
00008eb0  AE_ltcUnderOverFlag                 
0000919c  AE_ltcStartCellAdc                  
000092dc  AE_ltcAdcMeasureState               
000092f8  AE_ltcStartGpioAdc                  
00009428  AE_ltcReadGpioVoltage               
000097ac  AE_ltcStartStatusAdc                
000098e8  AE_ltcReadStatusRegA                
00009ac4  AE_ltcReadStatusRegB                
0000a218  AE_ltcClearCellAdc                  
0000a2e4  AE_ltcClearGpioAdc                  
0000a3b0  AE_ltcClearStatusAdc                
0000a4b8  AE_ltcStartPwm                      
0000a610  AE_ltcPausePwm                      
0000a624  AE_ltcContinuePwm                   
0000a638  AE_ltcPreBalance                    
0000a8e0  AE_ltcBalance                       
0000ab50  AE_ltcIsBalanceComplete             
0000ad34  AE_ltcMinCellVolt                   
0000ae38  AE_ltcIsCellOpenWire                
0000b1dc  AE_ltcIsGpioOpenWire                
0000b514  AE_ltcTemperature                   
0000b5d4  pwmNotification                     
0000b600  getUsTick                           
0000b614  AE_delayMs                          
0000b650  AE_delayTenUs                       
0000b690  selftestFailNotification            
0000b6a0  ccmSelfCheck                        
0000b7e4  memoryInit                          
0000b828  stcSelfCheck                        
0000b8a4  cpuSelfTest                         
0000b93c  pbistSelfCheck                      
0000bb1c  pbistRun                            
0000bbe8  pbistStop                           
0000bc18  pbistIsTestCompleted                
0000bc44  pbistIsTestPassed                   
0000bc78  pbistPortTestStatus                 
0000bcd0  efcCheck                            
0000bd58  efcStuckZeroTest                    
0000be04  efcSelfTest                         
0000be2c  checkefcSelfTest                    
0000becc  fmcBus2Check                        
0000bf08  fmcECCcheck                         
0000bfa8  checkB0RAMECC                       
0000c198  checkB1RAMECC                       
0000c388  checkFlashECC                       
0000c464  custom_dabort                       
0000c468  stcSelfCheckFail                    
0000c46c  cpuSelfTestFail                     
0000c470  vimParityCheck                      
0000c51c  dmaParityCheck                      
0000c5c8  het1ParityCheck                     
0000c674  htu1ParityCheck                     
0000c730  het2ParityCheck                     
0000c82c  htu2ParityCheck                     
0000c8dc  adc1ParityCheck                     
0000c9c8  adc2ParityCheck                     
0000ca80  can1ParityCheck                     
0000cb58  can2ParityCheck                     
0000cc20  can3ParityCheck                     
0000ccf4  mibspi1ParityCheck                  
0000cdfc  mibspi3ParityCheck                  
0000cf20  mibspi5ParityCheck                  
0000d040  checkRAMECC                         
0000d288  checkClockMonitor                   
0000d364  checkFlashEEPROMECC                 
0000d4fc  checkPLL1Slip                       
0000d5fc  checkPLL2Slip                       
0000d6c0  checkRAMAddrParity                  
0000d7cc  checkRAMUERRTest                    
0000d934  fmcBus1ParityCheck                  
0000da5c  pbistFail                           
0000dae0  pbistGetConfigValue                 
0000dc2c  stcGetConfigValue                   
0000dcd0  efcGetConfigValue                   
0000dd6c  ccmr4GetConfigValue                 
0000dddc  errata_PBIST_4                      
0000e140  enableParity                        
0000e1c8  disableParity                       
0000e36c  spiInit                             
0000e5d0  spiSetFunctional                    
0000e5f0  spiReceiveData                      
0000e70c  spiGetData                          
0000e804  spiTransmitData                     
0000e930  spiSendData                         
0000ea28  spiTransmitAndReceiveData           
0000eb64  spiSendAndGetData                   
0000eca4  SpiTxStatus                         
0000ed30  SpiRxStatus                         
0000edbc  spiEnableLoopback                   
0000edf0  spiDisableLoopback                  
0000ee0c  spiEnableNotification               
0000ee3c  spiDisableNotification              
0000ee68  spi1GetConfigValue                  
0000eff8  spi3GetConfigValue                  
0000f258  setupPLL                            
0000f2b8  trimLPO                             
0000f32c  setupFlash                          
0000f36c  periphInit                          
0000f3c0  mapClocks                           
0000f4e8  systemInit                          
0000f5b4  systemPowerDown                     
0000f5e4  systemGetConfigValue                
0000f9f8  tcmflashGetConfigValue              
0000fba4  sramGetConfigValue                  
0000fce0  customTrimLPO                       
0000fdbc  vimInit                             
0000fe90  vimChannelMap                       
0000ff34  vimEnableInterrupt                  
000100fc  vimDisableInterrupt                 
000101a8  vimGetConfigValue                   
00010814  hetInit                             
000108d4  pwmStart                            
00010908  pwmStop                             
0001093c  pwmSetDuty                          
00010a78  pwmSetSignal                        
00010bf4  pwmGetSignal                        
00010cd4  pwmEnableNotification               
00010d1c  pwmDisableNotification              
00010d4c  edgeResetCounter                    
00010d78  edgeGetCounter                      
00010da4  edgeEnableNotification              
00010de0  edgeDisableNotification             
00010e20  capGetSignal                        
00010ef8  hetResetTimestamp                   
00010f14  hetGetTimestamp                     
00010f2c  het1GetConfigValue                  
00011104  muxInit                             
000115a0  pinmuxGetConfigValue                
000119b0  _errata_SSWF021_45_both_plls        
00011ba4  _errata_SSWF021_45_pll1             
00011d1c  _errata_SSWF021_45_pll2             
00012014  esmInit                             
0001211c  esmError                            
00012138  esmEnableError                      
00012160  esmDisableError                     
00012188  esmTriggerErrorPinReset             
00012198  esmActivateNormalOperation          
000121a8  esmEnableInterrupt                  
000121d0  esmDisableInterrupt                 
000121f8  esmSetInterruptLevel                
0001226c  esmClearStatus                      
000122ac  esmClearStatusBuffer                
000122c8  esmSetCounterPreloadValue           
000122e8  esmGetStatus                        
0001236c  esmGetStatusBuffer                  
000123a4  esmEnterSelfTest                    
0001242c  esmSelfTestStatus                   
0001247c  esmGetConfigValue                   
000125d0  gioInit                             
000126a0  gioSetDirection                     
000126c0  gioSetBit                           
00012710  gioSetPort                          
00012730  gioGetBit                           
00012758  gioGetPort                          
00012770  gioToggleBit                        
000127c8  gioEnableNotification               
00012830  gioDisableNotification              
00012898  gioGetConfigValue                   
00012a54  _coreInitRegisters_                 
00012b60  _coreInitStackPointer_              
00012bac  _getCPSRValue_                      
00012bb4  _gotoCPUIdle_                       
00012bcc  _coreEnableVfp_                     
00012be4  _coreEnableEventBusExport_          
00012bf4  _coreDisableEventBusExport_         
00012c04  _coreEnableRamEcc_                  
00012c14  _coreDisableRamEcc_                 
00012c24  _coreEnableFlashEcc_                
00012c38  _coreDisableFlashEcc_               
00012c48  _coreEnableIrqVicOffset_            
00012c58  _coreGetDataFault_                  
00012c60  _coreClearDataFault_                
00012c6c  _coreGetInstructionFault_           
00012c74  _coreClearInstructionFault_         
00012c80  _coreGetDataFaultAddress_           
00012c88  _coreClearDataFaultAddress_         
00012c94  _coreGetInstructionFaultAddress_    
00012c9c  _coreClearInstructionFaultAddress_  
00012ca8  _coreGetAuxiliaryDataFault_         
00012cb0  _coreClearAuxiliaryDataFault_       
00012cbc  _coreGetAuxiliaryInstructionFault_  
00012cc4  _coreClearAuxiliaryInstructionFault_
00012cd0  _disable_interrupt_                 
00012cd8  _disable_FIQ_interrupt_             
00012ce0  _disable_IRQ_interrupt_             
00012ce8  _enable_interrupt_                  
00012cf0  _esmCcmErrorsClear_                 
00012d78  _errata_CORTEXR4_57_                
00012d88  _errata_CORTEXR4_66_                
00012d98  __TI_PINIT_Base                     
00012d9c  __TI_PINIT_Limit                    
00012da0  vimParityErrorHandler               
0001306c  _c_int00                            
0001356c  vListInitialise                     
000135c4  vListInitialiseItem                 
000135e0  vListInsertEnd                      
00013654  vListInsert                         
00013718  uxListRemove                        
000137a5  logf                                
00013b38  main                                
00013bd0  ltcInit                             
00013ce8  init_PEC15_Table                    
00013da8  AE_pec15                            
00013e48  het1HighLevelInterrupt              
00013ef0  het1LowLevelInterrupt               
00014080  xTaskNotifyStateClear               
000140fc  esmHighInterrupt                    
00014210  AE_calculateTemp                    
00014324  _dabort                             
0001440c  esmGroup1Notification               
0001441c  esmGroup2Notification               
0001442c  memoryPort0TestFailNotification     
00014448  memoryPort1TestFailNotification     
00014464  gioNotification                     
00014478  spiNotification                     
0001448c  spiEndNotification                  
000144b4  edgeNotification                    
000144c8  hetNotification                     
000144dc  dmaGroupANotification               
000144f0  _pmuInit_                           
0001453c  _pmuEnableCountersGlobal_           
0001454c  _pmuDisableCountersGlobal_          
0001455c  _pmuResetCycleCounter_              
0001456c  _pmuResetEventCounters_             
0001457c  _pmuResetCounters_                  
0001458c  _pmuStartCounters_                  
00014594  _pmuStopCounters_                   
0001459c  _pmuSetCountEvent_                  
000145a8  _pmuGetCycleCount_                  
000145b0  _pmuGetEventCount_                  
000145bc  _pmuGetOverflow_                    
000145d1  __aeabi_memcpy                      
000145d1  __aeabi_memcpy4                     
000145d1  __aeabi_memcpy8                     
000145d1  memcpy                              
0001466d  __aeabi_memclr                      
0001466d  __aeabi_memclr4                     
0001466d  __aeabi_memclr8                     
0001466f  __aeabi_memset                      
0001466f  __aeabi_memset4                     
0001466f  __aeabi_memset8                     
00014675  memset                              
000146e7  __TI_decompress_lzss                
00014753  __aeabi_idiv0                       
00014753  __aeabi_ldiv0                       
00014754  __aeabi_uidiv                       
00014754  __aeabi_uidivmod                    
000147a5  __TI_auto_init_nobinit_nopinit      
000147e9  strlen                              
000147ff  __TI_decompress_none                
0001480d  __TI_zero_init                      
00014819  __aeabi_errno_addr                  
00014821  C$$EXIT                             
00014821  abort                               
00014824  phantomInterrupt                    
00014828  handlePLLLockFail                   
080008d0  pxCurrentTCB                        
08001000  __start___llvm_prf_cnts             
08001000  __stop___llvm_prf_cnts              
08003400  pec15Table                          
08003680  minCellVoltages                     
0800368c  ltcSpi_ps                           
08003690  uwTick                              
08003694  returnVarningClose                  
08003695  status                              
08003698  ltcBat                              
080038f8  minBalanceVoltages                  
08003900  ulCriticalNesting                   
08003904  ulTaskHasFPUContext                 
08003908  errno                               
ffffffff  __TI_pprof_out_hndl                 
ffffffff  __TI_prof_data_size                 
ffffffff  __TI_prof_data_start                
ffffffff  __binit__                           
ffffffff  __c_args__                          
ffffffff  binit                               
UNDEFED   SHT$$INIT_ARRAY$$Base               
UNDEFED   SHT$$INIT_ARRAY$$Limit              
UNDEFED   _system_post_cinit                  

[362 symbols]
