******************************************************************************
                  TI ARM Linker PC v20.2.5                     
******************************************************************************
>> Linked Thu Feb  1 17:39:52 2024

OUTPUT FILE NAME:   <009_Ltc6812.out>
ENTRY POINT SYMBOL: "_c_int00"  address: 00011c70


MEMORY CONFIGURATION

         name            origin    length      used     unused   attr    fill
----------------------  --------  ---------  --------  --------  ----  --------
  VECTORS               00000000   00000020  00000020  00000000     X
  KERNEL                00000020   00008000  000038cc  00004734  R  X
  FLASH0                00008020   00137fe0  0000b9b4  0012c62c  R  X
  STACKS                08000000   00000800  00000000  00000800  RW  
  KRAM                  08000800   00000800  00000104  000006fc  RW  
  RAM                   08001000   0002f000  00002811  0002c7ef  RW  


SEGMENT ALLOCATION MAP

run origin  load origin   length   init length attrs members
----------  ----------- ---------- ----------- ----- -------
00000000    00000000    000038f0   000038f0    r-x
  00000000    00000000    00000020   00000020    r-x .intvecs
  00000020    00000020    000037c4   000037c4    r-x .kernelTEXT
  000037e8    000037e8    00000108   00000108    r-- .cinit
00008020    00008020    0000b9b4   0000b9b4    r-x
  00008020    00008020    0000b3f4   0000b3f4    r-x .text
  00013414    00013414    000005c0   000005c0    r-- .const
08000800    08000800    00000104   00000000    rw-
  08000800    08000800    00000104   00000000    rw- .kernelBSS
08001000    08001000    00002813   00000000    rw-
  08001000    08001000    00002000   00000000    rw- .kernelHEAP
  08003000    08003000    0000068e   00000000    rw- .bss
  08003690    08003690    00000183   00000000    rw- .data


SECTION ALLOCATION MAP

 output                                  attributes/
section   page    origin      length       input sections
--------  ----  ----------  ----------   ----------------
.intvecs   0    00000000    00000020     
                  00000000    00000020     sys_intvecs.obj (.intvecs)

.kernelTEXT 
*          0    00000020    000037c4     
                  00000020    00002bb8     os_tasks.obj (.kernelTEXT)
                  00002bd8    000004b0     os_portasm.obj (.kernelTEXT)
                  00003088    000003e0     os_port.obj (.kernelTEXT)
                  00003468    0000037c     os_heap.obj (.kernelTEXT)

.cinit     0    000037e8    00000108     
                  000037e8    000000bf     (.cinit..data.load) [load image, compression = lzss]
                  000038a7    00000001     --HOLE-- [fill = 0]
                  000038a8    0000000c     (__TI_handler_table)
                  000038b4    00000009     (.cinit..kernelBSS.load) [load image, compression = lzss]
                  000038bd    00000003     --HOLE-- [fill = 0]
                  000038c0    00000008     (.cinit..bss.load) [load image, compression = zero_init]
                  000038c8    00000008     (.cinit..kernelHEAP.load) [load image, compression = zero_init]
                  000038d0    00000020     (__TI_cinit_table)

.text      0    00008020    0000b3f4     
                  00008020    00002cdc     sys_selftest.obj (.text)
                  0000acfc    00002278     ltc6812.obj (.text)
                  0000cf74    00000ee8     spi.obj (.text)
                  0000de5c    00000b64     system.obj (.text)
                  0000e9c0    00000a58     sys_vim.obj (.text)
                  0000f418    000008f0     het.obj (.text)
                  0000fd08    000008ac     pinmux.obj (.text)
                  000105b4    00000664     errata_SSWF021_45.obj (.text)
                  00010c18    000005bc     esm.obj (.text)
                  000111d4    00000484     gio.obj (.text)
                  00011658    0000034c     sys_core.obj (.text)
                  000119a4    000002cc     sys_vim.obj (.text:retain)
                  00011c70    00000288     sys_startup.obj (.text:retain)
                  00011ef8    00000278     os_heap.obj (.text)
                  00012170    00000238     os_list.obj (.text)
                  000123a8    000001e4     rtsv7R4_T_be_v3D16_eabi.lib : e_logf.c.obj (.text:logf)
                  0001258c    000001b0     os_port.obj (.text)
                  0001273c    00000194     sys_main.obj (.text)
                  000128d0    00000160     crc15.obj (.text)
                  00012a30    0000015c     het.obj (.text:retain)
                  00012b8c    00000158     os_tasks.obj (.text)
                  00012ce4    00000114     esm.obj (.text:retain)
                  00012df8    00000114     temperature.obj (.text)
                  00012f0c    000000e8     dabort.obj (.text)
                  00012ff4    000000e4     notification.obj (.text)
                  000130d8    000000e0     sys_pmu.obj (.text)
                  000131b8    0000009c     rtsv7R4_T_be_v3D16_eabi.lib : memcpy_t2.asm.obj (.text)
                  00013254    0000007a                                 : memset_t2.asm.obj (.text)
                  000132ce    0000006c                                 : copy_decompress_lzss.c.obj (.text:decompress:lzss:__TI_decompress_lzss)
                  0001333a    00000002                                 : div0.asm.obj (.text)
                  0001333c    00000050                                 : u_div32.asm.obj (.text)
                  0001338c    00000044                                 : autoinit.c.obj (.text:__TI_auto_init_nobinit_nopinit:__TI_auto_init_nobinit_nopinit)
                  000133d0    00000016                                 : strlen.c.obj (.text:strlen)
                  000133e6    0000000e                                 : copy_decompress_none.c.obj (.text:decompress:none:__TI_decompress_none)
                  000133f4    0000000c                                 : copy_zero_init.c.obj (.text:decompress:ZI:__TI_zero_init)
                  00013400    00000008                                 : errno.c.obj (.text:__aeabi_errno_addr)
                  00013408    00000004                                 : exit.c.obj (.text:abort:abort)
                  0001340c    00000004     sys_phantom.obj (.text:retain)
                  00013410    00000004     sys_startup.obj (.text)

.const     0    00013414    000005c0     
                  00013414    000003a0     het.obj (.const:het1PROGRAM)
                  000137b4    00000200     sys_vim.obj (.const:s_vim_init)
                  000139b4    00000020     het.obj (.const:s_het1pwmPolarity)

.kernelBSS 
*          0    08000800    00000104     UNINITIALIZED
                  08000800    000000d0     os_tasks.obj (.kernelBSS:uninit)
                  080008d0    00000034     os_tasks.obj (.kernelBSS:init)

.kernelHEAP 
*          0    08001000    00002000     UNINITIALIZED
                  08001000    00002000     os_heap.obj (.kernelHEAP)

.bss       0    08003000    0000068e     UNINITIALIZED
                  08003000    00000200     ltc6812.obj (.bss:rxBuffer)
                  08003200    00000200     ltc6812.obj (.bss:txBuffer)
                  08003400    00000200     (.common:pec15Table)
                  08003600    00000078     spi.obj (.bss:g_spiPacket_t)
                  08003678    00000008     ltc6812.obj (.bss)
                  08003680    00000008     os_heap.obj (.bss:xStart)
                  08003688    00000004     (.common:uwTick)
                  0800368c    00000001     (.common:returnVarningClose)
                  0800368d    00000001     (.common:status)

.data      0    08003690    00000183     UNINITIALIZED
                  08003690    000000a8     sys_main.obj (.data:ltcBat)
                  08003738    00000010     os_heap.obj (.data)
                  08003748    00000008     ltc6812.obj (.data:cmdCLRAUX_pu16)
                  08003750    00000008     ltc6812.obj (.data:cmdCLRCELL_pu16)
                  08003758    00000008     ltc6812.obj (.data:cmdCLRSTAT_pu16)
                  08003760    00000008     ltc6812.obj (.data:cmdMute_pu16)
                  08003768    00000008     ltc6812.obj (.data:cmdPladc_pu16)
                  08003770    00000008     ltc6812.obj (.data:cmdRDAUXA_pu16)
                  08003778    00000008     ltc6812.obj (.data:cmdRDAUXB_pu16)
                  08003780    00000008     ltc6812.obj (.data:cmdRDAUXC_pu16)
                  08003788    00000008     ltc6812.obj (.data:cmdRDAUXD_pu16)
                  08003790    00000008     ltc6812.obj (.data:cmdRDCFGA_pu16)
                  08003798    00000008     ltc6812.obj (.data:cmdRDCFGB_pu16)
                  080037a0    00000008     ltc6812.obj (.data:cmdRDCVA_pu16)
                  080037a8    00000008     ltc6812.obj (.data:cmdRDCVB_pu16)
                  080037b0    00000008     ltc6812.obj (.data:cmdRDCVC_pu16)
                  080037b8    00000008     ltc6812.obj (.data:cmdRDCVD_pu16)
                  080037c0    00000008     ltc6812.obj (.data:cmdRDCVE_pu16)
                  080037c8    00000008     ltc6812.obj (.data:cmdRDSTATA_pu16)
                  080037d0    00000008     ltc6812.obj (.data:cmdRDSTATB_pu16)
                  080037d8    00000008     ltc6812.obj (.data:cmdUnMute_pu16)
                  080037e0    00000008     ltc6812.obj (.data:cmdWRCFGA_pu16)
                  080037e8    00000008     ltc6812.obj (.data:cmdWRCFGB_pu16)
                  080037f0    00000008     ltc6812.obj (.data:cmdWRPSB_pu16)
                  080037f8    00000008     ltc6812.obj (.data:cmdWRPWM_pu16)
                  08003800    00000008     os_port.obj (.data)
                  08003808    00000004     rtsv7R4_T_be_v3D16_eabi.lib : errno.c.obj (.data)
                  0800380c    00000004     ltc6812.obj (.data:spiDat_s)
                  08003810    00000003     ltc6812.obj (.data)

__llvm_prf_cnts 
*          0    08001000    00000000     UNINITIALIZED

MODULE SUMMARY

       Module                       code    ro data   rw data
       ------                       ----    -------   -------
    .\009_Ltc6812\source\
       os_tasks.obj                 11536   0         260    
       sys_selftest.obj             11484   0         0      
       os_heap.obj                  1524    0         8216   
       spi.obj                      3816    0         120    
       sys_vim.obj                  3364    512       0      
       het.obj                      2636    960       0      
       system.obj                   2916    0         0      
       pinmux.obj                   2220    0         0      
       esm.obj                      1744    0         0      
       errata_SSWF021_45.obj        1636    0         0      
       os_port.obj                  1424    0         8      
       os_portasm.obj               1200    0         0      
       gio.obj                      1156    0         0      
       sys_core.obj                 844     0         0      
       sys_startup.obj              652     0         0      
       sys_main.obj                 404     0         170    
       os_list.obj                  568     0         0      
       dabort.obj                   232     0         0      
       notification.obj             228     0         0      
       sys_pmu.obj                  224     0         0      
       sys_intvecs.obj              32      0         0      
       sys_phantom.obj              4       0         0      
    +--+----------------------------+-------+---------+---------+
       Total:                       49844   1472      8774   
                                                             
    .\ltc681x\crc\
       crc15.obj                    352     0         512    
    +--+----------------------------+-------+---------+---------+
       Total:                       352     0         512    
                                                             
    .\ltc681x\ltc\
       ltc6812.obj                  8824    0         1227   
    +--+----------------------------+-------+---------+---------+
       Total:                       8824    0         1227   
                                                             
    .\ltc681x\temperature\
       temperature.obj              276     0         0      
    +--+----------------------------+-------+---------+---------+
       Total:                       276     0         0      
                                                             
    C:/ti/ccs1120/ccs/tools/compiler/ti-cgt-arm_20.2.5.LTS/lib/rtsv7R4_T_be_v3D16_eabi.lib
       e_logf.c.obj                 484     0         0      
       memcpy_t2.asm.obj            156     0         0      
       memset_t2.asm.obj            122     0         0      
       copy_decompress_lzss.c.obj   108     0         0      
       u_div32.asm.obj              80      0         0      
       autoinit.c.obj               68      0         0      
       strlen.c.obj                 22      0         0      
       copy_decompress_none.c.obj   14      0         0      
       copy_zero_init.c.obj         12      0         0      
       errno.c.obj                  8       0         4      
       exit.c.obj                   4       0         0      
       div0.asm.obj                 2       0         0      
    +--+----------------------------+-------+---------+---------+
       Total:                       1080    0         4      
                                                             
       Linker Generated:            0       260       0      
    +--+----------------------------+-------+---------+---------+
       Grand Total:                 60376   1732      10517  


LINKER GENERATED COPY TABLES

__TI_cinit_table @ 000038d0 records: 4, size/record: 8, table size: 32
	.data: load addr=000037e8, load size=000000bf bytes, run addr=08003690, run size=00000183 bytes, compression=lzss
	.kernelBSS: load addr=000038b4, load size=00000009 bytes, run addr=08000800, run size=00000104 bytes, compression=lzss
	.bss: load addr=000038c0, load size=00000008 bytes, run addr=08003000, run size=0000068e bytes, compression=zero_init
	.kernelHEAP: load addr=000038c8, load size=00000008 bytes, run addr=08001000, run size=00002000 bytes, compression=zero_init


LINKER GENERATED HANDLER TABLE

__TI_handler_table @ 000038a8 records: 3, size/record: 4, table size: 12
	index: 0, handler: __TI_decompress_lzss
	index: 1, handler: __TI_decompress_none
	index: 2, handler: __TI_zero_init


GLOBAL SYMBOLS: SORTED ALPHABETICALLY BY Name 

address   name                                
-------   ----                                
00012df8  AE_calculateTemp                    
0000cec0  AE_delayMs                          
0000cefc  AE_delayTenUs                       
0000bac4  AE_ltcAdcMeasureState               
0000c2f8  AE_ltcClearCellAdc                  
0000c368  AE_ltcClearGpioAdc                  
0000c3d8  AE_ltcClearStatusAdc                
0000b1c8  AE_ltcCmdRead                       
0000b000  AE_ltcCmdWrite                      
0000c57c  AE_ltcContinuePwm                   
0000acfc  AE_ltcInit                          
0000c6f8  AE_ltcIsBalanceComplete             
0000c880  AE_ltcIsCellOpenWire                
0000cb40  AE_ltcIsGpioOpenWire                
0000c7d4  AE_ltcMinCellVolt                   
0000c564  AE_ltcPausePwm                      
0000b050  AE_ltcRead                          
0000b328  AE_ltcReadCellVoltage               
0000bbd8  AE_ltcReadGPIOVoltage               
0000bfd8  AE_ltcReadStatusRegA                
0000c118  AE_ltcReadStatusRegB                
0000c594  AE_ltcSetBalance                    
0000b708  AE_ltcSetUnderOverVoltage           
0000b9dc  AE_ltcStartCellAdc                  
0000bae8  AE_ltcStartGpioAdc                  
0000c46c  AE_ltcStartPwm                      
0000bef4  AE_ltcStartStatusAdc                
0000ce3c  AE_ltcTemperature                   
0000b818  AE_ltcUnderOverFlag                 
0000b2a8  AE_ltcWakeUpIdle                    
0000b228  AE_ltcWakeUpSleep                   
0000ae30  AE_ltcWrite                         
00012990  AE_pec15                            
00013409  C$$EXIT                             
UNDEFED   SHT$$INIT_ARRAY$$Base               
UNDEFED   SHT$$INIT_ARRAY$$Limit              
0000d934  SpiRxStatus                         
0000d8a8  SpiTxStatus                         
000038d0  __TI_CINIT_Base                     
000038f0  __TI_CINIT_Limit                    
000038a8  __TI_Handler_Table_Base             
000038b4  __TI_Handler_Table_Limit            
0001199c  __TI_PINIT_Base                     
000119a0  __TI_PINIT_Limit                    
0001338d  __TI_auto_init_nobinit_nopinit      
000132cf  __TI_decompress_lzss                
000133e7  __TI_decompress_none                
ffffffff  __TI_pprof_out_hndl                 
ffffffff  __TI_prof_data_size                 
ffffffff  __TI_prof_data_start                
00000000  __TI_static_base__                  
000133f5  __TI_zero_init                      
00013401  __aeabi_errno_addr                  
0001333b  __aeabi_idiv0                       
0001333b  __aeabi_ldiv0                       
00013255  __aeabi_memclr                      
00013255  __aeabi_memclr4                     
00013255  __aeabi_memclr8                     
000131b9  __aeabi_memcpy                      
000131b9  __aeabi_memcpy4                     
000131b9  __aeabi_memcpy8                     
00013257  __aeabi_memset                      
00013257  __aeabi_memset4                     
00013257  __aeabi_memset8                     
0001333c  __aeabi_uidiv                       
0001333c  __aeabi_uidivmod                    
ffffffff  __binit__                           
ffffffff  __c_args__                          
08001000  __start___llvm_prf_cnts             
08001000  __stop___llvm_prf_cnts              
00011c70  _c_int00                            
000118b4  _coreClearAuxiliaryDataFault_       
000118c8  _coreClearAuxiliaryInstructionFault_
0001188c  _coreClearDataFaultAddress_         
00011864  _coreClearDataFault_                
000118a0  _coreClearInstructionFaultAddress_  
00011878  _coreClearInstructionFault_         
000117f8  _coreDisableEventBusExport_         
0001183c  _coreDisableFlashEcc_               
00011818  _coreDisableRamEcc_                 
000117e8  _coreEnableEventBusExport_          
00011828  _coreEnableFlashEcc_                
0001184c  _coreEnableIrqVicOffset_            
00011808  _coreEnableRamEcc_                  
000117d0  _coreEnableVfp_                     
000118ac  _coreGetAuxiliaryDataFault_         
000118c0  _coreGetAuxiliaryInstructionFault_  
00011884  _coreGetDataFaultAddress_           
0001185c  _coreGetDataFault_                  
00011898  _coreGetInstructionFaultAddress_    
00011870  _coreGetInstructionFault_           
00011658  _coreInitRegisters_                 
00011764  _coreInitStackPointer_              
00012f0c  _dabort                             
000118dc  _disable_FIQ_interrupt_             
000118e4  _disable_IRQ_interrupt_             
000118d4  _disable_interrupt_                 
000118ec  _enable_interrupt_                  
0001197c  _errata_CORTEXR4_57_                
0001198c  _errata_CORTEXR4_66_                
000105b4  _errata_SSWF021_45_both_plls        
000107a8  _errata_SSWF021_45_pll1             
00010920  _errata_SSWF021_45_pll2             
000118f4  _esmCcmErrorsClear_                 
000117b0  _getCPSRValue_                      
000117b8  _gotoCPUIdle_                       
00013134  _pmuDisableCountersGlobal_          
00013124  _pmuEnableCountersGlobal_           
00013190  _pmuGetCycleCount_                  
00013198  _pmuGetEventCount_                  
000131a4  _pmuGetOverflow_                    
000130d8  _pmuInit_                           
00013164  _pmuResetCounters_                  
00013144  _pmuResetCycleCounter_              
00013154  _pmuResetEventCounters_             
00013184  _pmuSetCountEvent_                  
00013174  _pmuStartCounters_                  
0001317c  _pmuStopCounters_                   
UNDEFED   _system_post_cinit                  
00013409  abort                               
0000926c  adc1ParityCheck                     
00009358  adc2ParityCheck                     
ffffffff  binit                               
00009410  can1ParityCheck                     
000094e8  can2ParityCheck                     
000095b0  can3ParityCheck                     
0000fa24  capGetSignal                        
00008030  ccmSelfCheck                        
0000a6fc  ccmr4GetConfigValue                 
00008938  checkB0RAMECC                       
00008b28  checkB1RAMECC                       
00009c18  checkClockMonitor                   
00008d18  checkFlashECC                       
00009cf4  checkFlashEEPROMECC                 
00009e8c  checkPLL1Slip                       
00009f8c  checkPLL2Slip                       
0000a050  checkRAMAddrParity                  
000099d0  checkRAMECC                         
0000a15c  checkRAMUERRTest                    
000087bc  checkefcSelfTest                    
00008234  cpuSelfTest                         
00008dfc  cpuSelfTestFail                     
0000e8e4  customTrimLPO                       
00008df4  custom_dabort                       
0000ab58  disableParity                       
000130c4  dmaGroupANotification               
00008eac  dmaParityCheck                      
00001f00  eTaskConfirmSleepModeStatus         
00000888  eTaskGetState                       
0000f9e4  edgeDisableNotification             
0000f9a8  edgeEnableNotification              
0000f97c  edgeGetCounter                      
0001309c  edgeNotification                    
0000f950  edgeResetCounter                    
00008660  efcCheck                            
0000a660  efcGetConfigValue                   
00008794  efcSelfTest                         
000086e8  efcStuckZeroTest                    
0000aad0  enableParity                        
0000a76c  errata_PBIST_4                      
08003808  errno                               
00010d9c  esmActivateNormalOperation          
00010e70  esmClearStatus                      
00010eb0  esmClearStatusBuffer                
00010d64  esmDisableError                     
00010dd4  esmDisableInterrupt                 
00010d3c  esmEnableError                      
00010dac  esmEnableInterrupt                  
00010fa8  esmEnterSelfTest                    
00010d20  esmError                            
00011080  esmGetConfigValue                   
00010eec  esmGetStatus                        
00010f70  esmGetStatusBuffer                  
00012ff4  esmGroup1Notification               
00013004  esmGroup2Notification               
00012ce4  esmHighInterrupt                    
00010c18  esmInit                             
00011030  esmSelfTestStatus                   
00010ecc  esmSetCounterPreloadValue           
00010dfc  esmSetInterruptLevel                
00010d8c  esmTriggerErrorPinReset             
0000a2c4  fmcBus1ParityCheck                  
0000885c  fmcBus2Check                        
00008898  fmcECCcheck                         
0000ceac  getUsTick                           
00011434  gioDisableNotification              
000113cc  gioEnableNotification               
00011334  gioGetBit                           
0001149c  gioGetConfigValue                   
0001135c  gioGetPort                          
000111d4  gioInit                             
0001304c  gioNotification                     
000112c4  gioSetBit                           
000112a4  gioSetDirection                     
00011314  gioSetPort                          
00011374  gioToggleBit                        
00013410  handlePLLLockFail                   
0000fb30  het1GetConfigValue                  
00012a30  het1HighLevelInterrupt              
00012ad8  het1LowLevelInterrupt               
00008f58  het1ParityCheck                     
000090c0  het2ParityCheck                     
0000fb18  hetGetTimestamp                     
0000f418  hetInit                             
000130b0  hetNotification                     
0000fafc  hetResetTimestamp                   
00009004  htu1ParityCheck                     
000091bc  htu2ParityCheck                     
000128d0  init_PEC15_Table                    
000123a9  logf                                
08003690  ltcBat                              
00012824  ltcInit                             
0001273c  main                                
0000dfc4  mapClocks                           
000131b9  memcpy                              
00008174  memoryInit                          
00013014  memoryPort0TestFailNotification     
00013030  memoryPort1TestFailNotification     
0001325d  memset                              
00009684  mibspi1ParityCheck                  
0000978c  mibspi3ParityCheck                  
000098b0  mibspi5ParityCheck                  
0000fd08  muxInit                             
0000a3ec  pbistFail                           
0000a470  pbistGetConfigValue                 
000085a8  pbistIsTestCompleted                
000085d4  pbistIsTestPassed                   
00008608  pbistPortTestStatus                 
000084ac  pbistRun                            
000082cc  pbistSelfCheck                      
00008578  pbistStop                           
00001344  pcTaskGetName                       
08003400  pec15Table                          
0000df70  periphInit                          
0001340c  phantomInterrupt                    
000101a4  pinmuxGetConfigValue                
00003060  prvMpuDisable                       
00003048  prvMpuEnable                        
00003030  prvMpuSetRegion                     
00003468  pvPortMalloc                        
00001fe0  pvTaskGetThreadLocalStoragePointer  
0000f920  pwmDisableNotification              
0000f8d8  pwmEnableNotification               
0000f7f8  pwmGetSignal                        
0000ce84  pwmNotification                     
0000f540  pwmSetDuty                          
0000f67c  pwmSetSignal                        
0000f4d8  pwmStart                            
0000f50c  pwmStop                             
080008d0  pxCurrentTCB                        
00003088  pxPortInitialiseStack               
00000000  resetEntry                          
0800368c  returnVarningClose                  
00008020  selftestFailNotification            
0000df30  setupFlash                          
0000de5c  setupPLL                            
0000da6c  spi1GetConfigValue                  
0000dbfc  spi3GetConfigValue                  
0000d9f4  spiDisableLoopback                  
0000da40  spiDisableNotification              
0000d9c0  spiEnableLoopback                   
0000da10  spiEnableNotification               
00013074  spiEndNotification                  
0000d310  spiGetData                          
0000cf74  spiInit                             
00013060  spiNotification                     
0000d1f4  spiReceiveData                      
0000d768  spiSendAndGetData                   
0000d534  spiSendData                         
0000d1d4  spiSetFunctional                    
0000d62c  spiTransmitAndReceiveData           
0000d408  spiTransmitData                     
0000e7a8  sramGetConfigValue                  
0800368d  status                              
0000a5bc  stcGetConfigValue                   
000081b8  stcSelfCheck                        
00008df8  stcSelfCheckFail                    
000133d1  strlen                              
0000e1e8  systemGetConfigValue                
0000e0ec  systemInit                          
0000e1b8  systemPowerDown                     
0000e5fc  tcmflashGetConfigValue              
0000debc  trimLPO                             
08003800  ulCriticalNesting                   
00002f58  ulPortCountLeadingZeros             
08003804  ulTaskHasFPUContext                 
00002378  ulTaskNotifyTake                    
08003688  uwTick                              
0001231c  uxListRemove                        
00001338  uxTaskGetNumberOfTasks              
00002224  uxTaskGetStackHighWaterMark         
0000098c  uxTaskPriorityGet                   
000009d0  uxTaskPriorityGetFromISR            
0000233c  uxTaskResetEventItemValue           
00012170  vListInitialise                     
000121c8  vListInitialiseItem                 
00012258  vListInsert                         
000121e4  vListInsertEnd                      
00003434  vPortEndScheduler                   
000036bc  vPortFree                           
000037cc  vPortInitialiseBlocks               
00002f4c  vPortInitialiseFPSCR                
00002e4c  vPortPreemptiveTick                 
00002f60  vPortSWI                            
00002bdc  vPortStartFirstTask                 
0000319c  vPortStoreTaskMPUSettings           
00002d58  vPortYeildWithinAPI                 
00002c6c  vPortYieldProcessor                 
0000204c  vTaskAllocateMPURegions             
00000804  vTaskDelay                          
00000698  vTaskDelayUntil                     
00000530  vTaskDelete                         
00001074  vTaskEndScheduler                   
00001ef0  vTaskMissedYield                    
00002930  vTaskNotifyGiveFromISR              
00001ab8  vTaskPlaceOnEventList               
00001afc  vTaskPlaceOnUnorderedEventList      
00000a18  vTaskPrioritySet                    
00000e14  vTaskResume                         
00001f7c  vTaskSetThreadLocalStoragePointer   
00001d74  vTaskSetTimeOutState                
00000fdc  vTaskStartScheduler                 
00001658  vTaskStepTick                       
00000c10  vTaskSuspend                        
00001090  vTaskSuspendAll                     
000019d8  vTaskSwitchContext                  
0000ea94  vimChannelMap                       
0000ed00  vimDisableInterrupt                 
0000eb38  vimEnableInterrupt                  
0000edac  vimGetConfigValue                   
0000e9c0  vimInit                             
00008e00  vimParityCheck                      
000119a4  vimParityErrorHandler               
000037b4  xPortGetFreeHeapSize                
000037c0  xPortGetMinimumEverFreeHeapSize     
00003410  xPortStartScheduler                 
000016b4  xTaskAbortDelay                     
00001db8  xTaskCheckForTimeOut                
000000fc  xTaskCreate                         
00000020  xTaskCreateRestricted               
00002560  xTaskGenericNotify                  
00002730  xTaskGenericNotifyFromISR           
00001518  xTaskGetHandle                      
00001620  xTaskGetIdleTaskHandle              
000022ec  xTaskGetSchedulerState              
000012f8  xTaskGetTickCount                   
00001314  xTaskGetTickCountFromISR            
000017b0  xTaskIncrementTick                  
00012c68  xTaskNotifyStateClear               
0000244c  xTaskNotifyWait                     
00001b80  xTaskRemoveFromEventList            
00001c70  xTaskRemoveFromUnorderedEventList   
00001148  xTaskResumeAll                      
00000ef4  xTaskResumeFromISR                  


GLOBAL SYMBOLS: SORTED BY Symbol Address 

address   name                                
-------   ----                                
00000000  __TI_static_base__                  
00000000  resetEntry                          
00000020  xTaskCreateRestricted               
000000fc  xTaskCreate                         
00000530  vTaskDelete                         
00000698  vTaskDelayUntil                     
00000804  vTaskDelay                          
00000888  eTaskGetState                       
0000098c  uxTaskPriorityGet                   
000009d0  uxTaskPriorityGetFromISR            
00000a18  vTaskPrioritySet                    
00000c10  vTaskSuspend                        
00000e14  vTaskResume                         
00000ef4  xTaskResumeFromISR                  
00000fdc  vTaskStartScheduler                 
00001074  vTaskEndScheduler                   
00001090  vTaskSuspendAll                     
00001148  xTaskResumeAll                      
000012f8  xTaskGetTickCount                   
00001314  xTaskGetTickCountFromISR            
00001338  uxTaskGetNumberOfTasks              
00001344  pcTaskGetName                       
00001518  xTaskGetHandle                      
00001620  xTaskGetIdleTaskHandle              
00001658  vTaskStepTick                       
000016b4  xTaskAbortDelay                     
000017b0  xTaskIncrementTick                  
000019d8  vTaskSwitchContext                  
00001ab8  vTaskPlaceOnEventList               
00001afc  vTaskPlaceOnUnorderedEventList      
00001b80  xTaskRemoveFromEventList            
00001c70  xTaskRemoveFromUnorderedEventList   
00001d74  vTaskSetTimeOutState                
00001db8  xTaskCheckForTimeOut                
00001ef0  vTaskMissedYield                    
00001f00  eTaskConfirmSleepModeStatus         
00001f7c  vTaskSetThreadLocalStoragePointer   
00001fe0  pvTaskGetThreadLocalStoragePointer  
0000204c  vTaskAllocateMPURegions             
00002224  uxTaskGetStackHighWaterMark         
000022ec  xTaskGetSchedulerState              
0000233c  uxTaskResetEventItemValue           
00002378  ulTaskNotifyTake                    
0000244c  xTaskNotifyWait                     
00002560  xTaskGenericNotify                  
00002730  xTaskGenericNotifyFromISR           
00002930  vTaskNotifyGiveFromISR              
00002bdc  vPortStartFirstTask                 
00002c6c  vPortYieldProcessor                 
00002d58  vPortYeildWithinAPI                 
00002e4c  vPortPreemptiveTick                 
00002f4c  vPortInitialiseFPSCR                
00002f58  ulPortCountLeadingZeros             
00002f60  vPortSWI                            
00003030  prvMpuSetRegion                     
00003048  prvMpuEnable                        
00003060  prvMpuDisable                       
00003088  pxPortInitialiseStack               
0000319c  vPortStoreTaskMPUSettings           
00003410  xPortStartScheduler                 
00003434  vPortEndScheduler                   
00003468  pvPortMalloc                        
000036bc  vPortFree                           
000037b4  xPortGetFreeHeapSize                
000037c0  xPortGetMinimumEverFreeHeapSize     
000037cc  vPortInitialiseBlocks               
000038a8  __TI_Handler_Table_Base             
000038b4  __TI_Handler_Table_Limit            
000038d0  __TI_CINIT_Base                     
000038f0  __TI_CINIT_Limit                    
00008020  selftestFailNotification            
00008030  ccmSelfCheck                        
00008174  memoryInit                          
000081b8  stcSelfCheck                        
00008234  cpuSelfTest                         
000082cc  pbistSelfCheck                      
000084ac  pbistRun                            
00008578  pbistStop                           
000085a8  pbistIsTestCompleted                
000085d4  pbistIsTestPassed                   
00008608  pbistPortTestStatus                 
00008660  efcCheck                            
000086e8  efcStuckZeroTest                    
00008794  efcSelfTest                         
000087bc  checkefcSelfTest                    
0000885c  fmcBus2Check                        
00008898  fmcECCcheck                         
00008938  checkB0RAMECC                       
00008b28  checkB1RAMECC                       
00008d18  checkFlashECC                       
00008df4  custom_dabort                       
00008df8  stcSelfCheckFail                    
00008dfc  cpuSelfTestFail                     
00008e00  vimParityCheck                      
00008eac  dmaParityCheck                      
00008f58  het1ParityCheck                     
00009004  htu1ParityCheck                     
000090c0  het2ParityCheck                     
000091bc  htu2ParityCheck                     
0000926c  adc1ParityCheck                     
00009358  adc2ParityCheck                     
00009410  can1ParityCheck                     
000094e8  can2ParityCheck                     
000095b0  can3ParityCheck                     
00009684  mibspi1ParityCheck                  
0000978c  mibspi3ParityCheck                  
000098b0  mibspi5ParityCheck                  
000099d0  checkRAMECC                         
00009c18  checkClockMonitor                   
00009cf4  checkFlashEEPROMECC                 
00009e8c  checkPLL1Slip                       
00009f8c  checkPLL2Slip                       
0000a050  checkRAMAddrParity                  
0000a15c  checkRAMUERRTest                    
0000a2c4  fmcBus1ParityCheck                  
0000a3ec  pbistFail                           
0000a470  pbistGetConfigValue                 
0000a5bc  stcGetConfigValue                   
0000a660  efcGetConfigValue                   
0000a6fc  ccmr4GetConfigValue                 
0000a76c  errata_PBIST_4                      
0000aad0  enableParity                        
0000ab58  disableParity                       
0000acfc  AE_ltcInit                          
0000ae30  AE_ltcWrite                         
0000b000  AE_ltcCmdWrite                      
0000b050  AE_ltcRead                          
0000b1c8  AE_ltcCmdRead                       
0000b228  AE_ltcWakeUpSleep                   
0000b2a8  AE_ltcWakeUpIdle                    
0000b328  AE_ltcReadCellVoltage               
0000b708  AE_ltcSetUnderOverVoltage           
0000b818  AE_ltcUnderOverFlag                 
0000b9dc  AE_ltcStartCellAdc                  
0000bac4  AE_ltcAdcMeasureState               
0000bae8  AE_ltcStartGpioAdc                  
0000bbd8  AE_ltcReadGPIOVoltage               
0000bef4  AE_ltcStartStatusAdc                
0000bfd8  AE_ltcReadStatusRegA                
0000c118  AE_ltcReadStatusRegB                
0000c2f8  AE_ltcClearCellAdc                  
0000c368  AE_ltcClearGpioAdc                  
0000c3d8  AE_ltcClearStatusAdc                
0000c46c  AE_ltcStartPwm                      
0000c564  AE_ltcPausePwm                      
0000c57c  AE_ltcContinuePwm                   
0000c594  AE_ltcSetBalance                    
0000c6f8  AE_ltcIsBalanceComplete             
0000c7d4  AE_ltcMinCellVolt                   
0000c880  AE_ltcIsCellOpenWire                
0000cb40  AE_ltcIsGpioOpenWire                
0000ce3c  AE_ltcTemperature                   
0000ce84  pwmNotification                     
0000ceac  getUsTick                           
0000cec0  AE_delayMs                          
0000cefc  AE_delayTenUs                       
0000cf74  spiInit                             
0000d1d4  spiSetFunctional                    
0000d1f4  spiReceiveData                      
0000d310  spiGetData                          
0000d408  spiTransmitData                     
0000d534  spiSendData                         
0000d62c  spiTransmitAndReceiveData           
0000d768  spiSendAndGetData                   
0000d8a8  SpiTxStatus                         
0000d934  SpiRxStatus                         
0000d9c0  spiEnableLoopback                   
0000d9f4  spiDisableLoopback                  
0000da10  spiEnableNotification               
0000da40  spiDisableNotification              
0000da6c  spi1GetConfigValue                  
0000dbfc  spi3GetConfigValue                  
0000de5c  setupPLL                            
0000debc  trimLPO                             
0000df30  setupFlash                          
0000df70  periphInit                          
0000dfc4  mapClocks                           
0000e0ec  systemInit                          
0000e1b8  systemPowerDown                     
0000e1e8  systemGetConfigValue                
0000e5fc  tcmflashGetConfigValue              
0000e7a8  sramGetConfigValue                  
0000e8e4  customTrimLPO                       
0000e9c0  vimInit                             
0000ea94  vimChannelMap                       
0000eb38  vimEnableInterrupt                  
0000ed00  vimDisableInterrupt                 
0000edac  vimGetConfigValue                   
0000f418  hetInit                             
0000f4d8  pwmStart                            
0000f50c  pwmStop                             
0000f540  pwmSetDuty                          
0000f67c  pwmSetSignal                        
0000f7f8  pwmGetSignal                        
0000f8d8  pwmEnableNotification               
0000f920  pwmDisableNotification              
0000f950  edgeResetCounter                    
0000f97c  edgeGetCounter                      
0000f9a8  edgeEnableNotification              
0000f9e4  edgeDisableNotification             
0000fa24  capGetSignal                        
0000fafc  hetResetTimestamp                   
0000fb18  hetGetTimestamp                     
0000fb30  het1GetConfigValue                  
0000fd08  muxInit                             
000101a4  pinmuxGetConfigValue                
000105b4  _errata_SSWF021_45_both_plls        
000107a8  _errata_SSWF021_45_pll1             
00010920  _errata_SSWF021_45_pll2             
00010c18  esmInit                             
00010d20  esmError                            
00010d3c  esmEnableError                      
00010d64  esmDisableError                     
00010d8c  esmTriggerErrorPinReset             
00010d9c  esmActivateNormalOperation          
00010dac  esmEnableInterrupt                  
00010dd4  esmDisableInterrupt                 
00010dfc  esmSetInterruptLevel                
00010e70  esmClearStatus                      
00010eb0  esmClearStatusBuffer                
00010ecc  esmSetCounterPreloadValue           
00010eec  esmGetStatus                        
00010f70  esmGetStatusBuffer                  
00010fa8  esmEnterSelfTest                    
00011030  esmSelfTestStatus                   
00011080  esmGetConfigValue                   
000111d4  gioInit                             
000112a4  gioSetDirection                     
000112c4  gioSetBit                           
00011314  gioSetPort                          
00011334  gioGetBit                           
0001135c  gioGetPort                          
00011374  gioToggleBit                        
000113cc  gioEnableNotification               
00011434  gioDisableNotification              
0001149c  gioGetConfigValue                   
00011658  _coreInitRegisters_                 
00011764  _coreInitStackPointer_              
000117b0  _getCPSRValue_                      
000117b8  _gotoCPUIdle_                       
000117d0  _coreEnableVfp_                     
000117e8  _coreEnableEventBusExport_          
000117f8  _coreDisableEventBusExport_         
00011808  _coreEnableRamEcc_                  
00011818  _coreDisableRamEcc_                 
00011828  _coreEnableFlashEcc_                
0001183c  _coreDisableFlashEcc_               
0001184c  _coreEnableIrqVicOffset_            
0001185c  _coreGetDataFault_                  
00011864  _coreClearDataFault_                
00011870  _coreGetInstructionFault_           
00011878  _coreClearInstructionFault_         
00011884  _coreGetDataFaultAddress_           
0001188c  _coreClearDataFaultAddress_         
00011898  _coreGetInstructionFaultAddress_    
000118a0  _coreClearInstructionFaultAddress_  
000118ac  _coreGetAuxiliaryDataFault_         
000118b4  _coreClearAuxiliaryDataFault_       
000118c0  _coreGetAuxiliaryInstructionFault_  
000118c8  _coreClearAuxiliaryInstructionFault_
000118d4  _disable_interrupt_                 
000118dc  _disable_FIQ_interrupt_             
000118e4  _disable_IRQ_interrupt_             
000118ec  _enable_interrupt_                  
000118f4  _esmCcmErrorsClear_                 
0001197c  _errata_CORTEXR4_57_                
0001198c  _errata_CORTEXR4_66_                
0001199c  __TI_PINIT_Base                     
000119a0  __TI_PINIT_Limit                    
000119a4  vimParityErrorHandler               
00011c70  _c_int00                            
00012170  vListInitialise                     
000121c8  vListInitialiseItem                 
000121e4  vListInsertEnd                      
00012258  vListInsert                         
0001231c  uxListRemove                        
000123a9  logf                                
0001273c  main                                
00012824  ltcInit                             
000128d0  init_PEC15_Table                    
00012990  AE_pec15                            
00012a30  het1HighLevelInterrupt              
00012ad8  het1LowLevelInterrupt               
00012c68  xTaskNotifyStateClear               
00012ce4  esmHighInterrupt                    
00012df8  AE_calculateTemp                    
00012f0c  _dabort                             
00012ff4  esmGroup1Notification               
00013004  esmGroup2Notification               
00013014  memoryPort0TestFailNotification     
00013030  memoryPort1TestFailNotification     
0001304c  gioNotification                     
00013060  spiNotification                     
00013074  spiEndNotification                  
0001309c  edgeNotification                    
000130b0  hetNotification                     
000130c4  dmaGroupANotification               
000130d8  _pmuInit_                           
00013124  _pmuEnableCountersGlobal_           
00013134  _pmuDisableCountersGlobal_          
00013144  _pmuResetCycleCounter_              
00013154  _pmuResetEventCounters_             
00013164  _pmuResetCounters_                  
00013174  _pmuStartCounters_                  
0001317c  _pmuStopCounters_                   
00013184  _pmuSetCountEvent_                  
00013190  _pmuGetCycleCount_                  
00013198  _pmuGetEventCount_                  
000131a4  _pmuGetOverflow_                    
000131b9  __aeabi_memcpy                      
000131b9  __aeabi_memcpy4                     
000131b9  __aeabi_memcpy8                     
000131b9  memcpy                              
00013255  __aeabi_memclr                      
00013255  __aeabi_memclr4                     
00013255  __aeabi_memclr8                     
00013257  __aeabi_memset                      
00013257  __aeabi_memset4                     
00013257  __aeabi_memset8                     
0001325d  memset                              
000132cf  __TI_decompress_lzss                
0001333b  __aeabi_idiv0                       
0001333b  __aeabi_ldiv0                       
0001333c  __aeabi_uidiv                       
0001333c  __aeabi_uidivmod                    
0001338d  __TI_auto_init_nobinit_nopinit      
000133d1  strlen                              
000133e7  __TI_decompress_none                
000133f5  __TI_zero_init                      
00013401  __aeabi_errno_addr                  
00013409  C$$EXIT                             
00013409  abort                               
0001340c  phantomInterrupt                    
00013410  handlePLLLockFail                   
080008d0  pxCurrentTCB                        
08001000  __start___llvm_prf_cnts             
08001000  __stop___llvm_prf_cnts              
08003400  pec15Table                          
08003688  uwTick                              
0800368c  returnVarningClose                  
0800368d  status                              
08003690  ltcBat                              
08003800  ulCriticalNesting                   
08003804  ulTaskHasFPUContext                 
08003808  errno                               
ffffffff  __TI_pprof_out_hndl                 
ffffffff  __TI_prof_data_size                 
ffffffff  __TI_prof_data_start                
ffffffff  __binit__                           
ffffffff  __c_args__                          
ffffffff  binit                               
UNDEFED   SHT$$INIT_ARRAY$$Base               
UNDEFED   SHT$$INIT_ARRAY$$Limit              
UNDEFED   _system_post_cinit                  

[354 symbols]
