******************************************************************************
                  TI ARM Linker PC v20.2.5                     
******************************************************************************
>> Linked Tue Feb 20 16:40:27 2024

OUTPUT FILE NAME:   <009_Ltc6812.out>
ENTRY POINT SYMBOL: "_c_int00"  address: 000125cc


MEMORY CONFIGURATION

         name            origin    length      used     unused   attr    fill
----------------------  --------  ---------  --------  --------  ----  --------
  VECTORS               00000000   00000020  00000020  00000000     X
  KERNEL                00000020   00008000  000038cc  00004734  R  X
  FLASH0                00008020   00137fe0  0000c310  0012bcd0  R  X
  STACKS                08000000   00000800  00000000  00000800  RW  
  KRAM                  08000800   00000800  00000104  000006fc  RW  
  RAM                   08001000   0002f000  00002829  0002c7d7  RW  


SEGMENT ALLOCATION MAP

run origin  load origin   length   init length attrs members
----------  ----------- ---------- ----------- ----- -------
00000000    00000000    000038f0   000038f0    r-x
  00000000    00000000    00000020   00000020    r-x .intvecs
  00000020    00000020    000037c4   000037c4    r-x .kernelTEXT
  000037e8    000037e8    00000108   00000108    r-- .cinit
00008020    00008020    0000c310   0000c310    r-x
  00008020    00008020    0000bd50   0000bd50    r-x .text
  00013d70    00013d70    000005c0   000005c0    r-- .const
08000800    08000800    00000104   00000000    rw-
  08000800    08000800    00000104   00000000    rw- .kernelBSS
08001000    08001000    0000282b   00000000    rw-
  08001000    08001000    00002000   00000000    rw- .kernelHEAP
  08003000    08003000    0000068e   00000000    rw- .bss
  08003690    08003690    0000019b   00000000    rw- .data


SECTION ALLOCATION MAP

 output                                  attributes/
section   page    origin      length       input sections
--------  ----  ----------  ----------   ----------------
.intvecs   0    00000000    00000020     
                  00000000    00000020     sys_intvecs.obj (.intvecs)

.kernelTEXT 
*          0    00000020    000037c4     
                  00000020    00002bb8     os_tasks.obj (.kernelTEXT)
                  00002bd8    000004b0     os_portasm.obj (.kernelTEXT)
                  00003088    000003e0     os_port.obj (.kernelTEXT)
                  00003468    0000037c     os_heap.obj (.kernelTEXT)

.cinit     0    000037e8    00000108     
                  000037e8    000000bf     (.cinit..data.load) [load image, compression = lzss]
                  000038a7    00000001     --HOLE-- [fill = 0]
                  000038a8    0000000c     (__TI_handler_table)
                  000038b4    00000009     (.cinit..kernelBSS.load) [load image, compression = lzss]
                  000038bd    00000003     --HOLE-- [fill = 0]
                  000038c0    00000008     (.cinit..bss.load) [load image, compression = zero_init]
                  000038c8    00000008     (.cinit..kernelHEAP.load) [load image, compression = zero_init]
                  000038d0    00000020     (__TI_cinit_table)

.text      0    00008020    0000bd50     
                  00008020    00002cdc     sys_selftest.obj (.text)
                  0000acfc    00002bd0     ltc6812.obj (.text)
                  0000d8cc    00000eec     spi.obj (.text)
                  0000e7b8    00000b64     system.obj (.text)
                  0000f31c    00000a58     sys_vim.obj (.text)
                  0000fd74    000008f0     het.obj (.text)
                  00010664    000008ac     pinmux.obj (.text)
                  00010f10    00000664     errata_SSWF021_45.obj (.text)
                  00011574    000005bc     esm.obj (.text)
                  00011b30    00000484     gio.obj (.text)
                  00011fb4    0000034c     sys_core.obj (.text)
                  00012300    000002cc     sys_vim.obj (.text:retain)
                  000125cc    00000288     sys_startup.obj (.text:retain)
                  00012854    00000278     os_heap.obj (.text)
                  00012acc    00000238     os_list.obj (.text)
                  00012d04    000001e4     rtsv7R4_T_be_v3D16_eabi.lib : e_logf.c.obj (.text:logf)
                  00012ee8    000001b0     os_port.obj (.text)
                  00013098    00000194     sys_main.obj (.text)
                  0001322c    00000160     crc15.obj (.text)
                  0001338c    0000015c     het.obj (.text:retain)
                  000134e8    00000158     os_tasks.obj (.text)
                  00013640    00000114     esm.obj (.text:retain)
                  00013754    00000114     temperature.obj (.text)
                  00013868    000000e8     dabort.obj (.text)
                  00013950    000000e4     notification.obj (.text)
                  00013a34    000000e0     sys_pmu.obj (.text)
                  00013b14    0000009c     rtsv7R4_T_be_v3D16_eabi.lib : memcpy_t2.asm.obj (.text)
                  00013bb0    0000007a                                 : memset_t2.asm.obj (.text)
                  00013c2a    0000006c                                 : copy_decompress_lzss.c.obj (.text:decompress:lzss:__TI_decompress_lzss)
                  00013c96    00000002                                 : div0.asm.obj (.text)
                  00013c98    00000050                                 : u_div32.asm.obj (.text)
                  00013ce8    00000044                                 : autoinit.c.obj (.text:__TI_auto_init_nobinit_nopinit:__TI_auto_init_nobinit_nopinit)
                  00013d2c    00000016                                 : strlen.c.obj (.text:strlen)
                  00013d42    0000000e                                 : copy_decompress_none.c.obj (.text:decompress:none:__TI_decompress_none)
                  00013d50    0000000c                                 : copy_zero_init.c.obj (.text:decompress:ZI:__TI_zero_init)
                  00013d5c    00000008                                 : errno.c.obj (.text:__aeabi_errno_addr)
                  00013d64    00000004                                 : exit.c.obj (.text:abort:abort)
                  00013d68    00000004     sys_phantom.obj (.text:retain)
                  00013d6c    00000004     sys_startup.obj (.text)

.const     0    00013d70    000005c0     
                  00013d70    000003a0     het.obj (.const:het1PROGRAM)
                  00014110    00000200     sys_vim.obj (.const:s_vim_init)
                  00014310    00000020     het.obj (.const:s_het1pwmPolarity)

.kernelBSS 
*          0    08000800    00000104     UNINITIALIZED
                  08000800    000000d0     os_tasks.obj (.kernelBSS:uninit)
                  080008d0    00000034     os_tasks.obj (.kernelBSS:init)

.kernelHEAP 
*          0    08001000    00002000     UNINITIALIZED
                  08001000    00002000     os_heap.obj (.kernelHEAP)

.bss       0    08003000    0000068e     UNINITIALIZED
                  08003000    00000200     ltc6812.obj (.bss:rxBuffer)
                  08003200    00000200     ltc6812.obj (.bss:txBuffer)
                  08003400    00000200     (.common:pec15Table)
                  08003600    00000078     spi.obj (.bss:g_spiPacket_t)
                  08003678    00000008     os_heap.obj (.bss:xStart)
                  08003680    00000004     ltc6812.obj (.bss)
                  08003684    00000004     (.common:ltcSpi_ps)
                  08003688    00000004     (.common:uwTick)
                  0800368c    00000001     (.common:returnVarningClose)
                  0800368d    00000001     (.common:status)

.data      0    08003690    0000019b     UNINITIALIZED
                  08003690    000000c0     sys_main.obj (.data:ltcBat)
                  08003750    00000010     os_heap.obj (.data)
                  08003760    00000008     ltc6812.obj (.data:cmdCLRAUX_pu16)
                  08003768    00000008     ltc6812.obj (.data:cmdCLRCELL_pu16)
                  08003770    00000008     ltc6812.obj (.data:cmdCLRSTAT_pu16)
                  08003778    00000008     ltc6812.obj (.data:cmdMute_pu16)
                  08003780    00000008     ltc6812.obj (.data:cmdPladc_pu16)
                  08003788    00000008     ltc6812.obj (.data:cmdRDAUXA_pu16)
                  08003790    00000008     ltc6812.obj (.data:cmdRDAUXB_pu16)
                  08003798    00000008     ltc6812.obj (.data:cmdRDAUXC_pu16)
                  080037a0    00000008     ltc6812.obj (.data:cmdRDAUXD_pu16)
                  080037a8    00000008     ltc6812.obj (.data:cmdRDCFGA_pu16)
                  080037b0    00000008     ltc6812.obj (.data:cmdRDCFGB_pu16)
                  080037b8    00000008     ltc6812.obj (.data:cmdRDCVA_pu16)
                  080037c0    00000008     ltc6812.obj (.data:cmdRDCVB_pu16)
                  080037c8    00000008     ltc6812.obj (.data:cmdRDCVC_pu16)
                  080037d0    00000008     ltc6812.obj (.data:cmdRDCVD_pu16)
                  080037d8    00000008     ltc6812.obj (.data:cmdRDCVE_pu16)
                  080037e0    00000008     ltc6812.obj (.data:cmdRDSTATA_pu16)
                  080037e8    00000008     ltc6812.obj (.data:cmdRDSTATB_pu16)
                  080037f0    00000008     ltc6812.obj (.data:cmdUnMute_pu16)
                  080037f8    00000008     ltc6812.obj (.data:cmdWRCFGA_pu16)
                  08003800    00000008     ltc6812.obj (.data:cmdWRCFGB_pu16)
                  08003808    00000008     ltc6812.obj (.data:cmdWRPSB_pu16)
                  08003810    00000008     ltc6812.obj (.data:cmdWRPWM_pu16)
                  08003818    00000008     os_port.obj (.data)
                  08003820    00000004     rtsv7R4_T_be_v3D16_eabi.lib : errno.c.obj (.data)
                  08003824    00000004     ltc6812.obj (.data:spiDat_s)
                  08003828    00000003     ltc6812.obj (.data)

__llvm_prf_cnts 
*          0    08001000    00000000     UNINITIALIZED

MODULE SUMMARY

       Module                       code    ro data   rw data
       ------                       ----    -------   -------
    .\009_Ltc6812\source\
       os_tasks.obj                 11536   0         260    
       sys_selftest.obj             11484   0         0      
       os_heap.obj                  1524    0         8216   
       spi.obj                      3820    0         120    
       sys_vim.obj                  3364    512       0      
       het.obj                      2636    960       0      
       system.obj                   2916    0         0      
       pinmux.obj                   2220    0         0      
       esm.obj                      1744    0         0      
       errata_SSWF021_45.obj        1636    0         0      
       os_port.obj                  1424    0         8      
       os_portasm.obj               1200    0         0      
       gio.obj                      1156    0         0      
       sys_core.obj                 844     0         0      
       sys_startup.obj              652     0         0      
       sys_main.obj                 404     0         194    
       os_list.obj                  568     0         0      
       dabort.obj                   232     0         0      
       notification.obj             228     0         0      
       sys_pmu.obj                  224     0         0      
       sys_intvecs.obj              32      0         0      
       sys_phantom.obj              4       0         0      
    +--+----------------------------+-------+---------+---------+
       Total:                       49848   1472      8798   
                                                             
    .\ltc681x\crc\
       crc15.obj                    352     0         512    
    +--+----------------------------+-------+---------+---------+
       Total:                       352     0         512    
                                                             
    .\ltc681x\ltc\
       ltc6812.obj                  11216   0         1227   
    +--+----------------------------+-------+---------+---------+
       Total:                       11216   0         1227   
                                                             
    .\ltc681x\temperature\
       temperature.obj              276     0         0      
    +--+----------------------------+-------+---------+---------+
       Total:                       276     0         0      
                                                             
    C:/ti/ccs1120/ccs/tools/compiler/ti-cgt-arm_20.2.5.LTS/lib/rtsv7R4_T_be_v3D16_eabi.lib
       e_logf.c.obj                 484     0         0      
       memcpy_t2.asm.obj            156     0         0      
       memset_t2.asm.obj            122     0         0      
       copy_decompress_lzss.c.obj   108     0         0      
       u_div32.asm.obj              80      0         0      
       autoinit.c.obj               68      0         0      
       strlen.c.obj                 22      0         0      
       copy_decompress_none.c.obj   14      0         0      
       copy_zero_init.c.obj         12      0         0      
       errno.c.obj                  8       0         4      
       exit.c.obj                   4       0         0      
       div0.asm.obj                 2       0         0      
    +--+----------------------------+-------+---------+---------+
       Total:                       1080    0         4      
                                                             
       Linker Generated:            0       260       0      
    +--+----------------------------+-------+---------+---------+
       Grand Total:                 62772   1732      10541  


LINKER GENERATED COPY TABLES

__TI_cinit_table @ 000038d0 records: 4, size/record: 8, table size: 32
	.data: load addr=000037e8, load size=000000bf bytes, run addr=08003690, run size=0000019b bytes, compression=lzss
	.kernelBSS: load addr=000038b4, load size=00000009 bytes, run addr=08000800, run size=00000104 bytes, compression=lzss
	.bss: load addr=000038c0, load size=00000008 bytes, run addr=08003000, run size=0000068e bytes, compression=zero_init
	.kernelHEAP: load addr=000038c8, load size=00000008 bytes, run addr=08001000, run size=00002000 bytes, compression=zero_init


LINKER GENERATED HANDLER TABLE

__TI_handler_table @ 000038a8 records: 3, size/record: 4, table size: 12
	index: 0, handler: __TI_decompress_lzss
	index: 1, handler: __TI_decompress_none
	index: 2, handler: __TI_zero_init


GLOBAL SYMBOLS: SORTED ALPHABETICALLY BY Name 

address   name                                
-------   ----                                
00013754  AE_calculateTemp                    
0000d828  AE_delayMs                          
0000d864  AE_delayTenUs                       
0000be18  AE_ltcAdcMeasureState               
0000cea0  AE_ltcBalance                       
0000c8e0  AE_ltcClearCellAdc                  
0000c9b0  AE_ltcClearGpioAdc                  
0000ca80  AE_ltcClearStatusAdc                
0000b314  AE_ltcCmdRead                       
0000b128  AE_ltcCmdWrite                      
0000cd04  AE_ltcContinuePwm                   
0000acfc  AE_ltcInit                          
0000cfdc  AE_ltcIsBalanceComplete             
0000d160  AE_ltcIsCellOpenWire                
0000d41c  AE_ltcIsGpioOpenWire                
0000d0bc  AE_ltcMinCellVolt                   
0000ccf0  AE_ltcPausePwm                      
0000cd1c  AE_ltcPreBalance                    
0000b180  AE_ltcRead                          
0000b4f4  AE_ltcReadCellVoltage               
0000b4c0  AE_ltcReadConfRegA                  
0000b4d8  AE_ltcReadConfRegB                  
0000bf74  AE_ltcReadGpioVoltage               
0000c43c  AE_ltcReadStatusRegA                
0000c5fc  AE_ltcReadStatusRegB                
0000b938  AE_ltcSetUnderOverVoltage           
0000bcd0  AE_ltcStartCellAdc                  
0000be38  AE_ltcStartGpioAdc                  
0000cb90  AE_ltcStartPwm                      
0000c2f4  AE_ltcStartStatusAdc                
0000d730  AE_ltcTemperature                   
0000bb30  AE_ltcUnderOverFlag                 
0000b404  AE_ltcWakeUpIdle                    
0000b37c  AE_ltcWakeUpSleep                   
0000af30  AE_ltcWrite                         
0000b48c  AE_ltcWriteConfRegA                 
0000b4a4  AE_ltcWriteConfRegB                 
000132ec  AE_pec15                            
00013d65  C$$EXIT                             
UNDEFED   SHT$$INIT_ARRAY$$Base               
UNDEFED   SHT$$INIT_ARRAY$$Limit              
0000e290  SpiRxStatus                         
0000e204  SpiTxStatus                         
000038d0  __TI_CINIT_Base                     
000038f0  __TI_CINIT_Limit                    
000038a8  __TI_Handler_Table_Base             
000038b4  __TI_Handler_Table_Limit            
000122f8  __TI_PINIT_Base                     
000122fc  __TI_PINIT_Limit                    
00013ce9  __TI_auto_init_nobinit_nopinit      
00013c2b  __TI_decompress_lzss                
00013d43  __TI_decompress_none                
ffffffff  __TI_pprof_out_hndl                 
ffffffff  __TI_prof_data_size                 
ffffffff  __TI_prof_data_start                
00000000  __TI_static_base__                  
00013d51  __TI_zero_init                      
00013d5d  __aeabi_errno_addr                  
00013c97  __aeabi_idiv0                       
00013c97  __aeabi_ldiv0                       
00013bb1  __aeabi_memclr                      
00013bb1  __aeabi_memclr4                     
00013bb1  __aeabi_memclr8                     
00013b15  __aeabi_memcpy                      
00013b15  __aeabi_memcpy4                     
00013b15  __aeabi_memcpy8                     
00013bb3  __aeabi_memset                      
00013bb3  __aeabi_memset4                     
00013bb3  __aeabi_memset8                     
00013c98  __aeabi_uidiv                       
00013c98  __aeabi_uidivmod                    
ffffffff  __binit__                           
ffffffff  __c_args__                          
08001000  __start___llvm_prf_cnts             
08001000  __stop___llvm_prf_cnts              
000125cc  _c_int00                            
00012210  _coreClearAuxiliaryDataFault_       
00012224  _coreClearAuxiliaryInstructionFault_
000121e8  _coreClearDataFaultAddress_         
000121c0  _coreClearDataFault_                
000121fc  _coreClearInstructionFaultAddress_  
000121d4  _coreClearInstructionFault_         
00012154  _coreDisableEventBusExport_         
00012198  _coreDisableFlashEcc_               
00012174  _coreDisableRamEcc_                 
00012144  _coreEnableEventBusExport_          
00012184  _coreEnableFlashEcc_                
000121a8  _coreEnableIrqVicOffset_            
00012164  _coreEnableRamEcc_                  
0001212c  _coreEnableVfp_                     
00012208  _coreGetAuxiliaryDataFault_         
0001221c  _coreGetAuxiliaryInstructionFault_  
000121e0  _coreGetDataFaultAddress_           
000121b8  _coreGetDataFault_                  
000121f4  _coreGetInstructionFaultAddress_    
000121cc  _coreGetInstructionFault_           
00011fb4  _coreInitRegisters_                 
000120c0  _coreInitStackPointer_              
00013868  _dabort                             
00012238  _disable_FIQ_interrupt_             
00012240  _disable_IRQ_interrupt_             
00012230  _disable_interrupt_                 
00012248  _enable_interrupt_                  
000122d8  _errata_CORTEXR4_57_                
000122e8  _errata_CORTEXR4_66_                
00010f10  _errata_SSWF021_45_both_plls        
00011104  _errata_SSWF021_45_pll1             
0001127c  _errata_SSWF021_45_pll2             
00012250  _esmCcmErrorsClear_                 
0001210c  _getCPSRValue_                      
00012114  _gotoCPUIdle_                       
00013a90  _pmuDisableCountersGlobal_          
00013a80  _pmuEnableCountersGlobal_           
00013aec  _pmuGetCycleCount_                  
00013af4  _pmuGetEventCount_                  
00013b00  _pmuGetOverflow_                    
00013a34  _pmuInit_                           
00013ac0  _pmuResetCounters_                  
00013aa0  _pmuResetCycleCounter_              
00013ab0  _pmuResetEventCounters_             
00013ae0  _pmuSetCountEvent_                  
00013ad0  _pmuStartCounters_                  
00013ad8  _pmuStopCounters_                   
UNDEFED   _system_post_cinit                  
00013d65  abort                               
0000926c  adc1ParityCheck                     
00009358  adc2ParityCheck                     
ffffffff  binit                               
00009410  can1ParityCheck                     
000094e8  can2ParityCheck                     
000095b0  can3ParityCheck                     
00010380  capGetSignal                        
00008030  ccmSelfCheck                        
0000a6fc  ccmr4GetConfigValue                 
00008938  checkB0RAMECC                       
00008b28  checkB1RAMECC                       
00009c18  checkClockMonitor                   
00008d18  checkFlashECC                       
00009cf4  checkFlashEEPROMECC                 
00009e8c  checkPLL1Slip                       
00009f8c  checkPLL2Slip                       
0000a050  checkRAMAddrParity                  
000099d0  checkRAMECC                         
0000a15c  checkRAMUERRTest                    
000087bc  checkefcSelfTest                    
00008234  cpuSelfTest                         
00008dfc  cpuSelfTestFail                     
0000f240  customTrimLPO                       
00008df4  custom_dabort                       
0000ab58  disableParity                       
00013a20  dmaGroupANotification               
00008eac  dmaParityCheck                      
00001f00  eTaskConfirmSleepModeStatus         
00000888  eTaskGetState                       
00010340  edgeDisableNotification             
00010304  edgeEnableNotification              
000102d8  edgeGetCounter                      
000139f8  edgeNotification                    
000102ac  edgeResetCounter                    
00008660  efcCheck                            
0000a660  efcGetConfigValue                   
00008794  efcSelfTest                         
000086e8  efcStuckZeroTest                    
0000aad0  enableParity                        
0000a76c  errata_PBIST_4                      
08003820  errno                               
000116f8  esmActivateNormalOperation          
000117cc  esmClearStatus                      
0001180c  esmClearStatusBuffer                
000116c0  esmDisableError                     
00011730  esmDisableInterrupt                 
00011698  esmEnableError                      
00011708  esmEnableInterrupt                  
00011904  esmEnterSelfTest                    
0001167c  esmError                            
000119dc  esmGetConfigValue                   
00011848  esmGetStatus                        
000118cc  esmGetStatusBuffer                  
00013950  esmGroup1Notification               
00013960  esmGroup2Notification               
00013640  esmHighInterrupt                    
00011574  esmInit                             
0001198c  esmSelfTestStatus                   
00011828  esmSetCounterPreloadValue           
00011758  esmSetInterruptLevel                
000116e8  esmTriggerErrorPinReset             
0000a2c4  fmcBus1ParityCheck                  
0000885c  fmcBus2Check                        
00008898  fmcECCcheck                         
0000d81c  getUsTick                           
00011d90  gioDisableNotification              
00011d28  gioEnableNotification               
00011c90  gioGetBit                           
00011df8  gioGetConfigValue                   
00011cb8  gioGetPort                          
00011b30  gioInit                             
000139a8  gioNotification                     
00011c20  gioSetBit                           
00011c00  gioSetDirection                     
00011c70  gioSetPort                          
00011cd0  gioToggleBit                        
00013d6c  handlePLLLockFail                   
0001048c  het1GetConfigValue                  
0001338c  het1HighLevelInterrupt              
00013434  het1LowLevelInterrupt               
00008f58  het1ParityCheck                     
000090c0  het2ParityCheck                     
00010474  hetGetTimestamp                     
0000fd74  hetInit                             
00013a0c  hetNotification                     
00010458  hetResetTimestamp                   
00009004  htu1ParityCheck                     
000091bc  htu2ParityCheck                     
0001322c  init_PEC15_Table                    
00012d05  logf                                
08003690  ltcBat                              
0001311c  ltcInit                             
08003684  ltcSpi_ps                           
00013098  main                                
0000e920  mapClocks                           
00013b15  memcpy                              
00008174  memoryInit                          
00013970  memoryPort0TestFailNotification     
0001398c  memoryPort1TestFailNotification     
00013bb9  memset                              
00009684  mibspi1ParityCheck                  
0000978c  mibspi3ParityCheck                  
000098b0  mibspi5ParityCheck                  
00010664  muxInit                             
0000a3ec  pbistFail                           
0000a470  pbistGetConfigValue                 
000085a8  pbistIsTestCompleted                
000085d4  pbistIsTestPassed                   
00008608  pbistPortTestStatus                 
000084ac  pbistRun                            
000082cc  pbistSelfCheck                      
00008578  pbistStop                           
00001344  pcTaskGetName                       
08003400  pec15Table                          
0000e8cc  periphInit                          
00013d68  phantomInterrupt                    
00010b00  pinmuxGetConfigValue                
00003060  prvMpuDisable                       
00003048  prvMpuEnable                        
00003030  prvMpuSetRegion                     
00003468  pvPortMalloc                        
00001fe0  pvTaskGetThreadLocalStoragePointer  
0001027c  pwmDisableNotification              
00010234  pwmEnableNotification               
00010154  pwmGetSignal                        
0000d7f4  pwmNotification                     
0000fe9c  pwmSetDuty                          
0000ffd8  pwmSetSignal                        
0000fe34  pwmStart                            
0000fe68  pwmStop                             
080008d0  pxCurrentTCB                        
00003088  pxPortInitialiseStack               
00000000  resetEntry                          
0800368c  returnVarningClose                  
00008020  selftestFailNotification            
0000e88c  setupFlash                          
0000e7b8  setupPLL                            
0000e3c8  spi1GetConfigValue                  
0000e558  spi3GetConfigValue                  
0000e350  spiDisableLoopback                  
0000e39c  spiDisableNotification              
0000e31c  spiEnableLoopback                   
0000e36c  spiEnableNotification               
000139d0  spiEndNotification                  
0000dc6c  spiGetData                          
0000d8cc  spiInit                             
000139bc  spiNotification                     
0000db50  spiReceiveData                      
0000e0c4  spiSendAndGetData                   
0000de90  spiSendData                         
0000db30  spiSetFunctional                    
0000df88  spiTransmitAndReceiveData           
0000dd64  spiTransmitData                     
0000f104  sramGetConfigValue                  
0800368d  status                              
0000a5bc  stcGetConfigValue                   
000081b8  stcSelfCheck                        
00008df8  stcSelfCheckFail                    
00013d2d  strlen                              
0000eb44  systemGetConfigValue                
0000ea48  systemInit                          
0000eb14  systemPowerDown                     
0000ef58  tcmflashGetConfigValue              
0000e818  trimLPO                             
08003818  ulCriticalNesting                   
00002f58  ulPortCountLeadingZeros             
0800381c  ulTaskHasFPUContext                 
00002378  ulTaskNotifyTake                    
08003688  uwTick                              
00012c78  uxListRemove                        
00001338  uxTaskGetNumberOfTasks              
00002224  uxTaskGetStackHighWaterMark         
0000098c  uxTaskPriorityGet                   
000009d0  uxTaskPriorityGetFromISR            
0000233c  uxTaskResetEventItemValue           
00012acc  vListInitialise                     
00012b24  vListInitialiseItem                 
00012bb4  vListInsert                         
00012b40  vListInsertEnd                      
00003434  vPortEndScheduler                   
000036bc  vPortFree                           
000037cc  vPortInitialiseBlocks               
00002f4c  vPortInitialiseFPSCR                
00002e4c  vPortPreemptiveTick                 
00002f60  vPortSWI                            
00002bdc  vPortStartFirstTask                 
0000319c  vPortStoreTaskMPUSettings           
00002d58  vPortYeildWithinAPI                 
00002c6c  vPortYieldProcessor                 
0000204c  vTaskAllocateMPURegions             
00000804  vTaskDelay                          
00000698  vTaskDelayUntil                     
00000530  vTaskDelete                         
00001074  vTaskEndScheduler                   
00001ef0  vTaskMissedYield                    
00002930  vTaskNotifyGiveFromISR              
00001ab8  vTaskPlaceOnEventList               
00001afc  vTaskPlaceOnUnorderedEventList      
00000a18  vTaskPrioritySet                    
00000e14  vTaskResume                         
00001f7c  vTaskSetThreadLocalStoragePointer   
00001d74  vTaskSetTimeOutState                
00000fdc  vTaskStartScheduler                 
00001658  vTaskStepTick                       
00000c10  vTaskSuspend                        
00001090  vTaskSuspendAll                     
000019d8  vTaskSwitchContext                  
0000f3f0  vimChannelMap                       
0000f65c  vimDisableInterrupt                 
0000f494  vimEnableInterrupt                  
0000f708  vimGetConfigValue                   
0000f31c  vimInit                             
00008e00  vimParityCheck                      
00012300  vimParityErrorHandler               
000037b4  xPortGetFreeHeapSize                
000037c0  xPortGetMinimumEverFreeHeapSize     
00003410  xPortStartScheduler                 
000016b4  xTaskAbortDelay                     
00001db8  xTaskCheckForTimeOut                
000000fc  xTaskCreate                         
00000020  xTaskCreateRestricted               
00002560  xTaskGenericNotify                  
00002730  xTaskGenericNotifyFromISR           
00001518  xTaskGetHandle                      
00001620  xTaskGetIdleTaskHandle              
000022ec  xTaskGetSchedulerState              
000012f8  xTaskGetTickCount                   
00001314  xTaskGetTickCountFromISR            
000017b0  xTaskIncrementTick                  
000135c4  xTaskNotifyStateClear               
0000244c  xTaskNotifyWait                     
00001b80  xTaskRemoveFromEventList            
00001c70  xTaskRemoveFromUnorderedEventList   
00001148  xTaskResumeAll                      
00000ef4  xTaskResumeFromISR                  


GLOBAL SYMBOLS: SORTED BY Symbol Address 

address   name                                
-------   ----                                
00000000  __TI_static_base__                  
00000000  resetEntry                          
00000020  xTaskCreateRestricted               
000000fc  xTaskCreate                         
00000530  vTaskDelete                         
00000698  vTaskDelayUntil                     
00000804  vTaskDelay                          
00000888  eTaskGetState                       
0000098c  uxTaskPriorityGet                   
000009d0  uxTaskPriorityGetFromISR            
00000a18  vTaskPrioritySet                    
00000c10  vTaskSuspend                        
00000e14  vTaskResume                         
00000ef4  xTaskResumeFromISR                  
00000fdc  vTaskStartScheduler                 
00001074  vTaskEndScheduler                   
00001090  vTaskSuspendAll                     
00001148  xTaskResumeAll                      
000012f8  xTaskGetTickCount                   
00001314  xTaskGetTickCountFromISR            
00001338  uxTaskGetNumberOfTasks              
00001344  pcTaskGetName                       
00001518  xTaskGetHandle                      
00001620  xTaskGetIdleTaskHandle              
00001658  vTaskStepTick                       
000016b4  xTaskAbortDelay                     
000017b0  xTaskIncrementTick                  
000019d8  vTaskSwitchContext                  
00001ab8  vTaskPlaceOnEventList               
00001afc  vTaskPlaceOnUnorderedEventList      
00001b80  xTaskRemoveFromEventList            
00001c70  xTaskRemoveFromUnorderedEventList   
00001d74  vTaskSetTimeOutState                
00001db8  xTaskCheckForTimeOut                
00001ef0  vTaskMissedYield                    
00001f00  eTaskConfirmSleepModeStatus         
00001f7c  vTaskSetThreadLocalStoragePointer   
00001fe0  pvTaskGetThreadLocalStoragePointer  
0000204c  vTaskAllocateMPURegions             
00002224  uxTaskGetStackHighWaterMark         
000022ec  xTaskGetSchedulerState              
0000233c  uxTaskResetEventItemValue           
00002378  ulTaskNotifyTake                    
0000244c  xTaskNotifyWait                     
00002560  xTaskGenericNotify                  
00002730  xTaskGenericNotifyFromISR           
00002930  vTaskNotifyGiveFromISR              
00002bdc  vPortStartFirstTask                 
00002c6c  vPortYieldProcessor                 
00002d58  vPortYeildWithinAPI                 
00002e4c  vPortPreemptiveTick                 
00002f4c  vPortInitialiseFPSCR                
00002f58  ulPortCountLeadingZeros             
00002f60  vPortSWI                            
00003030  prvMpuSetRegion                     
00003048  prvMpuEnable                        
00003060  prvMpuDisable                       
00003088  pxPortInitialiseStack               
0000319c  vPortStoreTaskMPUSettings           
00003410  xPortStartScheduler                 
00003434  vPortEndScheduler                   
00003468  pvPortMalloc                        
000036bc  vPortFree                           
000037b4  xPortGetFreeHeapSize                
000037c0  xPortGetMinimumEverFreeHeapSize     
000037cc  vPortInitialiseBlocks               
000038a8  __TI_Handler_Table_Base             
000038b4  __TI_Handler_Table_Limit            
000038d0  __TI_CINIT_Base                     
000038f0  __TI_CINIT_Limit                    
00008020  selftestFailNotification            
00008030  ccmSelfCheck                        
00008174  memoryInit                          
000081b8  stcSelfCheck                        
00008234  cpuSelfTest                         
000082cc  pbistSelfCheck                      
000084ac  pbistRun                            
00008578  pbistStop                           
000085a8  pbistIsTestCompleted                
000085d4  pbistIsTestPassed                   
00008608  pbistPortTestStatus                 
00008660  efcCheck                            
000086e8  efcStuckZeroTest                    
00008794  efcSelfTest                         
000087bc  checkefcSelfTest                    
0000885c  fmcBus2Check                        
00008898  fmcECCcheck                         
00008938  checkB0RAMECC                       
00008b28  checkB1RAMECC                       
00008d18  checkFlashECC                       
00008df4  custom_dabort                       
00008df8  stcSelfCheckFail                    
00008dfc  cpuSelfTestFail                     
00008e00  vimParityCheck                      
00008eac  dmaParityCheck                      
00008f58  het1ParityCheck                     
00009004  htu1ParityCheck                     
000090c0  het2ParityCheck                     
000091bc  htu2ParityCheck                     
0000926c  adc1ParityCheck                     
00009358  adc2ParityCheck                     
00009410  can1ParityCheck                     
000094e8  can2ParityCheck                     
000095b0  can3ParityCheck                     
00009684  mibspi1ParityCheck                  
0000978c  mibspi3ParityCheck                  
000098b0  mibspi5ParityCheck                  
000099d0  checkRAMECC                         
00009c18  checkClockMonitor                   
00009cf4  checkFlashEEPROMECC                 
00009e8c  checkPLL1Slip                       
00009f8c  checkPLL2Slip                       
0000a050  checkRAMAddrParity                  
0000a15c  checkRAMUERRTest                    
0000a2c4  fmcBus1ParityCheck                  
0000a3ec  pbistFail                           
0000a470  pbistGetConfigValue                 
0000a5bc  stcGetConfigValue                   
0000a660  efcGetConfigValue                   
0000a6fc  ccmr4GetConfigValue                 
0000a76c  errata_PBIST_4                      
0000aad0  enableParity                        
0000ab58  disableParity                       
0000acfc  AE_ltcInit                          
0000af30  AE_ltcWrite                         
0000b128  AE_ltcCmdWrite                      
0000b180  AE_ltcRead                          
0000b314  AE_ltcCmdRead                       
0000b37c  AE_ltcWakeUpSleep                   
0000b404  AE_ltcWakeUpIdle                    
0000b48c  AE_ltcWriteConfRegA                 
0000b4a4  AE_ltcWriteConfRegB                 
0000b4c0  AE_ltcReadConfRegA                  
0000b4d8  AE_ltcReadConfRegB                  
0000b4f4  AE_ltcReadCellVoltage               
0000b938  AE_ltcSetUnderOverVoltage           
0000bb30  AE_ltcUnderOverFlag                 
0000bcd0  AE_ltcStartCellAdc                  
0000be18  AE_ltcAdcMeasureState               
0000be38  AE_ltcStartGpioAdc                  
0000bf74  AE_ltcReadGpioVoltage               
0000c2f4  AE_ltcStartStatusAdc                
0000c43c  AE_ltcReadStatusRegA                
0000c5fc  AE_ltcReadStatusRegB                
0000c8e0  AE_ltcClearCellAdc                  
0000c9b0  AE_ltcClearGpioAdc                  
0000ca80  AE_ltcClearStatusAdc                
0000cb90  AE_ltcStartPwm                      
0000ccf0  AE_ltcPausePwm                      
0000cd04  AE_ltcContinuePwm                   
0000cd1c  AE_ltcPreBalance                    
0000cea0  AE_ltcBalance                       
0000cfdc  AE_ltcIsBalanceComplete             
0000d0bc  AE_ltcMinCellVolt                   
0000d160  AE_ltcIsCellOpenWire                
0000d41c  AE_ltcIsGpioOpenWire                
0000d730  AE_ltcTemperature                   
0000d7f4  pwmNotification                     
0000d81c  getUsTick                           
0000d828  AE_delayMs                          
0000d864  AE_delayTenUs                       
0000d8cc  spiInit                             
0000db30  spiSetFunctional                    
0000db50  spiReceiveData                      
0000dc6c  spiGetData                          
0000dd64  spiTransmitData                     
0000de90  spiSendData                         
0000df88  spiTransmitAndReceiveData           
0000e0c4  spiSendAndGetData                   
0000e204  SpiTxStatus                         
0000e290  SpiRxStatus                         
0000e31c  spiEnableLoopback                   
0000e350  spiDisableLoopback                  
0000e36c  spiEnableNotification               
0000e39c  spiDisableNotification              
0000e3c8  spi1GetConfigValue                  
0000e558  spi3GetConfigValue                  
0000e7b8  setupPLL                            
0000e818  trimLPO                             
0000e88c  setupFlash                          
0000e8cc  periphInit                          
0000e920  mapClocks                           
0000ea48  systemInit                          
0000eb14  systemPowerDown                     
0000eb44  systemGetConfigValue                
0000ef58  tcmflashGetConfigValue              
0000f104  sramGetConfigValue                  
0000f240  customTrimLPO                       
0000f31c  vimInit                             
0000f3f0  vimChannelMap                       
0000f494  vimEnableInterrupt                  
0000f65c  vimDisableInterrupt                 
0000f708  vimGetConfigValue                   
0000fd74  hetInit                             
0000fe34  pwmStart                            
0000fe68  pwmStop                             
0000fe9c  pwmSetDuty                          
0000ffd8  pwmSetSignal                        
00010154  pwmGetSignal                        
00010234  pwmEnableNotification               
0001027c  pwmDisableNotification              
000102ac  edgeResetCounter                    
000102d8  edgeGetCounter                      
00010304  edgeEnableNotification              
00010340  edgeDisableNotification             
00010380  capGetSignal                        
00010458  hetResetTimestamp                   
00010474  hetGetTimestamp                     
0001048c  het1GetConfigValue                  
00010664  muxInit                             
00010b00  pinmuxGetConfigValue                
00010f10  _errata_SSWF021_45_both_plls        
00011104  _errata_SSWF021_45_pll1             
0001127c  _errata_SSWF021_45_pll2             
00011574  esmInit                             
0001167c  esmError                            
00011698  esmEnableError                      
000116c0  esmDisableError                     
000116e8  esmTriggerErrorPinReset             
000116f8  esmActivateNormalOperation          
00011708  esmEnableInterrupt                  
00011730  esmDisableInterrupt                 
00011758  esmSetInterruptLevel                
000117cc  esmClearStatus                      
0001180c  esmClearStatusBuffer                
00011828  esmSetCounterPreloadValue           
00011848  esmGetStatus                        
000118cc  esmGetStatusBuffer                  
00011904  esmEnterSelfTest                    
0001198c  esmSelfTestStatus                   
000119dc  esmGetConfigValue                   
00011b30  gioInit                             
00011c00  gioSetDirection                     
00011c20  gioSetBit                           
00011c70  gioSetPort                          
00011c90  gioGetBit                           
00011cb8  gioGetPort                          
00011cd0  gioToggleBit                        
00011d28  gioEnableNotification               
00011d90  gioDisableNotification              
00011df8  gioGetConfigValue                   
00011fb4  _coreInitRegisters_                 
000120c0  _coreInitStackPointer_              
0001210c  _getCPSRValue_                      
00012114  _gotoCPUIdle_                       
0001212c  _coreEnableVfp_                     
00012144  _coreEnableEventBusExport_          
00012154  _coreDisableEventBusExport_         
00012164  _coreEnableRamEcc_                  
00012174  _coreDisableRamEcc_                 
00012184  _coreEnableFlashEcc_                
00012198  _coreDisableFlashEcc_               
000121a8  _coreEnableIrqVicOffset_            
000121b8  _coreGetDataFault_                  
000121c0  _coreClearDataFault_                
000121cc  _coreGetInstructionFault_           
000121d4  _coreClearInstructionFault_         
000121e0  _coreGetDataFaultAddress_           
000121e8  _coreClearDataFaultAddress_         
000121f4  _coreGetInstructionFaultAddress_    
000121fc  _coreClearInstructionFaultAddress_  
00012208  _coreGetAuxiliaryDataFault_         
00012210  _coreClearAuxiliaryDataFault_       
0001221c  _coreGetAuxiliaryInstructionFault_  
00012224  _coreClearAuxiliaryInstructionFault_
00012230  _disable_interrupt_                 
00012238  _disable_FIQ_interrupt_             
00012240  _disable_IRQ_interrupt_             
00012248  _enable_interrupt_                  
00012250  _esmCcmErrorsClear_                 
000122d8  _errata_CORTEXR4_57_                
000122e8  _errata_CORTEXR4_66_                
000122f8  __TI_PINIT_Base                     
000122fc  __TI_PINIT_Limit                    
00012300  vimParityErrorHandler               
000125cc  _c_int00                            
00012acc  vListInitialise                     
00012b24  vListInitialiseItem                 
00012b40  vListInsertEnd                      
00012bb4  vListInsert                         
00012c78  uxListRemove                        
00012d05  logf                                
00013098  main                                
0001311c  ltcInit                             
0001322c  init_PEC15_Table                    
000132ec  AE_pec15                            
0001338c  het1HighLevelInterrupt              
00013434  het1LowLevelInterrupt               
000135c4  xTaskNotifyStateClear               
00013640  esmHighInterrupt                    
00013754  AE_calculateTemp                    
00013868  _dabort                             
00013950  esmGroup1Notification               
00013960  esmGroup2Notification               
00013970  memoryPort0TestFailNotification     
0001398c  memoryPort1TestFailNotification     
000139a8  gioNotification                     
000139bc  spiNotification                     
000139d0  spiEndNotification                  
000139f8  edgeNotification                    
00013a0c  hetNotification                     
00013a20  dmaGroupANotification               
00013a34  _pmuInit_                           
00013a80  _pmuEnableCountersGlobal_           
00013a90  _pmuDisableCountersGlobal_          
00013aa0  _pmuResetCycleCounter_              
00013ab0  _pmuResetEventCounters_             
00013ac0  _pmuResetCounters_                  
00013ad0  _pmuStartCounters_                  
00013ad8  _pmuStopCounters_                   
00013ae0  _pmuSetCountEvent_                  
00013aec  _pmuGetCycleCount_                  
00013af4  _pmuGetEventCount_                  
00013b00  _pmuGetOverflow_                    
00013b15  __aeabi_memcpy                      
00013b15  __aeabi_memcpy4                     
00013b15  __aeabi_memcpy8                     
00013b15  memcpy                              
00013bb1  __aeabi_memclr                      
00013bb1  __aeabi_memclr4                     
00013bb1  __aeabi_memclr8                     
00013bb3  __aeabi_memset                      
00013bb3  __aeabi_memset4                     
00013bb3  __aeabi_memset8                     
00013bb9  memset                              
00013c2b  __TI_decompress_lzss                
00013c97  __aeabi_idiv0                       
00013c97  __aeabi_ldiv0                       
00013c98  __aeabi_uidiv                       
00013c98  __aeabi_uidivmod                    
00013ce9  __TI_auto_init_nobinit_nopinit      
00013d2d  strlen                              
00013d43  __TI_decompress_none                
00013d51  __TI_zero_init                      
00013d5d  __aeabi_errno_addr                  
00013d65  C$$EXIT                             
00013d65  abort                               
00013d68  phantomInterrupt                    
00013d6c  handlePLLLockFail                   
080008d0  pxCurrentTCB                        
08001000  __start___llvm_prf_cnts             
08001000  __stop___llvm_prf_cnts              
08003400  pec15Table                          
08003684  ltcSpi_ps                           
08003688  uwTick                              
0800368c  returnVarningClose                  
0800368d  status                              
08003690  ltcBat                              
08003818  ulCriticalNesting                   
0800381c  ulTaskHasFPUContext                 
08003820  errno                               
ffffffff  __TI_pprof_out_hndl                 
ffffffff  __TI_prof_data_size                 
ffffffff  __TI_prof_data_start                
ffffffff  __binit__                           
ffffffff  __c_args__                          
ffffffff  binit                               
UNDEFED   SHT$$INIT_ARRAY$$Base               
UNDEFED   SHT$$INIT_ARRAY$$Limit              
UNDEFED   _system_post_cinit                  

[360 symbols]
