******************************************************************************
                  TI ARM Linker PC v20.2.5                     
******************************************************************************
>> Linked Tue Feb 20 14:36:53 2024

OUTPUT FILE NAME:   <009_Ltc6812.out>
ENTRY POINT SYMBOL: "_c_int00"  address: 000124a8


MEMORY CONFIGURATION

         name            origin    length      used     unused   attr    fill
----------------------  --------  ---------  --------  --------  ----  --------
  VECTORS               00000000   00000020  00000020  00000000     X
  KERNEL                00000020   00008000  000038cc  00004734  R  X
  FLASH0                00008020   00137fe0  0000c1ec  0012bdf4  R  X
  STACKS                08000000   00000800  00000000  00000800  RW  
  KRAM                  08000800   00000800  00000104  000006fc  RW  
  RAM                   08001000   0002f000  000028e9  0002c717  RW  


SEGMENT ALLOCATION MAP

run origin  load origin   length   init length attrs members
----------  ----------- ---------- ----------- ----- -------
00000000    00000000    000038f0   000038f0    r-x
  00000000    00000000    00000020   00000020    r-x .intvecs
  00000020    00000020    000037c4   000037c4    r-x .kernelTEXT
  000037e8    000037e8    00000108   00000108    r-- .cinit
00008020    00008020    0000c1ec   0000c1ec    r-x
  00008020    00008020    0000bc2c   0000bc2c    r-x .text
  00013c4c    00013c4c    000005c0   000005c0    r-- .const
08000800    08000800    00000104   00000000    rw-
  08000800    08000800    00000104   00000000    rw- .kernelBSS
08001000    08001000    000028eb   00000000    rw-
  08001000    08001000    00002000   00000000    rw- .kernelHEAP
  08003000    08003000    0000068e   00000000    rw- .bss
  08003690    08003690    0000025b   00000000    rw- .data


SECTION ALLOCATION MAP

 output                                  attributes/
section   page    origin      length       input sections
--------  ----  ----------  ----------   ----------------
.intvecs   0    00000000    00000020     
                  00000000    00000020     sys_intvecs.obj (.intvecs)

.kernelTEXT 
*          0    00000020    000037c4     
                  00000020    00002bb8     os_tasks.obj (.kernelTEXT)
                  00002bd8    000004b0     os_portasm.obj (.kernelTEXT)
                  00003088    000003e0     os_port.obj (.kernelTEXT)
                  00003468    0000037c     os_heap.obj (.kernelTEXT)

.cinit     0    000037e8    00000108     
                  000037e8    000000bf     (.cinit..data.load) [load image, compression = lzss]
                  000038a7    00000001     --HOLE-- [fill = 0]
                  000038a8    0000000c     (__TI_handler_table)
                  000038b4    00000009     (.cinit..kernelBSS.load) [load image, compression = lzss]
                  000038bd    00000003     --HOLE-- [fill = 0]
                  000038c0    00000008     (.cinit..bss.load) [load image, compression = zero_init]
                  000038c8    00000008     (.cinit..kernelHEAP.load) [load image, compression = zero_init]
                  000038d0    00000020     (__TI_cinit_table)

.text      0    00008020    0000bc2c     
                  00008020    00002cdc     sys_selftest.obj (.text)
                  0000acfc    00002aac     ltc6812.obj (.text)
                  0000d7a8    00000eec     spi.obj (.text)
                  0000e694    00000b64     system.obj (.text)
                  0000f1f8    00000a58     sys_vim.obj (.text)
                  0000fc50    000008f0     het.obj (.text)
                  00010540    000008ac     pinmux.obj (.text)
                  00010dec    00000664     errata_SSWF021_45.obj (.text)
                  00011450    000005bc     esm.obj (.text)
                  00011a0c    00000484     gio.obj (.text)
                  00011e90    0000034c     sys_core.obj (.text)
                  000121dc    000002cc     sys_vim.obj (.text:retain)
                  000124a8    00000288     sys_startup.obj (.text:retain)
                  00012730    00000278     os_heap.obj (.text)
                  000129a8    00000238     os_list.obj (.text)
                  00012be0    000001e4     rtsv7R4_T_be_v3D16_eabi.lib : e_logf.c.obj (.text:logf)
                  00012dc4    000001b0     os_port.obj (.text)
                  00012f74    00000194     sys_main.obj (.text)
                  00013108    00000160     crc15.obj (.text)
                  00013268    0000015c     het.obj (.text:retain)
                  000133c4    00000158     os_tasks.obj (.text)
                  0001351c    00000114     esm.obj (.text:retain)
                  00013630    00000114     temperature.obj (.text)
                  00013744    000000e8     dabort.obj (.text)
                  0001382c    000000e4     notification.obj (.text)
                  00013910    000000e0     sys_pmu.obj (.text)
                  000139f0    0000009c     rtsv7R4_T_be_v3D16_eabi.lib : memcpy_t2.asm.obj (.text)
                  00013a8c    0000007a                                 : memset_t2.asm.obj (.text)
                  00013b06    0000006c                                 : copy_decompress_lzss.c.obj (.text:decompress:lzss:__TI_decompress_lzss)
                  00013b72    00000002                                 : div0.asm.obj (.text)
                  00013b74    00000050                                 : u_div32.asm.obj (.text)
                  00013bc4    00000044                                 : autoinit.c.obj (.text:__TI_auto_init_nobinit_nopinit:__TI_auto_init_nobinit_nopinit)
                  00013c08    00000016                                 : strlen.c.obj (.text:strlen)
                  00013c1e    0000000e                                 : copy_decompress_none.c.obj (.text:decompress:none:__TI_decompress_none)
                  00013c2c    0000000c                                 : copy_zero_init.c.obj (.text:decompress:ZI:__TI_zero_init)
                  00013c38    00000008                                 : errno.c.obj (.text:__aeabi_errno_addr)
                  00013c40    00000004                                 : exit.c.obj (.text:abort:abort)
                  00013c44    00000004     sys_phantom.obj (.text:retain)
                  00013c48    00000004     sys_startup.obj (.text)

.const     0    00013c4c    000005c0     
                  00013c4c    000003a0     het.obj (.const:het1PROGRAM)
                  00013fec    00000200     sys_vim.obj (.const:s_vim_init)
                  000141ec    00000020     het.obj (.const:s_het1pwmPolarity)

.kernelBSS 
*          0    08000800    00000104     UNINITIALIZED
                  08000800    000000d0     os_tasks.obj (.kernelBSS:uninit)
                  080008d0    00000034     os_tasks.obj (.kernelBSS:init)

.kernelHEAP 
*          0    08001000    00002000     UNINITIALIZED
                  08001000    00002000     os_heap.obj (.kernelHEAP)

.bss       0    08003000    0000068e     UNINITIALIZED
                  08003000    00000200     ltc6812.obj (.bss:rxBuffer)
                  08003200    00000200     ltc6812.obj (.bss:txBuffer)
                  08003400    00000200     (.common:pec15Table)
                  08003600    00000078     spi.obj (.bss:g_spiPacket_t)
                  08003678    00000008     os_heap.obj (.bss:xStart)
                  08003680    00000004     ltc6812.obj (.bss)
                  08003684    00000004     (.common:ltcSpi_ps)
                  08003688    00000004     (.common:uwTick)
                  0800368c    00000001     (.common:returnVarningClose)
                  0800368d    00000001     (.common:status)

.data      0    08003690    0000025b     UNINITIALIZED
                  08003690    00000180     sys_main.obj (.data:ltcBat)
                  08003810    00000010     os_heap.obj (.data)
                  08003820    00000008     ltc6812.obj (.data:cmdCLRAUX_pu16)
                  08003828    00000008     ltc6812.obj (.data:cmdCLRCELL_pu16)
                  08003830    00000008     ltc6812.obj (.data:cmdCLRSTAT_pu16)
                  08003838    00000008     ltc6812.obj (.data:cmdMute_pu16)
                  08003840    00000008     ltc6812.obj (.data:cmdPladc_pu16)
                  08003848    00000008     ltc6812.obj (.data:cmdRDAUXA_pu16)
                  08003850    00000008     ltc6812.obj (.data:cmdRDAUXB_pu16)
                  08003858    00000008     ltc6812.obj (.data:cmdRDAUXC_pu16)
                  08003860    00000008     ltc6812.obj (.data:cmdRDAUXD_pu16)
                  08003868    00000008     ltc6812.obj (.data:cmdRDCFGA_pu16)
                  08003870    00000008     ltc6812.obj (.data:cmdRDCFGB_pu16)
                  08003878    00000008     ltc6812.obj (.data:cmdRDCVA_pu16)
                  08003880    00000008     ltc6812.obj (.data:cmdRDCVB_pu16)
                  08003888    00000008     ltc6812.obj (.data:cmdRDCVC_pu16)
                  08003890    00000008     ltc6812.obj (.data:cmdRDCVD_pu16)
                  08003898    00000008     ltc6812.obj (.data:cmdRDCVE_pu16)
                  080038a0    00000008     ltc6812.obj (.data:cmdRDSTATA_pu16)
                  080038a8    00000008     ltc6812.obj (.data:cmdRDSTATB_pu16)
                  080038b0    00000008     ltc6812.obj (.data:cmdUnMute_pu16)
                  080038b8    00000008     ltc6812.obj (.data:cmdWRCFGA_pu16)
                  080038c0    00000008     ltc6812.obj (.data:cmdWRCFGB_pu16)
                  080038c8    00000008     ltc6812.obj (.data:cmdWRPSB_pu16)
                  080038d0    00000008     ltc6812.obj (.data:cmdWRPWM_pu16)
                  080038d8    00000008     os_port.obj (.data)
                  080038e0    00000004     rtsv7R4_T_be_v3D16_eabi.lib : errno.c.obj (.data)
                  080038e4    00000004     ltc6812.obj (.data:spiDat_s)
                  080038e8    00000003     ltc6812.obj (.data)

__llvm_prf_cnts 
*          0    08001000    00000000     UNINITIALIZED

MODULE SUMMARY

       Module                       code    ro data   rw data
       ------                       ----    -------   -------
    .\009_Ltc6812\source\
       os_tasks.obj                 11536   0         260    
       sys_selftest.obj             11484   0         0      
       os_heap.obj                  1524    0         8216   
       spi.obj                      3820    0         120    
       sys_vim.obj                  3364    512       0      
       het.obj                      2636    960       0      
       system.obj                   2916    0         0      
       pinmux.obj                   2220    0         0      
       esm.obj                      1744    0         0      
       errata_SSWF021_45.obj        1636    0         0      
       os_port.obj                  1424    0         8      
       os_portasm.obj               1200    0         0      
       gio.obj                      1156    0         0      
       sys_core.obj                 844     0         0      
       sys_main.obj                 404     0         386    
       sys_startup.obj              652     0         0      
       os_list.obj                  568     0         0      
       dabort.obj                   232     0         0      
       notification.obj             228     0         0      
       sys_pmu.obj                  224     0         0      
       sys_intvecs.obj              32      0         0      
       sys_phantom.obj              4       0         0      
    +--+----------------------------+-------+---------+---------+
       Total:                       49848   1472      8990   
                                                             
    .\ltc681x\crc\
       crc15.obj                    352     0         512    
    +--+----------------------------+-------+---------+---------+
       Total:                       352     0         512    
                                                             
    .\ltc681x\ltc\
       ltc6812.obj                  10924   0         1227   
    +--+----------------------------+-------+---------+---------+
       Total:                       10924   0         1227   
                                                             
    .\ltc681x\temperature\
       temperature.obj              276     0         0      
    +--+----------------------------+-------+---------+---------+
       Total:                       276     0         0      
                                                             
    C:/ti/ccs1120/ccs/tools/compiler/ti-cgt-arm_20.2.5.LTS/lib/rtsv7R4_T_be_v3D16_eabi.lib
       e_logf.c.obj                 484     0         0      
       memcpy_t2.asm.obj            156     0         0      
       memset_t2.asm.obj            122     0         0      
       copy_decompress_lzss.c.obj   108     0         0      
       u_div32.asm.obj              80      0         0      
       autoinit.c.obj               68      0         0      
       strlen.c.obj                 22      0         0      
       copy_decompress_none.c.obj   14      0         0      
       copy_zero_init.c.obj         12      0         0      
       errno.c.obj                  8       0         4      
       exit.c.obj                   4       0         0      
       div0.asm.obj                 2       0         0      
    +--+----------------------------+-------+---------+---------+
       Total:                       1080    0         4      
                                                             
       Linker Generated:            0       260       0      
    +--+----------------------------+-------+---------+---------+
       Grand Total:                 62480   1732      10733  


LINKER GENERATED COPY TABLES

__TI_cinit_table @ 000038d0 records: 4, size/record: 8, table size: 32
	.data: load addr=000037e8, load size=000000bf bytes, run addr=08003690, run size=0000025b bytes, compression=lzss
	.kernelBSS: load addr=000038b4, load size=00000009 bytes, run addr=08000800, run size=00000104 bytes, compression=lzss
	.bss: load addr=000038c0, load size=00000008 bytes, run addr=08003000, run size=0000068e bytes, compression=zero_init
	.kernelHEAP: load addr=000038c8, load size=00000008 bytes, run addr=08001000, run size=00002000 bytes, compression=zero_init


LINKER GENERATED HANDLER TABLE

__TI_handler_table @ 000038a8 records: 3, size/record: 4, table size: 12
	index: 0, handler: __TI_decompress_lzss
	index: 1, handler: __TI_decompress_none
	index: 2, handler: __TI_zero_init


GLOBAL SYMBOLS: SORTED ALPHABETICALLY BY Name 

address   name                                
-------   ----                                
00013630  AE_calculateTemp                    
0000d704  AE_delayMs                          
0000d740  AE_delayTenUs                       
0000bd70  AE_ltcAdcMeasureState               
0000cdf8  AE_ltcBalance                       
0000c838  AE_ltcClearCellAdc                  
0000c908  AE_ltcClearGpioAdc                  
0000c9d8  AE_ltcClearStatusAdc                
0000b310  AE_ltcCmdRead                       
0000b124  AE_ltcCmdWrite                      
0000cc5c  AE_ltcContinuePwm                   
0000acfc  AE_ltcInit                          
0000cf34  AE_ltcIsBalanceComplete             
0000d0b8  AE_ltcIsCellOpenWire                
0000d374  AE_ltcIsGpioOpenWire                
0000d014  AE_ltcMinCellVolt                   
0000cc48  AE_ltcPausePwm                      
0000cc74  AE_ltcPreBalance                    
0000b17c  AE_ltcRead                          
0000b4f0  AE_ltcReadCellVoltage               
0000b4bc  AE_ltcReadConfRegA                  
0000b4d4  AE_ltcReadConfRegB                  
0000becc  AE_ltcReadGpioVoltage               
0000c390  AE_ltcReadStatusRegA                
0000c550  AE_ltcReadStatusRegB                
0000b934  AE_ltcSetUnderOverVoltage           
0000bc24  AE_ltcStartCellAdc                  
0000bd88  AE_ltcStartGpioAdc                  
0000cae8  AE_ltcStartPwm                      
0000c248  AE_ltcStartStatusAdc                
0000d680  AE_ltcTemperature                   
0000ba44  AE_ltcUnderOverFlag                 
0000b400  AE_ltcWakeUpIdle                    
0000b378  AE_ltcWakeUpSleep                   
0000af30  AE_ltcWrite                         
0000b488  AE_ltcWriteConfRegA                 
0000b4a0  AE_ltcWriteConfRegB                 
000131c8  AE_pec15                            
00013c41  C$$EXIT                             
UNDEFED   SHT$$INIT_ARRAY$$Base               
UNDEFED   SHT$$INIT_ARRAY$$Limit              
0000e16c  SpiRxStatus                         
0000e0e0  SpiTxStatus                         
000038d0  __TI_CINIT_Base                     
000038f0  __TI_CINIT_Limit                    
000038a8  __TI_Handler_Table_Base             
000038b4  __TI_Handler_Table_Limit            
000121d4  __TI_PINIT_Base                     
000121d8  __TI_PINIT_Limit                    
00013bc5  __TI_auto_init_nobinit_nopinit      
00013b07  __TI_decompress_lzss                
00013c1f  __TI_decompress_none                
ffffffff  __TI_pprof_out_hndl                 
ffffffff  __TI_prof_data_size                 
ffffffff  __TI_prof_data_start                
00000000  __TI_static_base__                  
00013c2d  __TI_zero_init                      
00013c39  __aeabi_errno_addr                  
00013b73  __aeabi_idiv0                       
00013b73  __aeabi_ldiv0                       
00013a8d  __aeabi_memclr                      
00013a8d  __aeabi_memclr4                     
00013a8d  __aeabi_memclr8                     
000139f1  __aeabi_memcpy                      
000139f1  __aeabi_memcpy4                     
000139f1  __aeabi_memcpy8                     
00013a8f  __aeabi_memset                      
00013a8f  __aeabi_memset4                     
00013a8f  __aeabi_memset8                     
00013b74  __aeabi_uidiv                       
00013b74  __aeabi_uidivmod                    
ffffffff  __binit__                           
ffffffff  __c_args__                          
08001000  __start___llvm_prf_cnts             
08001000  __stop___llvm_prf_cnts              
000124a8  _c_int00                            
000120ec  _coreClearAuxiliaryDataFault_       
00012100  _coreClearAuxiliaryInstructionFault_
000120c4  _coreClearDataFaultAddress_         
0001209c  _coreClearDataFault_                
000120d8  _coreClearInstructionFaultAddress_  
000120b0  _coreClearInstructionFault_         
00012030  _coreDisableEventBusExport_         
00012074  _coreDisableFlashEcc_               
00012050  _coreDisableRamEcc_                 
00012020  _coreEnableEventBusExport_          
00012060  _coreEnableFlashEcc_                
00012084  _coreEnableIrqVicOffset_            
00012040  _coreEnableRamEcc_                  
00012008  _coreEnableVfp_                     
000120e4  _coreGetAuxiliaryDataFault_         
000120f8  _coreGetAuxiliaryInstructionFault_  
000120bc  _coreGetDataFaultAddress_           
00012094  _coreGetDataFault_                  
000120d0  _coreGetInstructionFaultAddress_    
000120a8  _coreGetInstructionFault_           
00011e90  _coreInitRegisters_                 
00011f9c  _coreInitStackPointer_              
00013744  _dabort                             
00012114  _disable_FIQ_interrupt_             
0001211c  _disable_IRQ_interrupt_             
0001210c  _disable_interrupt_                 
00012124  _enable_interrupt_                  
000121b4  _errata_CORTEXR4_57_                
000121c4  _errata_CORTEXR4_66_                
00010dec  _errata_SSWF021_45_both_plls        
00010fe0  _errata_SSWF021_45_pll1             
00011158  _errata_SSWF021_45_pll2             
0001212c  _esmCcmErrorsClear_                 
00011fe8  _getCPSRValue_                      
00011ff0  _gotoCPUIdle_                       
0001396c  _pmuDisableCountersGlobal_          
0001395c  _pmuEnableCountersGlobal_           
000139c8  _pmuGetCycleCount_                  
000139d0  _pmuGetEventCount_                  
000139dc  _pmuGetOverflow_                    
00013910  _pmuInit_                           
0001399c  _pmuResetCounters_                  
0001397c  _pmuResetCycleCounter_              
0001398c  _pmuResetEventCounters_             
000139bc  _pmuSetCountEvent_                  
000139ac  _pmuStartCounters_                  
000139b4  _pmuStopCounters_                   
UNDEFED   _system_post_cinit                  
00013c41  abort                               
0000926c  adc1ParityCheck                     
00009358  adc2ParityCheck                     
ffffffff  binit                               
00009410  can1ParityCheck                     
000094e8  can2ParityCheck                     
000095b0  can3ParityCheck                     
0001025c  capGetSignal                        
00008030  ccmSelfCheck                        
0000a6fc  ccmr4GetConfigValue                 
00008938  checkB0RAMECC                       
00008b28  checkB1RAMECC                       
00009c18  checkClockMonitor                   
00008d18  checkFlashECC                       
00009cf4  checkFlashEEPROMECC                 
00009e8c  checkPLL1Slip                       
00009f8c  checkPLL2Slip                       
0000a050  checkRAMAddrParity                  
000099d0  checkRAMECC                         
0000a15c  checkRAMUERRTest                    
000087bc  checkefcSelfTest                    
00008234  cpuSelfTest                         
00008dfc  cpuSelfTestFail                     
0000f11c  customTrimLPO                       
00008df4  custom_dabort                       
0000ab58  disableParity                       
000138fc  dmaGroupANotification               
00008eac  dmaParityCheck                      
00001f00  eTaskConfirmSleepModeStatus         
00000888  eTaskGetState                       
0001021c  edgeDisableNotification             
000101e0  edgeEnableNotification              
000101b4  edgeGetCounter                      
000138d4  edgeNotification                    
00010188  edgeResetCounter                    
00008660  efcCheck                            
0000a660  efcGetConfigValue                   
00008794  efcSelfTest                         
000086e8  efcStuckZeroTest                    
0000aad0  enableParity                        
0000a76c  errata_PBIST_4                      
080038e0  errno                               
000115d4  esmActivateNormalOperation          
000116a8  esmClearStatus                      
000116e8  esmClearStatusBuffer                
0001159c  esmDisableError                     
0001160c  esmDisableInterrupt                 
00011574  esmEnableError                      
000115e4  esmEnableInterrupt                  
000117e0  esmEnterSelfTest                    
00011558  esmError                            
000118b8  esmGetConfigValue                   
00011724  esmGetStatus                        
000117a8  esmGetStatusBuffer                  
0001382c  esmGroup1Notification               
0001383c  esmGroup2Notification               
0001351c  esmHighInterrupt                    
00011450  esmInit                             
00011868  esmSelfTestStatus                   
00011704  esmSetCounterPreloadValue           
00011634  esmSetInterruptLevel                
000115c4  esmTriggerErrorPinReset             
0000a2c4  fmcBus1ParityCheck                  
0000885c  fmcBus2Check                        
00008898  fmcECCcheck                         
0000d6f0  getUsTick                           
00011c6c  gioDisableNotification              
00011c04  gioEnableNotification               
00011b6c  gioGetBit                           
00011cd4  gioGetConfigValue                   
00011b94  gioGetPort                          
00011a0c  gioInit                             
00013884  gioNotification                     
00011afc  gioSetBit                           
00011adc  gioSetDirection                     
00011b4c  gioSetPort                          
00011bac  gioToggleBit                        
00013c48  handlePLLLockFail                   
00010368  het1GetConfigValue                  
00013268  het1HighLevelInterrupt              
00013310  het1LowLevelInterrupt               
00008f58  het1ParityCheck                     
000090c0  het2ParityCheck                     
00010350  hetGetTimestamp                     
0000fc50  hetInit                             
000138e8  hetNotification                     
00010334  hetResetTimestamp                   
00009004  htu1ParityCheck                     
000091bc  htu2ParityCheck                     
00013108  init_PEC15_Table                    
00012be1  logf                                
08003690  ltcBat                              
00013004  ltcInit                             
08003684  ltcSpi_ps                           
00012f74  main                                
0000e7fc  mapClocks                           
000139f1  memcpy                              
00008174  memoryInit                          
0001384c  memoryPort0TestFailNotification     
00013868  memoryPort1TestFailNotification     
00013a95  memset                              
00009684  mibspi1ParityCheck                  
0000978c  mibspi3ParityCheck                  
000098b0  mibspi5ParityCheck                  
00010540  muxInit                             
0000a3ec  pbistFail                           
0000a470  pbistGetConfigValue                 
000085a8  pbistIsTestCompleted                
000085d4  pbistIsTestPassed                   
00008608  pbistPortTestStatus                 
000084ac  pbistRun                            
000082cc  pbistSelfCheck                      
00008578  pbistStop                           
00001344  pcTaskGetName                       
08003400  pec15Table                          
0000e7a8  periphInit                          
00013c44  phantomInterrupt                    
000109dc  pinmuxGetConfigValue                
00003060  prvMpuDisable                       
00003048  prvMpuEnable                        
00003030  prvMpuSetRegion                     
00003468  pvPortMalloc                        
00001fe0  pvTaskGetThreadLocalStoragePointer  
00010158  pwmDisableNotification              
00010110  pwmEnableNotification               
00010030  pwmGetSignal                        
0000d6c8  pwmNotification                     
0000fd78  pwmSetDuty                          
0000feb4  pwmSetSignal                        
0000fd10  pwmStart                            
0000fd44  pwmStop                             
080008d0  pxCurrentTCB                        
00003088  pxPortInitialiseStack               
00000000  resetEntry                          
0800368c  returnVarningClose                  
00008020  selftestFailNotification            
0000e768  setupFlash                          
0000e694  setupPLL                            
0000e2a4  spi1GetConfigValue                  
0000e434  spi3GetConfigValue                  
0000e22c  spiDisableLoopback                  
0000e278  spiDisableNotification              
0000e1f8  spiEnableLoopback                   
0000e248  spiEnableNotification               
000138ac  spiEndNotification                  
0000db48  spiGetData                          
0000d7a8  spiInit                             
00013898  spiNotification                     
0000da2c  spiReceiveData                      
0000dfa0  spiSendAndGetData                   
0000dd6c  spiSendData                         
0000da0c  spiSetFunctional                    
0000de64  spiTransmitAndReceiveData           
0000dc40  spiTransmitData                     
0000efe0  sramGetConfigValue                  
0800368d  status                              
0000a5bc  stcGetConfigValue                   
000081b8  stcSelfCheck                        
00008df8  stcSelfCheckFail                    
00013c09  strlen                              
0000ea20  systemGetConfigValue                
0000e924  systemInit                          
0000e9f0  systemPowerDown                     
0000ee34  tcmflashGetConfigValue              
0000e6f4  trimLPO                             
080038d8  ulCriticalNesting                   
00002f58  ulPortCountLeadingZeros             
080038dc  ulTaskHasFPUContext                 
00002378  ulTaskNotifyTake                    
08003688  uwTick                              
00012b54  uxListRemove                        
00001338  uxTaskGetNumberOfTasks              
00002224  uxTaskGetStackHighWaterMark         
0000098c  uxTaskPriorityGet                   
000009d0  uxTaskPriorityGetFromISR            
0000233c  uxTaskResetEventItemValue           
000129a8  vListInitialise                     
00012a00  vListInitialiseItem                 
00012a90  vListInsert                         
00012a1c  vListInsertEnd                      
00003434  vPortEndScheduler                   
000036bc  vPortFree                           
000037cc  vPortInitialiseBlocks               
00002f4c  vPortInitialiseFPSCR                
00002e4c  vPortPreemptiveTick                 
00002f60  vPortSWI                            
00002bdc  vPortStartFirstTask                 
0000319c  vPortStoreTaskMPUSettings           
00002d58  vPortYeildWithinAPI                 
00002c6c  vPortYieldProcessor                 
0000204c  vTaskAllocateMPURegions             
00000804  vTaskDelay                          
00000698  vTaskDelayUntil                     
00000530  vTaskDelete                         
00001074  vTaskEndScheduler                   
00001ef0  vTaskMissedYield                    
00002930  vTaskNotifyGiveFromISR              
00001ab8  vTaskPlaceOnEventList               
00001afc  vTaskPlaceOnUnorderedEventList      
00000a18  vTaskPrioritySet                    
00000e14  vTaskResume                         
00001f7c  vTaskSetThreadLocalStoragePointer   
00001d74  vTaskSetTimeOutState                
00000fdc  vTaskStartScheduler                 
00001658  vTaskStepTick                       
00000c10  vTaskSuspend                        
00001090  vTaskSuspendAll                     
000019d8  vTaskSwitchContext                  
0000f2cc  vimChannelMap                       
0000f538  vimDisableInterrupt                 
0000f370  vimEnableInterrupt                  
0000f5e4  vimGetConfigValue                   
0000f1f8  vimInit                             
00008e00  vimParityCheck                      
000121dc  vimParityErrorHandler               
000037b4  xPortGetFreeHeapSize                
000037c0  xPortGetMinimumEverFreeHeapSize     
00003410  xPortStartScheduler                 
000016b4  xTaskAbortDelay                     
00001db8  xTaskCheckForTimeOut                
000000fc  xTaskCreate                         
00000020  xTaskCreateRestricted               
00002560  xTaskGenericNotify                  
00002730  xTaskGenericNotifyFromISR           
00001518  xTaskGetHandle                      
00001620  xTaskGetIdleTaskHandle              
000022ec  xTaskGetSchedulerState              
000012f8  xTaskGetTickCount                   
00001314  xTaskGetTickCountFromISR            
000017b0  xTaskIncrementTick                  
000134a0  xTaskNotifyStateClear               
0000244c  xTaskNotifyWait                     
00001b80  xTaskRemoveFromEventList            
00001c70  xTaskRemoveFromUnorderedEventList   
00001148  xTaskResumeAll                      
00000ef4  xTaskResumeFromISR                  


GLOBAL SYMBOLS: SORTED BY Symbol Address 

address   name                                
-------   ----                                
00000000  __TI_static_base__                  
00000000  resetEntry                          
00000020  xTaskCreateRestricted               
000000fc  xTaskCreate                         
00000530  vTaskDelete                         
00000698  vTaskDelayUntil                     
00000804  vTaskDelay                          
00000888  eTaskGetState                       
0000098c  uxTaskPriorityGet                   
000009d0  uxTaskPriorityGetFromISR            
00000a18  vTaskPrioritySet                    
00000c10  vTaskSuspend                        
00000e14  vTaskResume                         
00000ef4  xTaskResumeFromISR                  
00000fdc  vTaskStartScheduler                 
00001074  vTaskEndScheduler                   
00001090  vTaskSuspendAll                     
00001148  xTaskResumeAll                      
000012f8  xTaskGetTickCount                   
00001314  xTaskGetTickCountFromISR            
00001338  uxTaskGetNumberOfTasks              
00001344  pcTaskGetName                       
00001518  xTaskGetHandle                      
00001620  xTaskGetIdleTaskHandle              
00001658  vTaskStepTick                       
000016b4  xTaskAbortDelay                     
000017b0  xTaskIncrementTick                  
000019d8  vTaskSwitchContext                  
00001ab8  vTaskPlaceOnEventList               
00001afc  vTaskPlaceOnUnorderedEventList      
00001b80  xTaskRemoveFromEventList            
00001c70  xTaskRemoveFromUnorderedEventList   
00001d74  vTaskSetTimeOutState                
00001db8  xTaskCheckForTimeOut                
00001ef0  vTaskMissedYield                    
00001f00  eTaskConfirmSleepModeStatus         
00001f7c  vTaskSetThreadLocalStoragePointer   
00001fe0  pvTaskGetThreadLocalStoragePointer  
0000204c  vTaskAllocateMPURegions             
00002224  uxTaskGetStackHighWaterMark         
000022ec  xTaskGetSchedulerState              
0000233c  uxTaskResetEventItemValue           
00002378  ulTaskNotifyTake                    
0000244c  xTaskNotifyWait                     
00002560  xTaskGenericNotify                  
00002730  xTaskGenericNotifyFromISR           
00002930  vTaskNotifyGiveFromISR              
00002bdc  vPortStartFirstTask                 
00002c6c  vPortYieldProcessor                 
00002d58  vPortYeildWithinAPI                 
00002e4c  vPortPreemptiveTick                 
00002f4c  vPortInitialiseFPSCR                
00002f58  ulPortCountLeadingZeros             
00002f60  vPortSWI                            
00003030  prvMpuSetRegion                     
00003048  prvMpuEnable                        
00003060  prvMpuDisable                       
00003088  pxPortInitialiseStack               
0000319c  vPortStoreTaskMPUSettings           
00003410  xPortStartScheduler                 
00003434  vPortEndScheduler                   
00003468  pvPortMalloc                        
000036bc  vPortFree                           
000037b4  xPortGetFreeHeapSize                
000037c0  xPortGetMinimumEverFreeHeapSize     
000037cc  vPortInitialiseBlocks               
000038a8  __TI_Handler_Table_Base             
000038b4  __TI_Handler_Table_Limit            
000038d0  __TI_CINIT_Base                     
000038f0  __TI_CINIT_Limit                    
00008020  selftestFailNotification            
00008030  ccmSelfCheck                        
00008174  memoryInit                          
000081b8  stcSelfCheck                        
00008234  cpuSelfTest                         
000082cc  pbistSelfCheck                      
000084ac  pbistRun                            
00008578  pbistStop                           
000085a8  pbistIsTestCompleted                
000085d4  pbistIsTestPassed                   
00008608  pbistPortTestStatus                 
00008660  efcCheck                            
000086e8  efcStuckZeroTest                    
00008794  efcSelfTest                         
000087bc  checkefcSelfTest                    
0000885c  fmcBus2Check                        
00008898  fmcECCcheck                         
00008938  checkB0RAMECC                       
00008b28  checkB1RAMECC                       
00008d18  checkFlashECC                       
00008df4  custom_dabort                       
00008df8  stcSelfCheckFail                    
00008dfc  cpuSelfTestFail                     
00008e00  vimParityCheck                      
00008eac  dmaParityCheck                      
00008f58  het1ParityCheck                     
00009004  htu1ParityCheck                     
000090c0  het2ParityCheck                     
000091bc  htu2ParityCheck                     
0000926c  adc1ParityCheck                     
00009358  adc2ParityCheck                     
00009410  can1ParityCheck                     
000094e8  can2ParityCheck                     
000095b0  can3ParityCheck                     
00009684  mibspi1ParityCheck                  
0000978c  mibspi3ParityCheck                  
000098b0  mibspi5ParityCheck                  
000099d0  checkRAMECC                         
00009c18  checkClockMonitor                   
00009cf4  checkFlashEEPROMECC                 
00009e8c  checkPLL1Slip                       
00009f8c  checkPLL2Slip                       
0000a050  checkRAMAddrParity                  
0000a15c  checkRAMUERRTest                    
0000a2c4  fmcBus1ParityCheck                  
0000a3ec  pbistFail                           
0000a470  pbistGetConfigValue                 
0000a5bc  stcGetConfigValue                   
0000a660  efcGetConfigValue                   
0000a6fc  ccmr4GetConfigValue                 
0000a76c  errata_PBIST_4                      
0000aad0  enableParity                        
0000ab58  disableParity                       
0000acfc  AE_ltcInit                          
0000af30  AE_ltcWrite                         
0000b124  AE_ltcCmdWrite                      
0000b17c  AE_ltcRead                          
0000b310  AE_ltcCmdRead                       
0000b378  AE_ltcWakeUpSleep                   
0000b400  AE_ltcWakeUpIdle                    
0000b488  AE_ltcWriteConfRegA                 
0000b4a0  AE_ltcWriteConfRegB                 
0000b4bc  AE_ltcReadConfRegA                  
0000b4d4  AE_ltcReadConfRegB                  
0000b4f0  AE_ltcReadCellVoltage               
0000b934  AE_ltcSetUnderOverVoltage           
0000ba44  AE_ltcUnderOverFlag                 
0000bc24  AE_ltcStartCellAdc                  
0000bd70  AE_ltcAdcMeasureState               
0000bd88  AE_ltcStartGpioAdc                  
0000becc  AE_ltcReadGpioVoltage               
0000c248  AE_ltcStartStatusAdc                
0000c390  AE_ltcReadStatusRegA                
0000c550  AE_ltcReadStatusRegB                
0000c838  AE_ltcClearCellAdc                  
0000c908  AE_ltcClearGpioAdc                  
0000c9d8  AE_ltcClearStatusAdc                
0000cae8  AE_ltcStartPwm                      
0000cc48  AE_ltcPausePwm                      
0000cc5c  AE_ltcContinuePwm                   
0000cc74  AE_ltcPreBalance                    
0000cdf8  AE_ltcBalance                       
0000cf34  AE_ltcIsBalanceComplete             
0000d014  AE_ltcMinCellVolt                   
0000d0b8  AE_ltcIsCellOpenWire                
0000d374  AE_ltcIsGpioOpenWire                
0000d680  AE_ltcTemperature                   
0000d6c8  pwmNotification                     
0000d6f0  getUsTick                           
0000d704  AE_delayMs                          
0000d740  AE_delayTenUs                       
0000d7a8  spiInit                             
0000da0c  spiSetFunctional                    
0000da2c  spiReceiveData                      
0000db48  spiGetData                          
0000dc40  spiTransmitData                     
0000dd6c  spiSendData                         
0000de64  spiTransmitAndReceiveData           
0000dfa0  spiSendAndGetData                   
0000e0e0  SpiTxStatus                         
0000e16c  SpiRxStatus                         
0000e1f8  spiEnableLoopback                   
0000e22c  spiDisableLoopback                  
0000e248  spiEnableNotification               
0000e278  spiDisableNotification              
0000e2a4  spi1GetConfigValue                  
0000e434  spi3GetConfigValue                  
0000e694  setupPLL                            
0000e6f4  trimLPO                             
0000e768  setupFlash                          
0000e7a8  periphInit                          
0000e7fc  mapClocks                           
0000e924  systemInit                          
0000e9f0  systemPowerDown                     
0000ea20  systemGetConfigValue                
0000ee34  tcmflashGetConfigValue              
0000efe0  sramGetConfigValue                  
0000f11c  customTrimLPO                       
0000f1f8  vimInit                             
0000f2cc  vimChannelMap                       
0000f370  vimEnableInterrupt                  
0000f538  vimDisableInterrupt                 
0000f5e4  vimGetConfigValue                   
0000fc50  hetInit                             
0000fd10  pwmStart                            
0000fd44  pwmStop                             
0000fd78  pwmSetDuty                          
0000feb4  pwmSetSignal                        
00010030  pwmGetSignal                        
00010110  pwmEnableNotification               
00010158  pwmDisableNotification              
00010188  edgeResetCounter                    
000101b4  edgeGetCounter                      
000101e0  edgeEnableNotification              
0001021c  edgeDisableNotification             
0001025c  capGetSignal                        
00010334  hetResetTimestamp                   
00010350  hetGetTimestamp                     
00010368  het1GetConfigValue                  
00010540  muxInit                             
000109dc  pinmuxGetConfigValue                
00010dec  _errata_SSWF021_45_both_plls        
00010fe0  _errata_SSWF021_45_pll1             
00011158  _errata_SSWF021_45_pll2             
00011450  esmInit                             
00011558  esmError                            
00011574  esmEnableError                      
0001159c  esmDisableError                     
000115c4  esmTriggerErrorPinReset             
000115d4  esmActivateNormalOperation          
000115e4  esmEnableInterrupt                  
0001160c  esmDisableInterrupt                 
00011634  esmSetInterruptLevel                
000116a8  esmClearStatus                      
000116e8  esmClearStatusBuffer                
00011704  esmSetCounterPreloadValue           
00011724  esmGetStatus                        
000117a8  esmGetStatusBuffer                  
000117e0  esmEnterSelfTest                    
00011868  esmSelfTestStatus                   
000118b8  esmGetConfigValue                   
00011a0c  gioInit                             
00011adc  gioSetDirection                     
00011afc  gioSetBit                           
00011b4c  gioSetPort                          
00011b6c  gioGetBit                           
00011b94  gioGetPort                          
00011bac  gioToggleBit                        
00011c04  gioEnableNotification               
00011c6c  gioDisableNotification              
00011cd4  gioGetConfigValue                   
00011e90  _coreInitRegisters_                 
00011f9c  _coreInitStackPointer_              
00011fe8  _getCPSRValue_                      
00011ff0  _gotoCPUIdle_                       
00012008  _coreEnableVfp_                     
00012020  _coreEnableEventBusExport_          
00012030  _coreDisableEventBusExport_         
00012040  _coreEnableRamEcc_                  
00012050  _coreDisableRamEcc_                 
00012060  _coreEnableFlashEcc_                
00012074  _coreDisableFlashEcc_               
00012084  _coreEnableIrqVicOffset_            
00012094  _coreGetDataFault_                  
0001209c  _coreClearDataFault_                
000120a8  _coreGetInstructionFault_           
000120b0  _coreClearInstructionFault_         
000120bc  _coreGetDataFaultAddress_           
000120c4  _coreClearDataFaultAddress_         
000120d0  _coreGetInstructionFaultAddress_    
000120d8  _coreClearInstructionFaultAddress_  
000120e4  _coreGetAuxiliaryDataFault_         
000120ec  _coreClearAuxiliaryDataFault_       
000120f8  _coreGetAuxiliaryInstructionFault_  
00012100  _coreClearAuxiliaryInstructionFault_
0001210c  _disable_interrupt_                 
00012114  _disable_FIQ_interrupt_             
0001211c  _disable_IRQ_interrupt_             
00012124  _enable_interrupt_                  
0001212c  _esmCcmErrorsClear_                 
000121b4  _errata_CORTEXR4_57_                
000121c4  _errata_CORTEXR4_66_                
000121d4  __TI_PINIT_Base                     
000121d8  __TI_PINIT_Limit                    
000121dc  vimParityErrorHandler               
000124a8  _c_int00                            
000129a8  vListInitialise                     
00012a00  vListInitialiseItem                 
00012a1c  vListInsertEnd                      
00012a90  vListInsert                         
00012b54  uxListRemove                        
00012be1  logf                                
00012f74  main                                
00013004  ltcInit                             
00013108  init_PEC15_Table                    
000131c8  AE_pec15                            
00013268  het1HighLevelInterrupt              
00013310  het1LowLevelInterrupt               
000134a0  xTaskNotifyStateClear               
0001351c  esmHighInterrupt                    
00013630  AE_calculateTemp                    
00013744  _dabort                             
0001382c  esmGroup1Notification               
0001383c  esmGroup2Notification               
0001384c  memoryPort0TestFailNotification     
00013868  memoryPort1TestFailNotification     
00013884  gioNotification                     
00013898  spiNotification                     
000138ac  spiEndNotification                  
000138d4  edgeNotification                    
000138e8  hetNotification                     
000138fc  dmaGroupANotification               
00013910  _pmuInit_                           
0001395c  _pmuEnableCountersGlobal_           
0001396c  _pmuDisableCountersGlobal_          
0001397c  _pmuResetCycleCounter_              
0001398c  _pmuResetEventCounters_             
0001399c  _pmuResetCounters_                  
000139ac  _pmuStartCounters_                  
000139b4  _pmuStopCounters_                   
000139bc  _pmuSetCountEvent_                  
000139c8  _pmuGetCycleCount_                  
000139d0  _pmuGetEventCount_                  
000139dc  _pmuGetOverflow_                    
000139f1  __aeabi_memcpy                      
000139f1  __aeabi_memcpy4                     
000139f1  __aeabi_memcpy8                     
000139f1  memcpy                              
00013a8d  __aeabi_memclr                      
00013a8d  __aeabi_memclr4                     
00013a8d  __aeabi_memclr8                     
00013a8f  __aeabi_memset                      
00013a8f  __aeabi_memset4                     
00013a8f  __aeabi_memset8                     
00013a95  memset                              
00013b07  __TI_decompress_lzss                
00013b73  __aeabi_idiv0                       
00013b73  __aeabi_ldiv0                       
00013b74  __aeabi_uidiv                       
00013b74  __aeabi_uidivmod                    
00013bc5  __TI_auto_init_nobinit_nopinit      
00013c09  strlen                              
00013c1f  __TI_decompress_none                
00013c2d  __TI_zero_init                      
00013c39  __aeabi_errno_addr                  
00013c41  C$$EXIT                             
00013c41  abort                               
00013c44  phantomInterrupt                    
00013c48  handlePLLLockFail                   
080008d0  pxCurrentTCB                        
08001000  __start___llvm_prf_cnts             
08001000  __stop___llvm_prf_cnts              
08003400  pec15Table                          
08003684  ltcSpi_ps                           
08003688  uwTick                              
0800368c  returnVarningClose                  
0800368d  status                              
08003690  ltcBat                              
080038d8  ulCriticalNesting                   
080038dc  ulTaskHasFPUContext                 
080038e0  errno                               
ffffffff  __TI_pprof_out_hndl                 
ffffffff  __TI_prof_data_size                 
ffffffff  __TI_prof_data_start                
ffffffff  __binit__                           
ffffffff  __c_args__                          
ffffffff  binit                               
UNDEFED   SHT$$INIT_ARRAY$$Base               
UNDEFED   SHT$$INIT_ARRAY$$Limit              
UNDEFED   _system_post_cinit                  

[360 symbols]
