******************************************************************************
                  TI ARM Linker PC v20.2.5                     
******************************************************************************
>> Linked Tue Feb 20 17:29:40 2024

OUTPUT FILE NAME:   <009_Ltc6812.out>
ENTRY POINT SYMBOL: "_c_int00"  address: 00012b88


MEMORY CONFIGURATION

         name            origin    length      used     unused   attr    fill
----------------------  --------  ---------  --------  --------  ----  --------
  VECTORS               00000000   00000020  00000020  00000000     X
  KERNEL                00000020   00008000  000038cc  00004734  R  X
  FLASH0                00008020   00137fe0  0000c89c  0012b744  R  X
  STACKS                08000000   00000800  00000000  00000800  RW  
  KRAM                  08000800   00000800  00000104  000006fc  RW  
  RAM                   08001000   0002f000  00002829  0002c7d7  RW  


SEGMENT ALLOCATION MAP

run origin  load origin   length   init length attrs members
----------  ----------- ---------- ----------- ----- -------
00000000    00000000    000038f0   000038f0    r-x
  00000000    00000000    00000020   00000020    r-x .intvecs
  00000020    00000020    000037c4   000037c4    r-x .kernelTEXT
  000037e8    000037e8    00000108   00000108    r-- .cinit
00008020    00008020    0000c89c   0000c89c    r-x
  00008020    00008020    0000c2dc   0000c2dc    r-x .text
  000142fc    000142fc    000005c0   000005c0    r-- .const
08000800    08000800    00000104   00000000    rw-
  08000800    08000800    00000104   00000000    rw- .kernelBSS
08001000    08001000    0000282b   00000000    rw-
  08001000    08001000    00002000   00000000    rw- .kernelHEAP
  08003000    08003000    0000068e   00000000    rw- .bss
  08003690    08003690    0000019b   00000000    rw- .data


SECTION ALLOCATION MAP

 output                                  attributes/
section   page    origin      length       input sections
--------  ----  ----------  ----------   ----------------
.intvecs   0    00000000    00000020     
                  00000000    00000020     sys_intvecs.obj (.intvecs)

.kernelTEXT 
*          0    00000020    000037c4     
                  00000020    00002bb8     os_tasks.obj (.kernelTEXT)
                  00002bd8    000004b0     os_portasm.obj (.kernelTEXT)
                  00003088    000003e0     os_port.obj (.kernelTEXT)
                  00003468    0000037c     os_heap.obj (.kernelTEXT)

.cinit     0    000037e8    00000108     
                  000037e8    000000bf     (.cinit..data.load) [load image, compression = lzss]
                  000038a7    00000001     --HOLE-- [fill = 0]
                  000038a8    0000000c     (__TI_handler_table)
                  000038b4    00000009     (.cinit..kernelBSS.load) [load image, compression = lzss]
                  000038bd    00000003     --HOLE-- [fill = 0]
                  000038c0    00000008     (.cinit..bss.load) [load image, compression = zero_init]
                  000038c8    00000008     (.cinit..kernelHEAP.load) [load image, compression = zero_init]
                  000038d0    00000020     (__TI_cinit_table)

.text      0    00008020    0000c2dc     
                  00008020    0000318c     ltc6812.obj (.text)
                  0000b1ac    00002cdc     sys_selftest.obj (.text)
                  0000de88    00000eec     spi.obj (.text)
                  0000ed74    00000b64     system.obj (.text)
                  0000f8d8    00000a58     sys_vim.obj (.text)
                  00010330    000008f0     het.obj (.text)
                  00010c20    000008ac     pinmux.obj (.text)
                  000114cc    00000664     errata_SSWF021_45.obj (.text)
                  00011b30    000005bc     esm.obj (.text)
                  000120ec    00000484     gio.obj (.text)
                  00012570    0000034c     sys_core.obj (.text)
                  000128bc    000002cc     sys_vim.obj (.text:retain)
                  00012b88    00000288     sys_startup.obj (.text:retain)
                  00012e10    00000278     os_heap.obj (.text)
                  00013088    00000238     os_list.obj (.text)
                  000132c0    000001e4     rtsv7R4_T_be_v3D16_eabi.lib : e_logf.c.obj (.text:logf)
                  000134a4    000001b0     os_port.obj (.text)
                  00013654    00000164     sys_main.obj (.text)
                  000137b8    00000160     crc15.obj (.text)
                  00013918    0000015c     het.obj (.text:retain)
                  00013a74    00000158     os_tasks.obj (.text)
                  00013bcc    00000114     esm.obj (.text:retain)
                  00013ce0    00000114     temperature.obj (.text)
                  00013df4    000000e8     dabort.obj (.text)
                  00013edc    000000e4     notification.obj (.text)
                  00013fc0    000000e0     sys_pmu.obj (.text)
                  000140a0    0000009c     rtsv7R4_T_be_v3D16_eabi.lib : memcpy_t2.asm.obj (.text)
                  0001413c    0000007a                                 : memset_t2.asm.obj (.text)
                  000141b6    0000006c                                 : copy_decompress_lzss.c.obj (.text:decompress:lzss:__TI_decompress_lzss)
                  00014222    00000002                                 : div0.asm.obj (.text)
                  00014224    00000050                                 : u_div32.asm.obj (.text)
                  00014274    00000044                                 : autoinit.c.obj (.text:__TI_auto_init_nobinit_nopinit:__TI_auto_init_nobinit_nopinit)
                  000142b8    00000016                                 : strlen.c.obj (.text:strlen)
                  000142ce    0000000e                                 : copy_decompress_none.c.obj (.text:decompress:none:__TI_decompress_none)
                  000142dc    0000000c                                 : copy_zero_init.c.obj (.text:decompress:ZI:__TI_zero_init)
                  000142e8    00000008                                 : errno.c.obj (.text:__aeabi_errno_addr)
                  000142f0    00000004                                 : exit.c.obj (.text:abort:abort)
                  000142f4    00000004     sys_phantom.obj (.text:retain)
                  000142f8    00000004     sys_startup.obj (.text)

.const     0    000142fc    000005c0     
                  000142fc    000003a0     het.obj (.const:het1PROGRAM)
                  0001469c    00000200     sys_vim.obj (.const:s_vim_init)
                  0001489c    00000020     het.obj (.const:s_het1pwmPolarity)

.kernelBSS 
*          0    08000800    00000104     UNINITIALIZED
                  08000800    000000d0     os_tasks.obj (.kernelBSS:uninit)
                  080008d0    00000034     os_tasks.obj (.kernelBSS:init)

.kernelHEAP 
*          0    08001000    00002000     UNINITIALIZED
                  08001000    00002000     os_heap.obj (.kernelHEAP)

.bss       0    08003000    0000068e     UNINITIALIZED
                  08003000    00000200     ltc6812.obj (.bss:rxBuffer)
                  08003200    00000200     ltc6812.obj (.bss:txBuffer)
                  08003400    00000200     (.common:pec15Table)
                  08003600    00000078     spi.obj (.bss:g_spiPacket_t)
                  08003678    00000008     os_heap.obj (.bss:xStart)
                  08003680    00000004     ltc6812.obj (.bss)
                  08003684    00000004     (.common:ltcSpi_ps)
                  08003688    00000004     (.common:uwTick)
                  0800368c    00000001     (.common:returnVarningClose)
                  0800368d    00000001     (.common:status)

.data      0    08003690    0000019b     UNINITIALIZED
                  08003690    000000c0     sys_main.obj (.data:ltcBat)
                  08003750    00000010     os_heap.obj (.data)
                  08003760    00000008     ltc6812.obj (.data:cmdCLRAUX_pu16)
                  08003768    00000008     ltc6812.obj (.data:cmdCLRCELL_pu16)
                  08003770    00000008     ltc6812.obj (.data:cmdCLRSTAT_pu16)
                  08003778    00000008     ltc6812.obj (.data:cmdMute_pu16)
                  08003780    00000008     ltc6812.obj (.data:cmdPladc_pu16)
                  08003788    00000008     ltc6812.obj (.data:cmdRDAUXA_pu16)
                  08003790    00000008     ltc6812.obj (.data:cmdRDAUXB_pu16)
                  08003798    00000008     ltc6812.obj (.data:cmdRDAUXC_pu16)
                  080037a0    00000008     ltc6812.obj (.data:cmdRDAUXD_pu16)
                  080037a8    00000008     ltc6812.obj (.data:cmdRDCFGA_pu16)
                  080037b0    00000008     ltc6812.obj (.data:cmdRDCFGB_pu16)
                  080037b8    00000008     ltc6812.obj (.data:cmdRDCVA_pu16)
                  080037c0    00000008     ltc6812.obj (.data:cmdRDCVB_pu16)
                  080037c8    00000008     ltc6812.obj (.data:cmdRDCVC_pu16)
                  080037d0    00000008     ltc6812.obj (.data:cmdRDCVD_pu16)
                  080037d8    00000008     ltc6812.obj (.data:cmdRDCVE_pu16)
                  080037e0    00000008     ltc6812.obj (.data:cmdRDSTATA_pu16)
                  080037e8    00000008     ltc6812.obj (.data:cmdRDSTATB_pu16)
                  080037f0    00000008     ltc6812.obj (.data:cmdUnMute_pu16)
                  080037f8    00000008     ltc6812.obj (.data:cmdWRCFGA_pu16)
                  08003800    00000008     ltc6812.obj (.data:cmdWRCFGB_pu16)
                  08003808    00000008     ltc6812.obj (.data:cmdWRPSB_pu16)
                  08003810    00000008     ltc6812.obj (.data:cmdWRPWM_pu16)
                  08003818    00000008     os_port.obj (.data)
                  08003820    00000004     rtsv7R4_T_be_v3D16_eabi.lib : errno.c.obj (.data)
                  08003824    00000004     ltc6812.obj (.data:spiDat_s)
                  08003828    00000003     ltc6812.obj (.data)

__llvm_prf_cnts 
*          0    08001000    00000000     UNINITIALIZED

MODULE SUMMARY

       Module                       code    ro data   rw data
       ------                       ----    -------   -------
    .\009_Ltc6812\source\
       os_tasks.obj                 11536   0         260    
       sys_selftest.obj             11484   0         0      
       os_heap.obj                  1524    0         8216   
       spi.obj                      3820    0         120    
       sys_vim.obj                  3364    512       0      
       het.obj                      2636    960       0      
       system.obj                   2916    0         0      
       pinmux.obj                   2220    0         0      
       esm.obj                      1744    0         0      
       errata_SSWF021_45.obj        1636    0         0      
       os_port.obj                  1424    0         8      
       os_portasm.obj               1200    0         0      
       gio.obj                      1156    0         0      
       sys_core.obj                 844     0         0      
       sys_startup.obj              652     0         0      
       os_list.obj                  568     0         0      
       sys_main.obj                 356     0         194    
       dabort.obj                   232     0         0      
       notification.obj             228     0         0      
       sys_pmu.obj                  224     0         0      
       sys_intvecs.obj              32      0         0      
       sys_phantom.obj              4       0         0      
    +--+----------------------------+-------+---------+---------+
       Total:                       49800   1472      8798   
                                                             
    .\ltc681x\crc\
       crc15.obj                    352     0         512    
    +--+----------------------------+-------+---------+---------+
       Total:                       352     0         512    
                                                             
    .\ltc681x\ltc\
       ltc6812.obj                  12684   0         1227   
    +--+----------------------------+-------+---------+---------+
       Total:                       12684   0         1227   
                                                             
    .\ltc681x\temperature\
       temperature.obj              276     0         0      
    +--+----------------------------+-------+---------+---------+
       Total:                       276     0         0      
                                                             
    C:/ti/ccs1120/ccs/tools/compiler/ti-cgt-arm_20.2.5.LTS/lib/rtsv7R4_T_be_v3D16_eabi.lib
       e_logf.c.obj                 484     0         0      
       memcpy_t2.asm.obj            156     0         0      
       memset_t2.asm.obj            122     0         0      
       copy_decompress_lzss.c.obj   108     0         0      
       u_div32.asm.obj              80      0         0      
       autoinit.c.obj               68      0         0      
       strlen.c.obj                 22      0         0      
       copy_decompress_none.c.obj   14      0         0      
       copy_zero_init.c.obj         12      0         0      
       errno.c.obj                  8       0         4      
       exit.c.obj                   4       0         0      
       div0.asm.obj                 2       0         0      
    +--+----------------------------+-------+---------+---------+
       Total:                       1080    0         4      
                                                             
       Linker Generated:            0       260       0      
    +--+----------------------------+-------+---------+---------+
       Grand Total:                 64192   1732      10541  


LINKER GENERATED COPY TABLES

__TI_cinit_table @ 000038d0 records: 4, size/record: 8, table size: 32
	.data: load addr=000037e8, load size=000000bf bytes, run addr=08003690, run size=0000019b bytes, compression=lzss
	.kernelBSS: load addr=000038b4, load size=00000009 bytes, run addr=08000800, run size=00000104 bytes, compression=lzss
	.bss: load addr=000038c0, load size=00000008 bytes, run addr=08003000, run size=0000068e bytes, compression=zero_init
	.kernelHEAP: load addr=000038c8, load size=00000008 bytes, run addr=08001000, run size=00002000 bytes, compression=zero_init


LINKER GENERATED HANDLER TABLE

__TI_handler_table @ 000038a8 records: 3, size/record: 4, table size: 12
	index: 0, handler: __TI_decompress_lzss
	index: 1, handler: __TI_decompress_none
	index: 2, handler: __TI_zero_init


GLOBAL SYMBOLS: SORTED ALPHABETICALLY BY Name 

address   name                                
-------   ----                                
00013ce0  AE_calculateTemp                    
0000b104  AE_delayMs                          
0000b140  AE_delayTenUs                       
0000918c  AE_ltcAdcMeasureState               
0000a784  AE_ltcBalance                       
0000a1c4  AE_ltcClearCellAdc                  
0000a298  AE_ltcClearGpioAdc                  
0000a36c  AE_ltcClearStatusAdc                
00008638  AE_ltcCmdRead                       
0000844c  AE_ltcCmdWrite                      
0000a5ec  AE_ltcContinuePwm                   
00008020  AE_ltcInit                          
0000a8bc  AE_ltcIsBalanceComplete             
0000aa40  AE_ltcIsCellOpenWire                
0000acf4  AE_ltcIsGpioOpenWire                
0000a99c  AE_ltcMinCellVolt                   
0000a5d8  AE_ltcPausePwm                      
0000a600  AE_ltcPreBalance                    
000084a4  AE_ltcRead                          
00008818  AE_ltcReadCellVoltage               
000087e4  AE_ltcReadConfRegA                  
000087fc  AE_ltcReadConfRegB                  
000092e8  AE_ltcReadGpioVoltage               
000097b0  AE_ltcReadStatusRegA                
000099a0  AE_ltcReadStatusRegB                
00008c5c  AE_ltcSetUnderOverVoltage           
00009044  AE_ltcStartCellAdc                  
000091b0  AE_ltcStartGpioAdc                  
0000a478  AE_ltcStartPwm                      
00009668  AE_ltcStartStatusAdc                
0000b00c  AE_ltcTemperature                   
00008e9c  AE_ltcUnderOverFlag                 
00008728  AE_ltcWakeUpIdle                    
000086a0  AE_ltcWakeUpSleep                   
00008254  AE_ltcWrite                         
000087b0  AE_ltcWriteConfRegA                 
000087c8  AE_ltcWriteConfRegB                 
00013878  AE_pec15                            
000142f1  C$$EXIT                             
UNDEFED   SHT$$INIT_ARRAY$$Base               
UNDEFED   SHT$$INIT_ARRAY$$Limit              
0000e84c  SpiRxStatus                         
0000e7c0  SpiTxStatus                         
000038d0  __TI_CINIT_Base                     
000038f0  __TI_CINIT_Limit                    
000038a8  __TI_Handler_Table_Base             
000038b4  __TI_Handler_Table_Limit            
000128b4  __TI_PINIT_Base                     
000128b8  __TI_PINIT_Limit                    
00014275  __TI_auto_init_nobinit_nopinit      
000141b7  __TI_decompress_lzss                
000142cf  __TI_decompress_none                
ffffffff  __TI_pprof_out_hndl                 
ffffffff  __TI_prof_data_size                 
ffffffff  __TI_prof_data_start                
00000000  __TI_static_base__                  
000142dd  __TI_zero_init                      
000142e9  __aeabi_errno_addr                  
00014223  __aeabi_idiv0                       
00014223  __aeabi_ldiv0                       
0001413d  __aeabi_memclr                      
0001413d  __aeabi_memclr4                     
0001413d  __aeabi_memclr8                     
000140a1  __aeabi_memcpy                      
000140a1  __aeabi_memcpy4                     
000140a1  __aeabi_memcpy8                     
0001413f  __aeabi_memset                      
0001413f  __aeabi_memset4                     
0001413f  __aeabi_memset8                     
00014224  __aeabi_uidiv                       
00014224  __aeabi_uidivmod                    
ffffffff  __binit__                           
ffffffff  __c_args__                          
08001000  __start___llvm_prf_cnts             
08001000  __stop___llvm_prf_cnts              
00012b88  _c_int00                            
000127cc  _coreClearAuxiliaryDataFault_       
000127e0  _coreClearAuxiliaryInstructionFault_
000127a4  _coreClearDataFaultAddress_         
0001277c  _coreClearDataFault_                
000127b8  _coreClearInstructionFaultAddress_  
00012790  _coreClearInstructionFault_         
00012710  _coreDisableEventBusExport_         
00012754  _coreDisableFlashEcc_               
00012730  _coreDisableRamEcc_                 
00012700  _coreEnableEventBusExport_          
00012740  _coreEnableFlashEcc_                
00012764  _coreEnableIrqVicOffset_            
00012720  _coreEnableRamEcc_                  
000126e8  _coreEnableVfp_                     
000127c4  _coreGetAuxiliaryDataFault_         
000127d8  _coreGetAuxiliaryInstructionFault_  
0001279c  _coreGetDataFaultAddress_           
00012774  _coreGetDataFault_                  
000127b0  _coreGetInstructionFaultAddress_    
00012788  _coreGetInstructionFault_           
00012570  _coreInitRegisters_                 
0001267c  _coreInitStackPointer_              
00013df4  _dabort                             
000127f4  _disable_FIQ_interrupt_             
000127fc  _disable_IRQ_interrupt_             
000127ec  _disable_interrupt_                 
00012804  _enable_interrupt_                  
00012894  _errata_CORTEXR4_57_                
000128a4  _errata_CORTEXR4_66_                
000114cc  _errata_SSWF021_45_both_plls        
000116c0  _errata_SSWF021_45_pll1             
00011838  _errata_SSWF021_45_pll2             
0001280c  _esmCcmErrorsClear_                 
000126c8  _getCPSRValue_                      
000126d0  _gotoCPUIdle_                       
0001401c  _pmuDisableCountersGlobal_          
0001400c  _pmuEnableCountersGlobal_           
00014078  _pmuGetCycleCount_                  
00014080  _pmuGetEventCount_                  
0001408c  _pmuGetOverflow_                    
00013fc0  _pmuInit_                           
0001404c  _pmuResetCounters_                  
0001402c  _pmuResetCycleCounter_              
0001403c  _pmuResetEventCounters_             
0001406c  _pmuSetCountEvent_                  
0001405c  _pmuStartCounters_                  
00014064  _pmuStopCounters_                   
UNDEFED   _system_post_cinit                  
000142f1  abort                               
0000c3f8  adc1ParityCheck                     
0000c4e4  adc2ParityCheck                     
ffffffff  binit                               
0000c59c  can1ParityCheck                     
0000c674  can2ParityCheck                     
0000c73c  can3ParityCheck                     
0001093c  capGetSignal                        
0000b1bc  ccmSelfCheck                        
0000d888  ccmr4GetConfigValue                 
0000bac4  checkB0RAMECC                       
0000bcb4  checkB1RAMECC                       
0000cda4  checkClockMonitor                   
0000bea4  checkFlashECC                       
0000ce80  checkFlashEEPROMECC                 
0000d018  checkPLL1Slip                       
0000d118  checkPLL2Slip                       
0000d1dc  checkRAMAddrParity                  
0000cb5c  checkRAMECC                         
0000d2e8  checkRAMUERRTest                    
0000b948  checkefcSelfTest                    
0000b3c0  cpuSelfTest                         
0000bf88  cpuSelfTestFail                     
0000f7fc  customTrimLPO                       
0000bf80  custom_dabort                       
0000dce4  disableParity                       
00013fac  dmaGroupANotification               
0000c038  dmaParityCheck                      
00001f00  eTaskConfirmSleepModeStatus         
00000888  eTaskGetState                       
000108fc  edgeDisableNotification             
000108c0  edgeEnableNotification              
00010894  edgeGetCounter                      
00013f84  edgeNotification                    
00010868  edgeResetCounter                    
0000b7ec  efcCheck                            
0000d7ec  efcGetConfigValue                   
0000b920  efcSelfTest                         
0000b874  efcStuckZeroTest                    
0000dc5c  enableParity                        
0000d8f8  errata_PBIST_4                      
08003820  errno                               
00011cb4  esmActivateNormalOperation          
00011d88  esmClearStatus                      
00011dc8  esmClearStatusBuffer                
00011c7c  esmDisableError                     
00011cec  esmDisableInterrupt                 
00011c54  esmEnableError                      
00011cc4  esmEnableInterrupt                  
00011ec0  esmEnterSelfTest                    
00011c38  esmError                            
00011f98  esmGetConfigValue                   
00011e04  esmGetStatus                        
00011e88  esmGetStatusBuffer                  
00013edc  esmGroup1Notification               
00013eec  esmGroup2Notification               
00013bcc  esmHighInterrupt                    
00011b30  esmInit                             
00011f48  esmSelfTestStatus                   
00011de4  esmSetCounterPreloadValue           
00011d14  esmSetInterruptLevel                
00011ca4  esmTriggerErrorPinReset             
0000d450  fmcBus1ParityCheck                  
0000b9e8  fmcBus2Check                        
0000ba24  fmcECCcheck                         
0000b0f8  getUsTick                           
0001234c  gioDisableNotification              
000122e4  gioEnableNotification               
0001224c  gioGetBit                           
000123b4  gioGetConfigValue                   
00012274  gioGetPort                          
000120ec  gioInit                             
00013f34  gioNotification                     
000121dc  gioSetBit                           
000121bc  gioSetDirection                     
0001222c  gioSetPort                          
0001228c  gioToggleBit                        
000142f8  handlePLLLockFail                   
00010a48  het1GetConfigValue                  
00013918  het1HighLevelInterrupt              
000139c0  het1LowLevelInterrupt               
0000c0e4  het1ParityCheck                     
0000c24c  het2ParityCheck                     
00010a30  hetGetTimestamp                     
00010330  hetInit                             
00013f98  hetNotification                     
00010a14  hetResetTimestamp                   
0000c190  htu1ParityCheck                     
0000c348  htu2ParityCheck                     
000137b8  init_PEC15_Table                    
000132c1  logf                                
08003690  ltcBat                              
000136ac  ltcInit                             
08003684  ltcSpi_ps                           
00013654  main                                
0000eedc  mapClocks                           
000140a1  memcpy                              
0000b300  memoryInit                          
00013efc  memoryPort0TestFailNotification     
00013f18  memoryPort1TestFailNotification     
00014145  memset                              
0000c810  mibspi1ParityCheck                  
0000c918  mibspi3ParityCheck                  
0000ca3c  mibspi5ParityCheck                  
00010c20  muxInit                             
0000d578  pbistFail                           
0000d5fc  pbistGetConfigValue                 
0000b734  pbistIsTestCompleted                
0000b760  pbistIsTestPassed                   
0000b794  pbistPortTestStatus                 
0000b638  pbistRun                            
0000b458  pbistSelfCheck                      
0000b704  pbistStop                           
00001344  pcTaskGetName                       
08003400  pec15Table                          
0000ee88  periphInit                          
000142f4  phantomInterrupt                    
000110bc  pinmuxGetConfigValue                
00003060  prvMpuDisable                       
00003048  prvMpuEnable                        
00003030  prvMpuSetRegion                     
00003468  pvPortMalloc                        
00001fe0  pvTaskGetThreadLocalStoragePointer  
00010838  pwmDisableNotification              
000107f0  pwmEnableNotification               
00010710  pwmGetSignal                        
0000b0d0  pwmNotification                     
00010458  pwmSetDuty                          
00010594  pwmSetSignal                        
000103f0  pwmStart                            
00010424  pwmStop                             
080008d0  pxCurrentTCB                        
00003088  pxPortInitialiseStack               
00000000  resetEntry                          
0800368c  returnVarningClose                  
0000b1ac  selftestFailNotification            
0000ee48  setupFlash                          
0000ed74  setupPLL                            
0000e984  spi1GetConfigValue                  
0000eb14  spi3GetConfigValue                  
0000e90c  spiDisableLoopback                  
0000e958  spiDisableNotification              
0000e8d8  spiEnableLoopback                   
0000e928  spiEnableNotification               
00013f5c  spiEndNotification                  
0000e228  spiGetData                          
0000de88  spiInit                             
00013f48  spiNotification                     
0000e10c  spiReceiveData                      
0000e680  spiSendAndGetData                   
0000e44c  spiSendData                         
0000e0ec  spiSetFunctional                    
0000e544  spiTransmitAndReceiveData           
0000e320  spiTransmitData                     
0000f6c0  sramGetConfigValue                  
0800368d  status                              
0000d748  stcGetConfigValue                   
0000b344  stcSelfCheck                        
0000bf84  stcSelfCheckFail                    
000142b9  strlen                              
0000f100  systemGetConfigValue                
0000f004  systemInit                          
0000f0d0  systemPowerDown                     
0000f514  tcmflashGetConfigValue              
0000edd4  trimLPO                             
08003818  ulCriticalNesting                   
00002f58  ulPortCountLeadingZeros             
0800381c  ulTaskHasFPUContext                 
00002378  ulTaskNotifyTake                    
08003688  uwTick                              
00013234  uxListRemove                        
00001338  uxTaskGetNumberOfTasks              
00002224  uxTaskGetStackHighWaterMark         
0000098c  uxTaskPriorityGet                   
000009d0  uxTaskPriorityGetFromISR            
0000233c  uxTaskResetEventItemValue           
00013088  vListInitialise                     
000130e0  vListInitialiseItem                 
00013170  vListInsert                         
000130fc  vListInsertEnd                      
00003434  vPortEndScheduler                   
000036bc  vPortFree                           
000037cc  vPortInitialiseBlocks               
00002f4c  vPortInitialiseFPSCR                
00002e4c  vPortPreemptiveTick                 
00002f60  vPortSWI                            
00002bdc  vPortStartFirstTask                 
0000319c  vPortStoreTaskMPUSettings           
00002d58  vPortYeildWithinAPI                 
00002c6c  vPortYieldProcessor                 
0000204c  vTaskAllocateMPURegions             
00000804  vTaskDelay                          
00000698  vTaskDelayUntil                     
00000530  vTaskDelete                         
00001074  vTaskEndScheduler                   
00001ef0  vTaskMissedYield                    
00002930  vTaskNotifyGiveFromISR              
00001ab8  vTaskPlaceOnEventList               
00001afc  vTaskPlaceOnUnorderedEventList      
00000a18  vTaskPrioritySet                    
00000e14  vTaskResume                         
00001f7c  vTaskSetThreadLocalStoragePointer   
00001d74  vTaskSetTimeOutState                
00000fdc  vTaskStartScheduler                 
00001658  vTaskStepTick                       
00000c10  vTaskSuspend                        
00001090  vTaskSuspendAll                     
000019d8  vTaskSwitchContext                  
0000f9ac  vimChannelMap                       
0000fc18  vimDisableInterrupt                 
0000fa50  vimEnableInterrupt                  
0000fcc4  vimGetConfigValue                   
0000f8d8  vimInit                             
0000bf8c  vimParityCheck                      
000128bc  vimParityErrorHandler               
000037b4  xPortGetFreeHeapSize                
000037c0  xPortGetMinimumEverFreeHeapSize     
00003410  xPortStartScheduler                 
000016b4  xTaskAbortDelay                     
00001db8  xTaskCheckForTimeOut                
000000fc  xTaskCreate                         
00000020  xTaskCreateRestricted               
00002560  xTaskGenericNotify                  
00002730  xTaskGenericNotifyFromISR           
00001518  xTaskGetHandle                      
00001620  xTaskGetIdleTaskHandle              
000022ec  xTaskGetSchedulerState              
000012f8  xTaskGetTickCount                   
00001314  xTaskGetTickCountFromISR            
000017b0  xTaskIncrementTick                  
00013b50  xTaskNotifyStateClear               
0000244c  xTaskNotifyWait                     
00001b80  xTaskRemoveFromEventList            
00001c70  xTaskRemoveFromUnorderedEventList   
00001148  xTaskResumeAll                      
00000ef4  xTaskResumeFromISR                  


GLOBAL SYMBOLS: SORTED BY Symbol Address 

address   name                                
-------   ----                                
00000000  __TI_static_base__                  
00000000  resetEntry                          
00000020  xTaskCreateRestricted               
000000fc  xTaskCreate                         
00000530  vTaskDelete                         
00000698  vTaskDelayUntil                     
00000804  vTaskDelay                          
00000888  eTaskGetState                       
0000098c  uxTaskPriorityGet                   
000009d0  uxTaskPriorityGetFromISR            
00000a18  vTaskPrioritySet                    
00000c10  vTaskSuspend                        
00000e14  vTaskResume                         
00000ef4  xTaskResumeFromISR                  
00000fdc  vTaskStartScheduler                 
00001074  vTaskEndScheduler                   
00001090  vTaskSuspendAll                     
00001148  xTaskResumeAll                      
000012f8  xTaskGetTickCount                   
00001314  xTaskGetTickCountFromISR            
00001338  uxTaskGetNumberOfTasks              
00001344  pcTaskGetName                       
00001518  xTaskGetHandle                      
00001620  xTaskGetIdleTaskHandle              
00001658  vTaskStepTick                       
000016b4  xTaskAbortDelay                     
000017b0  xTaskIncrementTick                  
000019d8  vTaskSwitchContext                  
00001ab8  vTaskPlaceOnEventList               
00001afc  vTaskPlaceOnUnorderedEventList      
00001b80  xTaskRemoveFromEventList            
00001c70  xTaskRemoveFromUnorderedEventList   
00001d74  vTaskSetTimeOutState                
00001db8  xTaskCheckForTimeOut                
00001ef0  vTaskMissedYield                    
00001f00  eTaskConfirmSleepModeStatus         
00001f7c  vTaskSetThreadLocalStoragePointer   
00001fe0  pvTaskGetThreadLocalStoragePointer  
0000204c  vTaskAllocateMPURegions             
00002224  uxTaskGetStackHighWaterMark         
000022ec  xTaskGetSchedulerState              
0000233c  uxTaskResetEventItemValue           
00002378  ulTaskNotifyTake                    
0000244c  xTaskNotifyWait                     
00002560  xTaskGenericNotify                  
00002730  xTaskGenericNotifyFromISR           
00002930  vTaskNotifyGiveFromISR              
00002bdc  vPortStartFirstTask                 
00002c6c  vPortYieldProcessor                 
00002d58  vPortYeildWithinAPI                 
00002e4c  vPortPreemptiveTick                 
00002f4c  vPortInitialiseFPSCR                
00002f58  ulPortCountLeadingZeros             
00002f60  vPortSWI                            
00003030  prvMpuSetRegion                     
00003048  prvMpuEnable                        
00003060  prvMpuDisable                       
00003088  pxPortInitialiseStack               
0000319c  vPortStoreTaskMPUSettings           
00003410  xPortStartScheduler                 
00003434  vPortEndScheduler                   
00003468  pvPortMalloc                        
000036bc  vPortFree                           
000037b4  xPortGetFreeHeapSize                
000037c0  xPortGetMinimumEverFreeHeapSize     
000037cc  vPortInitialiseBlocks               
000038a8  __TI_Handler_Table_Base             
000038b4  __TI_Handler_Table_Limit            
000038d0  __TI_CINIT_Base                     
000038f0  __TI_CINIT_Limit                    
00008020  AE_ltcInit                          
00008254  AE_ltcWrite                         
0000844c  AE_ltcCmdWrite                      
000084a4  AE_ltcRead                          
00008638  AE_ltcCmdRead                       
000086a0  AE_ltcWakeUpSleep                   
00008728  AE_ltcWakeUpIdle                    
000087b0  AE_ltcWriteConfRegA                 
000087c8  AE_ltcWriteConfRegB                 
000087e4  AE_ltcReadConfRegA                  
000087fc  AE_ltcReadConfRegB                  
00008818  AE_ltcReadCellVoltage               
00008c5c  AE_ltcSetUnderOverVoltage           
00008e9c  AE_ltcUnderOverFlag                 
00009044  AE_ltcStartCellAdc                  
0000918c  AE_ltcAdcMeasureState               
000091b0  AE_ltcStartGpioAdc                  
000092e8  AE_ltcReadGpioVoltage               
00009668  AE_ltcStartStatusAdc                
000097b0  AE_ltcReadStatusRegA                
000099a0  AE_ltcReadStatusRegB                
0000a1c4  AE_ltcClearCellAdc                  
0000a298  AE_ltcClearGpioAdc                  
0000a36c  AE_ltcClearStatusAdc                
0000a478  AE_ltcStartPwm                      
0000a5d8  AE_ltcPausePwm                      
0000a5ec  AE_ltcContinuePwm                   
0000a600  AE_ltcPreBalance                    
0000a784  AE_ltcBalance                       
0000a8bc  AE_ltcIsBalanceComplete             
0000a99c  AE_ltcMinCellVolt                   
0000aa40  AE_ltcIsCellOpenWire                
0000acf4  AE_ltcIsGpioOpenWire                
0000b00c  AE_ltcTemperature                   
0000b0d0  pwmNotification                     
0000b0f8  getUsTick                           
0000b104  AE_delayMs                          
0000b140  AE_delayTenUs                       
0000b1ac  selftestFailNotification            
0000b1bc  ccmSelfCheck                        
0000b300  memoryInit                          
0000b344  stcSelfCheck                        
0000b3c0  cpuSelfTest                         
0000b458  pbistSelfCheck                      
0000b638  pbistRun                            
0000b704  pbistStop                           
0000b734  pbistIsTestCompleted                
0000b760  pbistIsTestPassed                   
0000b794  pbistPortTestStatus                 
0000b7ec  efcCheck                            
0000b874  efcStuckZeroTest                    
0000b920  efcSelfTest                         
0000b948  checkefcSelfTest                    
0000b9e8  fmcBus2Check                        
0000ba24  fmcECCcheck                         
0000bac4  checkB0RAMECC                       
0000bcb4  checkB1RAMECC                       
0000bea4  checkFlashECC                       
0000bf80  custom_dabort                       
0000bf84  stcSelfCheckFail                    
0000bf88  cpuSelfTestFail                     
0000bf8c  vimParityCheck                      
0000c038  dmaParityCheck                      
0000c0e4  het1ParityCheck                     
0000c190  htu1ParityCheck                     
0000c24c  het2ParityCheck                     
0000c348  htu2ParityCheck                     
0000c3f8  adc1ParityCheck                     
0000c4e4  adc2ParityCheck                     
0000c59c  can1ParityCheck                     
0000c674  can2ParityCheck                     
0000c73c  can3ParityCheck                     
0000c810  mibspi1ParityCheck                  
0000c918  mibspi3ParityCheck                  
0000ca3c  mibspi5ParityCheck                  
0000cb5c  checkRAMECC                         
0000cda4  checkClockMonitor                   
0000ce80  checkFlashEEPROMECC                 
0000d018  checkPLL1Slip                       
0000d118  checkPLL2Slip                       
0000d1dc  checkRAMAddrParity                  
0000d2e8  checkRAMUERRTest                    
0000d450  fmcBus1ParityCheck                  
0000d578  pbistFail                           
0000d5fc  pbistGetConfigValue                 
0000d748  stcGetConfigValue                   
0000d7ec  efcGetConfigValue                   
0000d888  ccmr4GetConfigValue                 
0000d8f8  errata_PBIST_4                      
0000dc5c  enableParity                        
0000dce4  disableParity                       
0000de88  spiInit                             
0000e0ec  spiSetFunctional                    
0000e10c  spiReceiveData                      
0000e228  spiGetData                          
0000e320  spiTransmitData                     
0000e44c  spiSendData                         
0000e544  spiTransmitAndReceiveData           
0000e680  spiSendAndGetData                   
0000e7c0  SpiTxStatus                         
0000e84c  SpiRxStatus                         
0000e8d8  spiEnableLoopback                   
0000e90c  spiDisableLoopback                  
0000e928  spiEnableNotification               
0000e958  spiDisableNotification              
0000e984  spi1GetConfigValue                  
0000eb14  spi3GetConfigValue                  
0000ed74  setupPLL                            
0000edd4  trimLPO                             
0000ee48  setupFlash                          
0000ee88  periphInit                          
0000eedc  mapClocks                           
0000f004  systemInit                          
0000f0d0  systemPowerDown                     
0000f100  systemGetConfigValue                
0000f514  tcmflashGetConfigValue              
0000f6c0  sramGetConfigValue                  
0000f7fc  customTrimLPO                       
0000f8d8  vimInit                             
0000f9ac  vimChannelMap                       
0000fa50  vimEnableInterrupt                  
0000fc18  vimDisableInterrupt                 
0000fcc4  vimGetConfigValue                   
00010330  hetInit                             
000103f0  pwmStart                            
00010424  pwmStop                             
00010458  pwmSetDuty                          
00010594  pwmSetSignal                        
00010710  pwmGetSignal                        
000107f0  pwmEnableNotification               
00010838  pwmDisableNotification              
00010868  edgeResetCounter                    
00010894  edgeGetCounter                      
000108c0  edgeEnableNotification              
000108fc  edgeDisableNotification             
0001093c  capGetSignal                        
00010a14  hetResetTimestamp                   
00010a30  hetGetTimestamp                     
00010a48  het1GetConfigValue                  
00010c20  muxInit                             
000110bc  pinmuxGetConfigValue                
000114cc  _errata_SSWF021_45_both_plls        
000116c0  _errata_SSWF021_45_pll1             
00011838  _errata_SSWF021_45_pll2             
00011b30  esmInit                             
00011c38  esmError                            
00011c54  esmEnableError                      
00011c7c  esmDisableError                     
00011ca4  esmTriggerErrorPinReset             
00011cb4  esmActivateNormalOperation          
00011cc4  esmEnableInterrupt                  
00011cec  esmDisableInterrupt                 
00011d14  esmSetInterruptLevel                
00011d88  esmClearStatus                      
00011dc8  esmClearStatusBuffer                
00011de4  esmSetCounterPreloadValue           
00011e04  esmGetStatus                        
00011e88  esmGetStatusBuffer                  
00011ec0  esmEnterSelfTest                    
00011f48  esmSelfTestStatus                   
00011f98  esmGetConfigValue                   
000120ec  gioInit                             
000121bc  gioSetDirection                     
000121dc  gioSetBit                           
0001222c  gioSetPort                          
0001224c  gioGetBit                           
00012274  gioGetPort                          
0001228c  gioToggleBit                        
000122e4  gioEnableNotification               
0001234c  gioDisableNotification              
000123b4  gioGetConfigValue                   
00012570  _coreInitRegisters_                 
0001267c  _coreInitStackPointer_              
000126c8  _getCPSRValue_                      
000126d0  _gotoCPUIdle_                       
000126e8  _coreEnableVfp_                     
00012700  _coreEnableEventBusExport_          
00012710  _coreDisableEventBusExport_         
00012720  _coreEnableRamEcc_                  
00012730  _coreDisableRamEcc_                 
00012740  _coreEnableFlashEcc_                
00012754  _coreDisableFlashEcc_               
00012764  _coreEnableIrqVicOffset_            
00012774  _coreGetDataFault_                  
0001277c  _coreClearDataFault_                
00012788  _coreGetInstructionFault_           
00012790  _coreClearInstructionFault_         
0001279c  _coreGetDataFaultAddress_           
000127a4  _coreClearDataFaultAddress_         
000127b0  _coreGetInstructionFaultAddress_    
000127b8  _coreClearInstructionFaultAddress_  
000127c4  _coreGetAuxiliaryDataFault_         
000127cc  _coreClearAuxiliaryDataFault_       
000127d8  _coreGetAuxiliaryInstructionFault_  
000127e0  _coreClearAuxiliaryInstructionFault_
000127ec  _disable_interrupt_                 
000127f4  _disable_FIQ_interrupt_             
000127fc  _disable_IRQ_interrupt_             
00012804  _enable_interrupt_                  
0001280c  _esmCcmErrorsClear_                 
00012894  _errata_CORTEXR4_57_                
000128a4  _errata_CORTEXR4_66_                
000128b4  __TI_PINIT_Base                     
000128b8  __TI_PINIT_Limit                    
000128bc  vimParityErrorHandler               
00012b88  _c_int00                            
00013088  vListInitialise                     
000130e0  vListInitialiseItem                 
000130fc  vListInsertEnd                      
00013170  vListInsert                         
00013234  uxListRemove                        
000132c1  logf                                
00013654  main                                
000136ac  ltcInit                             
000137b8  init_PEC15_Table                    
00013878  AE_pec15                            
00013918  het1HighLevelInterrupt              
000139c0  het1LowLevelInterrupt               
00013b50  xTaskNotifyStateClear               
00013bcc  esmHighInterrupt                    
00013ce0  AE_calculateTemp                    
00013df4  _dabort                             
00013edc  esmGroup1Notification               
00013eec  esmGroup2Notification               
00013efc  memoryPort0TestFailNotification     
00013f18  memoryPort1TestFailNotification     
00013f34  gioNotification                     
00013f48  spiNotification                     
00013f5c  spiEndNotification                  
00013f84  edgeNotification                    
00013f98  hetNotification                     
00013fac  dmaGroupANotification               
00013fc0  _pmuInit_                           
0001400c  _pmuEnableCountersGlobal_           
0001401c  _pmuDisableCountersGlobal_          
0001402c  _pmuResetCycleCounter_              
0001403c  _pmuResetEventCounters_             
0001404c  _pmuResetCounters_                  
0001405c  _pmuStartCounters_                  
00014064  _pmuStopCounters_                   
0001406c  _pmuSetCountEvent_                  
00014078  _pmuGetCycleCount_                  
00014080  _pmuGetEventCount_                  
0001408c  _pmuGetOverflow_                    
000140a1  __aeabi_memcpy                      
000140a1  __aeabi_memcpy4                     
000140a1  __aeabi_memcpy8                     
000140a1  memcpy                              
0001413d  __aeabi_memclr                      
0001413d  __aeabi_memclr4                     
0001413d  __aeabi_memclr8                     
0001413f  __aeabi_memset                      
0001413f  __aeabi_memset4                     
0001413f  __aeabi_memset8                     
00014145  memset                              
000141b7  __TI_decompress_lzss                
00014223  __aeabi_idiv0                       
00014223  __aeabi_ldiv0                       
00014224  __aeabi_uidiv                       
00014224  __aeabi_uidivmod                    
00014275  __TI_auto_init_nobinit_nopinit      
000142b9  strlen                              
000142cf  __TI_decompress_none                
000142dd  __TI_zero_init                      
000142e9  __aeabi_errno_addr                  
000142f1  C$$EXIT                             
000142f1  abort                               
000142f4  phantomInterrupt                    
000142f8  handlePLLLockFail                   
080008d0  pxCurrentTCB                        
08001000  __start___llvm_prf_cnts             
08001000  __stop___llvm_prf_cnts              
08003400  pec15Table                          
08003684  ltcSpi_ps                           
08003688  uwTick                              
0800368c  returnVarningClose                  
0800368d  status                              
08003690  ltcBat                              
08003818  ulCriticalNesting                   
0800381c  ulTaskHasFPUContext                 
08003820  errno                               
ffffffff  __TI_pprof_out_hndl                 
ffffffff  __TI_prof_data_size                 
ffffffff  __TI_prof_data_start                
ffffffff  __binit__                           
ffffffff  __c_args__                          
ffffffff  binit                               
UNDEFED   SHT$$INIT_ARRAY$$Base               
UNDEFED   SHT$$INIT_ARRAY$$Limit              
UNDEFED   _system_post_cinit                  

[360 symbols]
