******************************************************************************
                  TI ARM Linker PC v20.2.5                     
******************************************************************************
>> Linked Wed Feb 21 08:54:40 2024

OUTPUT FILE NAME:   <009_Ltc6812.out>
ENTRY POINT SYMBOL: "_c_int00"  address: 00012bbc


MEMORY CONFIGURATION

         name            origin    length      used     unused   attr    fill
----------------------  --------  ---------  --------  --------  ----  --------
  VECTORS               00000000   00000020  00000020  00000000     X
  KERNEL                00000020   00008000  000038cc  00004734  R  X
  FLASH0                00008020   00137fe0  0000c90c  0012b6d4  R  X
  STACKS                08000000   00000800  00000000  00000800  RW  
  KRAM                  08000800   00000800  00000104  000006fc  RW  
  RAM                   08001000   0002f000  000028f9  0002c707  RW  


SEGMENT ALLOCATION MAP

run origin  load origin   length   init length attrs members
----------  ----------- ---------- ----------- ----- -------
00000000    00000000    000038f0   000038f0    r-x
  00000000    00000000    00000020   00000020    r-x .intvecs
  00000020    00000020    000037c4   000037c4    r-x .kernelTEXT
  000037e8    000037e8    00000108   00000108    r-- .cinit
00008020    00008020    0000c90c   0000c90c    r-x
  00008020    00008020    0000c34c   0000c34c    r-x .text
  0001436c    0001436c    000005c0   000005c0    r-- .const
08000800    08000800    00000104   00000000    rw-
  08000800    08000800    00000104   00000000    rw- .kernelBSS
08001000    08001000    000028fb   00000000    rw-
  08001000    08001000    00002000   00000000    rw- .kernelHEAP
  08003000    08003000    0000069e   00000000    rw- .bss
  080036a0    080036a0    0000025b   00000000    rw- .data


SECTION ALLOCATION MAP

 output                                  attributes/
section   page    origin      length       input sections
--------  ----  ----------  ----------   ----------------
.intvecs   0    00000000    00000020     
                  00000000    00000020     sys_intvecs.obj (.intvecs)

.kernelTEXT 
*          0    00000020    000037c4     
                  00000020    00002bb8     os_tasks.obj (.kernelTEXT)
                  00002bd8    000004b0     os_portasm.obj (.kernelTEXT)
                  00003088    000003e0     os_port.obj (.kernelTEXT)
                  00003468    0000037c     os_heap.obj (.kernelTEXT)

.cinit     0    000037e8    00000108     
                  000037e8    000000bf     (.cinit..data.load) [load image, compression = lzss]
                  000038a7    00000001     --HOLE-- [fill = 0]
                  000038a8    0000000c     (__TI_handler_table)
                  000038b4    00000009     (.cinit..kernelBSS.load) [load image, compression = lzss]
                  000038bd    00000003     --HOLE-- [fill = 0]
                  000038c0    00000008     (.cinit..bss.load) [load image, compression = zero_init]
                  000038c8    00000008     (.cinit..kernelHEAP.load) [load image, compression = zero_init]
                  000038d0    00000020     (__TI_cinit_table)

.text      0    00008020    0000c34c     
                  00008020    000031c0     ltc6812.obj (.text)
                  0000b1e0    00002cdc     sys_selftest.obj (.text)
                  0000debc    00000eec     spi.obj (.text)
                  0000eda8    00000b64     system.obj (.text)
                  0000f90c    00000a58     sys_vim.obj (.text)
                  00010364    000008f0     het.obj (.text)
                  00010c54    000008ac     pinmux.obj (.text)
                  00011500    00000664     errata_SSWF021_45.obj (.text)
                  00011b64    000005bc     esm.obj (.text)
                  00012120    00000484     gio.obj (.text)
                  000125a4    0000034c     sys_core.obj (.text)
                  000128f0    000002cc     sys_vim.obj (.text:retain)
                  00012bbc    00000288     sys_startup.obj (.text:retain)
                  00012e44    00000278     os_heap.obj (.text)
                  000130bc    00000238     os_list.obj (.text)
                  000132f4    000001e4     rtsv7R4_T_be_v3D16_eabi.lib : e_logf.c.obj (.text:logf)
                  000134d8    000001b0     os_port.obj (.text)
                  00013688    000001a0     sys_main.obj (.text)
                  00013828    00000160     crc15.obj (.text)
                  00013988    0000015c     het.obj (.text:retain)
                  00013ae4    00000158     os_tasks.obj (.text)
                  00013c3c    00000114     esm.obj (.text:retain)
                  00013d50    00000114     temperature.obj (.text)
                  00013e64    000000e8     dabort.obj (.text)
                  00013f4c    000000e4     notification.obj (.text)
                  00014030    000000e0     sys_pmu.obj (.text)
                  00014110    0000009c     rtsv7R4_T_be_v3D16_eabi.lib : memcpy_t2.asm.obj (.text)
                  000141ac    0000007a                                 : memset_t2.asm.obj (.text)
                  00014226    0000006c                                 : copy_decompress_lzss.c.obj (.text:decompress:lzss:__TI_decompress_lzss)
                  00014292    00000002                                 : div0.asm.obj (.text)
                  00014294    00000050                                 : u_div32.asm.obj (.text)
                  000142e4    00000044                                 : autoinit.c.obj (.text:__TI_auto_init_nobinit_nopinit:__TI_auto_init_nobinit_nopinit)
                  00014328    00000016                                 : strlen.c.obj (.text:strlen)
                  0001433e    0000000e                                 : copy_decompress_none.c.obj (.text:decompress:none:__TI_decompress_none)
                  0001434c    0000000c                                 : copy_zero_init.c.obj (.text:decompress:ZI:__TI_zero_init)
                  00014358    00000008                                 : errno.c.obj (.text:__aeabi_errno_addr)
                  00014360    00000004                                 : exit.c.obj (.text:abort:abort)
                  00014364    00000004     sys_phantom.obj (.text:retain)
                  00014368    00000004     sys_startup.obj (.text)

.const     0    0001436c    000005c0     
                  0001436c    000003a0     het.obj (.const:het1PROGRAM)
                  0001470c    00000200     sys_vim.obj (.const:s_vim_init)
                  0001490c    00000020     het.obj (.const:s_het1pwmPolarity)

.kernelBSS 
*          0    08000800    00000104     UNINITIALIZED
                  08000800    000000d0     os_tasks.obj (.kernelBSS:uninit)
                  080008d0    00000034     os_tasks.obj (.kernelBSS:init)

.kernelHEAP 
*          0    08001000    00002000     UNINITIALIZED
                  08001000    00002000     os_heap.obj (.kernelHEAP)

.bss       0    08003000    0000069e     UNINITIALIZED
                  08003000    00000200     ltc6812.obj (.bss:rxBuffer)
                  08003200    00000200     ltc6812.obj (.bss:txBuffer)
                  08003400    00000200     (.common:pec15Table)
                  08003600    00000078     spi.obj (.bss:g_spiPacket_t)
                  08003678    00000008     os_heap.obj (.bss:xStart)
                  08003680    00000008     (.common:overVoltage)
                  08003688    00000008     (.common:unverVoltage)
                  08003690    00000004     ltc6812.obj (.bss)
                  08003694    00000004     (.common:ltcSpi_ps)
                  08003698    00000004     (.common:uwTick)
                  0800369c    00000001     (.common:returnVarningClose)
                  0800369d    00000001     (.common:status)

.data      0    080036a0    0000025b     UNINITIALIZED
                  080036a0    00000180     sys_main.obj (.data:ltcBat)
                  08003820    00000010     os_heap.obj (.data)
                  08003830    00000008     ltc6812.obj (.data:cmdCLRAUX_pu16)
                  08003838    00000008     ltc6812.obj (.data:cmdCLRCELL_pu16)
                  08003840    00000008     ltc6812.obj (.data:cmdCLRSTAT_pu16)
                  08003848    00000008     ltc6812.obj (.data:cmdMute_pu16)
                  08003850    00000008     ltc6812.obj (.data:cmdPladc_pu16)
                  08003858    00000008     ltc6812.obj (.data:cmdRDAUXA_pu16)
                  08003860    00000008     ltc6812.obj (.data:cmdRDAUXB_pu16)
                  08003868    00000008     ltc6812.obj (.data:cmdRDAUXC_pu16)
                  08003870    00000008     ltc6812.obj (.data:cmdRDAUXD_pu16)
                  08003878    00000008     ltc6812.obj (.data:cmdRDCFGA_pu16)
                  08003880    00000008     ltc6812.obj (.data:cmdRDCFGB_pu16)
                  08003888    00000008     ltc6812.obj (.data:cmdRDCVA_pu16)
                  08003890    00000008     ltc6812.obj (.data:cmdRDCVB_pu16)
                  08003898    00000008     ltc6812.obj (.data:cmdRDCVC_pu16)
                  080038a0    00000008     ltc6812.obj (.data:cmdRDCVD_pu16)
                  080038a8    00000008     ltc6812.obj (.data:cmdRDCVE_pu16)
                  080038b0    00000008     ltc6812.obj (.data:cmdRDSTATA_pu16)
                  080038b8    00000008     ltc6812.obj (.data:cmdRDSTATB_pu16)
                  080038c0    00000008     ltc6812.obj (.data:cmdUnMute_pu16)
                  080038c8    00000008     ltc6812.obj (.data:cmdWRCFGA_pu16)
                  080038d0    00000008     ltc6812.obj (.data:cmdWRCFGB_pu16)
                  080038d8    00000008     ltc6812.obj (.data:cmdWRPSB_pu16)
                  080038e0    00000008     ltc6812.obj (.data:cmdWRPWM_pu16)
                  080038e8    00000008     os_port.obj (.data)
                  080038f0    00000004     rtsv7R4_T_be_v3D16_eabi.lib : errno.c.obj (.data)
                  080038f4    00000004     ltc6812.obj (.data:spiDat_s)
                  080038f8    00000003     ltc6812.obj (.data)

__llvm_prf_cnts 
*          0    08001000    00000000     UNINITIALIZED

MODULE SUMMARY

       Module                       code    ro data   rw data
       ------                       ----    -------   -------
    .\009_Ltc6812\source\
       os_tasks.obj                 11536   0         260    
       sys_selftest.obj             11484   0         0      
       os_heap.obj                  1524    0         8216   
       spi.obj                      3820    0         120    
       sys_vim.obj                  3364    512       0      
       het.obj                      2636    960       0      
       system.obj                   2916    0         0      
       pinmux.obj                   2220    0         0      
       esm.obj                      1744    0         0      
       errata_SSWF021_45.obj        1636    0         0      
       os_port.obj                  1424    0         8      
       os_portasm.obj               1200    0         0      
       gio.obj                      1156    0         0      
       sys_core.obj                 844     0         0      
       sys_main.obj                 416     0         402    
       sys_startup.obj              652     0         0      
       os_list.obj                  568     0         0      
       dabort.obj                   232     0         0      
       notification.obj             228     0         0      
       sys_pmu.obj                  224     0         0      
       sys_intvecs.obj              32      0         0      
       sys_phantom.obj              4       0         0      
    +--+----------------------------+-------+---------+---------+
       Total:                       49860   1472      9006   
                                                             
    .\ltc681x\crc\
       crc15.obj                    352     0         512    
    +--+----------------------------+-------+---------+---------+
       Total:                       352     0         512    
                                                             
    .\ltc681x\ltc\
       ltc6812.obj                  12736   0         1227   
    +--+----------------------------+-------+---------+---------+
       Total:                       12736   0         1227   
                                                             
    .\ltc681x\temperature\
       temperature.obj              276     0         0      
    +--+----------------------------+-------+---------+---------+
       Total:                       276     0         0      
                                                             
    C:/ti/ccs1120/ccs/tools/compiler/ti-cgt-arm_20.2.5.LTS/lib/rtsv7R4_T_be_v3D16_eabi.lib
       e_logf.c.obj                 484     0         0      
       memcpy_t2.asm.obj            156     0         0      
       memset_t2.asm.obj            122     0         0      
       copy_decompress_lzss.c.obj   108     0         0      
       u_div32.asm.obj              80      0         0      
       autoinit.c.obj               68      0         0      
       strlen.c.obj                 22      0         0      
       copy_decompress_none.c.obj   14      0         0      
       copy_zero_init.c.obj         12      0         0      
       errno.c.obj                  8       0         4      
       exit.c.obj                   4       0         0      
       div0.asm.obj                 2       0         0      
    +--+----------------------------+-------+---------+---------+
       Total:                       1080    0         4      
                                                             
       Linker Generated:            0       260       0      
    +--+----------------------------+-------+---------+---------+
       Grand Total:                 64304   1732      10749  


LINKER GENERATED COPY TABLES

__TI_cinit_table @ 000038d0 records: 4, size/record: 8, table size: 32
	.data: load addr=000037e8, load size=000000bf bytes, run addr=080036a0, run size=0000025b bytes, compression=lzss
	.kernelBSS: load addr=000038b4, load size=00000009 bytes, run addr=08000800, run size=00000104 bytes, compression=lzss
	.bss: load addr=000038c0, load size=00000008 bytes, run addr=08003000, run size=0000069e bytes, compression=zero_init
	.kernelHEAP: load addr=000038c8, load size=00000008 bytes, run addr=08001000, run size=00002000 bytes, compression=zero_init


LINKER GENERATED HANDLER TABLE

__TI_handler_table @ 000038a8 records: 3, size/record: 4, table size: 12
	index: 0, handler: __TI_decompress_lzss
	index: 1, handler: __TI_decompress_none
	index: 2, handler: __TI_zero_init


GLOBAL SYMBOLS: SORTED ALPHABETICALLY BY Name 

address   name                                
-------   ----                                
00013d50  AE_calculateTemp                    
0000b138  AE_delayMs                          
0000b174  AE_delayTenUs                       
000091e0  AE_ltcAdcMeasureState               
0000a7c8  AE_ltcBalance                       
0000a218  AE_ltcClearCellAdc                  
0000a2ec  AE_ltcClearGpioAdc                  
0000a3c0  AE_ltcClearStatusAdc                
0000860c  AE_ltcCmdRead                       
00008420  AE_ltcCmdWrite                      
0000a640  AE_ltcContinuePwm                   
00008020  AE_ltcInit                          
0000a8f0  AE_ltcIsBalanceComplete             
0000aa74  AE_ltcIsCellOpenWire                
0000ad2c  AE_ltcIsGpioOpenWire                
0000a9d0  AE_ltcMinCellVolt                   
0000a62c  AE_ltcPausePwm                      
0000a654  AE_ltcPreBalance                    
00008478  AE_ltcRead                          
000087ec  AE_ltcReadCellVoltage               
000087b8  AE_ltcReadConfRegA                  
000087d0  AE_ltcReadConfRegB                  
00009340  AE_ltcReadGpioVoltage               
00009808  AE_ltcReadStatusRegA                
000099f4  AE_ltcReadStatusRegB                
00008c30  AE_ltcSetUnderOverVoltage           
00009098  AE_ltcStartCellAdc                  
00009204  AE_ltcStartGpioAdc                  
0000a4cc  AE_ltcStartPwm                      
000096c4  AE_ltcStartStatusAdc                
0000b040  AE_ltcTemperature                   
00008f04  AE_ltcUnderOverFlag                 
000086fc  AE_ltcWakeUpIdle                    
00008674  AE_ltcWakeUpSleep                   
00008254  AE_ltcWrite                         
00008784  AE_ltcWriteConfRegA                 
0000879c  AE_ltcWriteConfRegB                 
000138e8  AE_pec15                            
00014361  C$$EXIT                             
UNDEFED   SHT$$INIT_ARRAY$$Base               
UNDEFED   SHT$$INIT_ARRAY$$Limit              
0000e880  SpiRxStatus                         
0000e7f4  SpiTxStatus                         
000038d0  __TI_CINIT_Base                     
000038f0  __TI_CINIT_Limit                    
000038a8  __TI_Handler_Table_Base             
000038b4  __TI_Handler_Table_Limit            
000128e8  __TI_PINIT_Base                     
000128ec  __TI_PINIT_Limit                    
000142e5  __TI_auto_init_nobinit_nopinit      
00014227  __TI_decompress_lzss                
0001433f  __TI_decompress_none                
ffffffff  __TI_pprof_out_hndl                 
ffffffff  __TI_prof_data_size                 
ffffffff  __TI_prof_data_start                
00000000  __TI_static_base__                  
0001434d  __TI_zero_init                      
00014359  __aeabi_errno_addr                  
00014293  __aeabi_idiv0                       
00014293  __aeabi_ldiv0                       
000141ad  __aeabi_memclr                      
000141ad  __aeabi_memclr4                     
000141ad  __aeabi_memclr8                     
00014111  __aeabi_memcpy                      
00014111  __aeabi_memcpy4                     
00014111  __aeabi_memcpy8                     
000141af  __aeabi_memset                      
000141af  __aeabi_memset4                     
000141af  __aeabi_memset8                     
00014294  __aeabi_uidiv                       
00014294  __aeabi_uidivmod                    
ffffffff  __binit__                           
ffffffff  __c_args__                          
08001000  __start___llvm_prf_cnts             
08001000  __stop___llvm_prf_cnts              
00012bbc  _c_int00                            
00012800  _coreClearAuxiliaryDataFault_       
00012814  _coreClearAuxiliaryInstructionFault_
000127d8  _coreClearDataFaultAddress_         
000127b0  _coreClearDataFault_                
000127ec  _coreClearInstructionFaultAddress_  
000127c4  _coreClearInstructionFault_         
00012744  _coreDisableEventBusExport_         
00012788  _coreDisableFlashEcc_               
00012764  _coreDisableRamEcc_                 
00012734  _coreEnableEventBusExport_          
00012774  _coreEnableFlashEcc_                
00012798  _coreEnableIrqVicOffset_            
00012754  _coreEnableRamEcc_                  
0001271c  _coreEnableVfp_                     
000127f8  _coreGetAuxiliaryDataFault_         
0001280c  _coreGetAuxiliaryInstructionFault_  
000127d0  _coreGetDataFaultAddress_           
000127a8  _coreGetDataFault_                  
000127e4  _coreGetInstructionFaultAddress_    
000127bc  _coreGetInstructionFault_           
000125a4  _coreInitRegisters_                 
000126b0  _coreInitStackPointer_              
00013e64  _dabort                             
00012828  _disable_FIQ_interrupt_             
00012830  _disable_IRQ_interrupt_             
00012820  _disable_interrupt_                 
00012838  _enable_interrupt_                  
000128c8  _errata_CORTEXR4_57_                
000128d8  _errata_CORTEXR4_66_                
00011500  _errata_SSWF021_45_both_plls        
000116f4  _errata_SSWF021_45_pll1             
0001186c  _errata_SSWF021_45_pll2             
00012840  _esmCcmErrorsClear_                 
000126fc  _getCPSRValue_                      
00012704  _gotoCPUIdle_                       
0001408c  _pmuDisableCountersGlobal_          
0001407c  _pmuEnableCountersGlobal_           
000140e8  _pmuGetCycleCount_                  
000140f0  _pmuGetEventCount_                  
000140fc  _pmuGetOverflow_                    
00014030  _pmuInit_                           
000140bc  _pmuResetCounters_                  
0001409c  _pmuResetCycleCounter_              
000140ac  _pmuResetEventCounters_             
000140dc  _pmuSetCountEvent_                  
000140cc  _pmuStartCounters_                  
000140d4  _pmuStopCounters_                   
UNDEFED   _system_post_cinit                  
00014361  abort                               
0000c42c  adc1ParityCheck                     
0000c518  adc2ParityCheck                     
ffffffff  binit                               
0000c5d0  can1ParityCheck                     
0000c6a8  can2ParityCheck                     
0000c770  can3ParityCheck                     
00010970  capGetSignal                        
0000b1f0  ccmSelfCheck                        
0000d8bc  ccmr4GetConfigValue                 
0000baf8  checkB0RAMECC                       
0000bce8  checkB1RAMECC                       
0000cdd8  checkClockMonitor                   
0000bed8  checkFlashECC                       
0000ceb4  checkFlashEEPROMECC                 
0000d04c  checkPLL1Slip                       
0000d14c  checkPLL2Slip                       
0000d210  checkRAMAddrParity                  
0000cb90  checkRAMECC                         
0000d31c  checkRAMUERRTest                    
0000b97c  checkefcSelfTest                    
0000b3f4  cpuSelfTest                         
0000bfbc  cpuSelfTestFail                     
0000f830  customTrimLPO                       
0000bfb4  custom_dabort                       
0000dd18  disableParity                       
0001401c  dmaGroupANotification               
0000c06c  dmaParityCheck                      
00001f00  eTaskConfirmSleepModeStatus         
00000888  eTaskGetState                       
00010930  edgeDisableNotification             
000108f4  edgeEnableNotification              
000108c8  edgeGetCounter                      
00013ff4  edgeNotification                    
0001089c  edgeResetCounter                    
0000b820  efcCheck                            
0000d820  efcGetConfigValue                   
0000b954  efcSelfTest                         
0000b8a8  efcStuckZeroTest                    
0000dc90  enableParity                        
0000d92c  errata_PBIST_4                      
080038f0  errno                               
00011ce8  esmActivateNormalOperation          
00011dbc  esmClearStatus                      
00011dfc  esmClearStatusBuffer                
00011cb0  esmDisableError                     
00011d20  esmDisableInterrupt                 
00011c88  esmEnableError                      
00011cf8  esmEnableInterrupt                  
00011ef4  esmEnterSelfTest                    
00011c6c  esmError                            
00011fcc  esmGetConfigValue                   
00011e38  esmGetStatus                        
00011ebc  esmGetStatusBuffer                  
00013f4c  esmGroup1Notification               
00013f5c  esmGroup2Notification               
00013c3c  esmHighInterrupt                    
00011b64  esmInit                             
00011f7c  esmSelfTestStatus                   
00011e18  esmSetCounterPreloadValue           
00011d48  esmSetInterruptLevel                
00011cd8  esmTriggerErrorPinReset             
0000d484  fmcBus1ParityCheck                  
0000ba1c  fmcBus2Check                        
0000ba58  fmcECCcheck                         
0000b12c  getUsTick                           
00012380  gioDisableNotification              
00012318  gioEnableNotification               
00012280  gioGetBit                           
000123e8  gioGetConfigValue                   
000122a8  gioGetPort                          
00012120  gioInit                             
00013fa4  gioNotification                     
00012210  gioSetBit                           
000121f0  gioSetDirection                     
00012260  gioSetPort                          
000122c0  gioToggleBit                        
00014368  handlePLLLockFail                   
00010a7c  het1GetConfigValue                  
00013988  het1HighLevelInterrupt              
00013a30  het1LowLevelInterrupt               
0000c118  het1ParityCheck                     
0000c280  het2ParityCheck                     
00010a64  hetGetTimestamp                     
00010364  hetInit                             
00014008  hetNotification                     
00010a48  hetResetTimestamp                   
0000c1c4  htu1ParityCheck                     
0000c37c  htu2ParityCheck                     
00013828  init_PEC15_Table                    
000132f5  logf                                
080036a0  ltcBat                              
00013708  ltcInit                             
08003694  ltcSpi_ps                           
00013688  main                                
0000ef10  mapClocks                           
00014111  memcpy                              
0000b334  memoryInit                          
00013f6c  memoryPort0TestFailNotification     
00013f88  memoryPort1TestFailNotification     
000141b5  memset                              
0000c844  mibspi1ParityCheck                  
0000c94c  mibspi3ParityCheck                  
0000ca70  mibspi5ParityCheck                  
00010c54  muxInit                             
08003680  overVoltage                         
0000d5ac  pbistFail                           
0000d630  pbistGetConfigValue                 
0000b768  pbistIsTestCompleted                
0000b794  pbistIsTestPassed                   
0000b7c8  pbistPortTestStatus                 
0000b66c  pbistRun                            
0000b48c  pbistSelfCheck                      
0000b738  pbistStop                           
00001344  pcTaskGetName                       
08003400  pec15Table                          
0000eebc  periphInit                          
00014364  phantomInterrupt                    
000110f0  pinmuxGetConfigValue                
00003060  prvMpuDisable                       
00003048  prvMpuEnable                        
00003030  prvMpuSetRegion                     
00003468  pvPortMalloc                        
00001fe0  pvTaskGetThreadLocalStoragePointer  
0001086c  pwmDisableNotification              
00010824  pwmEnableNotification               
00010744  pwmGetSignal                        
0000b104  pwmNotification                     
0001048c  pwmSetDuty                          
000105c8  pwmSetSignal                        
00010424  pwmStart                            
00010458  pwmStop                             
080008d0  pxCurrentTCB                        
00003088  pxPortInitialiseStack               
00000000  resetEntry                          
0800369c  returnVarningClose                  
0000b1e0  selftestFailNotification            
0000ee7c  setupFlash                          
0000eda8  setupPLL                            
0000e9b8  spi1GetConfigValue                  
0000eb48  spi3GetConfigValue                  
0000e940  spiDisableLoopback                  
0000e98c  spiDisableNotification              
0000e90c  spiEnableLoopback                   
0000e95c  spiEnableNotification               
00013fcc  spiEndNotification                  
0000e25c  spiGetData                          
0000debc  spiInit                             
00013fb8  spiNotification                     
0000e140  spiReceiveData                      
0000e6b4  spiSendAndGetData                   
0000e480  spiSendData                         
0000e120  spiSetFunctional                    
0000e578  spiTransmitAndReceiveData           
0000e354  spiTransmitData                     
0000f6f4  sramGetConfigValue                  
0800369d  status                              
0000d77c  stcGetConfigValue                   
0000b378  stcSelfCheck                        
0000bfb8  stcSelfCheckFail                    
00014329  strlen                              
0000f134  systemGetConfigValue                
0000f038  systemInit                          
0000f104  systemPowerDown                     
0000f548  tcmflashGetConfigValue              
0000ee08  trimLPO                             
080038e8  ulCriticalNesting                   
00002f58  ulPortCountLeadingZeros             
080038ec  ulTaskHasFPUContext                 
00002378  ulTaskNotifyTake                    
08003688  unverVoltage                        
08003698  uwTick                              
00013268  uxListRemove                        
00001338  uxTaskGetNumberOfTasks              
00002224  uxTaskGetStackHighWaterMark         
0000098c  uxTaskPriorityGet                   
000009d0  uxTaskPriorityGetFromISR            
0000233c  uxTaskResetEventItemValue           
000130bc  vListInitialise                     
00013114  vListInitialiseItem                 
000131a4  vListInsert                         
00013130  vListInsertEnd                      
00003434  vPortEndScheduler                   
000036bc  vPortFree                           
000037cc  vPortInitialiseBlocks               
00002f4c  vPortInitialiseFPSCR                
00002e4c  vPortPreemptiveTick                 
00002f60  vPortSWI                            
00002bdc  vPortStartFirstTask                 
0000319c  vPortStoreTaskMPUSettings           
00002d58  vPortYeildWithinAPI                 
00002c6c  vPortYieldProcessor                 
0000204c  vTaskAllocateMPURegions             
00000804  vTaskDelay                          
00000698  vTaskDelayUntil                     
00000530  vTaskDelete                         
00001074  vTaskEndScheduler                   
00001ef0  vTaskMissedYield                    
00002930  vTaskNotifyGiveFromISR              
00001ab8  vTaskPlaceOnEventList               
00001afc  vTaskPlaceOnUnorderedEventList      
00000a18  vTaskPrioritySet                    
00000e14  vTaskResume                         
00001f7c  vTaskSetThreadLocalStoragePointer   
00001d74  vTaskSetTimeOutState                
00000fdc  vTaskStartScheduler                 
00001658  vTaskStepTick                       
00000c10  vTaskSuspend                        
00001090  vTaskSuspendAll                     
000019d8  vTaskSwitchContext                  
0000f9e0  vimChannelMap                       
0000fc4c  vimDisableInterrupt                 
0000fa84  vimEnableInterrupt                  
0000fcf8  vimGetConfigValue                   
0000f90c  vimInit                             
0000bfc0  vimParityCheck                      
000128f0  vimParityErrorHandler               
000037b4  xPortGetFreeHeapSize                
000037c0  xPortGetMinimumEverFreeHeapSize     
00003410  xPortStartScheduler                 
000016b4  xTaskAbortDelay                     
00001db8  xTaskCheckForTimeOut                
000000fc  xTaskCreate                         
00000020  xTaskCreateRestricted               
00002560  xTaskGenericNotify                  
00002730  xTaskGenericNotifyFromISR           
00001518  xTaskGetHandle                      
00001620  xTaskGetIdleTaskHandle              
000022ec  xTaskGetSchedulerState              
000012f8  xTaskGetTickCount                   
00001314  xTaskGetTickCountFromISR            
000017b0  xTaskIncrementTick                  
00013bc0  xTaskNotifyStateClear               
0000244c  xTaskNotifyWait                     
00001b80  xTaskRemoveFromEventList            
00001c70  xTaskRemoveFromUnorderedEventList   
00001148  xTaskResumeAll                      
00000ef4  xTaskResumeFromISR                  


GLOBAL SYMBOLS: SORTED BY Symbol Address 

address   name                                
-------   ----                                
00000000  __TI_static_base__                  
00000000  resetEntry                          
00000020  xTaskCreateRestricted               
000000fc  xTaskCreate                         
00000530  vTaskDelete                         
00000698  vTaskDelayUntil                     
00000804  vTaskDelay                          
00000888  eTaskGetState                       
0000098c  uxTaskPriorityGet                   
000009d0  uxTaskPriorityGetFromISR            
00000a18  vTaskPrioritySet                    
00000c10  vTaskSuspend                        
00000e14  vTaskResume                         
00000ef4  xTaskResumeFromISR                  
00000fdc  vTaskStartScheduler                 
00001074  vTaskEndScheduler                   
00001090  vTaskSuspendAll                     
00001148  xTaskResumeAll                      
000012f8  xTaskGetTickCount                   
00001314  xTaskGetTickCountFromISR            
00001338  uxTaskGetNumberOfTasks              
00001344  pcTaskGetName                       
00001518  xTaskGetHandle                      
00001620  xTaskGetIdleTaskHandle              
00001658  vTaskStepTick                       
000016b4  xTaskAbortDelay                     
000017b0  xTaskIncrementTick                  
000019d8  vTaskSwitchContext                  
00001ab8  vTaskPlaceOnEventList               
00001afc  vTaskPlaceOnUnorderedEventList      
00001b80  xTaskRemoveFromEventList            
00001c70  xTaskRemoveFromUnorderedEventList   
00001d74  vTaskSetTimeOutState                
00001db8  xTaskCheckForTimeOut                
00001ef0  vTaskMissedYield                    
00001f00  eTaskConfirmSleepModeStatus         
00001f7c  vTaskSetThreadLocalStoragePointer   
00001fe0  pvTaskGetThreadLocalStoragePointer  
0000204c  vTaskAllocateMPURegions             
00002224  uxTaskGetStackHighWaterMark         
000022ec  xTaskGetSchedulerState              
0000233c  uxTaskResetEventItemValue           
00002378  ulTaskNotifyTake                    
0000244c  xTaskNotifyWait                     
00002560  xTaskGenericNotify                  
00002730  xTaskGenericNotifyFromISR           
00002930  vTaskNotifyGiveFromISR              
00002bdc  vPortStartFirstTask                 
00002c6c  vPortYieldProcessor                 
00002d58  vPortYeildWithinAPI                 
00002e4c  vPortPreemptiveTick                 
00002f4c  vPortInitialiseFPSCR                
00002f58  ulPortCountLeadingZeros             
00002f60  vPortSWI                            
00003030  prvMpuSetRegion                     
00003048  prvMpuEnable                        
00003060  prvMpuDisable                       
00003088  pxPortInitialiseStack               
0000319c  vPortStoreTaskMPUSettings           
00003410  xPortStartScheduler                 
00003434  vPortEndScheduler                   
00003468  pvPortMalloc                        
000036bc  vPortFree                           
000037b4  xPortGetFreeHeapSize                
000037c0  xPortGetMinimumEverFreeHeapSize     
000037cc  vPortInitialiseBlocks               
000038a8  __TI_Handler_Table_Base             
000038b4  __TI_Handler_Table_Limit            
000038d0  __TI_CINIT_Base                     
000038f0  __TI_CINIT_Limit                    
00008020  AE_ltcInit                          
00008254  AE_ltcWrite                         
00008420  AE_ltcCmdWrite                      
00008478  AE_ltcRead                          
0000860c  AE_ltcCmdRead                       
00008674  AE_ltcWakeUpSleep                   
000086fc  AE_ltcWakeUpIdle                    
00008784  AE_ltcWriteConfRegA                 
0000879c  AE_ltcWriteConfRegB                 
000087b8  AE_ltcReadConfRegA                  
000087d0  AE_ltcReadConfRegB                  
000087ec  AE_ltcReadCellVoltage               
00008c30  AE_ltcSetUnderOverVoltage           
00008f04  AE_ltcUnderOverFlag                 
00009098  AE_ltcStartCellAdc                  
000091e0  AE_ltcAdcMeasureState               
00009204  AE_ltcStartGpioAdc                  
00009340  AE_ltcReadGpioVoltage               
000096c4  AE_ltcStartStatusAdc                
00009808  AE_ltcReadStatusRegA                
000099f4  AE_ltcReadStatusRegB                
0000a218  AE_ltcClearCellAdc                  
0000a2ec  AE_ltcClearGpioAdc                  
0000a3c0  AE_ltcClearStatusAdc                
0000a4cc  AE_ltcStartPwm                      
0000a62c  AE_ltcPausePwm                      
0000a640  AE_ltcContinuePwm                   
0000a654  AE_ltcPreBalance                    
0000a7c8  AE_ltcBalance                       
0000a8f0  AE_ltcIsBalanceComplete             
0000a9d0  AE_ltcMinCellVolt                   
0000aa74  AE_ltcIsCellOpenWire                
0000ad2c  AE_ltcIsGpioOpenWire                
0000b040  AE_ltcTemperature                   
0000b104  pwmNotification                     
0000b12c  getUsTick                           
0000b138  AE_delayMs                          
0000b174  AE_delayTenUs                       
0000b1e0  selftestFailNotification            
0000b1f0  ccmSelfCheck                        
0000b334  memoryInit                          
0000b378  stcSelfCheck                        
0000b3f4  cpuSelfTest                         
0000b48c  pbistSelfCheck                      
0000b66c  pbistRun                            
0000b738  pbistStop                           
0000b768  pbistIsTestCompleted                
0000b794  pbistIsTestPassed                   
0000b7c8  pbistPortTestStatus                 
0000b820  efcCheck                            
0000b8a8  efcStuckZeroTest                    
0000b954  efcSelfTest                         
0000b97c  checkefcSelfTest                    
0000ba1c  fmcBus2Check                        
0000ba58  fmcECCcheck                         
0000baf8  checkB0RAMECC                       
0000bce8  checkB1RAMECC                       
0000bed8  checkFlashECC                       
0000bfb4  custom_dabort                       
0000bfb8  stcSelfCheckFail                    
0000bfbc  cpuSelfTestFail                     
0000bfc0  vimParityCheck                      
0000c06c  dmaParityCheck                      
0000c118  het1ParityCheck                     
0000c1c4  htu1ParityCheck                     
0000c280  het2ParityCheck                     
0000c37c  htu2ParityCheck                     
0000c42c  adc1ParityCheck                     
0000c518  adc2ParityCheck                     
0000c5d0  can1ParityCheck                     
0000c6a8  can2ParityCheck                     
0000c770  can3ParityCheck                     
0000c844  mibspi1ParityCheck                  
0000c94c  mibspi3ParityCheck                  
0000ca70  mibspi5ParityCheck                  
0000cb90  checkRAMECC                         
0000cdd8  checkClockMonitor                   
0000ceb4  checkFlashEEPROMECC                 
0000d04c  checkPLL1Slip                       
0000d14c  checkPLL2Slip                       
0000d210  checkRAMAddrParity                  
0000d31c  checkRAMUERRTest                    
0000d484  fmcBus1ParityCheck                  
0000d5ac  pbistFail                           
0000d630  pbistGetConfigValue                 
0000d77c  stcGetConfigValue                   
0000d820  efcGetConfigValue                   
0000d8bc  ccmr4GetConfigValue                 
0000d92c  errata_PBIST_4                      
0000dc90  enableParity                        
0000dd18  disableParity                       
0000debc  spiInit                             
0000e120  spiSetFunctional                    
0000e140  spiReceiveData                      
0000e25c  spiGetData                          
0000e354  spiTransmitData                     
0000e480  spiSendData                         
0000e578  spiTransmitAndReceiveData           
0000e6b4  spiSendAndGetData                   
0000e7f4  SpiTxStatus                         
0000e880  SpiRxStatus                         
0000e90c  spiEnableLoopback                   
0000e940  spiDisableLoopback                  
0000e95c  spiEnableNotification               
0000e98c  spiDisableNotification              
0000e9b8  spi1GetConfigValue                  
0000eb48  spi3GetConfigValue                  
0000eda8  setupPLL                            
0000ee08  trimLPO                             
0000ee7c  setupFlash                          
0000eebc  periphInit                          
0000ef10  mapClocks                           
0000f038  systemInit                          
0000f104  systemPowerDown                     
0000f134  systemGetConfigValue                
0000f548  tcmflashGetConfigValue              
0000f6f4  sramGetConfigValue                  
0000f830  customTrimLPO                       
0000f90c  vimInit                             
0000f9e0  vimChannelMap                       
0000fa84  vimEnableInterrupt                  
0000fc4c  vimDisableInterrupt                 
0000fcf8  vimGetConfigValue                   
00010364  hetInit                             
00010424  pwmStart                            
00010458  pwmStop                             
0001048c  pwmSetDuty                          
000105c8  pwmSetSignal                        
00010744  pwmGetSignal                        
00010824  pwmEnableNotification               
0001086c  pwmDisableNotification              
0001089c  edgeResetCounter                    
000108c8  edgeGetCounter                      
000108f4  edgeEnableNotification              
00010930  edgeDisableNotification             
00010970  capGetSignal                        
00010a48  hetResetTimestamp                   
00010a64  hetGetTimestamp                     
00010a7c  het1GetConfigValue                  
00010c54  muxInit                             
000110f0  pinmuxGetConfigValue                
00011500  _errata_SSWF021_45_both_plls        
000116f4  _errata_SSWF021_45_pll1             
0001186c  _errata_SSWF021_45_pll2             
00011b64  esmInit                             
00011c6c  esmError                            
00011c88  esmEnableError                      
00011cb0  esmDisableError                     
00011cd8  esmTriggerErrorPinReset             
00011ce8  esmActivateNormalOperation          
00011cf8  esmEnableInterrupt                  
00011d20  esmDisableInterrupt                 
00011d48  esmSetInterruptLevel                
00011dbc  esmClearStatus                      
00011dfc  esmClearStatusBuffer                
00011e18  esmSetCounterPreloadValue           
00011e38  esmGetStatus                        
00011ebc  esmGetStatusBuffer                  
00011ef4  esmEnterSelfTest                    
00011f7c  esmSelfTestStatus                   
00011fcc  esmGetConfigValue                   
00012120  gioInit                             
000121f0  gioSetDirection                     
00012210  gioSetBit                           
00012260  gioSetPort                          
00012280  gioGetBit                           
000122a8  gioGetPort                          
000122c0  gioToggleBit                        
00012318  gioEnableNotification               
00012380  gioDisableNotification              
000123e8  gioGetConfigValue                   
000125a4  _coreInitRegisters_                 
000126b0  _coreInitStackPointer_              
000126fc  _getCPSRValue_                      
00012704  _gotoCPUIdle_                       
0001271c  _coreEnableVfp_                     
00012734  _coreEnableEventBusExport_          
00012744  _coreDisableEventBusExport_         
00012754  _coreEnableRamEcc_                  
00012764  _coreDisableRamEcc_                 
00012774  _coreEnableFlashEcc_                
00012788  _coreDisableFlashEcc_               
00012798  _coreEnableIrqVicOffset_            
000127a8  _coreGetDataFault_                  
000127b0  _coreClearDataFault_                
000127bc  _coreGetInstructionFault_           
000127c4  _coreClearInstructionFault_         
000127d0  _coreGetDataFaultAddress_           
000127d8  _coreClearDataFaultAddress_         
000127e4  _coreGetInstructionFaultAddress_    
000127ec  _coreClearInstructionFaultAddress_  
000127f8  _coreGetAuxiliaryDataFault_         
00012800  _coreClearAuxiliaryDataFault_       
0001280c  _coreGetAuxiliaryInstructionFault_  
00012814  _coreClearAuxiliaryInstructionFault_
00012820  _disable_interrupt_                 
00012828  _disable_FIQ_interrupt_             
00012830  _disable_IRQ_interrupt_             
00012838  _enable_interrupt_                  
00012840  _esmCcmErrorsClear_                 
000128c8  _errata_CORTEXR4_57_                
000128d8  _errata_CORTEXR4_66_                
000128e8  __TI_PINIT_Base                     
000128ec  __TI_PINIT_Limit                    
000128f0  vimParityErrorHandler               
00012bbc  _c_int00                            
000130bc  vListInitialise                     
00013114  vListInitialiseItem                 
00013130  vListInsertEnd                      
000131a4  vListInsert                         
00013268  uxListRemove                        
000132f5  logf                                
00013688  main                                
00013708  ltcInit                             
00013828  init_PEC15_Table                    
000138e8  AE_pec15                            
00013988  het1HighLevelInterrupt              
00013a30  het1LowLevelInterrupt               
00013bc0  xTaskNotifyStateClear               
00013c3c  esmHighInterrupt                    
00013d50  AE_calculateTemp                    
00013e64  _dabort                             
00013f4c  esmGroup1Notification               
00013f5c  esmGroup2Notification               
00013f6c  memoryPort0TestFailNotification     
00013f88  memoryPort1TestFailNotification     
00013fa4  gioNotification                     
00013fb8  spiNotification                     
00013fcc  spiEndNotification                  
00013ff4  edgeNotification                    
00014008  hetNotification                     
0001401c  dmaGroupANotification               
00014030  _pmuInit_                           
0001407c  _pmuEnableCountersGlobal_           
0001408c  _pmuDisableCountersGlobal_          
0001409c  _pmuResetCycleCounter_              
000140ac  _pmuResetEventCounters_             
000140bc  _pmuResetCounters_                  
000140cc  _pmuStartCounters_                  
000140d4  _pmuStopCounters_                   
000140dc  _pmuSetCountEvent_                  
000140e8  _pmuGetCycleCount_                  
000140f0  _pmuGetEventCount_                  
000140fc  _pmuGetOverflow_                    
00014111  __aeabi_memcpy                      
00014111  __aeabi_memcpy4                     
00014111  __aeabi_memcpy8                     
00014111  memcpy                              
000141ad  __aeabi_memclr                      
000141ad  __aeabi_memclr4                     
000141ad  __aeabi_memclr8                     
000141af  __aeabi_memset                      
000141af  __aeabi_memset4                     
000141af  __aeabi_memset8                     
000141b5  memset                              
00014227  __TI_decompress_lzss                
00014293  __aeabi_idiv0                       
00014293  __aeabi_ldiv0                       
00014294  __aeabi_uidiv                       
00014294  __aeabi_uidivmod                    
000142e5  __TI_auto_init_nobinit_nopinit      
00014329  strlen                              
0001433f  __TI_decompress_none                
0001434d  __TI_zero_init                      
00014359  __aeabi_errno_addr                  
00014361  C$$EXIT                             
00014361  abort                               
00014364  phantomInterrupt                    
00014368  handlePLLLockFail                   
080008d0  pxCurrentTCB                        
08001000  __start___llvm_prf_cnts             
08001000  __stop___llvm_prf_cnts              
08003400  pec15Table                          
08003680  overVoltage                         
08003688  unverVoltage                        
08003694  ltcSpi_ps                           
08003698  uwTick                              
0800369c  returnVarningClose                  
0800369d  status                              
080036a0  ltcBat                              
080038e8  ulCriticalNesting                   
080038ec  ulTaskHasFPUContext                 
080038f0  errno                               
ffffffff  __TI_pprof_out_hndl                 
ffffffff  __TI_prof_data_size                 
ffffffff  __TI_prof_data_start                
ffffffff  __binit__                           
ffffffff  __c_args__                          
ffffffff  binit                               
UNDEFED   SHT$$INIT_ARRAY$$Base               
UNDEFED   SHT$$INIT_ARRAY$$Limit              
UNDEFED   _system_post_cinit                  

[362 symbols]
